
=== LINEARIZATION ===
A shape: (9, 9), B shape: (9, 3)
A eigenvalues: [1.         1.         0.96775231 0.78582638 0.81670897 0.94578548
 1.00800593 0.99991715 0.98846977]

=== DELTA-U LQR ===
K_du shape: (3, 12)
controller_family=current

=== VIEWER MODE ===
preset=default stable_demo_profile=False
stability_profile=default low_spin_robust_profile=False
mode=smooth
real_hardware_profile=False
hardware_safe=False
easy_mode=False
stop_on_crash=False
wheel_only=False
allow_base_motion=True
wheel_only_forced=False
seed=12345
hardware_realistic=True control_hz=250.0 delay_steps=1 wheel_ticks=2048
Disturbance: magnitude=0.0, interval=600
base_integrator_enabled=False
Gravity z: -9.81
Delta-u limits: [18.21073265  5.88618809 15.        ]
Absolute-u limits: [80. 10. 10.]
Wheel motor model: KV=900.0RPM/V R=0.220ohm Ilim=25.00A Vbus=24.00V gear=1.00 eta=0.90
Wheel torque limit (stall/current): 0.2387 Nm
Wheel motor limit enforced: False
Velocity limits: wheel=2035.75rad/s tilt_rate=16.00rad/s base_rate=2.50m/s
Wheel torque derate starts at 75.0% of max wheel speed
Wheel momentum manager: thresh=35.0% k=0.40 upright_k=0.22
Wheel budget policy: budget=18.0% hard=42.0% budget_abs=160.0rad/s hard_abs=250.0rad/s base_bias=0.35
Wheel spin thresholds (runtime): budget=160.00rad/s hard=250.00rad/s
High-spin latch: exit=82.0% of hard min_counter=12.0% base_auth_min=0.45
Phase hysteresis: enter=1.40deg/0.55rad/s exit=2.40deg/0.95rad/s
Base torque derate starts at 70.0% of max base speed
Base stabilization: force_limit=10.00 damping=12.00 centering=12.00
Base authority gate: deadband=0.40deg full=1.80deg
Base command gain: 0.70
Base anti-sprint: pos_clip=0.25m soft_speed=55%
Base recenter: hold_radius=0.08m follow=5.50Hz recenter=0.90Hz
Base smoothers: authority_rate=1.80/s base_lpf=7.00Hz upright_du_scale=0.30
Base PD: pitch(kp=84.0, kd=18.0) roll(kp=34.0, kd=8.0)
Wheel-only PD: kp=180.0 kd=34.0 ki=20.0 kw=0.220 u=40.0 du=8.0
Wheel-rate lsb @ control_dt=0.004000s: 7.669904e-01 rad/s
XML ctrlrange low: [-2000.  -100.  -100.]
XML ctrlrange high: [2000.  100.  100.]

=== RESIDUAL POLICY ===
residual_model=None
residual_scale=0.000
residual_max_abs_u=[6. 1. 1.]
residual_gate: tilt=8.00deg rate=3.00rad/s
residual_status=disabled (set --residual-model and --residual-scale > 0 to enable).
Initial Y-direction tilt (roll): 0.00 deg
Payload: mass=0.000kg support_radius=0.145m com_fail_steps=15
Scripted push: body=stick F=(0.00, 0.00)N start=1.00s duration=0.00s
Step 100: pitch=  0.03deg roll= -0.00deg x= -0.000 y= -0.000 u_rw=     9.3 u_bx=   0.05 u_by=  -0.00 com_xy= 0.000m
Step 200: pitch=  0.03deg roll= -0.00deg x=  0.000 y= -0.001 u_rw=     4.2 u_bx=   0.01 u_by=  -0.00 com_xy= 0.000m
Step 300: pitch=  0.02deg roll= -0.00deg x=  0.000 y= -0.002 u_rw=     7.0 u_bx=   0.00 u_by=  -0.01 com_xy= 0.000m
Step 400: pitch= -0.01deg roll= -0.00deg x= -0.000 y= -0.004 u_rw=   -13.8 u_bx=  -0.06 u_by=  -0.00 com_xy= 0.000m
Step 500: pitch=  0.04deg roll= -0.00deg x=  0.000 y= -0.005 u_rw=    17.4 u_bx=   0.15 u_by=  -0.01 com_xy= 0.001m
Step 600: pitch= -0.11deg roll= -0.00deg x=  0.000 y= -0.007 u_rw=    -4.0 u_bx=  -0.06 u_by=  -0.02 com_xy= 0.000m
Step 700: pitch=  0.02deg roll= -0.00deg x=  0.000 y= -0.010 u_rw=    10.8 u_bx=   0.12 u_by=  -0.03 com_xy= 0.001m
Step 800: pitch= -0.00deg roll= -0.00deg x=  0.000 y= -0.013 u_rw=   -10.0 u_bx=  -0.02 u_by=  -0.00 com_xy= 0.001m
Step 900: pitch=  0.08deg roll= -0.00deg x=  0.000 y= -0.014 u_rw=    -0.2 u_bx=   0.14 u_by=   0.00 com_xy= 0.001m
Step 1000: pitch=  0.09deg roll= -0.00deg x=  0.000 y= -0.013 u_rw=    18.6 u_bx=   0.16 u_by=  -0.01 com_xy= 0.001m
Step 1100: pitch=  0.05deg roll= -0.00deg x=  0.000 y= -0.015 u_rw=   -14.7 u_bx=   0.02 u_by=  -0.04 com_xy= 0.000m
Step 1200: pitch=  0.10deg roll= -0.00deg x=  0.000 y= -0.018 u_rw=    -0.0 u_bx=   0.04 u_by=  -0.04 com_xy= 0.000m
Step 1300: pitch=  0.08deg roll= -0.00deg x=  0.000 y= -0.021 u_rw=    16.7 u_bx=   0.09 u_by=   0.01 com_xy= 0.000m
Step 1400: pitch=  0.07deg roll= -0.00deg x= -0.000 y= -0.023 u_rw=     6.9 u_bx=   0.05 u_by=   0.01 com_xy= 0.000m
Step 1500: pitch=  0.03deg roll= -0.00deg x= -0.000 y= -0.022 u_rw=    10.4 u_bx=   0.02 u_by=   0.01 com_xy= 0.000m
Step 1600: pitch=  0.05deg roll= -0.00deg x= -0.000 y= -0.021 u_rw=    11.9 u_bx=   0.11 u_by=  -0.02 com_xy= 0.000m
Step 1700: pitch=  0.03deg roll= -0.00deg x=  0.000 y= -0.021 u_rw=     7.9 u_bx=   0.08 u_by=   0.01 com_xy= 0.000m
Step 1800: pitch=  0.03deg roll= -0.00deg x= -0.000 y= -0.020 u_rw=     8.0 u_bx=   0.01 u_by=   0.04 com_xy= 0.000m
Step 1900: pitch= -0.05deg roll= -0.00deg x=  0.000 y= -0.017 u_rw=   -10.7 u_bx=  -0.10 u_by=   0.03 com_xy= 0.000m
Step 2000: pitch=  0.07deg roll= -0.00deg x= -0.000 y= -0.013 u_rw=    -1.1 u_bx=  -0.03 u_by=   0.02 com_xy= 0.000m
Step 2100: pitch=  0.06deg roll= -0.00deg x=  0.000 y= -0.011 u_rw=    12.3 u_bx=   0.09 u_by=   0.00 com_xy= 0.001m
Step 2200: pitch=  0.00deg roll= -0.00deg x= -0.000 y= -0.009 u_rw=   -10.2 u_bx=  -0.05 u_by=   0.00 com_xy= 0.000m
Step 2300: pitch=  0.02deg roll= -0.00deg x=  0.000 y= -0.008 u_rw=    -3.8 u_bx=   0.08 u_by=  -0.03 com_xy= 0.001m
Step 2400: pitch=  0.01deg roll= -0.01deg x=  0.000 y= -0.010 u_rw=    -9.3 u_bx=  -0.00 u_by=   0.00 com_xy= 0.001m
Step 2500: pitch=  0.00deg roll= -0.01deg x=  0.000 y= -0.011 u_rw=    -6.4 u_bx=  -0.03 u_by=   0.02 com_xy= 0.002m
Step 2600: pitch= -0.01deg roll= -0.01deg x=  0.000 y= -0.011 u_rw=    -5.8 u_bx=   0.03 u_by=  -0.00 com_xy= 0.003m
Step 2700: pitch=  0.00deg roll= -0.01deg x= -0.000 y= -0.011 u_rw=     0.2 u_bx=   0.04 u_by=   0.01 com_xy= 0.004m
Step 2800: pitch=  0.08deg roll= -0.02deg x=  0.000 y= -0.011 u_rw=    -0.7 u_bx=   0.04 u_by=  -0.01 com_xy= 0.006m
Step 2900: pitch=  0.11deg roll= -0.03deg x=  0.000 y= -0.012 u_rw=    19.6 u_bx=   0.18 u_by=   0.02 com_xy= 0.010m
Step 3000: pitch=  0.02deg roll= -0.05deg x=  0.000 y= -0.010 u_rw=    -2.3 u_bx=   0.09 u_by=   0.02 com_xy= 0.015m
Step 3100: pitch=  0.08deg roll= -0.07deg x=  0.000 y= -0.009 u_rw=    10.6 u_bx=   0.13 u_by=  -0.01 com_xy= 0.023m
Step 3200: pitch=  0.09deg roll= -0.11deg x=  0.000 y= -0.010 u_rw=    -0.0 u_bx=   0.09 u_by=   0.00 com_xy= 0.036m
Step 3300: pitch=  0.02deg roll= -0.16deg x=  0.000 y= -0.009 u_rw=    -6.4 u_bx=  -0.02 u_by=   0.05 com_xy= 0.056m
Step 3400: pitch=  0.06deg roll= -0.20deg x=  0.000 y= -0.004 u_rw=     1.7 u_bx=   0.07 u_by=   0.06 com_xy= 0.085m
Step 3500: pitch=  0.11deg roll= -0.23deg x=  0.000 y=  0.004 u_rw=     0.5 u_bx=   0.00 u_by=   0.10 com_xy= 0.130m

CRASH #1 at step 3540: pitch=0.11deg roll=-0.25deg com_xy=0.154m reason=com_overload
Step 3600: pitch=  0.00deg roll= -0.00deg x=  0.000 y= -0.000 u_rw=     6.9 u_bx=   0.00 u_by=  -0.00 com_xy= 0.000m
Step 3700: pitch= -0.01deg roll= -0.00deg x= -0.000 y= -0.000 u_rw=     4.6 u_bx=   0.01 u_by=   0.01 com_xy= 0.000m
Step 3800: pitch= -0.04deg roll= -0.00deg x= -0.000 y= -0.001 u_rw=    -3.0 u_bx=  -0.01 u_by=  -0.00 com_xy= 0.000m
Step 3900: pitch= -0.03deg roll= -0.00deg x=  0.000 y= -0.002 u_rw=    -1.9 u_bx=  -0.00 u_by=   0.01 com_xy= 0.000m
Step 4000: pitch=  0.02deg roll= -0.00deg x= -0.000 y= -0.002 u_rw=    17.8 u_bx=   0.07 u_by=   0.01 com_xy= 0.000m
Step 4100: pitch= -0.02deg roll= -0.00deg x= -0.000 y= -0.001 u_rw=    -8.4 u_bx=  -0.11 u_by=   0.00 com_xy= 0.000m
Step 4200: pitch=  0.00deg roll= -0.00deg x= -0.000 y= -0.000 u_rw=     3.3 u_bx=  -0.04 u_by=   0.00 com_xy= 0.000m
Step 4300: pitch= -0.08deg roll= -0.00deg x= -0.000 y=  0.001 u_rw=   -11.9 u_bx=  -0.09 u_by=   0.01 com_xy= 0.000m
Step 4400: pitch= -0.05deg roll= -0.00deg x=  0.000 y=  0.002 u_rw=    -6.3 u_bx=   0.02 u_by=  -0.02 com_xy= 0.001m
Step 4500: pitch= -0.02deg roll= -0.00deg x=  0.000 y=  0.002 u_rw=    -5.2 u_bx=   0.00 u_by=  -0.00 com_xy= 0.001m
Step 4600: pitch= -0.01deg roll= -0.00deg x=  0.000 y=  0.002 u_rw=    -7.4 u_bx=  -0.01 u_by=   0.01 com_xy= 0.001m
Step 4700: pitch=  0.04deg roll= -0.00deg x=  0.000 y=  0.002 u_rw=    12.0 u_bx=   0.13 u_by=  -0.02 com_xy= 0.001m
Step 4800: pitch=  0.00deg roll= -0.00deg x=  0.000 y=  0.001 u_rw=     3.6 u_bx=   0.05 u_by=  -0.02 com_xy= 0.001m
Step 4900: pitch=  0.07deg roll= -0.00deg x= -0.000 y= -0.001 u_rw=    10.1 u_bx=   0.09 u_by=  -0.02 com_xy= 0.001m
Step 5000: pitch=  0.08deg roll= -0.00deg x= -0.000 y= -0.004 u_rw=    16.1 u_bx=   0.10 u_by=   0.00 com_xy= 0.001m
Step 5100: pitch=  0.10deg roll= -0.00deg x=  0.000 y= -0.004 u_rw=     6.6 u_bx=   0.08 u_by=  -0.02 com_xy= 0.001m
Step 5200: pitch=  0.11deg roll= -0.00deg x=  0.000 y= -0.007 u_rw=     5.4 u_bx=   0.13 u_by=  -0.07 com_xy= 0.001m
Step 5300: pitch=  0.12deg roll= -0.00deg x=  0.000 y= -0.013 u_rw=     5.2 u_bx=   0.14 u_by=  -0.05 com_xy= 0.000m
Step 5400: pitch=  0.11deg roll= -0.00deg x=  0.000 y= -0.021 u_rw=     0.6 u_bx=   0.14 u_by=  -0.06 com_xy= 0.000m
Step 5500: pitch=  0.12deg roll= -0.00deg x=  0.000 y= -0.030 u_rw=     4.8 u_bx=   0.20 u_by=  -0.07 com_xy= 0.001m
Step 5600: pitch=  0.12deg roll= -0.00deg x=  0.000 y= -0.040 u_rw=     2.6 u_bx=   0.12 u_by=  -0.05 com_xy= 0.000m
Step 5700: pitch=  0.11deg roll= -0.00deg x=  0.000 y= -0.047 u_rw=    -4.2 u_bx=   0.11 u_by=  -0.05 com_xy= 0.001m
Step 5800: pitch=  0.14deg roll= -0.00deg x=  0.000 y= -0.054 u_rw=    -1.6 u_bx=   0.16 u_by=  -0.04 com_xy= 0.001m
Step 5900: pitch=  0.08deg roll= -0.00deg x=  0.000 y= -0.060 u_rw=    -5.8 u_bx=   0.10 u_by=  -0.02 com_xy= 0.001m
Step 6000: pitch=  0.15deg roll= -0.01deg x=  0.000 y= -0.065 u_rw=    12.6 u_bx=   0.19 u_by=  -0.04 com_xy= 0.002m
Step 6100: pitch=  0.11deg roll= -0.01deg x=  0.000 y= -0.069 u_rw=   -14.2 u_bx=   0.07 u_by=  -0.03 com_xy= 0.003m
Step 6200: pitch=  0.11deg roll= -0.01deg x=  0.000 y= -0.073 u_rw=     4.2 u_bx=   0.19 u_by=  -0.03 com_xy= 0.004m
Step 6300: pitch=  0.13deg roll= -0.02deg x=  0.000 y= -0.077 u_rw=     2.4 u_bx=   0.21 u_by=  -0.02 com_xy= 0.006m
Step 6400: pitch=  0.19deg roll= -0.03deg x=  0.000 y= -0.080 u_rw=    15.8 u_bx=   0.28 u_by=  -0.02 com_xy= 0.010m
Step 6500: pitch=  0.15deg roll= -0.05deg x=  0.000 y= -0.083 u_rw=   -18.3 u_bx=   0.17 u_by=  -0.03 com_xy= 0.015m
Step 6600: pitch=  0.22deg roll= -0.07deg x=  0.000 y= -0.087 u_rw=     4.4 u_bx=   0.24 u_by=  -0.02 com_xy= 0.023m
Step 6700: pitch=  0.15deg roll= -0.10deg x=  0.000 y= -0.090 u_rw=   -12.4 u_bx=   0.12 u_by=  -0.02 com_xy= 0.036m
Step 6800: pitch=  0.17deg roll= -0.14deg x=  0.000 y= -0.092 u_rw=   -18.8 u_bx=   0.07 u_by=   0.00 com_xy= 0.055m
Step 6900: pitch=  0.27deg roll= -0.17deg x=  0.000 y= -0.092 u_rw=     0.3 u_bx=   0.28 u_by=   0.04 com_xy= 0.085m
Step 7000: pitch=  0.25deg roll= -0.20deg x=  0.000 y= -0.089 u_rw=    16.6 u_bx=   0.37 u_by=   0.02 com_xy= 0.130m

CRASH #2 at step 7040: pitch=0.17deg roll=-0.21deg com_xy=0.154m reason=com_overload
Step 7100: pitch=  0.03deg roll= -0.00deg x=  0.000 y= -0.000 u_rw=     4.0 u_bx=   0.05 u_by=  -0.02 com_xy= 0.000m
Step 7200: pitch=  0.03deg roll= -0.00deg x=  0.000 y= -0.001 u_rw=    13.9 u_bx=   0.11 u_by=  -0.04 com_xy= 0.001m
Step 7300: pitch=  0.03deg roll= -0.00deg x=  0.000 y= -0.004 u_rw=    -4.5 u_bx=  -0.01 u_by=   0.00 com_xy= 0.000m
Step 7400: pitch= -0.01deg roll= -0.00deg x= -0.000 y= -0.005 u_rw=     2.5 u_bx=   0.02 u_by=   0.01 com_xy= 0.000m
Step 7500: pitch=  0.02deg roll= -0.00deg x=  0.000 y= -0.006 u_rw=    -2.6 u_bx=   0.01 u_by=  -0.02 com_xy= 0.000m
Step 7600: pitch= -0.05deg roll= -0.00deg x=  0.000 y= -0.008 u_rw=    -5.3 u_bx=   0.03 u_by=  -0.01 com_xy= 0.000m
Step 7700: pitch= -0.05deg roll= -0.00deg x=  0.000 y= -0.010 u_rw=     0.1 u_bx=   0.00 u_by=   0.01 com_xy= 0.001m
Step 7800: pitch= -0.05deg roll= -0.00deg x= -0.000 y= -0.011 u_rw=     0.1 u_bx=   0.02 u_by=  -0.02 com_xy= 0.002m
Step 7900: pitch= -0.01deg roll= -0.00deg x=  0.000 y= -0.013 u_rw=     6.1 u_bx=   0.05 u_by=  -0.02 com_xy= 0.003m
Step 8000: pitch=  0.08deg roll= -0.00deg x=  0.000 y= -0.016 u_rw=    -0.1 u_bx=   0.07 u_by=  -0.01 com_xy= 0.004m
Step 8100: pitch=  0.07deg roll= -0.00deg x=  0.000 y= -0.018 u_rw=    16.0 u_bx=   0.18 u_by=  -0.00 com_xy= 0.006m
Step 8200: pitch=  0.06deg roll= -0.00deg x=  0.000 y= -0.019 u_rw=    10.7 u_bx=   0.07 u_by=   0.01 com_xy= 0.009m
Step 8300: pitch= -0.03deg roll= -0.00deg x=  0.000 y= -0.019 u_rw=   -13.1 u_bx=  -0.04 u_by=  -0.03 com_xy= 0.014m
Step 8400: pitch= -0.04deg roll= -0.00deg x= -0.000 y= -0.021 u_rw=    -3.9 u_bx=  -0.00 u_by=  -0.00 com_xy= 0.023m
Step 8500: pitch= -0.04deg roll= -0.00deg x= -0.000 y= -0.023 u_rw=    11.3 u_bx=   0.00 u_by=  -0.00 com_xy= 0.037m
Step 8600: pitch= -0.05deg roll= -0.00deg x= -0.000 y= -0.024 u_rw=     7.5 u_bx=  -0.04 u_by=   0.01 com_xy= 0.060m
Step 8700: pitch= -0.18deg roll= -0.00deg x= -0.000 y= -0.023 u_rw=   -12.4 u_bx=  -0.24 u_by=   0.02 com_xy= 0.096m
Step 8800: pitch= -0.27deg roll= -0.00deg x= -0.000 y= -0.020 u_rw=     3.4 u_bx=  -0.24 u_by=   0.07 com_xy= 0.154m

CRASH #3 at step 8801: pitch=-0.27deg roll=-0.00deg com_xy=0.155m reason=com_overload
Step 8900: pitch=  0.03deg roll= -0.00deg x= -0.000 y=  0.000 u_rw=    10.3 u_bx=   0.04 u_by=  -0.02 com_xy= 0.000m
Step 9000: pitch=  0.01deg roll= -0.00deg x= -0.000 y=  0.000 u_rw=    10.0 u_bx=   0.01 u_by=  -0.01 com_xy= 0.000m
Step 9100: pitch= -0.02deg roll= -0.00deg x= -0.000 y= -0.001 u_rw=    10.1 u_bx=  -0.02 u_by=  -0.00 com_xy= 0.000m
Step 9200: pitch=  0.00deg roll= -0.00deg x= -0.000 y= -0.001 u_rw=   -10.7 u_bx=  -0.09 u_by=   0.01 com_xy= 0.000m
Step 9300: pitch=  0.05deg roll= -0.00deg x= -0.000 y= -0.000 u_rw=    18.5 u_bx=   0.10 u_by=  -0.01 com_xy= 0.000m
Step 9400: pitch= -0.02deg roll= -0.00deg x= -0.000 y= -0.000 u_rw=     8.4 u_bx=   0.00 u_by=  -0.01 com_xy= 0.000m
Step 9500: pitch= -0.06deg roll= -0.00deg x= -0.000 y= -0.000 u_rw=   -18.4 u_bx=  -0.17 u_by=   0.00 com_xy= 0.001m
Step 9600: pitch= -0.03deg roll= -0.00deg x= -0.000 y=  0.000 u_rw=     3.0 u_bx=  -0.01 u_by=   0.02 com_xy= 0.001m
Step 9700: pitch= -0.05deg roll= -0.00deg x=  0.000 y=  0.001 u_rw=    -2.1 u_bx=   0.01 u_by=  -0.01 com_xy= 0.001m
Step 9800: pitch= -0.07deg roll= -0.00deg x= -0.000 y=  0.001 u_rw=     2.4 u_bx=  -0.01 u_by=  -0.01 com_xy= 0.001m
Step 9900: pitch= -0.01deg roll= -0.00deg x= -0.000 y= -0.000 u_rw=     1.6 u_bx=   0.01 u_by=  -0.00 com_xy= 0.001m
Step 10000: pitch=  0.00deg roll= -0.00deg x= -0.000 y=  0.000 u_rw=    19.2 u_bx=   0.08 u_by=   0.00 com_xy= 0.001m
Step 10100: pitch= -0.04deg roll= -0.00deg x= -0.000 y=  0.001 u_rw=    18.7 u_bx=   0.06 u_by=   0.00 com_xy= 0.002m
Step 10200: pitch= -0.12deg roll= -0.00deg x= -0.000 y=  0.001 u_rw=     1.0 u_bx=  -0.06 u_by=   0.01 com_xy= 0.004m
Step 10300: pitch= -0.15deg roll= -0.00deg x= -0.000 y=  0.002 u_rw=   -15.6 u_bx=  -0.22 u_by=   0.03 com_xy= 0.007m
Step 10400: pitch= -0.11deg roll= -0.00deg x= -0.000 y=  0.006 u_rw=     6.9 u_bx=  -0.12 u_by=   0.06 com_xy= 0.010m
Step 10500: pitch= -0.10deg roll= -0.00deg x= -0.000 y=  0.012 u_rw=    -3.3 u_bx=  -0.05 u_by=   0.04 com_xy= 0.016m
Step 10600: pitch= -0.08deg roll= -0.00deg x= -0.000 y=  0.018 u_rw=    -5.6 u_bx=  -0.03 u_by=   0.03 com_xy= 0.026m
Step 10700: pitch= -0.05deg roll= -0.00deg x= -0.000 y=  0.023 u_rw=   -11.1 u_bx=  -0.09 u_by=   0.02 com_xy= 0.042m
Step 10800: pitch=  0.06deg roll= -0.00deg x= -0.000 y=  0.028 u_rw=    19.6 u_bx=   0.11 u_by=   0.02 com_xy= 0.068m
Step 10900: pitch=  0.07deg roll= -0.00deg x=  0.000 y=  0.031 u_rw=     0.1 u_bx=   0.02 u_by=   0.01 com_xy= 0.110m

CRASH #4 at step 10974: pitch=0.29deg roll=-0.00deg com_xy=0.154m reason=com_overload
Step 11000: pitch=  0.02deg roll= -0.00deg x= -0.000 y=  0.000 u_rw=     3.3 u_bx=   0.04 u_by=  -0.01 com_xy= 0.000m
Step 11100: pitch= -0.01deg roll= -0.00deg x=  0.000 y= -0.001 u_rw=    -1.0 u_bx=   0.03 u_by=  -0.02 com_xy= 0.000m
Step 11200: pitch= -0.02deg roll= -0.00deg x= -0.000 y= -0.002 u_rw=     8.6 u_bx=  -0.01 u_by=   0.01 com_xy= 0.000m
Step 11300: pitch=  0.02deg roll= -0.00deg x= -0.000 y= -0.001 u_rw=     1.9 u_bx=  -0.02 u_by=   0.02 com_xy= 0.000m
Step 11400: pitch=  0.01deg roll= -0.00deg x= -0.000 y=  0.001 u_rw=    18.9 u_bx=   0.01 u_by=   0.01 com_xy= 0.000m
Step 11500: pitch= -0.05deg roll= -0.00deg x= -0.000 y=  0.003 u_rw=    -6.4 u_bx=  -0.14 u_by=  -0.00 com_xy= 0.000m
Step 11600: pitch= -0.07deg roll= -0.00deg x= -0.000 y=  0.004 u_rw=    -8.7 u_bx=  -0.23 u_by=   0.00 com_xy= 0.001m
Step 11700: pitch= -0.05deg roll= -0.00deg x= -0.000 y=  0.005 u_rw=    -8.9 u_bx=  -0.16 u_by=   0.01 com_xy= 0.001m
Step 11800: pitch= -0.05deg roll= -0.00deg x= -0.000 y=  0.006 u_rw=    -5.8 u_bx=  -0.09 u_by=   0.01 com_xy= 0.000m
Step 11900: pitch= -0.04deg roll= -0.00deg x= -0.000 y=  0.007 u_rw=    -8.0 u_bx=  -0.08 u_by=   0.02 com_xy= 0.000m
Step 12000: pitch=  0.01deg roll= -0.00deg x= -0.000 y=  0.010 u_rw=     8.2 u_bx=  -0.09 u_by=   0.02 com_xy= 0.000m
Step 12100: pitch=  0.02deg roll= -0.00deg x= -0.000 y=  0.013 u_rw=    13.9 u_bx=   0.01 u_by=   0.01 com_xy= 0.000m
Step 12200: pitch=  0.02deg roll= -0.00deg x= -0.000 y=  0.016 u_rw=     0.7 u_bx=  -0.06 u_by=   0.01 com_xy= 0.000m
Step 12300: pitch=  0.03deg roll= -0.00deg x= -0.000 y=  0.018 u_rw=    17.2 u_bx=   0.04 u_by=   0.01 com_xy= 0.000m
Step 12400: pitch= -0.05deg roll= -0.00deg x= -0.000 y=  0.021 u_rw=    -1.3 u_bx=  -0.04 u_by=   0.01 com_xy= 0.000m
Step 12500: pitch=  0.01deg roll= -0.00deg x= -0.000 y=  0.023 u_rw=    -0.1 u_bx=  -0.06 u_by=   0.01 com_xy= 0.000m
Step 12600: pitch=  0.04deg roll= -0.00deg x= -0.000 y=  0.023 u_rw=     6.8 u_bx=   0.06 u_by=  -0.00 com_xy= 0.000m
Step 12700: pitch= -0.00deg roll= -0.00deg x= -0.000 y=  0.023 u_rw=    19.3 u_bx=   0.09 u_by=  -0.01 com_xy= 0.001m
Step 12800: pitch= -0.08deg roll= -0.00deg x= -0.000 y=  0.022 u_rw=    -3.7 u_bx=  -0.11 u_by=   0.00 com_xy= 0.000m
Step 12900: pitch= -0.00deg roll= -0.00deg x= -0.000 y=  0.022 u_rw=    -4.8 u_bx=  -0.17 u_by=   0.03 com_xy= 0.001m
Step 13000: pitch= -0.04deg roll= -0.00deg x= -0.000 y=  0.025 u_rw=     0.9 u_bx=  -0.05 u_by=   0.01 com_xy= 0.000m
Step 13100: pitch= -0.06deg roll= -0.00deg x= -0.000 y=  0.028 u_rw=    -9.0 u_bx=  -0.10 u_by=   0.01 com_xy= 0.001m
Step 13200: pitch= -0.09deg roll= -0.01deg x= -0.000 y=  0.030 u_rw=    -4.2 u_bx=  -0.08 u_by=   0.03 com_xy= 0.001m
Step 13300: pitch= -0.02deg roll= -0.01deg x= -0.000 y=  0.034 u_rw=    14.7 u_bx=   0.05 u_by=   0.02 com_xy= 0.002m
Step 13400: pitch= -0.03deg roll= -0.01deg x= -0.000 y=  0.037 u_rw=    11.5 u_bx=  -0.00 u_by=   0.03 com_xy= 0.002m
Step 13500: pitch= -0.02deg roll= -0.01deg x= -0.000 y=  0.042 u_rw=     6.1 u_bx=  -0.04 u_by=   0.03 com_xy= 0.004m
Step 13600: pitch= -0.05deg roll= -0.02deg x= -0.000 y=  0.046 u_rw=    -1.2 u_bx=  -0.12 u_by=   0.03 com_xy= 0.006m
Step 13700: pitch= -0.11deg roll= -0.03deg x= -0.000 y=  0.051 u_rw=    -2.7 u_bx=  -0.19 u_by=   0.05 com_xy= 0.009m
Step 13800: pitch= -0.04deg roll= -0.05deg x= -0.000 y=  0.057 u_rw=     5.0 u_bx=  -0.10 u_by=   0.04 com_xy= 0.014m
Step 13900: pitch= -0.03deg roll= -0.07deg x= -0.000 y=  0.062 u_rw=    13.7 u_bx=  -0.02 u_by=   0.03 com_xy= 0.022m
Step 14000: pitch= -0.03deg roll= -0.11deg x= -0.000 y=  0.068 u_rw=     5.4 u_bx=  -0.06 u_by=   0.08 com_xy= 0.033m
Step 14100: pitch= -0.11deg roll= -0.16deg x= -0.000 y=  0.077 u_rw=   -17.3 u_bx=  -0.14 u_by=   0.06 com_xy= 0.051m
Step 14200: pitch= -0.08deg roll= -0.20deg x= -0.000 y=  0.085 u_rw=     6.1 u_bx=  -0.06 u_by=   0.04 com_xy= 0.079m
Step 14300: pitch= -0.09deg roll= -0.22deg x= -0.000 y=  0.092 u_rw=     6.8 u_bx=  -0.07 u_by=   0.05 com_xy= 0.121m

CRASH #5 at step 14358: pitch=-0.09deg roll=-0.25deg com_xy=0.154m reason=com_overload
Step 14400: pitch=  0.04deg roll= -0.00deg x=  0.000 y= -0.000 u_rw=     3.1 u_bx=   0.09 u_by=  -0.03 com_xy= 0.000m
Step 14500: pitch=  0.03deg roll= -0.00deg x=  0.000 y= -0.003 u_rw=    11.4 u_bx=   0.10 u_by=  -0.05 com_xy= 0.001m
Step 14600: pitch=  0.01deg roll= -0.00deg x= -0.000 y= -0.008 u_rw=     7.8 u_bx=   0.02 u_by=  -0.03 com_xy= 0.000m
Step 14700: pitch=  0.01deg roll= -0.00deg x=  0.000 y= -0.012 u_rw=    -7.7 u_bx=   0.04 u_by=  -0.01 com_xy= 0.000m
Step 14800: pitch= -0.02deg roll= -0.00deg x=  0.000 y= -0.015 u_rw=    -5.0 u_bx=  -0.03 u_by=   0.01 com_xy= 0.000m
Step 14900: pitch=  0.05deg roll= -0.00deg x= -0.000 y= -0.015 u_rw=     9.5 u_bx=   0.04 u_by=  -0.00 com_xy= 0.000m
Step 15000: pitch=  0.03deg roll= -0.00deg x=  0.000 y= -0.014 u_rw=     9.4 u_bx=   0.03 u_by=   0.01 com_xy= 0.001m
Step 15100: pitch=  0.02deg roll= -0.00deg x= -0.000 y= -0.014 u_rw=    10.0 u_bx=   0.05 u_by=   0.02 com_xy= 0.001m
Step 15200: pitch=  0.01deg roll= -0.00deg x=  0.000 y= -0.014 u_rw=     1.0 u_bx=   0.05 u_by=   0.00 com_xy= 0.002m
Step 15300: pitch= -0.03deg roll= -0.00deg x= -0.000 y= -0.014 u_rw=    -1.5 u_bx=  -0.02 u_by=   0.03 com_xy= 0.002m
Step 15400: pitch= -0.07deg roll= -0.00deg x= -0.000 y= -0.011 u_rw=    -9.2 u_bx=  -0.11 u_by=   0.02 com_xy= 0.003m
Step 15500: pitch= -0.06deg roll= -0.00deg x= -0.000 y= -0.007 u_rw=   -10.4 u_bx=  -0.05 u_by=   0.03 com_xy= 0.005m
Step 15600: pitch=  0.04deg roll= -0.00deg x= -0.000 y= -0.004 u_rw=     6.8 u_bx=   0.15 u_by=   0.00 com_xy= 0.006m
Step 15700: pitch=  0.05deg roll= -0.00deg x=  0.000 y= -0.003 u_rw=    19.3 u_bx=   0.16 u_by=  -0.01 com_xy= 0.010m
Step 15800: pitch= -0.01deg roll= -0.00deg x=  0.000 y= -0.004 u_rw=    14.8 u_bx=   0.09 u_by=  -0.01 com_xy= 0.016m
Step 15900: pitch= -0.02deg roll= -0.00deg x= -0.000 y= -0.005 u_rw=   -14.2 u_bx=  -0.10 u_by=  -0.00 com_xy= 0.028m
Step 16000: pitch=  0.05deg roll= -0.00deg x=  0.000 y= -0.006 u_rw=    12.3 u_bx=   0.11 u_by=  -0.02 com_xy= 0.044m
Step 16100: pitch=  0.11deg roll= -0.00deg x=  0.000 y= -0.008 u_rw=    14.5 u_bx=   0.13 u_by=  -0.03 com_xy= 0.071m
Step 16200: pitch=  0.25deg roll= -0.00deg x=  0.000 y= -0.011 u_rw=     4.1 u_bx=   0.27 u_by=  -0.04 com_xy= 0.114m

CRASH #6 at step 16266: pitch=0.27deg roll=0.00deg com_xy=0.155m reason=com_overload
Step 16300: pitch= -0.02deg roll= -0.00deg x=  0.000 y= -0.000 u_rw=    -2.3 u_bx=   0.01 u_by=  -0.00 com_xy= 0.000m
Step 16400: pitch= -0.07deg roll= -0.00deg x= -0.000 y=  0.001 u_rw=    -1.4 u_bx=  -0.10 u_by=   0.02 com_xy= 0.000m
Step 16500: pitch= -0.01deg roll= -0.00deg x= -0.000 y=  0.003 u_rw=     7.5 u_bx=   0.05 u_by=   0.02 com_xy= 0.000m
Step 16600: pitch= -0.03deg roll= -0.00deg x= -0.000 y=  0.006 u_rw=   -11.8 u_bx=  -0.17 u_by=   0.03 com_xy= 0.000m
Step 16700: pitch= -0.07deg roll= -0.00deg x= -0.000 y=  0.011 u_rw=    -1.9 u_bx=  -0.12 u_by=   0.04 com_xy= 0.000m
Step 16800: pitch= -0.09deg roll= -0.00deg x=  0.000 y=  0.017 u_rw=   -16.8 u_bx=  -0.13 u_by=   0.01 com_xy= 0.000m
Step 16900: pitch= -0.02deg roll= -0.00deg x=  0.000 y=  0.020 u_rw=   -13.9 u_bx=  -0.09 u_by=  -0.02 com_xy= 0.000m
Step 17000: pitch=  0.06deg roll= -0.00deg x= -0.000 y=  0.019 u_rw=     5.2 u_bx=   0.07 u_by=  -0.02 com_xy= 0.002m
Step 17100: pitch= -0.01deg roll= -0.00deg x= -0.000 y=  0.016 u_rw=    12.1 u_bx=   0.07 u_by=  -0.01 com_xy= 0.002m
Step 17200: pitch= -0.05deg roll= -0.00deg x=  0.000 y=  0.013 u_rw=    -1.3 u_bx=  -0.09 u_by=  -0.02 com_xy= 0.002m
Step 17300: pitch= -0.02deg roll= -0.00deg x=  0.000 y=  0.009 u_rw=   -20.3 u_bx=  -0.10 u_by=  -0.03 com_xy= 0.003m
Step 17400: pitch=  0.09deg roll= -0.00deg x=  0.000 y=  0.005 u_rw=    -1.0 u_bx=   0.03 u_by=  -0.03 com_xy= 0.006m
Step 17500: pitch=  0.09deg roll= -0.00deg x= -0.000 y=  0.001 u_rw=    11.0 u_bx=   0.10 u_by=  -0.01 com_xy= 0.009m
Step 17600: pitch= -0.00deg roll= -0.00deg x=  0.000 y= -0.001 u_rw=     3.2 u_bx=   0.09 u_by=  -0.01 com_xy= 0.015m
Step 17700: pitch= -0.06deg roll= -0.00deg x= -0.000 y= -0.002 u_rw=   -11.3 u_bx=  -0.12 u_by=   0.01 com_xy= 0.023m
Step 17800: pitch= -0.03deg roll= -0.00deg x=  0.000 y= -0.002 u_rw=    -8.5 u_bx=  -0.08 u_by=  -0.00 com_xy= 0.038m
Step 17900: pitch= -0.03deg roll= -0.00deg x= -0.000 y= -0.002 u_rw=    13.9 u_bx=   0.03 u_by=   0.01 com_xy= 0.063m
Step 18000: pitch= -0.20deg roll= -0.00deg x= -0.000 y= -0.002 u_rw=    -9.8 u_bx=  -0.25 u_by=   0.02 com_xy= 0.101m

CRASH #7 at step 18093: pitch=-0.34deg roll=-0.00deg com_xy=0.154m reason=com_overload
Step 18100: pitch= -0.00deg roll= -0.00deg x=  0.000 y= -0.000 u_rw=     0.1 u_bx=   0.00 u_by=   0.00 com_xy= 0.000m
Step 18200: pitch= -0.03deg roll= -0.00deg x=  0.000 y= -0.001 u_rw=   -10.1 u_bx=  -0.05 u_by=  -0.01 com_xy= 0.000m
Step 18300: pitch= -0.04deg roll= -0.00deg x= -0.000 y= -0.001 u_rw=    -8.8 u_bx=  -0.06 u_by=   0.02 com_xy= 0.000m
Step 18400: pitch=  0.01deg roll= -0.00deg x= -0.000 y= -0.001 u_rw=     0.3 u_bx=  -0.01 u_by=   0.00 com_xy= 0.000m
Step 18500: pitch=  0.03deg roll= -0.00deg x= -0.000 y= -0.001 u_rw=    18.6 u_bx=   0.10 u_by=   0.02 com_xy= 0.001m
Step 18600: pitch= -0.04deg roll= -0.00deg x= -0.000 y= -0.001 u_rw=     6.2 u_bx=   0.04 u_by=  -0.01 com_xy= 0.000m
Step 18700: pitch=  0.01deg roll= -0.00deg x= -0.000 y= -0.002 u_rw=    12.8 u_bx=   0.01 u_by=   0.02 com_xy= 0.000m
Step 18800: pitch=  0.02deg roll= -0.00deg x= -0.000 y= -0.000 u_rw=     6.6 u_bx=   0.01 u_by=  -0.01 com_xy= 0.000m
Step 18900: pitch=  0.02deg roll= -0.00deg x= -0.000 y= -0.000 u_rw=     2.0 u_bx=  -0.02 u_by=  -0.00 com_xy= 0.000m
Step 19000: pitch= -0.03deg roll= -0.00deg x= -0.000 y= -0.001 u_rw=    -9.9 u_bx=  -0.09 u_by=  -0.01 com_xy= 0.000m
Step 19100: pitch= -0.06deg roll= -0.00deg x= -0.000 y= -0.001 u_rw=    -3.5 u_bx=  -0.05 u_by=   0.01 com_xy= 0.000m
Step 19200: pitch= -0.04deg roll= -0.00deg x= -0.000 y=  0.000 u_rw=     7.0 u_bx=  -0.02 u_by=   0.01 com_xy= 0.000m
Step 19300: pitch= -0.02deg roll= -0.00deg x= -0.000 y=  0.002 u_rw=    13.4 u_bx=  -0.04 u_by=   0.02 com_xy= 0.000m
Step 19400: pitch= -0.02deg roll= -0.00deg x= -0.000 y=  0.005 u_rw=     0.4 u_bx=  -0.13 u_by=   0.03 com_xy= 0.001m
Step 19500: pitch= -0.07deg roll= -0.00deg x= -0.000 y=  0.009 u_rw=   -14.9 u_bx=  -0.14 u_by=   0.05 com_xy= 0.001m
Step 19600: pitch= -0.10deg roll= -0.00deg x= -0.000 y=  0.014 u_rw=   -12.0 u_bx=  -0.18 u_by=   0.03 com_xy= 0.001m
Step 19700: pitch= -0.10deg roll= -0.00deg x= -0.000 y=  0.018 u_rw=   -13.6 u_bx=  -0.17 u_by=   0.03 com_xy= 0.001m
Step 19800: pitch= -0.08deg roll= -0.00deg x= -0.000 y=  0.022 u_rw=    14.3 u_bx=  -0.04 u_by=   0.05 com_xy= 0.000m
Step 19900: pitch= -0.11deg roll= -0.00deg x= -0.000 y=  0.028 u_rw=    -0.4 u_bx=  -0.08 u_by=   0.04 com_xy= 0.000m
Step 20000: pitch= -0.07deg roll= -0.00deg x= -0.000 y=  0.034 u_rw=    -8.5 u_bx=  -0.17 u_by=   0.05 com_xy= 0.000m
Step 20100: pitch= -0.03deg roll= -0.00deg x= -0.000 y=  0.040 u_rw=     7.2 u_bx=  -0.08 u_by=   0.02 com_xy= 0.000m
Step 20200: pitch= -0.04deg roll= -0.00deg x= -0.000 y=  0.045 u_rw=     3.5 u_bx=  -0.08 u_by=   0.00 com_xy= 0.001m
Step 20300: pitch= -0.07deg roll= -0.00deg x= -0.000 y=  0.046 u_rw=    14.9 u_bx=   0.04 u_by=  -0.01 com_xy= 0.001m
Step 20400: pitch= -0.13deg roll= -0.00deg x= -0.000 y=  0.046 u_rw=     0.9 u_bx=  -0.05 u_by=  -0.00 com_xy= 0.001m
Step 20500: pitch= -0.17deg roll= -0.01deg x= -0.000 y=  0.046 u_rw=     0.5 u_bx=  -0.22 u_by=   0.01 com_xy= 0.002m
Step 20600: pitch= -0.15deg roll= -0.01deg x= -0.000 y=  0.048 u_rw=   -18.8 u_bx=  -0.21 u_by=   0.02 com_xy= 0.003m
Step 20700: pitch= -0.07deg roll= -0.02deg x= -0.000 y=  0.051 u_rw=    -0.7 u_bx=  -0.13 u_by=   0.01 com_xy= 0.005m
Step 20800: pitch= -0.08deg roll= -0.02deg x= -0.000 y=  0.055 u_rw=    15.4 u_bx=  -0.00 u_by=   0.04 com_xy= 0.007m
Step 20900: pitch= -0.11deg roll= -0.03deg x= -0.000 y=  0.061 u_rw=    18.9 u_bx=   0.01 u_by=   0.07 com_xy= 0.011m
Step 21000: pitch= -0.21deg roll= -0.05deg x= -0.000 y=  0.068 u_rw=   -18.6 u_bx=  -0.28 u_by=   0.04 com_xy= 0.016m
Step 21100: pitch= -0.16deg roll= -0.08deg x= -0.000 y=  0.076 u_rw=    -6.4 u_bx=  -0.22 u_by=   0.06 com_xy= 0.025m
Step 21200: pitch= -0.21deg roll= -0.11deg x= -0.000 y=  0.085 u_rw=     2.3 u_bx=  -0.15 u_by=   0.04 com_xy= 0.039m
Step 21300: pitch= -0.19deg roll= -0.16deg x= -0.000 y=  0.092 u_rw=    11.8 u_bx=  -0.19 u_by=   0.05 com_xy= 0.060m
Step 21400: pitch= -0.16deg roll= -0.18deg x= -0.000 y=  0.099 u_rw=     6.7 u_bx=  -0.15 u_by=   0.04 com_xy= 0.093m
Step 21500: pitch= -0.21deg roll= -0.22deg x= -0.000 y=  0.106 u_rw=   -15.5 u_bx=  -0.27 u_by=   0.05 com_xy= 0.142m

CRASH #8 at step 21519: pitch=-0.26deg roll=-0.22deg com_xy=0.154m reason=com_overload
Step 21600: pitch= -0.01deg roll= -0.00deg x= -0.000 y=  0.000 u_rw=     8.4 u_bx=   0.05 u_by=   0.00 com_xy= 0.000m
Step 21700: pitch=  0.04deg roll= -0.00deg x= -0.000 y=  0.001 u_rw=    12.5 u_bx=   0.08 u_by=   0.00 com_xy= 0.000m
Step 21800: pitch=  0.07deg roll= -0.00deg x=  0.000 y=  0.002 u_rw=     2.5 u_bx=   0.05 u_by=  -0.02 com_xy= 0.000m
Step 21900: pitch=  0.00deg roll= -0.00deg x=  0.000 y=  0.001 u_rw=     3.3 u_bx=   0.10 u_by=  -0.02 com_xy= 0.000m
Step 22000: pitch= -0.07deg roll= -0.00deg x=  0.000 y= -0.002 u_rw=   -12.5 u_bx=  -0.10 u_by=  -0.02 com_xy= 0.001m
Step 22100: pitch= -0.03deg roll= -0.00deg x= -0.000 y= -0.005 u_rw=     0.2 u_bx=  -0.04 u_by=   0.00 com_xy= 0.001m
Step 22200: pitch=  0.04deg roll= -0.00deg x= -0.000 y= -0.007 u_rw=    -0.3 u_bx=  -0.06 u_by=  -0.01 com_xy= 0.001m
Step 22300: pitch=  0.08deg roll= -0.00deg x= -0.000 y= -0.008 u_rw=     0.2 u_bx=   0.10 u_by=   0.00 com_xy= 0.001m
Step 22400: pitch= -0.02deg roll= -0.00deg x= -0.000 y= -0.007 u_rw=     1.1 u_bx=   0.02 u_by=   0.03 com_xy= 0.002m
Step 22500: pitch= -0.06deg roll= -0.00deg x= -0.000 y= -0.006 u_rw=    -0.3 u_bx=  -0.01 u_by=   0.02 com_xy= 0.003m
Step 22600: pitch=  0.01deg roll= -0.00deg x= -0.000 y= -0.004 u_rw=    -1.2 u_bx=   0.01 u_by=   0.04 com_xy= 0.004m
Step 22700: pitch=  0.01deg roll= -0.00deg x= -0.000 y= -0.000 u_rw=    14.3 u_bx=   0.04 u_by=   0.03 com_xy= 0.005m
Step 22800: pitch= -0.01deg roll= -0.00deg x= -0.000 y=  0.004 u_rw=     1.1 u_bx=  -0.08 u_by=   0.03 com_xy= 0.009m
Step 22900: pitch= -0.01deg roll= -0.00deg x=  0.000 y=  0.007 u_rw=    -4.0 u_bx=   0.00 u_by=   0.00 com_xy= 0.014m
Step 23000: pitch= -0.05deg roll= -0.00deg x=  0.000 y=  0.010 u_rw=     2.0 u_bx=   0.02 u_by=   0.03 com_xy= 0.022m
Step 23100: pitch=  0.02deg roll= -0.00deg x= -0.000 y=  0.013 u_rw=    14.0 u_bx=   0.04 u_by=   0.01 com_xy= 0.036m
Step 23200: pitch=  0.06deg roll= -0.00deg x= -0.000 y=  0.016 u_rw=     3.9 u_bx=   0.02 u_by=   0.03 com_xy= 0.059m
Step 23300: pitch=  0.11deg roll= -0.00deg x=  0.000 y=  0.019 u_rw=    -7.4 u_bx=   0.05 u_by=   0.01 com_xy= 0.095m
Step 23400: pitch=  0.32deg roll= -0.00deg x=  0.000 y=  0.021 u_rw=    10.4 u_bx=   0.29 u_by=  -0.04 com_xy= 0.150m

CRASH #9 at step 23406: pitch=0.28deg roll=-0.00deg com_xy=0.154m reason=com_overload
Step 23500: pitch=  0.05deg roll= -0.00deg x=  0.000 y= -0.000 u_rw=    13.8 u_bx=   0.12 u_by=  -0.02 com_xy= 0.001m
Step 23600: pitch=  0.05deg roll= -0.00deg x=  0.000 y= -0.002 u_rw=     3.8 u_bx=   0.08 u_by=  -0.01 com_xy= 0.000m
Step 23700: pitch=  0.01deg roll= -0.00deg x=  0.000 y= -0.003 u_rw=    -6.8 u_bx=   0.03 u_by=  -0.03 com_xy= 0.000m
Step 23800: pitch= -0.01deg roll= -0.00deg x= -0.000 y= -0.006 u_rw=    -1.1 u_bx=  -0.02 u_by=  -0.02 com_xy= 0.000m
Step 23900: pitch= -0.04deg roll= -0.00deg x=  0.000 y= -0.009 u_rw=    -8.3 u_bx=  -0.04 u_by=  -0.01 com_xy= 0.000m
Step 24000: pitch=  0.00deg roll= -0.00deg x= -0.000 y= -0.012 u_rw=    11.2 u_bx=   0.08 u_by=  -0.00 com_xy= 0.000m
Step 24100: pitch=  0.03deg roll= -0.00deg x=  0.000 y= -0.014 u_rw=     8.2 u_bx=  -0.00 u_by=  -0.01 com_xy= 0.000m
Step 24200: pitch=  0.03deg roll= -0.00deg x= -0.000 y= -0.015 u_rw=     1.8 u_bx=   0.03 u_by=  -0.02 com_xy= 0.001m
Step 24300: pitch= -0.04deg roll= -0.00deg x= -0.000 y= -0.016 u_rw=    -1.4 u_bx=  -0.10 u_by=  -0.00 com_xy= 0.000m
Step 24400: pitch=  0.04deg roll= -0.00deg x= -0.000 y= -0.017 u_rw=     6.8 u_bx=   0.05 u_by=   0.01 com_xy= 0.000m
Step 24500: pitch=  0.08deg roll= -0.00deg x=  0.000 y= -0.016 u_rw=     3.3 u_bx=   0.10 u_by=   0.01 com_xy= 0.000m
Step 24600: pitch=  0.06deg roll= -0.00deg x=  0.000 y= -0.015 u_rw=    10.7 u_bx=   0.13 u_by=  -0.01 com_xy= 0.000m
Step 24700: pitch=  0.08deg roll= -0.00deg x=  0.000 y= -0.017 u_rw=    12.3 u_bx=   0.14 u_by=  -0.01 com_xy= 0.000m
Step 24800: pitch= -0.03deg roll= -0.00deg x=  0.000 y= -0.018 u_rw=     0.3 u_bx=  -0.01 u_by=   0.01 com_xy= 0.000m
Step 24900: pitch=  0.06deg roll= -0.00deg x=  0.000 y= -0.019 u_rw=     0.8 u_bx=   0.08 u_by=  -0.03 com_xy= 0.000m
Step 25000: pitch=  0.01deg roll= -0.00deg x=  0.000 y= -0.020 u_rw=     2.1 u_bx=   0.10 u_by=  -0.00 com_xy= 0.000m
Step 25100: pitch=  0.04deg roll= -0.00deg x=  0.000 y= -0.022 u_rw=    14.0 u_bx=   0.09 u_by=   0.01 com_xy= 0.001m
Step 25200: pitch=  0.07deg roll=  0.00deg x=  0.000 y= -0.022 u_rw=     3.4 u_bx=   0.13 u_by=  -0.01 com_xy= 0.001m
Step 25300: pitch=  0.02deg roll=  0.00deg x=  0.000 y= -0.023 u_rw=    14.3 u_bx=   0.14 u_by=  -0.00 com_xy= 0.001m
Step 25400: pitch= -0.00deg roll=  0.00deg x=  0.000 y= -0.024 u_rw=   -16.2 u_bx=  -0.05 u_by=  -0.01 com_xy= 0.002m
Step 25500: pitch=  0.01deg roll=  0.01deg x= -0.000 y= -0.025 u_rw=    -3.5 u_bx=  -0.03 u_by=  -0.00 com_xy= 0.003m
Step 25600: pitch=  0.09deg roll=  0.01deg x=  0.000 y= -0.027 u_rw=    -0.7 u_bx=   0.05 u_by=  -0.04 com_xy= 0.005m
Step 25700: pitch=  0.09deg roll=  0.02deg x= -0.000 y= -0.030 u_rw=    19.5 u_bx=   0.15 u_by=   0.00 com_xy= 0.007m
Step 25800: pitch=  0.02deg roll=  0.03deg x=  0.000 y= -0.032 u_rw=    10.0 u_bx=   0.12 u_by=  -0.00 com_xy= 0.011m
Step 25900: pitch=  0.05deg roll=  0.05deg x=  0.000 y= -0.034 u_rw=     1.7 u_bx=   0.02 u_by=  -0.02 com_xy= 0.017m
Step 26000: pitch=  0.06deg roll=  0.08deg x=  0.000 y= -0.036 u_rw=    10.6 u_bx=   0.15 u_by=  -0.05 com_xy= 0.026m
Step 26100: pitch=  0.06deg roll=  0.12deg x=  0.000 y= -0.042 u_rw=     7.6 u_bx=   0.17 u_by=  -0.08 com_xy= 0.041m
Step 26200: pitch=  0.09deg roll=  0.18deg x=  0.000 y= -0.052 u_rw=    14.9 u_bx=   0.19 u_by=  -0.08 com_xy= 0.063m
Step 26300: pitch=  0.06deg roll=  0.22deg x=  0.000 y= -0.063 u_rw=    -7.4 u_bx=   0.04 u_by=  -0.10 com_xy= 0.097m
Step 26400: pitch=  0.06deg roll=  0.26deg x=  0.000 y= -0.077 u_rw=     3.3 u_bx=   0.13 u_by=  -0.11 com_xy= 0.147m

CRASH #10 at step 26411: pitch=0.05deg roll=0.26deg com_xy=0.154m reason=com_overload
Step 26500: pitch= -0.01deg roll= -0.00deg x= -0.000 y= -0.000 u_rw=     6.9 u_bx=   0.01 u_by=   0.02 com_xy= 0.000m
Step 26600: pitch=  0.04deg roll= -0.00deg x= -0.000 y=  0.001 u_rw=     7.2 u_bx=   0.01 u_by=   0.02 com_xy= 0.000m
Step 26700: pitch= -0.07deg roll= -0.00deg x= -0.000 y=  0.003 u_rw=   -16.5 u_bx=  -0.17 u_by=   0.02 com_xy= 0.001m
Step 26800: pitch=  0.02deg roll= -0.00deg x= -0.000 y=  0.006 u_rw=    11.1 u_bx=   0.05 u_by=   0.01 com_xy= 0.001m
Step 26900: pitch= -0.05deg roll= -0.00deg x=  0.000 y=  0.007 u_rw=    -2.2 u_bx=  -0.05 u_by=  -0.02 com_xy= 0.001m
Step 27000: pitch=  0.02deg roll= -0.00deg x=  0.000 y=  0.005 u_rw=    -8.0 u_bx=  -0.06 u_by=  -0.04 com_xy= 0.001m
Step 27100: pitch=  0.08deg roll= -0.00deg x= -0.000 y=  0.000 u_rw=     7.4 u_bx=   0.13 u_by=  -0.04 com_xy= 0.002m
Step 27200: pitch=  0.04deg roll= -0.00deg x=  0.000 y= -0.004 u_rw=    20.5 u_bx=   0.17 u_by=  -0.03 com_xy= 0.003m
Step 27300: pitch= -0.00deg roll= -0.00deg x=  0.000 y= -0.008 u_rw=   -10.6 u_bx=  -0.07 u_by=  -0.01 com_xy= 0.003m
Step 27400: pitch=  0.00deg roll= -0.00deg x= -0.000 y= -0.011 u_rw=    -1.8 u_bx=   0.01 u_by=  -0.04 com_xy= 0.004m
Step 27500: pitch=  0.03deg roll= -0.00deg x=  0.000 y= -0.015 u_rw=   -17.5 u_bx=  -0.01 u_by=  -0.05 com_xy= 0.005m
Step 27600: pitch=  0.11deg roll= -0.00deg x=  0.000 y= -0.021 u_rw=    13.9 u_bx=   0.15 u_by=  -0.06 com_xy= 0.009m
Step 27700: pitch=  0.01deg roll= -0.00deg x=  0.000 y= -0.029 u_rw=    -6.1 u_bx=  -0.04 u_by=  -0.03 com_xy= 0.014m
Step 27800: pitch= -0.02deg roll= -0.00deg x=  0.000 y= -0.033 u_rw=   -11.9 u_bx=  -0.05 u_by=  -0.01 com_xy= 0.022m
Step 27900: pitch= -0.04deg roll= -0.00deg x=  0.000 y= -0.035 u_rw=    -4.4 u_bx=   0.00 u_by=   0.01 com_xy= 0.037m
Step 28000: pitch= -0.05deg roll= -0.00deg x= -0.000 y= -0.036 u_rw=    13.3 u_bx=   0.03 u_by=   0.01 com_xy= 0.061m
Step 28100: pitch= -0.17deg roll= -0.00deg x= -0.000 y= -0.035 u_rw=     4.5 u_bx=  -0.13 u_by=   0.03 com_xy= 0.098m
Step 28200: pitch= -0.26deg roll= -0.00deg x= -0.000 y= -0.032 u_rw=    16.2 u_bx=  -0.17 u_by=   0.06 com_xy= 0.155m

CRASH #11 at step 28201: pitch=-0.27deg roll=-0.00deg com_xy=0.155m reason=com_overload
Step 28300: pitch=  0.02deg roll= -0.00deg x= -0.000 y=  0.000 u_rw=     0.2 u_bx=  -0.04 u_by=   0.02 com_xy= 0.000m
Step 28400: pitch=  0.04deg roll= -0.00deg x= -0.000 y=  0.002 u_rw=     2.6 u_bx=  -0.00 u_by=   0.01 com_xy= 0.000m
Step 28500: pitch=  0.03deg roll= -0.00deg x= -0.000 y=  0.003 u_rw=    14.7 u_bx=   0.09 u_by=   0.01 com_xy= 0.001m
Step 28600: pitch= -0.02deg roll= -0.00deg x= -0.000 y=  0.004 u_rw=     0.8 u_bx=  -0.01 u_by=   0.02 com_xy= 0.000m
Step 28700: pitch= -0.06deg roll= -0.00deg x= -0.000 y=  0.006 u_rw=     0.6 u_bx=  -0.12 u_by=   0.03 com_xy= 0.001m
Step 28800: pitch= -0.06deg roll= -0.00deg x= -0.000 y=  0.008 u_rw=   -17.0 u_bx=  -0.14 u_by=   0.00 com_xy= 0.001m
Step 28900: pitch= -0.02deg roll= -0.00deg x=  0.000 y=  0.009 u_rw=   -18.6 u_bx=  -0.10 u_by=  -0.02 com_xy= 0.001m
Step 29000: pitch=  0.07deg roll= -0.00deg x=  0.000 y=  0.008 u_rw=    -0.3 u_bx=   0.07 u_by=   0.02 com_xy= 0.001m
Step 29100: pitch=  0.03deg roll= -0.00deg x=  0.000 y=  0.009 u_rw=    15.5 u_bx=   0.11 u_by=   0.02 com_xy= 0.001m
Step 29200: pitch= -0.08deg roll= -0.00deg x= -0.000 y=  0.011 u_rw=    -1.9 u_bx=  -0.10 u_by=   0.01 com_xy= 0.002m
Step 29300: pitch= -0.07deg roll= -0.00deg x=  0.000 y=  0.013 u_rw=   -18.5 u_bx=  -0.16 u_by=   0.01 com_xy= 0.003m
Step 29400: pitch= -0.01deg roll= -0.00deg x= -0.000 y=  0.014 u_rw=     2.4 u_bx=  -0.04 u_by=  -0.02 com_xy= 0.003m
Step 29500: pitch= -0.02deg roll= -0.00deg x= -0.000 y=  0.013 u_rw=     8.7 u_bx=  -0.00 u_by=   0.00 com_xy= 0.004m
Step 29600: pitch= -0.10deg roll= -0.00deg x= -0.000 y=  0.013 u_rw=   -11.1 u_bx=  -0.16 u_by=   0.00 com_xy= 0.007m
Step 29700: pitch= -0.02deg roll= -0.00deg x= -0.000 y=  0.015 u_rw=    16.0 u_bx=   0.06 u_by=   0.01 com_xy= 0.010m
Step 29800: pitch= -0.04deg roll= -0.00deg x= -0.000 y=  0.017 u_rw=    -1.7 u_bx=  -0.09 u_by=   0.01 com_xy= 0.016m
Step 29900: pitch= -0.06deg roll= -0.00deg x= -0.000 y=  0.019 u_rw=   -11.5 u_bx=  -0.09 u_by=   0.01 com_xy= 0.026m
Step 30000: pitch=  0.03deg roll= -0.00deg x= -0.000 y=  0.021 u_rw=    17.9 u_bx=   0.11 u_by=   0.01 com_xy= 0.041m
Step 30100: pitch=  0.02deg roll= -0.00deg x=  0.000 y=  0.022 u_rw=   -15.3 u_bx=  -0.01 u_by=   0.00 com_xy= 0.067m
Step 30200: pitch=  0.13deg roll= -0.00deg x=  0.000 y=  0.023 u_rw=   -10.0 u_bx=   0.07 u_by=   0.00 com_xy= 0.108m

CRASH #12 at step 30280: pitch=0.28deg roll=-0.00deg com_xy=0.155m reason=com_overload
Step 30300: pitch= -0.01deg roll= -0.00deg x= -0.000 y=  0.000 u_rw=    -2.9 u_bx=  -0.02 u_by=   0.01 com_xy= 0.000m
Step 30400: pitch= -0.01deg roll= -0.00deg x=  0.000 y=  0.000 u_rw=     3.9 u_bx=   0.04 u_by=   0.00 com_xy= 0.000m
Step 30500: pitch= -0.00deg roll= -0.00deg x= -0.000 y=  0.001 u_rw=    16.1 u_bx=   0.08 u_by=  -0.01 com_xy= 0.000m
Step 30600: pitch= -0.02deg roll= -0.00deg x= -0.000 y=  0.000 u_rw=     2.6 u_bx=   0.02 u_by=  -0.01 com_xy= 0.001m
Step 30700: pitch= -0.03deg roll= -0.00deg x=  0.000 y= -0.001 u_rw=     0.4 u_bx=  -0.01 u_by=  -0.01 com_xy= 0.000m
Step 30800: pitch=  0.06deg roll= -0.00deg x=  0.000 y= -0.002 u_rw=     4.5 u_bx=   0.07 u_by=  -0.03 com_xy= 0.000m
Step 30900: pitch=  0.05deg roll= -0.00deg x=  0.000 y= -0.004 u_rw=     6.3 u_bx=   0.03 u_by=   0.00 com_xy= 0.000m
Step 31000: pitch=  0.05deg roll= -0.00deg x=  0.000 y= -0.005 u_rw=     7.0 u_bx=   0.01 u_by=   0.01 com_xy= 0.001m
Step 31100: pitch=  0.06deg roll= -0.00deg x= -0.000 y= -0.004 u_rw=     5.5 u_bx=  -0.03 u_by=   0.01 com_xy= 0.002m
Step 31200: pitch= -0.04deg roll= -0.00deg x= -0.000 y= -0.002 u_rw=    -1.2 u_bx=  -0.04 u_by=  -0.01 com_xy= 0.003m
Step 31300: pitch= -0.03deg roll= -0.00deg x= -0.000 y= -0.002 u_rw=     0.4 u_bx=  -0.01 u_by=   0.00 com_xy= 0.003m
Step 31400: pitch= -0.05deg roll= -0.00deg x= -0.000 y= -0.003 u_rw=    -8.2 u_bx=  -0.06 u_by=  -0.01 com_xy= 0.005m
Step 31500: pitch= -0.06deg roll= -0.00deg x= -0.000 y= -0.004 u_rw=   -10.0 u_bx=  -0.09 u_by=  -0.00 com_xy= 0.008m
Step 31600: pitch= -0.00deg roll= -0.00deg x=  0.000 y= -0.005 u_rw=    -6.9 u_bx=  -0.02 u_by=  -0.03 com_xy= 0.012m
Step 31700: pitch=  0.02deg roll= -0.00deg x= -0.000 y= -0.007 u_rw=     0.9 u_bx=  -0.02 u_by=  -0.01 com_xy= 0.020m
Step 31800: pitch=  0.04deg roll= -0.00deg x=  0.000 y= -0.009 u_rw=     7.2 u_bx=   0.08 u_by=  -0.01 com_xy= 0.032m
Step 31900: pitch=  0.07deg roll= -0.00deg x=  0.000 y= -0.012 u_rw=   -11.5 u_bx=   0.01 u_by=  -0.04 com_xy= 0.053m
Step 32000: pitch=  0.17deg roll= -0.00deg x=  0.000 y= -0.016 u_rw=    -7.4 u_bx=   0.14 u_by=  -0.03 com_xy= 0.086m
Step 32100: pitch=  0.32deg roll= -0.00deg x=  0.000 y= -0.021 u_rw=     5.4 u_bx=   0.32 u_by=  -0.05 com_xy= 0.136m

CRASH #13 at step 32128: pitch=0.36deg roll=-0.00deg com_xy=0.155m reason=com_overload
Step 32200: pitch= -0.02deg roll= -0.00deg x=  0.000 y= -0.000 u_rw=    -9.4 u_bx=  -0.04 u_by=   0.00 com_xy= 0.000m
Step 32300: pitch= -0.04deg roll= -0.00deg x= -0.000 y= -0.000 u_rw=    -4.5 u_bx=  -0.08 u_by=   0.01 com_xy= 0.000m
Step 32400: pitch=  0.01deg roll= -0.00deg x= -0.000 y=  0.000 u_rw=    19.0 u_bx=   0.07 u_by=   0.02 com_xy= 0.000m
Step 32500: pitch= -0.02deg roll= -0.00deg x=  0.000 y=  0.003 u_rw=     0.8 u_bx=   0.03 u_by=   0.02 com_xy= 0.000m
Step 32600: pitch= -0.01deg roll= -0.00deg x= -0.000 y=  0.006 u_rw=   -17.5 u_bx=  -0.09 u_by=   0.01 com_xy= 0.000m
Step 32700: pitch=  0.07deg roll= -0.00deg x=  0.000 y=  0.009 u_rw=    10.2 u_bx=   0.14 u_by=   0.01 com_xy= 0.001m
Step 32800: pitch=  0.01deg roll= -0.00deg x=  0.000 y=  0.010 u_rw=    -7.9 u_bx=  -0.01 u_by=  -0.01 com_xy= 0.000m
Step 32900: pitch=  0.01deg roll= -0.00deg x= -0.000 y=  0.009 u_rw=   -10.5 u_bx=  -0.07 u_by=  -0.00 com_xy= 0.000m
Step 33000: pitch=  0.01deg roll= -0.00deg x=  0.000 y=  0.009 u_rw=    -9.8 u_bx=  -0.01 u_by=  -0.01 com_xy= 0.000m
Step 33100: pitch=  0.02deg roll= -0.00deg x=  0.000 y=  0.008 u_rw=   -15.6 u_bx=  -0.07 u_by=  -0.01 com_xy= 0.000m
Step 33200: pitch=  0.01deg roll= -0.00deg x=  0.000 y=  0.007 u_rw=    -7.8 u_bx=   0.01 u_by=  -0.01 com_xy= 0.000m
Step 33300: pitch=  0.01deg roll= -0.00deg x=  0.000 y=  0.005 u_rw=     3.9 u_bx=   0.11 u_by=  -0.03 com_xy= 0.000m
Step 33400: pitch=  0.09deg roll= -0.00deg x=  0.000 y=  0.002 u_rw=     3.9 u_bx=   0.07 u_by=  -0.03 com_xy= 0.000m
Step 33500: pitch= -0.00deg roll= -0.00deg x=  0.000 y= -0.002 u_rw=    -8.3 u_bx=  -0.03 u_by=  -0.04 com_xy= 0.000m
Step 33600: pitch= -0.02deg roll= -0.00deg x=  0.000 y= -0.007 u_rw=    -2.4 u_bx=  -0.01 u_by=   0.00 com_xy= 0.000m
Step 33700: pitch=  0.00deg roll= -0.00deg x=  0.000 y= -0.008 u_rw=    -5.8 u_bx=   0.01 u_by=   0.03 com_xy= 0.000m
Step 33800: pitch=  0.01deg roll= -0.00deg x=  0.000 y= -0.006 u_rw=   -10.2 u_bx=  -0.04 u_by=   0.03 com_xy= 0.000m
Step 33900: pitch=  0.01deg roll= -0.00deg x=  0.000 y= -0.004 u_rw=    -0.9 u_bx=   0.06 u_by=   0.01 com_xy= 0.000m
Step 34000: pitch= -0.01deg roll= -0.00deg x=  0.000 y= -0.003 u_rw=   -20.7 u_bx=  -0.01 u_by=  -0.03 com_xy= 0.000m
Step 34100: pitch=  0.08deg roll= -0.00deg x=  0.000 y= -0.006 u_rw=    12.5 u_bx=   0.16 u_by=  -0.01 com_xy= 0.001m
Step 34200: pitch=  0.10deg roll= -0.00deg x=  0.000 y= -0.007 u_rw=     6.6 u_bx=   0.09 u_by=   0.01 com_xy= 0.001m
Step 34300: pitch=  0.04deg roll= -0.00deg x=  0.000 y= -0.007 u_rw=    -2.8 u_bx=   0.03 u_by=  -0.00 com_xy= 0.000m
Step 34400: pitch=  0.09deg roll= -0.00deg x=  0.000 y= -0.007 u_rw=   -13.0 u_bx=  -0.01 u_by=   0.00 com_xy= 0.000m
Step 34500: pitch=  0.14deg roll= -0.00deg x=  0.000 y= -0.008 u_rw=    -2.5 u_bx=   0.07 u_by=  -0.02 com_xy= 0.000m
Step 34600: pitch=  0.13deg roll=  0.00deg x=  0.000 y= -0.010 u_rw=     6.5 u_bx=   0.16 u_by=   0.01 com_xy= 0.001m
Step 34700: pitch=  0.13deg roll=  0.00deg x=  0.000 y= -0.011 u_rw=     7.4 u_bx=   0.19 u_by=  -0.03 com_xy= 0.001m
Step 34800: pitch=  0.07deg roll=  0.00deg x=  0.000 y= -0.015 u_rw=   -12.4 u_bx=   0.06 u_by=  -0.04 com_xy= 0.002m
Step 34900: pitch=  0.08deg roll=  0.01deg x=  0.000 y= -0.020 u_rw=    -4.9 u_bx=   0.09 u_by=  -0.06 com_xy= 0.003m
Step 35000: pitch=  0.10deg roll=  0.01deg x=  0.000 y= -0.027 u_rw=    -1.8 u_bx=   0.18 u_by=  -0.06 com_xy= 0.004m
Step 35100: pitch=  0.11deg roll=  0.02deg x=  0.000 y= -0.035 u_rw=    -2.7 u_bx=   0.19 u_by=  -0.07 com_xy= 0.006m
Step 35200: pitch=  0.12deg roll=  0.03deg x=  0.000 y= -0.044 u_rw=    -3.7 u_bx=   0.11 u_by=  -0.05 com_xy= 0.009m
Step 35300: pitch=  0.21deg roll=  0.04deg x=  0.000 y= -0.052 u_rw=     6.7 u_bx=   0.27 u_by=  -0.06 com_xy= 0.014m
Step 35400: pitch=  0.14deg roll=  0.07deg x=  0.000 y= -0.061 u_rw=     1.4 u_bx=   0.23 u_by=  -0.08 com_xy= 0.022m
Step 35500: pitch=  0.21deg roll=  0.10deg x=  0.000 y= -0.072 u_rw=    15.9 u_bx=   0.32 u_by=  -0.09 com_xy= 0.034m
Step 35600: pitch=  0.13deg roll=  0.15deg x=  0.000 y= -0.085 u_rw=   -16.8 u_bx=   0.10 u_by=  -0.05 com_xy= 0.053m
Step 35700: pitch=  0.25deg roll=  0.17deg x=  0.000 y= -0.094 u_rw=    10.9 u_bx=   0.37 u_by=  -0.06 com_xy= 0.081m
Step 35800: pitch=  0.16deg roll=  0.20deg x=  0.000 y= -0.103 u_rw=    -0.8 u_bx=   0.34 u_by=  -0.07 com_xy= 0.124m

CRASH #14 at step 35851: pitch=0.27deg roll=0.22deg com_xy=0.154m reason=com_overload
Step 35900: pitch=  0.01deg roll= -0.00deg x= -0.000 y= -0.000 u_rw=     9.2 u_bx=   0.02 u_by=  -0.01 com_xy= 0.000m
Step 36000: pitch= -0.04deg roll= -0.00deg x= -0.000 y= -0.002 u_rw=    -6.7 u_bx=  -0.08 u_by=  -0.00 com_xy= 0.000m
Step 36100: pitch= -0.04deg roll= -0.00deg x= -0.000 y= -0.002 u_rw=    -6.5 u_bx=  -0.13 u_by=   0.03 com_xy= 0.000m
Step 36200: pitch=  0.04deg roll= -0.00deg x= -0.000 y=  0.001 u_rw=     2.1 u_bx=   0.05 u_by=   0.03 com_xy= 0.000m
Step 36300: pitch=  0.08deg roll= -0.00deg x= -0.000 y=  0.003 u_rw=    19.4 u_bx=   0.09 u_by=   0.03 com_xy= 0.001m
Step 36400: pitch=  0.01deg roll= -0.00deg x= -0.000 y=  0.006 u_rw=    14.2 u_bx=   0.06 u_by=   0.01 com_xy= 0.000m
Step 36500: pitch= -0.06deg roll= -0.00deg x= -0.000 y=  0.008 u_rw=    -9.0 u_bx=  -0.09 u_by=  -0.00 com_xy= 0.001m
Step 36600: pitch=  0.02deg roll= -0.00deg x=  0.000 y=  0.010 u_rw=    -7.8 u_bx=  -0.03 u_by=  -0.01 com_xy= 0.000m
Step 36700: pitch=  0.04deg roll= -0.00deg x=  0.000 y=  0.010 u_rw=    17.9 u_bx=   0.14 u_by=   0.01 com_xy= 0.000m
Step 36800: pitch=  0.06deg roll= -0.00deg x= -0.000 y=  0.010 u_rw=     4.6 u_bx=   0.11 u_by=  -0.02 com_xy= 0.000m
Step 36900: pitch=  0.05deg roll= -0.00deg x= -0.000 y=  0.008 u_rw=    19.1 u_bx=   0.07 u_by=  -0.01 com_xy= 0.000m
Step 37000: pitch=  0.02deg roll= -0.00deg x= -0.000 y=  0.007 u_rw=    15.2 u_bx=   0.09 u_by=   0.02 com_xy= 0.000m
Step 37100: pitch= -0.09deg roll= -0.00deg x=  0.000 y=  0.007 u_rw=    -2.4 u_bx=  -0.13 u_by=  -0.02 com_xy= 0.000m
Step 37200: pitch= -0.01deg roll= -0.00deg x= -0.000 y=  0.005 u_rw=     1.5 u_bx=   0.00 u_by=  -0.00 com_xy= 0.000m
Step 37300: pitch= -0.00deg roll= -0.00deg x= -0.000 y=  0.004 u_rw=     3.9 u_bx=   0.05 u_by=   0.01 com_xy= 0.000m
Step 37400: pitch=  0.04deg roll= -0.00deg x=  0.000 y=  0.004 u_rw=     2.9 u_bx=   0.01 u_by=  -0.01 com_xy= 0.000m
Step 37500: pitch=  0.04deg roll= -0.00deg x=  0.000 y=  0.003 u_rw=     5.0 u_bx=   0.03 u_by=   0.01 com_xy= 0.000m
Step 37600: pitch=  0.01deg roll= -0.00deg x=  0.000 y=  0.003 u_rw=    -4.9 u_bx=   0.04 u_by=  -0.01 com_xy= 0.000m
Step 37700: pitch=  0.01deg roll= -0.00deg x=  0.000 y=  0.002 u_rw=    -5.6 u_bx=   0.04 u_by=  -0.03 com_xy= 0.000m
Step 37800: pitch= -0.02deg roll= -0.00deg x=  0.000 y= -0.001 u_rw=   -18.5 u_bx=  -0.10 u_by=  -0.02 com_xy= 0.001m
Step 37900: pitch=  0.09deg roll= -0.00deg x=  0.000 y= -0.004 u_rw=     2.7 u_bx=   0.15 u_by=  -0.01 com_xy= 0.001m
Step 38000: pitch=  0.08deg roll= -0.01deg x= -0.000 y= -0.007 u_rw=    18.9 u_bx=   0.17 u_by=  -0.03 com_xy= 0.001m
Step 38100: pitch=  0.04deg roll= -0.01deg x=  0.000 y= -0.010 u_rw=    18.7 u_bx=   0.16 u_by=  -0.01 com_xy= 0.002m
Step 38200: pitch= -0.02deg roll= -0.01deg x=  0.000 y= -0.012 u_rw=    -6.5 u_bx=  -0.02 u_by=  -0.00 com_xy= 0.003m
Step 38300: pitch=  0.05deg roll= -0.02deg x=  0.000 y= -0.013 u_rw=     9.3 u_bx=   0.06 u_by=   0.01 com_xy= 0.004m
Step 38400: pitch=  0.06deg roll= -0.02deg x=  0.000 y= -0.012 u_rw=     3.7 u_bx=   0.04 u_by=   0.01 com_xy= 0.007m
Step 38500: pitch= -0.02deg roll= -0.04deg x=  0.000 y= -0.012 u_rw=   -15.1 u_bx=  -0.02 u_by=  -0.01 com_xy= 0.011m
Step 38600: pitch=  0.01deg roll= -0.06deg x=  0.000 y= -0.011 u_rw=     5.6 u_bx=   0.03 u_by=   0.04 com_xy= 0.016m
Step 38700: pitch=  0.06deg roll= -0.08deg x= -0.000 y= -0.007 u_rw=     6.3 u_bx=   0.04 u_by=   0.04 com_xy= 0.025m
Step 38800: pitch=  0.04deg roll= -0.12deg x=  0.000 y= -0.000 u_rw=    -5.9 u_bx=   0.04 u_by=   0.04 com_xy= 0.039m
Step 38900: pitch= -0.01deg roll= -0.17deg x= -0.000 y=  0.007 u_rw=    -3.9 u_bx=  -0.03 u_by=   0.11 com_xy= 0.060m
Step 39000: pitch=  0.06deg roll= -0.19deg x=  0.000 y=  0.019 u_rw=     7.9 u_bx=   0.09 u_by=   0.08 com_xy= 0.092m
Step 39100: pitch=  0.08deg roll= -0.23deg x=  0.000 y=  0.030 u_rw=     2.9 u_bx=   0.09 u_by=   0.07 com_xy= 0.141m

CRASH #15 at step 39121: pitch=-0.02deg roll=-0.23deg com_xy=0.154m reason=com_overload
Step 39200: pitch= -0.01deg roll= -0.00deg x=  0.000 y=  0.000 u_rw=    -6.4 u_bx=  -0.04 u_by=  -0.00 com_xy= 0.000m
Step 39300: pitch= -0.05deg roll= -0.00deg x=  0.000 y= -0.000 u_rw=    -7.2 u_bx=  -0.05 u_by=  -0.01 com_xy= 0.000m
Step 39400: pitch=  0.04deg roll= -0.00deg x=  0.000 y= -0.002 u_rw=     0.6 u_bx=   0.04 u_by=  -0.04 com_xy= 0.000m
Step 39500: pitch=  0.06deg roll= -0.00deg x=  0.000 y= -0.006 u_rw=    10.7 u_bx=   0.11 u_by=  -0.01 com_xy= 0.000m
Step 39600: pitch=  0.01deg roll= -0.00deg x=  0.000 y= -0.009 u_rw=    14.3 u_bx=   0.16 u_by=  -0.02 com_xy= 0.000m
Step 39700: pitch= -0.07deg roll= -0.00deg x=  0.000 y= -0.012 u_rw=    -5.2 u_bx=  -0.07 u_by=   0.00 com_xy= 0.001m
Step 39800: pitch= -0.00deg roll= -0.00deg x=  0.000 y= -0.014 u_rw=   -14.9 u_bx=  -0.05 u_by=  -0.01 com_xy= 0.001m
Step 39900: pitch=  0.05deg roll= -0.00deg x=  0.000 y= -0.015 u_rw=    19.6 u_bx=   0.09 u_by=  -0.02 com_xy= 0.001m
Step 40000: pitch= -0.04deg roll= -0.00deg x= -0.000 y= -0.018 u_rw=    -0.6 u_bx=   0.02 u_by=  -0.02 com_xy= 0.002m
Step 40100: pitch= -0.10deg roll= -0.00deg x= -0.000 y= -0.021 u_rw=    -1.7 u_bx=  -0.11 u_by=  -0.01 com_xy= 0.003m
Step 40200: pitch= -0.12deg roll= -0.00deg x= -0.000 y= -0.023 u_rw=   -18.5 u_bx=  -0.21 u_by=   0.03 com_xy= 0.005m
Step 40300: pitch= -0.06deg roll= -0.00deg x= -0.000 y= -0.022 u_rw=   -18.6 u_bx=  -0.22 u_by=   0.05 com_xy= 0.006m
Step 40400: pitch=  0.02deg roll= -0.00deg x= -0.000 y= -0.017 u_rw=    -1.2 u_bx=  -0.07 u_by=   0.04 com_xy= 0.009m
Step 40500: pitch=  0.04deg roll= -0.00deg x= -0.000 y= -0.011 u_rw=    15.7 u_bx=   0.06 u_by=   0.02 com_xy= 0.014m
Step 40600: pitch= -0.05deg roll= -0.00deg x= -0.000 y= -0.007 u_rw=     7.6 u_bx=   0.02 u_by=   0.02 com_xy= 0.022m
Step 40700: pitch= -0.06deg roll= -0.00deg x=  0.000 y= -0.005 u_rw=     0.7 u_bx=  -0.03 u_by=   0.00 com_xy= 0.037m
Step 40800: pitch= -0.01deg roll= -0.00deg x=  0.000 y= -0.004 u_rw=   -18.6 u_bx=  -0.09 u_by=  -0.01 com_xy= 0.060m
Step 40900: pitch=  0.12deg roll=  0.00deg x=  0.000 y= -0.005 u_rw=   -18.4 u_bx=  -0.01 u_by=  -0.01 com_xy= 0.097m
Step 41000: pitch=  0.30deg roll=  0.00deg x=  0.000 y= -0.006 u_rw=    -2.5 u_bx=   0.21 u_by=  -0.04 com_xy= 0.152m

CRASH #16 at step 41003: pitch=0.33deg roll=0.00deg com_xy=0.154m reason=com_overload
Step 41100: pitch=  0.03deg roll= -0.00deg x=  0.000 y=  0.000 u_rw=     4.7 u_bx=   0.06 u_by=  -0.01 com_xy= 0.000m
Step 41200: pitch=  0.04deg roll= -0.00deg x=  0.000 y= -0.001 u_rw=     7.8 u_bx=   0.05 u_by=  -0.02 com_xy= 0.000m
Step 41300: pitch=  0.01deg roll= -0.00deg x= -0.000 y= -0.003 u_rw=     0.8 u_bx=  -0.04 u_by=   0.01 com_xy= 0.000m
Step 41400: pitch=  0.01deg roll= -0.00deg x= -0.000 y= -0.004 u_rw=     6.0 u_bx=  -0.01 u_by=   0.01 com_xy= 0.000m
Step 41500: pitch= -0.03deg roll= -0.00deg x= -0.000 y= -0.003 u_rw=   -12.3 u_bx=  -0.04 u_by=  -0.00 com_xy= 0.000m
Step 41600: pitch= -0.06deg roll= -0.00deg x=  0.000 y= -0.003 u_rw=    -5.4 u_bx=  -0.06 u_by=  -0.00 com_xy= 0.000m
Step 41700: pitch=  0.03deg roll= -0.00deg x=  0.000 y= -0.004 u_rw=     6.8 u_bx=   0.09 u_by=  -0.01 com_xy= 0.001m
Step 41800: pitch=  0.02deg roll= -0.00deg x=  0.000 y= -0.006 u_rw=     5.6 u_bx=   0.05 u_by=   0.00 com_xy= 0.001m
Step 41900: pitch= -0.03deg roll= -0.00deg x=  0.000 y= -0.007 u_rw=   -16.9 u_bx=  -0.02 u_by=  -0.02 com_xy= 0.000m
Step 42000: pitch=  0.07deg roll= -0.00deg x=  0.000 y= -0.009 u_rw=    -1.3 u_bx=   0.06 u_by=  -0.02 com_xy= 0.001m
Step 42100: pitch=  0.10deg roll= -0.00deg x=  0.000 y= -0.011 u_rw=     0.9 u_bx=   0.14 u_by=  -0.00 com_xy= 0.001m
Step 42200: pitch=  0.02deg roll= -0.00deg x= -0.000 y= -0.012 u_rw=     1.1 u_bx=   0.06 u_by=   0.01 com_xy= 0.000m
Step 42300: pitch= -0.02deg roll= -0.00deg x=  0.000 y= -0.012 u_rw=   -18.0 u_bx=  -0.09 u_by=   0.01 com_xy= 0.001m
Step 42400: pitch=  0.05deg roll= -0.00deg x= -0.000 y= -0.011 u_rw=     0.7 u_bx=  -0.04 u_by=  -0.00 com_xy= 0.000m
Step 42500: pitch=  0.07deg roll= -0.00deg x=  0.000 y= -0.011 u_rw=     2.2 u_bx=   0.09 u_by=   0.00 com_xy= 0.000m
Step 42600: pitch= -0.00deg roll= -0.00deg x=  0.000 y= -0.011 u_rw=     4.1 u_bx=   0.05 u_by=  -0.02 com_xy= 0.000m
Step 42700: pitch=  0.01deg roll=  0.00deg x=  0.000 y= -0.013 u_rw=     6.8 u_bx=   0.12 u_by=  -0.03 com_xy= 0.001m
Step 42800: pitch=  0.06deg roll=  0.00deg x=  0.000 y= -0.017 u_rw=    10.0 u_bx=   0.13 u_by=  -0.02 com_xy= 0.001m
Step 42900: pitch=  0.06deg roll=  0.00deg x=  0.000 y= -0.020 u_rw=     5.6 u_bx=   0.03 u_by=  -0.01 com_xy= 0.001m
Step 43000: pitch=  0.01deg roll=  0.00deg x=  0.000 y= -0.022 u_rw=    -6.6 u_bx=  -0.01 u_by=  -0.04 com_xy= 0.002m
Step 43100: pitch=  0.04deg roll=  0.01deg x=  0.000 y= -0.026 u_rw=     2.6 u_bx=   0.12 u_by=  -0.02 com_xy= 0.003m
Step 43200: pitch=  0.07deg roll=  0.01deg x=  0.000 y= -0.031 u_rw=    -9.0 u_bx=   0.06 u_by=  -0.05 com_xy= 0.005m
Step 43300: pitch=  0.11deg roll=  0.02deg x=  0.000 y= -0.036 u_rw=    -0.5 u_bx=   0.10 u_by=  -0.02 com_xy= 0.007m
Step 43400: pitch=  0.08deg roll=  0.03deg x=  0.000 y= -0.040 u_rw=    16.1 u_bx=   0.15 u_by=  -0.03 com_xy= 0.011m
Step 43500: pitch= -0.00deg roll=  0.05deg x=  0.000 y= -0.045 u_rw=   -17.9 u_bx=  -0.07 u_by=  -0.02 com_xy= 0.017m
Step 43600: pitch=  0.10deg roll=  0.08deg x=  0.000 y= -0.049 u_rw=    -0.3 u_bx=   0.11 u_by=  -0.03 com_xy= 0.026m
Step 43700: pitch=  0.03deg roll=  0.12deg x=  0.000 y= -0.053 u_rw=   -12.7 u_bx=  -0.03 u_by=  -0.05 com_xy= 0.040m
Step 43800: pitch=  0.03deg roll=  0.17deg x=  0.000 y= -0.060 u_rw=    -5.2 u_bx=   0.04 u_by=  -0.07 com_xy= 0.062m
Step 43900: pitch=  0.02deg roll=  0.20deg x=  0.000 y= -0.070 u_rw=    -5.0 u_bx=   0.05 u_by=  -0.10 com_xy= 0.094m
Step 44000: pitch=  0.04deg roll=  0.24deg x=  0.000 y= -0.083 u_rw=    -6.1 u_bx=   0.06 u_by=  -0.04 com_xy= 0.144m

CRASH #17 at step 44016: pitch=0.12deg roll=0.24deg com_xy=0.154m reason=com_overload
Step 44100: pitch= -0.03deg roll= -0.00deg x= -0.000 y= -0.000 u_rw=    -2.5 u_bx=   0.02 u_by=  -0.02 com_xy= 0.000m
Step 44200: pitch=  0.03deg roll= -0.00deg x= -0.000 y= -0.003 u_rw=     7.1 u_bx=   0.03 u_by=  -0.02 com_xy= 0.000m
Step 44300: pitch=  0.02deg roll= -0.00deg x= -0.000 y= -0.005 u_rw=    -3.5 u_bx=  -0.00 u_by=  -0.02 com_xy= 0.000m
Step 44400: pitch= -0.04deg roll= -0.00deg x= -0.000 y= -0.008 u_rw=    -9.2 u_bx=  -0.06 u_by=  -0.02 com_xy= 0.000m
Step 44500: pitch=  0.00deg roll= -0.00deg x=  0.000 y= -0.010 u_rw=    13.8 u_bx=   0.09 u_by=  -0.00 com_xy= 0.001m
Step 44600: pitch= -0.03deg roll= -0.00deg x=  0.000 y= -0.011 u_rw=   -13.7 u_bx=  -0.04 u_by=  -0.02 com_xy= 0.000m
Step 44700: pitch= -0.01deg roll= -0.00deg x=  0.000 y= -0.013 u_rw=   -11.1 u_bx=   0.01 u_by=   0.00 com_xy= 0.001m
Step 44800: pitch= -0.03deg roll= -0.00deg x=  0.000 y= -0.013 u_rw=   -10.4 u_bx=  -0.04 u_by=  -0.02 com_xy= 0.001m
Step 44900: pitch=  0.04deg roll= -0.00deg x=  0.000 y= -0.013 u_rw=     2.4 u_bx=   0.03 u_by=   0.02 com_xy= 0.001m
Step 45000: pitch=  0.08deg roll= -0.00deg x=  0.000 y= -0.013 u_rw=     3.8 u_bx=   0.06 u_by=   0.02 com_xy= 0.001m
Step 45100: pitch=  0.05deg roll= -0.00deg x=  0.000 y= -0.011 u_rw=    -9.9 u_bx=  -0.05 u_by=  -0.00 com_xy= 0.000m
Step 45200: pitch=  0.12deg roll= -0.00deg x=  0.000 y= -0.010 u_rw=     1.9 u_bx=   0.08 u_by=  -0.01 com_xy= 0.001m
Step 45300: pitch=  0.05deg roll= -0.00deg x=  0.000 y= -0.012 u_rw=   -11.0 u_bx=  -0.03 u_by=  -0.02 com_xy= 0.000m
Step 45400: pitch=  0.05deg roll= -0.00deg x=  0.000 y= -0.015 u_rw=   -10.7 u_bx=   0.02 u_by=  -0.05 com_xy= 0.001m
Step 45500: pitch=  0.08deg roll= -0.00deg x=  0.000 y= -0.021 u_rw=   -10.8 u_bx=   0.03 u_by=  -0.07 com_xy= 0.001m
Step 45600: pitch=  0.13deg roll= -0.00deg x=  0.000 y= -0.028 u_rw=    13.7 u_bx=   0.24 u_by=  -0.03 com_xy= 0.001m
Step 45700: pitch=  0.17deg roll= -0.00deg x=  0.000 y= -0.035 u_rw=     2.0 u_bx=   0.20 u_by=  -0.05 com_xy= 0.001m
Step 45800: pitch=  0.10deg roll= -0.00deg x=  0.000 y= -0.042 u_rw=    -5.4 u_bx=   0.17 u_by=  -0.04 com_xy= 0.001m
Step 45900: pitch=  0.15deg roll= -0.00deg x=  0.000 y= -0.049 u_rw=    10.8 u_bx=   0.23 u_by=  -0.05 com_xy= 0.001m
Step 46000: pitch=  0.20deg roll= -0.00deg x=  0.000 y= -0.056 u_rw=     3.5 u_bx=   0.22 u_by=  -0.05 com_xy= 0.001m
Step 46100: pitch=  0.17deg roll= -0.00deg x=  0.000 y= -0.063 u_rw=    -4.9 u_bx=   0.13 u_by=  -0.05 com_xy= 0.001m
Step 46200: pitch=  0.16deg roll= -0.00deg x=  0.000 y= -0.071 u_rw=     7.5 u_bx=   0.28 u_by=  -0.05 com_xy= 0.001m
Step 46300: pitch=  0.22deg roll= -0.00deg x=  0.000 y= -0.078 u_rw=    10.5 u_bx=   0.26 u_by=  -0.05 com_xy= 0.002m
Step 46400: pitch=  0.13deg roll= -0.01deg x=  0.000 y= -0.084 u_rw=    -0.9 u_bx=   0.21 u_by=  -0.03 com_xy= 0.002m
Step 46500: pitch=  0.16deg roll= -0.01deg x=  0.000 y= -0.089 u_rw=   -12.9 u_bx=   0.16 u_by=  -0.02 com_xy= 0.003m
Step 46600: pitch=  0.18deg roll= -0.01deg x=  0.000 y= -0.092 u_rw=     1.6 u_bx=   0.26 u_by=  -0.02 com_xy= 0.005m
Step 46700: pitch=  0.26deg roll= -0.02deg x=  0.000 y= -0.095 u_rw=    13.9 u_bx=   0.38 u_by=  -0.03 com_xy= 0.008m
Step 46800: pitch=  0.26deg roll= -0.03deg x=  0.000 y= -0.099 u_rw=     6.0 u_bx=   0.29 u_by=  -0.02 com_xy= 0.011m
Step 46900: pitch=  0.27deg roll= -0.05deg x=  0.000 y= -0.102 u_rw=    15.8 u_bx=   0.31 u_by=  -0.02 com_xy= 0.017m
Step 47000: pitch=  0.27deg roll= -0.07deg x=  0.000 y= -0.105 u_rw=     6.9 u_bx=   0.35 u_by=  -0.02 com_xy= 0.027m
Step 47100: pitch=  0.23deg roll= -0.11deg x=  0.000 y= -0.107 u_rw=     5.4 u_bx=   0.33 u_by=  -0.03 com_xy= 0.042m
Step 47200: pitch=  0.23deg roll= -0.17deg x=  0.000 y= -0.110 u_rw=    11.5 u_bx=   0.29 u_by=   0.00 com_xy= 0.065m
Step 47300: pitch=  0.19deg roll= -0.24deg x=  0.000 y= -0.111 u_rw=    -9.8 u_bx=   0.15 u_by=   0.03 com_xy= 0.100m
Step 47400: pitch=  0.12deg roll= -0.29deg x=  0.000 y= -0.109 u_rw=     3.5 u_bx=   0.24 u_by=   0.06 com_xy= 0.152m

CRASH #18 at step 47404: pitch=0.11deg roll=-0.29deg com_xy=0.155m reason=com_overload
Step 47500: pitch=  0.01deg roll= -0.00deg x=  0.000 y= -0.000 u_rw=     7.5 u_bx=   0.04 u_by=  -0.01 com_xy= 0.000m
Step 47600: pitch=  0.01deg roll= -0.00deg x=  0.000 y= -0.001 u_rw=    12.6 u_bx=   0.10 u_by=   0.01 com_xy= 0.000m
Step 47700: pitch=  0.02deg roll= -0.00deg x=  0.000 y= -0.000 u_rw=     8.1 u_bx=   0.09 u_by=  -0.01 com_xy= 0.000m
Step 47800: pitch=  0.03deg roll= -0.00deg x=  0.000 y= -0.001 u_rw=     5.6 u_bx=   0.06 u_by=  -0.03 com_xy= 0.000m
Step 47900: pitch=  0.05deg roll= -0.00deg x=  0.000 y= -0.004 u_rw=    -0.9 u_bx=   0.06 u_by=  -0.02 com_xy= 0.000m
Step 48000: pitch= -0.01deg roll= -0.00deg x=  0.000 y= -0.008 u_rw=   -15.0 u_bx=   0.01 u_by=  -0.02 com_xy= 0.001m
Step 48100: pitch= -0.03deg roll= -0.00deg x=  0.000 y= -0.011 u_rw=    -7.5 u_bx=   0.00 u_by=  -0.01 com_xy= 0.001m
Step 48200: pitch=  0.03deg roll= -0.00deg x=  0.000 y= -0.014 u_rw=    11.3 u_bx=   0.09 u_by=  -0.03 com_xy= 0.000m
Step 48300: pitch=  0.01deg roll= -0.00deg x=  0.000 y= -0.017 u_rw=    -7.7 u_bx=   0.02 u_by=  -0.04 com_xy= 0.001m
Step 48400: pitch= -0.04deg roll= -0.00deg x=  0.000 y= -0.021 u_rw=    -9.7 u_bx=   0.03 u_by=  -0.03 com_xy= 0.001m
Step 48500: pitch= -0.07deg roll= -0.00deg x=  0.000 y= -0.025 u_rw=    -6.8 u_bx=   0.01 u_by=  -0.02 com_xy= 0.000m
Step 48600: pitch= -0.08deg roll= -0.00deg x=  0.000 y= -0.028 u_rw=    -2.1 u_bx=  -0.03 u_by=   0.02 com_xy= 0.000m
Step 48700: pitch= -0.05deg roll= -0.00deg x= -0.000 y= -0.027 u_rw=   -16.4 u_bx=  -0.12 u_by=   0.03 com_xy= 0.001m
Step 48800: pitch=  0.02deg roll= -0.00deg x= -0.000 y= -0.023 u_rw=    -0.6 u_bx=   0.04 u_by=   0.02 com_xy= 0.000m
Step 48900: pitch=  0.00deg roll= -0.00deg x=  0.000 y= -0.020 u_rw=    11.5 u_bx=   0.10 u_by=   0.00 com_xy= 0.000m
Step 49000: pitch= -0.08deg roll= -0.00deg x=  0.000 y= -0.017 u_rw=    -8.2 u_bx=  -0.09 u_by=   0.01 com_xy= 0.001m
Step 49100: pitch= -0.05deg roll= -0.00deg x= -0.000 y= -0.016 u_rw=     6.5 u_bx=   0.01 u_by=   0.02 com_xy= 0.000m
Step 49200: pitch=  0.02deg roll= -0.00deg x= -0.000 y= -0.014 u_rw=    11.6 u_bx=   0.04 u_by=  -0.00 com_xy= 0.000m
Step 49300: pitch= -0.03deg roll=  0.00deg x= -0.000 y= -0.012 u_rw=    16.7 u_bx=   0.05 u_by=   0.02 com_xy= 0.000m
Step 49400: pitch= -0.10deg roll=  0.00deg x= -0.000 y= -0.010 u_rw=    -1.2 u_bx=  -0.10 u_by=   0.03 com_xy= 0.001m
Step 49500: pitch= -0.03deg roll=  0.00deg x= -0.000 y= -0.007 u_rw=     0.1 u_bx=  -0.10 u_by=   0.03 com_xy= 0.001m
Step 49600: pitch= -0.02deg roll=  0.00deg x= -0.000 y= -0.002 u_rw=    11.8 u_bx=  -0.02 u_by=   0.03 com_xy= 0.001m
Step 49700: pitch= -0.12deg roll=  0.01deg x= -0.000 y=  0.002 u_rw=     0.3 u_bx=  -0.09 u_by=   0.06 com_xy= 0.002m
Step 49800: pitch= -0.13deg roll=  0.01deg x= -0.000 y=  0.008 u_rw=   -18.8 u_bx=  -0.23 u_by=   0.05 com_xy= 0.003m
Step 49900: pitch= -0.10deg roll=  0.02deg x= -0.000 y=  0.015 u_rw=   -19.0 u_bx=  -0.23 u_by=   0.06 com_xy= 0.005m
Step 50000: pitch= -0.07deg roll=  0.02deg x= -0.000 y=  0.024 u_rw=    -2.3 u_bx=  -0.22 u_by=   0.05 com_xy= 0.008m
Step 50100: pitch= -0.01deg roll=  0.04deg x= -0.000 y=  0.031 u_rw=     9.9 u_bx=  -0.02 u_by=   0.03 com_xy= 0.012m
Step 50200: pitch= -0.15deg roll=  0.06deg x= -0.000 y=  0.036 u_rw=    -4.6 u_bx=  -0.22 u_by=   0.02 com_xy= 0.018m
Step 50300: pitch= -0.11deg roll=  0.09deg x= -0.000 y=  0.038 u_rw=    10.3 u_bx=  -0.07 u_by=  -0.03 com_xy= 0.028m
Step 50400: pitch= -0.09deg roll=  0.13deg x= -0.000 y=  0.036 u_rw=     0.4 u_bx=  -0.14 u_by=  -0.04 com_xy= 0.043m
Step 50500: pitch= -0.12deg roll=  0.18deg x= -0.000 y=  0.032 u_rw=    -8.3 u_bx=  -0.17 u_by=  -0.06 com_xy= 0.067m
Step 50600: pitch= -0.08deg roll=  0.21deg x= -0.000 y=  0.026 u_rw=     8.8 u_bx=  -0.08 u_by=  -0.07 com_xy= 0.102m

CRASH #19 at step 50697: pitch=-0.09deg roll=0.24deg com_xy=0.154m reason=com_overload
Step 50700: pitch= -0.00deg roll= -0.00deg x= -0.000 y= -0.000 u_rw=     0.0 u_bx=   0.00 u_by=   0.00 com_xy= 0.000m
Step 50800: pitch= -0.06deg roll= -0.00deg x= -0.000 y=  0.000 u_rw=   -13.7 u_bx=  -0.11 u_by=   0.01 com_xy= 0.001m
Step 50900: pitch= -0.03deg roll= -0.00deg x=  0.000 y=  0.001 u_rw=    -0.5 u_bx=   0.01 u_by=  -0.00 com_xy= 0.000m
Step 51000: pitch= -0.02deg roll= -0.00deg x= -0.000 y=  0.002 u_rw=    10.6 u_bx=   0.01 u_by=   0.01 com_xy= 0.000m
Step 51100: pitch= -0.01deg roll= -0.00deg x= -0.000 y=  0.003 u_rw=    -9.1 u_bx=  -0.09 u_by=   0.01 com_xy= 0.000m
Step 51200: pitch=  0.01deg roll= -0.00deg x= -0.000 y=  0.004 u_rw=    -0.7 u_bx=  -0.10 u_by=   0.02 com_xy= 0.000m
Step 51300: pitch=  0.01deg roll= -0.00deg x= -0.000 y=  0.006 u_rw=     1.1 u_bx=  -0.08 u_by=   0.01 com_xy= 0.000m
Step 51400: pitch=  0.01deg roll= -0.00deg x= -0.000 y=  0.008 u_rw=     1.6 u_bx=  -0.03 u_by=  -0.02 com_xy= 0.000m
Step 51500: pitch=  0.02deg roll= -0.00deg x= -0.000 y=  0.007 u_rw=     6.9 u_bx=   0.00 u_by=  -0.02 com_xy= 0.000m
Step 51600: pitch=  0.01deg roll= -0.00deg x= -0.000 y=  0.005 u_rw=    -5.0 u_bx=  -0.04 u_by=  -0.02 com_xy= 0.000m
Step 51700: pitch= -0.03deg roll= -0.00deg x=  0.000 y=  0.003 u_rw=    -1.3 u_bx=   0.01 u_by=  -0.03 com_xy= 0.000m
Step 51800: pitch= -0.01deg roll= -0.00deg x= -0.000 y= -0.001 u_rw=   -11.7 u_bx=  -0.11 u_by=  -0.02 com_xy= 0.000m
Step 51900: pitch= -0.04deg roll= -0.00deg x= -0.000 y= -0.003 u_rw=   -13.6 u_bx=  -0.14 u_by=  -0.00 com_xy= 0.001m
Step 52000: pitch= -0.04deg roll= -0.00deg x= -0.000 y= -0.004 u_rw=   -10.0 u_bx=  -0.11 u_by=   0.00 com_xy= 0.001m
Step 52100: pitch= -0.03deg roll= -0.00deg x= -0.000 y= -0.003 u_rw=    10.0 u_bx=  -0.00 u_by=   0.01 com_xy= 0.000m
Step 52200: pitch= -0.00deg roll= -0.00deg x= -0.000 y= -0.003 u_rw=     9.1 u_bx=   0.01 u_by=   0.00 com_xy= 0.000m
Step 52300: pitch= -0.11deg roll= -0.00deg x= -0.000 y= -0.002 u_rw=    -7.4 u_bx=  -0.19 u_by=   0.02 com_xy= 0.001m
Step 52400: pitch= -0.01deg roll= -0.00deg x= -0.000 y=  0.000 u_rw=     1.4 u_bx=  -0.09 u_by=   0.03 com_xy= 0.000m
Step 52500: pitch= -0.08deg roll= -0.00deg x= -0.000 y=  0.003 u_rw=   -11.4 u_bx=  -0.16 u_by=   0.01 com_xy= 0.001m
Step 52600: pitch= -0.09deg roll= -0.00deg x= -0.000 y=  0.005 u_rw=    -5.1 u_bx=  -0.15 u_by=  -0.00 com_xy= 0.000m
Step 52700: pitch= -0.05deg roll= -0.00deg x= -0.000 y=  0.006 u_rw=    -4.8 u_bx=  -0.14 u_by=   0.01 com_xy= 0.000m
Step 52800: pitch= -0.07deg roll= -0.00deg x= -0.000 y=  0.008 u_rw=   -13.3 u_bx=  -0.18 u_by=   0.02 com_xy= 0.001m
Step 52900: pitch= -0.01deg roll= -0.00deg x= -0.000 y=  0.010 u_rw=    20.1 u_bx=   0.04 u_by=   0.02 com_xy= 0.001m
Step 53000: pitch= -0.10deg roll= -0.00deg x= -0.000 y=  0.013 u_rw=    -1.3 u_bx=  -0.04 u_by=   0.02 com_xy= 0.001m
Step 53100: pitch= -0.11deg roll= -0.01deg x= -0.000 y=  0.016 u_rw=   -15.0 u_bx=  -0.19 u_by=   0.04 com_xy= 0.002m
Step 53200: pitch= -0.12deg roll= -0.01deg x= -0.000 y=  0.021 u_rw=    -2.9 u_bx=  -0.08 u_by=   0.03 com_xy= 0.002m
Step 53300: pitch= -0.06deg roll= -0.01deg x= -0.000 y=  0.025 u_rw=    14.6 u_bx=  -0.03 u_by=   0.02 com_xy= 0.003m
Step 53400: pitch= -0.05deg roll= -0.02deg x= -0.000 y=  0.027 u_rw=     7.3 u_bx=  -0.05 u_by=   0.02 com_xy= 0.005m
Step 53500: pitch= -0.07deg roll= -0.02deg x= -0.000 y=  0.031 u_rw=    12.6 u_bx=  -0.07 u_by=   0.06 com_xy= 0.007m
Step 53600: pitch= -0.08deg roll= -0.04deg x= -0.000 y=  0.037 u_rw=     1.5 u_bx=  -0.14 u_by=   0.05 com_xy= 0.011m
Step 53700: pitch= -0.08deg roll= -0.06deg x= -0.000 y=  0.045 u_rw=     2.9 u_bx=  -0.09 u_by=   0.07 com_xy= 0.017m
Step 53800: pitch= -0.08deg roll= -0.08deg x= -0.000 y=  0.053 u_rw=     0.7 u_bx=  -0.07 u_by=   0.05 com_xy= 0.026m
Step 53900: pitch= -0.08deg roll= -0.12deg x= -0.000 y=  0.061 u_rw=    18.6 u_bx=  -0.01 u_by=   0.08 com_xy= 0.041m
Step 54000: pitch= -0.16deg roll= -0.17deg x= -0.000 y=  0.071 u_rw=     0.0 u_bx=  -0.15 u_by=   0.10 com_xy= 0.063m
Step 54100: pitch= -0.09deg roll= -0.20deg x= -0.000 y=  0.083 u_rw=    11.9 u_bx=  -0.07 u_by=   0.04 com_xy= 0.096m
Step 54200: pitch= -0.16deg roll= -0.23deg x= -0.000 y=  0.093 u_rw=   -14.3 u_bx=  -0.26 u_by=   0.06 com_xy= 0.147m

CRASH #20 at step 54211: pitch=-0.08deg roll=-0.24deg com_xy=0.154m reason=com_overload
Step 54300: pitch=  0.04deg roll= -0.00deg x= -0.000 y=  0.000 u_rw=    14.3 u_bx=   0.07 u_by=   0.00 com_xy= 0.000m
Step 54400: pitch= -0.01deg roll= -0.00deg x=  0.000 y=  0.000 u_rw=   -14.3 u_bx=  -0.03 u_by=  -0.02 com_xy= 0.000m
Step 54500: pitch= -0.03deg roll= -0.00deg x=  0.000 y= -0.001 u_rw=    -5.5 u_bx=  -0.00 u_by=   0.02 com_xy= 0.000m
Step 54600: pitch= -0.06deg roll= -0.00deg x= -0.000 y= -0.000 u_rw=    -4.6 u_bx=  -0.09 u_by=   0.01 com_xy= 0.000m
Step 54700: pitch= -0.04deg roll= -0.00deg x= -0.000 y=  0.000 u_rw=     4.1 u_bx=   0.05 u_by=  -0.01 com_xy= 0.001m
Step 54800: pitch=  0.02deg roll= -0.00deg x=  0.000 y= -0.000 u_rw=     7.8 u_bx=   0.07 u_by=  -0.01 com_xy= 0.001m
Step 54900: pitch= -0.10deg roll= -0.00deg x=  0.000 y= -0.001 u_rw=    -3.9 u_bx=  -0.09 u_by=   0.01 com_xy= 0.001m
Step 55000: pitch=  0.03deg roll= -0.00deg x=  0.000 y= -0.001 u_rw=     2.8 u_bx=   0.09 u_by=   0.02 com_xy= 0.003m
Step 55100: pitch=  0.06deg roll= -0.00deg x= -0.000 y=  0.001 u_rw=    19.3 u_bx=   0.09 u_by=   0.03 com_xy= 0.005m
Step 55200: pitch=  0.00deg roll= -0.00deg x= -0.000 y=  0.005 u_rw=    15.4 u_bx=   0.05 u_by=   0.03 com_xy= 0.007m
Step 55300: pitch= -0.06deg roll= -0.00deg x= -0.000 y=  0.008 u_rw=    -4.2 u_bx=  -0.12 u_by=   0.00 com_xy= 0.009m
Step 55400: pitch= -0.01deg roll= -0.00deg x= -0.000 y=  0.011 u_rw=   -12.7 u_bx=  -0.12 u_by=   0.02 com_xy= 0.015m
Step 55500: pitch= -0.01deg roll= -0.00deg x= -0.000 y=  0.014 u_rw=     0.4 u_bx=  -0.10 u_by=   0.02 com_xy= 0.024m
Step 55600: pitch= -0.11deg roll= -0.00deg x= -0.000 y=  0.018 u_rw=    -6.2 u_bx=  -0.11 u_by=   0.01 com_xy= 0.040m
Step 55700: pitch= -0.11deg roll= -0.00deg x= -0.000 y=  0.021 u_rw=    13.0 u_bx=  -0.01 u_by=   0.04 com_xy= 0.066m
Step 55800: pitch= -0.20deg roll= -0.00deg x= -0.000 y=  0.026 u_rw=     9.3 u_bx=  -0.16 u_by=   0.04 com_xy= 0.106m

CRASH #21 at step 55883: pitch=-0.38deg roll=-0.00deg com_xy=0.155m reason=com_overload
Step 55900: pitch=  0.02deg roll= -0.00deg x=  0.000 y= -0.000 u_rw=    -0.6 u_bx=   0.04 u_by=  -0.02 com_xy= 0.000m
Step 56000: pitch= -0.01deg roll= -0.00deg x=  0.000 y= -0.001 u_rw=     4.1 u_bx=   0.03 u_by=   0.00 com_xy= 0.000m
Step 56100: pitch=  0.05deg roll= -0.00deg x= -0.000 y= -0.002 u_rw=     7.7 u_bx=   0.08 u_by=  -0.01 com_xy= 0.000m
Step 56200: pitch= -0.00deg roll= -0.00deg x= -0.000 y= -0.003 u_rw=     5.2 u_bx=  -0.03 u_by=   0.01 com_xy= 0.000m
Step 56300: pitch= -0.06deg roll= -0.00deg x= -0.000 y= -0.001 u_rw=     0.3 u_bx=  -0.09 u_by=   0.03 com_xy= 0.000m
Step 56400: pitch= -0.06deg roll= -0.00deg x= -0.000 y=  0.002 u_rw=   -18.2 u_bx=  -0.15 u_by=   0.04 com_xy= 0.000m
Step 56500: pitch=  0.02deg roll= -0.00deg x= -0.000 y=  0.007 u_rw=     4.5 u_bx=   0.02 u_by=   0.03 com_xy= 0.001m
Step 56600: pitch= -0.09deg roll= -0.00deg x= -0.000 y=  0.013 u_rw=    -5.8 u_bx=  -0.15 u_by=   0.03 com_xy= 0.001m
Step 56700: pitch= -0.05deg roll= -0.00deg x= -0.000 y=  0.018 u_rw=     3.2 u_bx=  -0.07 u_by=   0.03 com_xy= 0.002m
Step 56800: pitch=  0.02deg roll= -0.00deg x= -0.000 y=  0.023 u_rw=    12.3 u_bx=   0.02 u_by=   0.05 com_xy= 0.003m
Step 56900: pitch=  0.05deg roll= -0.00deg x= -0.000 y=  0.028 u_rw=     0.7 u_bx=  -0.03 u_by=   0.01 com_xy= 0.003m
Step 57000: pitch=  0.00deg roll= -0.00deg x=  0.000 y=  0.031 u_rw=     4.9 u_bx=   0.03 u_by=   0.02 com_xy= 0.005m
Step 57100: pitch=  0.06deg roll= -0.00deg x=  0.000 y=  0.033 u_rw=     4.2 u_bx=   0.04 u_by=  -0.01 com_xy= 0.008m
Step 57200: pitch= -0.00deg roll= -0.00deg x= -0.000 y=  0.032 u_rw=     3.2 u_bx=   0.05 u_by=  -0.01 com_xy= 0.012m
Step 57300: pitch= -0.04deg roll= -0.00deg x= -0.000 y=  0.031 u_rw=     3.3 u_bx=  -0.04 u_by=   0.01 com_xy= 0.020m
Step 57400: pitch=  0.01deg roll= -0.00deg x= -0.000 y=  0.031 u_rw=     9.4 u_bx=   0.05 u_by=   0.00 com_xy= 0.032m
Step 57500: pitch= -0.08deg roll= -0.00deg x= -0.000 y=  0.032 u_rw=     5.6 u_bx=  -0.03 u_by=  -0.01 com_xy= 0.053m
Step 57600: pitch= -0.11deg roll= -0.00deg x= -0.000 y=  0.030 u_rw=     7.8 u_bx=  -0.03 u_by=  -0.02 com_xy= 0.085m
Step 57700: pitch= -0.32deg roll= -0.00deg x= -0.000 y=  0.029 u_rw=    -7.1 u_bx=  -0.28 u_by=   0.00 com_xy= 0.136m

CRASH #22 at step 57729: pitch=-0.33deg roll=-0.00deg com_xy=0.154m reason=com_overload
Step 57800: pitch= -0.01deg roll= -0.00deg x= -0.000 y=  0.000 u_rw=    -9.4 u_bx=  -0.05 u_by=  -0.00 com_xy= 0.000m
Step 57900: pitch= -0.04deg roll= -0.00deg x= -0.000 y=  0.001 u_rw=   -11.0 u_bx=  -0.08 u_by=   0.01 com_xy= 0.000m
Step 58000: pitch= -0.00deg roll= -0.00deg x=  0.000 y=  0.002 u_rw=   -10.3 u_bx=  -0.04 u_by=   0.00 com_xy= 0.000m
Step 58100: pitch= -0.02deg roll= -0.00deg x= -0.000 y=  0.003 u_rw=   -10.5 u_bx=  -0.12 u_by=   0.01 com_xy= 0.000m
Step 58200: pitch= -0.05deg roll= -0.00deg x=  0.000 y=  0.004 u_rw=    -6.8 u_bx=  -0.06 u_by=  -0.00 com_xy= 0.000m
Step 58300: pitch= -0.01deg roll= -0.00deg x= -0.000 y=  0.005 u_rw=     7.5 u_bx=   0.02 u_by=   0.02 com_xy= 0.001m
Step 58400: pitch= -0.07deg roll= -0.00deg x= -0.000 y=  0.006 u_rw=   -11.1 u_bx=  -0.08 u_by=   0.00 com_xy= 0.000m
Step 58500: pitch= -0.03deg roll= -0.00deg x= -0.000 y=  0.007 u_rw=   -11.5 u_bx=  -0.05 u_by=  -0.01 com_xy= 0.001m
Step 58600: pitch= -0.02deg roll= -0.00deg x= -0.000 y=  0.007 u_rw=    -3.7 u_bx=  -0.02 u_by=   0.01 com_xy= 0.001m
Step 58700: pitch=  0.05deg roll= -0.00deg x=  0.000 y=  0.008 u_rw=    -7.1 u_bx=  -0.01 u_by=  -0.00 com_xy= 0.001m
Step 58800: pitch=  0.10deg roll= -0.00deg x=  0.000 y=  0.008 u_rw=    12.4 u_bx=   0.13 u_by=   0.01 com_xy= 0.002m
Step 58900: pitch=  0.09deg roll= -0.00deg x=  0.000 y=  0.009 u_rw=    10.3 u_bx=   0.08 u_by=  -0.00 com_xy= 0.003m
Step 59000: pitch=  0.10deg roll= -0.00deg x=  0.000 y=  0.009 u_rw=     3.7 u_bx=   0.10 u_by=  -0.02 com_xy= 0.004m
Step 59100: pitch=  0.05deg roll= -0.00deg x=  0.000 y=  0.007 u_rw=   -15.1 u_bx=   0.02 u_by=  -0.02 com_xy= 0.005m
Step 59200: pitch=  0.08deg roll= -0.00deg x=  0.000 y=  0.004 u_rw=    10.7 u_bx=   0.15 u_by=  -0.03 com_xy= 0.009m
Step 59300: pitch=  0.11deg roll= -0.00deg x=  0.000 y= -0.000 u_rw=    14.5 u_bx=   0.15 u_by=  -0.04 com_xy= 0.014m
Step 59400: pitch=  0.02deg roll= -0.00deg x=  0.000 y= -0.005 u_rw=   -15.4 u_bx=  -0.05 u_by=  -0.03 com_xy= 0.021m
Step 59500: pitch=  0.09deg roll= -0.00deg x= -0.000 y= -0.008 u_rw=     1.9 u_bx=   0.07 u_by=  -0.00 com_xy= 0.035m
Step 59600: pitch= -0.01deg roll= -0.00deg x= -0.000 y= -0.009 u_rw=     8.1 u_bx=   0.03 u_by=   0.00 com_xy= 0.057m
Step 59700: pitch= -0.09deg roll= -0.00deg x= -0.000 y= -0.010 u_rw=   -10.8 u_bx=  -0.12 u_by=  -0.01 com_xy= 0.091m
Step 59800: pitch= -0.24deg roll= -0.00deg x= -0.000 y= -0.011 u_rw=    -5.1 u_bx=  -0.21 u_by=   0.02 com_xy= 0.145m

CRASH #23 at step 59814: pitch=-0.22deg roll=-0.00deg com_xy=0.155m reason=com_overload
Step 59900: pitch=  0.04deg roll= -0.00deg x=  0.000 y=  0.000 u_rw=     8.4 u_bx=   0.06 u_by=   0.01 com_xy= 0.000m
Step 60000: pitch= -0.01deg roll= -0.00deg x=  0.000 y= -0.000 u_rw=    -7.6 u_bx=  -0.05 u_by=  -0.04 com_xy= 0.000m
Step 60100: pitch= -0.03deg roll= -0.00deg x= -0.000 y= -0.003 u_rw=    -7.1 u_bx=  -0.08 u_by=  -0.02 com_xy= 0.000m
Step 60200: pitch=  0.01deg roll= -0.00deg x= -0.000 y= -0.005 u_rw=    -0.1 u_bx=  -0.06 u_by=   0.01 com_xy= 0.000m
Step 60300: pitch= -0.01deg roll= -0.00deg x=  0.000 y= -0.006 u_rw=   -13.1 u_bx=  -0.04 u_by=  -0.00 com_xy= 0.000m
Step 60400: pitch=  0.04deg roll= -0.00deg x=  0.000 y= -0.006 u_rw=    16.3 u_bx=   0.11 u_by=   0.02 com_xy= 0.000m
Step 60500: pitch=  0.01deg roll= -0.00deg x= -0.000 y= -0.005 u_rw=    14.5 u_bx=   0.13 u_by=   0.01 com_xy= 0.000m
Step 60600: pitch= -0.07deg roll= -0.00deg x=  0.000 y= -0.004 u_rw=    -9.7 u_bx=  -0.08 u_by=  -0.01 com_xy= 0.000m
Step 60700: pitch= -0.04deg roll= -0.00deg x= -0.000 y= -0.004 u_rw=   -20.2 u_bx=  -0.12 u_by=   0.00 com_xy= 0.001m
Step 60800: pitch=  0.04deg roll= -0.00deg x=  0.000 y= -0.004 u_rw=    -0.7 u_bx=   0.02 u_by=  -0.04 com_xy= 0.000m
Step 60900: pitch=  0.07deg roll= -0.00deg x=  0.000 y= -0.006 u_rw=     0.2 u_bx=   0.17 u_by=  -0.02 com_xy= 0.001m
Step 61000: pitch=  0.09deg roll= -0.00deg x=  0.000 y= -0.009 u_rw=    20.6 u_bx=   0.23 u_by=  -0.05 com_xy= 0.001m
Step 61100: pitch= -0.03deg roll= -0.00deg x=  0.000 y= -0.014 u_rw=    -5.7 u_bx=   0.01 u_by=  -0.04 com_xy= 0.000m
Step 61200: pitch= -0.04deg roll= -0.00deg x=  0.000 y= -0.019 u_rw=    -3.2 u_bx=  -0.02 u_by=  -0.02 com_xy= 0.001m
Step 61300: pitch=  0.02deg roll= -0.00deg x=  0.000 y= -0.023 u_rw=     6.7 u_bx=   0.07 u_by=  -0.01 com_xy= 0.001m
Step 61400: pitch=  0.08deg roll= -0.00deg x=  0.000 y= -0.026 u_rw=    15.8 u_bx=   0.14 u_by=  -0.01 com_xy= 0.001m
Step 61500: pitch= -0.01deg roll= -0.00deg x=  0.000 y= -0.027 u_rw=     0.4 u_bx=  -0.01 u_by=  -0.00 com_xy= 0.000m
Step 61600: pitch= -0.03deg roll= -0.00deg x=  0.000 y= -0.027 u_rw=   -19.0 u_bx=  -0.12 u_by=   0.01 com_xy= 0.001m
Step 61700: pitch=  0.07deg roll= -0.00deg x=  0.000 y= -0.027 u_rw=    -0.7 u_bx=   0.05 u_by=  -0.04 com_xy= 0.001m
Step 61800: pitch=  0.08deg roll=  0.00deg x=  0.000 y= -0.030 u_rw=     9.2 u_bx=   0.13 u_by=  -0.02 com_xy= 0.000m
Step 61900: pitch=  0.03deg roll=  0.00deg x=  0.000 y= -0.034 u_rw=     8.7 u_bx=  -0.00 u_by=   0.00 com_xy= 0.001m
Step 62000: pitch= -0.06deg roll=  0.00deg x=  0.000 y= -0.034 u_rw=    -3.1 u_bx=  -0.08 u_by=   0.03 com_xy= 0.001m
Step 62100: pitch=  0.02deg roll=  0.00deg x=  0.000 y= -0.032 u_rw=    -9.1 u_bx=  -0.01 u_by=  -0.01 com_xy= 0.002m
Step 62200: pitch= -0.00deg roll=  0.01deg x=  0.000 y= -0.032 u_rw=   -11.6 u_bx=  -0.04 u_by=  -0.00 com_xy= 0.003m
Step 62300: pitch= -0.00deg roll=  0.01deg x=  0.000 y= -0.033 u_rw=   -12.6 u_bx=  -0.01 u_by=  -0.01 com_xy= 0.004m
Step 62400: pitch=  0.03deg roll=  0.02deg x=  0.000 y= -0.034 u_rw=    -9.5 u_bx=  -0.04 u_by=  -0.00 com_xy= 0.007m
Step 62500: pitch=  0.02deg roll=  0.03deg x=  0.000 y= -0.035 u_rw=   -11.6 u_bx=  -0.00 u_by=  -0.01 com_xy= 0.010m
Step 62600: pitch=  0.03deg roll=  0.05deg x=  0.000 y= -0.037 u_rw=    -5.5 u_bx=   0.00 u_by=  -0.03 com_xy= 0.016m
Step 62700: pitch=  0.02deg roll=  0.08deg x=  0.000 y= -0.041 u_rw=   -15.7 u_bx=   0.02 u_by=  -0.06 com_xy= 0.025m
Step 62800: pitch=  0.11deg roll=  0.12deg x=  0.000 y= -0.047 u_rw=     4.1 u_bx=   0.16 u_by=  -0.05 com_xy= 0.038m
Step 62900: pitch=  0.02deg roll=  0.16deg x=  0.000 y= -0.055 u_rw=    -6.5 u_bx=   0.05 u_by=  -0.08 com_xy= 0.059m
Step 63000: pitch=  0.09deg roll=  0.19deg x=  0.000 y= -0.066 u_rw=    12.7 u_bx=   0.15 u_by=  -0.08 com_xy= 0.090m
Step 63100: pitch=  0.09deg roll=  0.22deg x=  0.000 y= -0.077 u_rw=    12.5 u_bx=   0.16 u_by=  -0.08 com_xy= 0.138m

CRASH #24 at step 63126: pitch=0.09deg roll=0.23deg com_xy=0.154m reason=com_overload
Step 63200: pitch= -0.02deg roll= -0.00deg x= -0.000 y=  0.000 u_rw=    -5.7 u_bx=  -0.05 u_by=   0.00 com_xy= 0.000m
Step 63300: pitch=  0.04deg roll= -0.00deg x= -0.000 y=  0.001 u_rw=     7.8 u_bx=   0.01 u_by=  -0.01 com_xy= 0.000m
Step 63400: pitch=  0.01deg roll= -0.00deg x= -0.000 y=  0.001 u_rw=     7.6 u_bx=  -0.01 u_by=   0.01 com_xy= 0.000m
Step 63500: pitch= -0.04deg roll= -0.00deg x= -0.000 y=  0.002 u_rw=    -3.1 u_bx=  -0.06 u_by=   0.03 com_xy= 0.000m
Step 63600: pitch= -0.03deg roll= -0.00deg x= -0.000 y=  0.005 u_rw=    -0.3 u_bx=  -0.03 u_by=   0.02 com_xy= 0.000m
Step 63700: pitch= -0.06deg roll= -0.00deg x= -0.000 y=  0.007 u_rw=    -1.3 u_bx=  -0.05 u_by=   0.01 com_xy= 0.000m
Step 63800: pitch= -0.04deg roll= -0.00deg x= -0.000 y=  0.009 u_rw=   -10.0 u_bx=  -0.04 u_by=   0.01 com_xy= 0.000m
Step 63900: pitch= -0.02deg roll= -0.00deg x= -0.000 y=  0.010 u_rw=    -6.1 u_bx=  -0.06 u_by=   0.00 com_xy= 0.000m
Step 64000: pitch= -0.01deg roll= -0.00deg x= -0.000 y=  0.010 u_rw=   -10.4 u_bx=  -0.07 u_by=   0.01 com_xy= 0.000m
Step 64100: pitch=  0.03deg roll= -0.00deg x= -0.000 y=  0.010 u_rw=    16.5 u_bx=   0.08 u_by=   0.00 com_xy= 0.000m
Step 64200: pitch= -0.06deg roll= -0.00deg x= -0.000 y=  0.010 u_rw=    -4.2 u_bx=  -0.12 u_by=   0.01 com_xy= 0.001m
Step 64300: pitch=  0.01deg roll= -0.00deg x= -0.000 y=  0.010 u_rw=    10.2 u_bx=   0.05 u_by=  -0.01 com_xy= 0.000m
Step 64400: pitch=  0.03deg roll= -0.00deg x=  0.000 y=  0.009 u_rw=     6.9 u_bx=   0.06 u_by=   0.00 com_xy= 0.001m
Step 64500: pitch=  0.02deg roll= -0.00deg x=  0.000 y=  0.009 u_rw=     7.3 u_bx=   0.06 u_by=   0.02 com_xy= 0.001m
Step 64600: pitch=  0.00deg roll= -0.00deg x= -0.000 y=  0.011 u_rw=     6.1 u_bx=  -0.01 u_by=   0.03 com_xy= 0.002m
Step 64700: pitch= -0.00deg roll= -0.00deg x= -0.000 y=  0.015 u_rw=     1.4 u_bx=  -0.04 u_by=   0.02 com_xy= 0.003m
Step 64800: pitch= -0.06deg roll= -0.00deg x= -0.000 y=  0.018 u_rw=   -10.6 u_bx=  -0.13 u_by=   0.03 com_xy= 0.005m
Step 64900: pitch= -0.03deg roll= -0.00deg x= -0.000 y=  0.022 u_rw=     0.4 u_bx=  -0.12 u_by=   0.02 com_xy= 0.007m
Step 65000: pitch= -0.08deg roll= -0.00deg x= -0.000 y=  0.024 u_rw=    -6.9 u_bx=  -0.10 u_by=   0.03 com_xy= 0.010m
Step 65100: pitch= -0.01deg roll= -0.00deg x= -0.000 y=  0.027 u_rw=    15.6 u_bx=   0.03 u_by=   0.03 com_xy= 0.016m
Step 65200: pitch=  0.01deg roll= -0.00deg x= -0.000 y=  0.029 u_rw=    15.9 u_bx=   0.04 u_by=   0.02 com_xy= 0.025m
Step 65300: pitch=  0.01deg roll= -0.00deg x= -0.000 y=  0.031 u_rw=   -11.3 u_bx=  -0.15 u_by=   0.02 com_xy= 0.042m
Step 65400: pitch=  0.04deg roll= -0.01deg x= -0.000 y=  0.035 u_rw=   -12.4 u_bx=  -0.11 u_by=   0.02 com_xy= 0.068m
Step 65500: pitch=  0.13deg roll= -0.01deg x=  0.000 y=  0.038 u_rw=    -6.7 u_bx=  -0.01 u_by=   0.02 com_xy= 0.109m

CRASH #25 at step 65577: pitch=0.24deg roll=-0.01deg com_xy=0.155m reason=com_overload
Step 65600: pitch= -0.00deg roll= -0.00deg x=  0.000 y= -0.000 u_rw=     0.3 u_bx=   0.01 u_by=  -0.01 com_xy= 0.000m
Step 65700: pitch= -0.01deg roll= -0.00deg x=  0.000 y= -0.000 u_rw=    -6.6 u_bx=  -0.04 u_by=  -0.02 com_xy= 0.000m
Step 65800: pitch=  0.04deg roll= -0.00deg x=  0.000 y= -0.002 u_rw=     4.1 u_bx=   0.06 u_by=  -0.01 com_xy= 0.000m
Step 65900: pitch=  0.02deg roll= -0.00deg x=  0.000 y= -0.003 u_rw=    -4.8 u_bx=  -0.02 u_by=  -0.01 com_xy= 0.000m
Step 66000: pitch=  0.02deg roll= -0.00deg x= -0.000 y= -0.005 u_rw=    17.1 u_bx=   0.11 u_by=   0.00 com_xy= 0.001m
Step 66100: pitch= -0.03deg roll= -0.00deg x= -0.000 y= -0.005 u_rw=    -0.8 u_bx=  -0.01 u_by=   0.01 com_xy= 0.000m
Step 66200: pitch=  0.03deg roll= -0.00deg x=  0.000 y= -0.005 u_rw=     9.7 u_bx=   0.10 u_by=  -0.01 com_xy= 0.001m
Step 66300: pitch= -0.01deg roll= -0.00deg x=  0.000 y= -0.006 u_rw=    -2.0 u_bx=   0.06 u_by=   0.01 com_xy= 0.001m
Step 66400: pitch=  0.03deg roll= -0.00deg x=  0.000 y= -0.005 u_rw=    18.4 u_bx=   0.15 u_by=   0.00 com_xy= 0.002m
Step 66500: pitch= -0.01deg roll= -0.00deg x=  0.000 y= -0.005 u_rw=     1.3 u_bx=  -0.02 u_by=   0.01 com_xy= 0.002m
Step 66600: pitch= -0.02deg roll= -0.00deg x=  0.000 y= -0.007 u_rw=     0.5 u_bx=  -0.05 u_by=  -0.03 com_xy= 0.002m
Step 66700: pitch=  0.00deg roll= -0.00deg x=  0.000 y= -0.010 u_rw=   -19.1 u_bx=  -0.07 u_by=  -0.03 com_xy= 0.003m
Step 66800: pitch=  0.02deg roll= -0.00deg x=  0.000 y= -0.014 u_rw=   -19.2 u_bx=  -0.13 u_by=  -0.03 com_xy= 0.005m
Step 66900: pitch=  0.10deg roll= -0.00deg x=  0.000 y= -0.018 u_rw=    -3.2 u_bx=   0.04 u_by=  -0.02 com_xy= 0.008m
Step 67000: pitch=  0.13deg roll= -0.00deg x=  0.000 y= -0.022 u_rw=     1.6 u_bx=   0.18 u_by=  -0.05 com_xy= 0.014m
Step 67100: pitch=  0.09deg roll= -0.00deg x=  0.000 y= -0.026 u_rw=    19.4 u_bx=   0.15 u_by=  -0.04 com_xy= 0.022m
Step 67200: pitch= -0.02deg roll= -0.00deg x=  0.000 y= -0.033 u_rw=    -0.1 u_bx=   0.01 u_by=  -0.04 com_xy= 0.035m
Step 67300: pitch=  0.00deg roll= -0.00deg x=  0.000 y= -0.038 u_rw=     5.3 u_bx=   0.02 u_by=  -0.01 com_xy= 0.057m
Step 67400: pitch= -0.09deg roll= -0.00deg x= -0.000 y= -0.041 u_rw=     1.9 u_bx=  -0.03 u_by=   0.00 com_xy= 0.093m
Step 67500: pitch= -0.23deg roll= -0.00deg x= -0.000 y= -0.041 u_rw=    -7.4 u_bx=  -0.23 u_by=   0.05 com_xy= 0.147m

CRASH #26 at step 67512: pitch=-0.24deg roll=-0.00deg com_xy=0.155m reason=com_overload
Step 67600: pitch= -0.02deg roll= -0.00deg x= -0.000 y=  0.000 u_rw=    -7.7 u_bx=  -0.05 u_by=   0.00 com_xy= 0.000m
Step 67700: pitch= -0.04deg roll= -0.00deg x=  0.000 y=  0.001 u_rw=    -8.8 u_bx=  -0.04 u_by=  -0.00 com_xy= 0.000m
Step 67800: pitch=  0.02deg roll= -0.00deg x= -0.000 y=  0.002 u_rw=    19.8 u_bx=   0.08 u_by=   0.02 com_xy= 0.000m
Step 67900: pitch= -0.04deg roll= -0.00deg x=  0.000 y=  0.003 u_rw=     0.4 u_bx=  -0.03 u_by=   0.00 com_xy= 0.000m
Step 68000: pitch= -0.05deg roll= -0.00deg x= -0.000 y=  0.003 u_rw=   -19.2 u_bx=  -0.14 u_by=  -0.01 com_xy= 0.001m
Step 68100: pitch=  0.03deg roll= -0.00deg x= -0.000 y=  0.002 u_rw=    10.6 u_bx=   0.04 u_by=  -0.01 com_xy= 0.000m
Step 68200: pitch= -0.06deg roll= -0.00deg x=  0.000 y=  0.001 u_rw=     1.4 u_bx=  -0.04 u_by=   0.01 com_xy= 0.000m
Step 68300: pitch= -0.04deg roll= -0.00deg x=  0.000 y=  0.001 u_rw=   -16.6 u_bx=  -0.09 u_by=  -0.01 com_xy= 0.000m
Step 68400: pitch=  0.05deg roll= -0.00deg x=  0.000 y=  0.001 u_rw=    -0.4 u_bx=   0.11 u_by=  -0.03 com_xy= 0.000m
Step 68500: pitch=  0.05deg roll= -0.00deg x=  0.000 y= -0.001 u_rw=    16.7 u_bx=   0.16 u_by=  -0.03 com_xy= 0.001m
Step 68600: pitch=  0.04deg roll= -0.00deg x=  0.000 y= -0.005 u_rw=    -5.8 u_bx=   0.05 u_by=  -0.03 com_xy= 0.000m
Step 68700: pitch=  0.00deg roll= -0.00deg x=  0.000 y= -0.009 u_rw=   -10.8 u_bx=   0.01 u_by=  -0.01 com_xy= 0.000m
Step 68800: pitch=  0.01deg roll= -0.00deg x=  0.000 y= -0.011 u_rw=   -10.9 u_bx=  -0.03 u_by=  -0.01 com_xy= 0.001m
Step 68900: pitch= -0.02deg roll= -0.00deg x=  0.000 y= -0.013 u_rw=   -13.7 u_bx=  -0.04 u_by=   0.01 com_xy= 0.001m
Step 69000: pitch= -0.04deg roll= -0.00deg x= -0.000 y= -0.013 u_rw=    -3.1 u_bx=  -0.01 u_by=   0.01 com_xy= 0.001m
Step 69100: pitch= -0.02deg roll= -0.00deg x=  0.000 y= -0.013 u_rw=     6.2 u_bx=   0.07 u_by=  -0.01 com_xy= 0.000m
Step 69200: pitch= -0.01deg roll= -0.00deg x=  0.000 y= -0.013 u_rw=    10.7 u_bx=   0.11 u_by=  -0.00 com_xy= 0.001m
Step 69300: pitch= -0.01deg roll= -0.00deg x=  0.000 y= -0.013 u_rw=    12.5 u_bx=   0.03 u_by=   0.00 com_xy= 0.001m
Step 69400: pitch=  0.01deg roll= -0.00deg x= -0.000 y= -0.012 u_rw=     7.8 u_bx=   0.02 u_by=   0.02 com_xy= 0.001m
Step 69500: pitch= -0.01deg roll= -0.01deg x= -0.000 y= -0.010 u_rw=     1.0 u_bx=  -0.09 u_by=   0.01 com_xy= 0.002m
Step 69600: pitch=  0.02deg roll= -0.01deg x= -0.000 y= -0.008 u_rw=     7.1 u_bx=   0.03 u_by=   0.01 com_xy= 0.003m
Step 69700: pitch= -0.07deg roll= -0.02deg x= -0.000 y= -0.005 u_rw=   -19.0 u_bx=  -0.09 u_by=   0.00 com_xy= 0.005m
Step 69800: pitch= -0.03deg roll= -0.02deg x=  0.000 y= -0.003 u_rw=   -17.3 u_bx=  -0.09 u_by=   0.01 com_xy= 0.008m
Step 69900: pitch=  0.03deg roll= -0.04deg x= -0.000 y= -0.002 u_rw=    -0.7 u_bx=  -0.04 u_by=   0.02 com_xy= 0.012m
Step 70000: pitch= -0.01deg roll= -0.06deg x= -0.000 y=  0.001 u_rw=    15.8 u_bx=   0.08 u_by=   0.03 com_xy= 0.018m
Step 70100: pitch= -0.02deg roll= -0.09deg x= -0.000 y=  0.005 u_rw=     1.2 u_bx=  -0.09 u_by=   0.03 com_xy= 0.028m
Step 70200: pitch= -0.02deg roll= -0.13deg x= -0.000 y=  0.009 u_rw=     9.1 u_bx=  -0.05 u_by=   0.05 com_xy= 0.043m
Step 70300: pitch= -0.02deg roll= -0.19deg x= -0.000 y=  0.016 u_rw=    11.8 u_bx=  -0.02 u_by=   0.09 com_xy= 0.066m
Step 70400: pitch= -0.05deg roll= -0.23deg x= -0.000 y=  0.027 u_rw=     8.1 u_bx=  -0.01 u_by=   0.10 com_xy= 0.101m
Step 70500: pitch= -0.08deg roll= -0.27deg x= -0.000 y=  0.040 u_rw=    -1.3 u_bx=  -0.07 u_by=   0.13 com_xy= 0.154m

CRASH #27 at step 70500: pitch=-0.08deg roll=-0.27deg com_xy=0.154m reason=com_overload
Step 70600: pitch=  0.03deg roll= -0.00deg x= -0.000 y=  0.001 u_rw=     3.1 u_bx=   0.01 u_by=   0.03 com_xy= 0.000m
Step 70700: pitch=  0.02deg roll= -0.00deg x=  0.000 y=  0.004 u_rw=    -7.3 u_bx=   0.00 u_by=   0.00 com_xy= 0.000m
Step 70800: pitch=  0.06deg roll= -0.00deg x= -0.000 y=  0.006 u_rw=    -0.7 u_bx=   0.08 u_by=   0.02 com_xy= 0.000m
Step 70900: pitch= -0.05deg roll=  0.00deg x=  0.000 y=  0.009 u_rw=    -6.5 u_bx=  -0.04 u_by=   0.00 com_xy= 0.000m
Step 71000: pitch= -0.01deg roll=  0.00deg x=  0.000 y=  0.010 u_rw=     8.5 u_bx=   0.14 u_by=  -0.01 com_xy= 0.001m
Step 71100: pitch= -0.06deg roll=  0.00deg x=  0.000 y=  0.008 u_rw=   -14.8 u_bx=  -0.04 u_by=  -0.03 com_xy= 0.001m
Step 71200: pitch= -0.02deg roll=  0.00deg x=  0.000 y=  0.006 u_rw=    -4.0 u_bx=  -0.00 u_by=  -0.03 com_xy= 0.002m
Step 71300: pitch=  0.01deg roll=  0.00deg x=  0.000 y=  0.002 u_rw=    -1.3 u_bx=   0.00 u_by=  -0.03 com_xy= 0.003m
Step 71400: pitch= -0.01deg roll=  0.00deg x=  0.000 y= -0.001 u_rw=     0.9 u_bx=   0.04 u_by=  -0.02 com_xy= 0.005m
Step 71500: pitch=  0.06deg roll=  0.00deg x=  0.000 y= -0.005 u_rw=    -3.4 u_bx=  -0.02 u_by=  -0.01 com_xy= 0.008m
Step 71600: pitch=  0.11deg roll=  0.00deg x=  0.000 y= -0.007 u_rw=     0.3 u_bx=   0.14 u_by=  -0.01 com_xy= 0.013m
Step 71700: pitch=  0.09deg roll=  0.00deg x=  0.000 y= -0.008 u_rw=    20.0 u_bx=   0.16 u_by=   0.01 com_xy= 0.021m
Step 71800: pitch= -0.04deg roll=  0.00deg x= -0.000 y= -0.007 u_rw=    11.3 u_bx=   0.07 u_by=   0.05 com_xy= 0.033m
Step 71900: pitch= -0.16deg roll= -0.00deg x= -0.000 y= -0.003 u_rw=     1.1 u_bx=  -0.20 u_by=   0.03 com_xy= 0.053m
Step 72000: pitch= -0.22deg roll= -0.00deg x= -0.000 y=  0.001 u_rw=   -17.7 u_bx=  -0.27 u_by=   0.02 com_xy= 0.087m
Step 72100: pitch= -0.30deg roll= -0.00deg x= -0.000 y=  0.004 u_rw=   -16.5 u_bx=  -0.42 u_by=   0.07 com_xy= 0.139m

CRASH #28 at step 72123: pitch=-0.36deg roll=-0.00deg com_xy=0.154m reason=com_overload
Step 72200: pitch= -0.05deg roll= -0.00deg x= -0.000 y=  0.000 u_rw=   -13.4 u_bx=  -0.11 u_by=  -0.01 com_xy= 0.000m
Step 72300: pitch= -0.04deg roll= -0.00deg x= -0.000 y=  0.000 u_rw=    -4.5 u_bx=  -0.01 u_by=   0.01 com_xy= 0.000m
Step 72400: pitch= -0.03deg roll= -0.00deg x= -0.000 y=  0.001 u_rw=   -13.5 u_bx=  -0.08 u_by=   0.01 com_xy= 0.000m
Step 72500: pitch= -0.02deg roll= -0.00deg x=  0.000 y=  0.001 u_rw=     2.0 u_bx=   0.03 u_by=   0.01 com_xy= 0.000m
Step 72600: pitch= -0.06deg roll= -0.00deg x=  0.000 y=  0.001 u_rw=   -18.4 u_bx=  -0.14 u_by=  -0.00 com_xy= 0.001m
Step 72700: pitch=  0.02deg roll= -0.00deg x=  0.000 y=  0.001 u_rw=    -4.4 u_bx=  -0.04 u_by=   0.00 com_xy= 0.000m
Step 72800: pitch=  0.01deg roll= -0.00deg x= -0.000 y=  0.002 u_rw=    18.5 u_bx=   0.11 u_by=  -0.00 com_xy= 0.001m
Step 72900: pitch= -0.05deg roll= -0.00deg x= -0.000 y=  0.002 u_rw=    -0.3 u_bx=   0.05 u_by=  -0.01 com_xy= 0.001m
Step 73000: pitch= -0.06deg roll= -0.00deg x=  0.000 y=  0.001 u_rw=    -2.7 u_bx=  -0.09 u_by=  -0.04 com_xy= 0.000m
Step 73100: pitch= -0.04deg roll= -0.00deg x=  0.000 y= -0.001 u_rw=   -18.9 u_bx=  -0.13 u_by=  -0.02 com_xy= 0.000m
Step 73200: pitch=  0.03deg roll= -0.00deg x= -0.000 y= -0.004 u_rw=   -15.4 u_bx=  -0.09 u_by=  -0.01 com_xy= 0.000m
Step 73300: pitch=  0.10deg roll= -0.00deg x=  0.000 y= -0.005 u_rw=    -0.5 u_bx=   0.08 u_by=  -0.04 com_xy= 0.000m
Step 73400: pitch=  0.02deg roll= -0.00deg x=  0.000 y= -0.008 u_rw=     1.5 u_bx=   0.05 u_by=   0.00 com_xy= 0.000m
Step 73500: pitch=  0.01deg roll= -0.00deg x=  0.000 y= -0.009 u_rw=     3.9 u_bx=   0.08 u_by=  -0.02 com_xy= 0.000m
Step 73600: pitch=  0.03deg roll= -0.00deg x=  0.000 y= -0.011 u_rw=    -9.8 u_bx=  -0.00 u_by=  -0.01 com_xy= 0.000m
Step 73700: pitch= -0.01deg roll= -0.00deg x=  0.000 y= -0.013 u_rw=    -4.1 u_bx=   0.03 u_by=  -0.01 com_xy= 0.000m
Step 73800: pitch=  0.01deg roll= -0.00deg x=  0.000 y= -0.015 u_rw=    -3.0 u_bx=   0.05 u_by=  -0.00 com_xy= 0.000m
Step 73900: pitch=  0.00deg roll= -0.00deg x=  0.000 y= -0.015 u_rw=    -4.2 u_bx=   0.02 u_by=   0.03 com_xy= 0.000m
Step 74000: pitch=  0.05deg roll= -0.00deg x= -0.000 y= -0.014 u_rw=    10.8 u_bx=   0.01 u_by=   0.02 com_xy= 0.000m
Step 74100: pitch=  0.04deg roll= -0.00deg x= -0.000 y= -0.012 u_rw=    -0.6 u_bx=  -0.12 u_by=   0.02 com_xy= 0.000m
Step 74200: pitch=  0.06deg roll= -0.00deg x= -0.000 y= -0.010 u_rw=    18.9 u_bx=   0.02 u_by=   0.02 com_xy= 0.000m
Step 74300: pitch=  0.01deg roll= -0.00deg x= -0.000 y= -0.009 u_rw=     6.3 u_bx=   0.09 u_by=  -0.01 com_xy= 0.001m
Step 74400: pitch=  0.03deg roll= -0.00deg x=  0.000 y= -0.009 u_rw=   -14.3 u_bx=  -0.05 u_by=   0.00 com_xy= 0.001m
Step 74500: pitch=  0.04deg roll=  0.00deg x=  0.000 y= -0.009 u_rw=     9.9 u_bx=   0.09 u_by=   0.00 com_xy= 0.002m
Step 74600: pitch=  0.06deg roll=  0.00deg x=  0.000 y= -0.009 u_rw=    -8.3 u_bx=   0.03 u_by=  -0.01 com_xy= 0.002m
Step 74700: pitch=  0.08deg roll=  0.00deg x=  0.000 y= -0.010 u_rw=    15.1 u_bx=   0.16 u_by=   0.00 com_xy= 0.003m
Step 74800: pitch=  0.02deg roll=  0.01deg x=  0.000 y= -0.010 u_rw=   -14.6 u_bx=  -0.08 u_by=   0.02 com_xy= 0.004m
Step 74900: pitch=  0.08deg roll=  0.01deg x=  0.000 y= -0.009 u_rw=     6.9 u_bx=   0.07 u_by=   0.03 com_xy= 0.006m
Step 75000: pitch=  0.14deg roll=  0.02deg x=  0.000 y= -0.007 u_rw=    11.9 u_bx=   0.15 u_by=   0.00 com_xy= 0.009m
Step 75100: pitch=  0.03deg roll=  0.03deg x=  0.000 y= -0.006 u_rw=    -4.7 u_bx=  -0.09 u_by=  -0.01 com_xy= 0.013m
Step 75200: pitch=  0.04deg roll=  0.05deg x=  0.000 y= -0.009 u_rw=   -17.1 u_bx=  -0.07 u_by=  -0.04 com_xy= 0.021m
Step 75300: pitch=  0.09deg roll=  0.08deg x=  0.000 y= -0.013 u_rw=   -17.5 u_bx=  -0.09 u_by=  -0.05 com_xy= 0.032m
Step 75400: pitch=  0.14deg roll=  0.12deg x=  0.000 y= -0.020 u_rw=    -0.2 u_bx=   0.06 u_by=  -0.07 com_xy= 0.051m
Step 75500: pitch=  0.12deg roll=  0.18deg x= -0.000 y= -0.029 u_rw=    -2.0 u_bx=   0.12 u_by=  -0.08 com_xy= 0.079m
Step 75600: pitch=  0.03deg roll=  0.24deg x=  0.000 y= -0.040 u_rw=    19.9 u_bx=   0.15 u_by=  -0.10 com_xy= 0.122m

CRASH #29 at step 75657: pitch=-0.06deg roll=0.27deg com_xy=0.154m reason=com_overload
Step 75700: pitch=  0.01deg roll= -0.00deg x= -0.000 y=  0.000 u_rw=    -3.1 u_bx=  -0.05 u_by=   0.01 com_xy= 0.000m
Step 75800: pitch= -0.01deg roll= -0.00deg x= -0.000 y=  0.001 u_rw=   -10.5 u_bx=  -0.11 u_by=   0.00 com_xy= 0.000m
Step 75900: pitch=  0.05deg roll= -0.00deg x=  0.000 y=  0.002 u_rw=    16.1 u_bx=   0.11 u_by=  -0.00 com_xy= 0.000m
Step 76000: pitch= -0.01deg roll= -0.00deg x=  0.000 y=  0.002 u_rw=     8.8 u_bx=   0.05 u_by=   0.03 com_xy= 0.000m
Step 76100: pitch= -0.06deg roll= -0.00deg x= -0.000 y=  0.004 u_rw=     0.5 u_bx=  -0.00 u_by=   0.01 com_xy= 0.000m
Step 76200: pitch= -0.07deg roll= -0.00deg x=  0.000 y=  0.006 u_rw=   -17.3 u_bx=  -0.11 u_by=  -0.01 com_xy= 0.001m
Step 76300: pitch=  0.02deg roll= -0.00deg x= -0.000 y=  0.007 u_rw=    14.1 u_bx=   0.07 u_by=  -0.01 com_xy= 0.001m
Step 76400: pitch= -0.00deg roll= -0.00deg x= -0.000 y=  0.006 u_rw=    11.3 u_bx=   0.04 u_by=   0.00 com_xy= 0.001m
Step 76500: pitch= -0.00deg roll= -0.00deg x=  0.000 y=  0.006 u_rw=    -4.7 u_bx=  -0.03 u_by=   0.01 com_xy= 0.001m
Step 76600: pitch= -0.03deg roll= -0.00deg x=  0.000 y=  0.007 u_rw=    -2.5 u_bx=  -0.07 u_by=   0.04 com_xy= 0.001m
Step 76700: pitch= -0.00deg roll= -0.00deg x= -0.000 y=  0.011 u_rw=    -0.8 u_bx=  -0.01 u_by=   0.03 com_xy= 0.001m
Step 76800: pitch=  0.01deg roll= -0.00deg x= -0.000 y=  0.016 u_rw=     6.0 u_bx=   0.05 u_by=   0.02 com_xy= 0.002m
Step 76900: pitch= -0.03deg roll= -0.00deg x=  0.000 y=  0.020 u_rw=   -19.1 u_bx=  -0.11 u_by=   0.01 com_xy= 0.002m
Step 77000: pitch=  0.09deg roll= -0.00deg x= -0.000 y=  0.022 u_rw=    -0.6 u_bx=   0.06 u_by=   0.02 com_xy= 0.004m
Step 77100: pitch=  0.08deg roll= -0.00deg x= -0.000 y=  0.025 u_rw=    18.7 u_bx=   0.07 u_by=   0.03 com_xy= 0.006m
Step 77200: pitch=  0.00deg roll= -0.00deg x=  0.000 y=  0.029 u_rw=     0.7 u_bx=   0.06 u_by=   0.02 com_xy= 0.009m
Step 77300: pitch= -0.02deg roll= -0.00deg x=  0.000 y=  0.032 u_rw=    -8.0 u_bx=  -0.10 u_by=   0.01 com_xy= 0.013m
Step 77400: pitch=  0.05deg roll= -0.00deg x=  0.000 y=  0.033 u_rw=    -6.2 u_bx=  -0.03 u_by=  -0.00 com_xy= 0.021m
Step 77500: pitch= -0.02deg roll= -0.00deg x= -0.000 y=  0.035 u_rw=   -14.3 u_bx=  -0.07 u_by=   0.01 com_xy= 0.034m
Step 77600: pitch= -0.08deg roll= -0.00deg x= -0.000 y=  0.037 u_rw=    -7.6 u_bx=  -0.14 u_by=   0.02 com_xy= 0.055m
Step 77700: pitch= -0.12deg roll= -0.00deg x= -0.000 y=  0.040 u_rw=     8.8 u_bx=  -0.08 u_by=   0.02 com_xy= 0.090m
Step 77800: pitch= -0.21deg roll= -0.01deg x= -0.000 y=  0.042 u_rw=     2.5 u_bx=  -0.21 u_by=   0.04 com_xy= 0.143m

CRASH #30 at step 77817: pitch=-0.32deg roll=-0.01deg com_xy=0.154m reason=com_overload
Step 77900: pitch=  0.01deg roll= -0.00deg x=  0.000 y= -0.000 u_rw=    -2.6 u_bx=  -0.03 u_by=  -0.02 com_xy= 0.000m
Step 78000: pitch=  0.02deg roll= -0.00deg x= -0.000 y= -0.002 u_rw=    10.4 u_bx=   0.07 u_by=  -0.00 com_xy= 0.000m
Step 78100: pitch=  0.03deg roll= -0.00deg x= -0.000 y= -0.002 u_rw=    12.3 u_bx=   0.04 u_by=   0.01 com_xy= 0.000m
Step 78200: pitch=  0.02deg roll= -0.00deg x= -0.000 y= -0.002 u_rw=    -4.4 u_bx=  -0.05 u_by=   0.01 com_xy= 0.000m
Step 78300: pitch=  0.03deg roll= -0.00deg x=  0.000 y= -0.001 u_rw=    -1.6 u_bx=   0.01 u_by=   0.01 com_xy= 0.000m
Step 78400: pitch=  0.01deg roll= -0.00deg x=  0.000 y= -0.000 u_rw=    -0.6 u_bx=   0.07 u_by=  -0.04 com_xy= 0.000m
Step 78500: pitch=  0.00deg roll= -0.00deg x=  0.000 y= -0.002 u_rw=    -5.4 u_bx=  -0.01 u_by=  -0.02 com_xy= 0.000m
Step 78600: pitch= -0.03deg roll= -0.00deg x=  0.000 y= -0.005 u_rw=   -16.1 u_bx=  -0.05 u_by=  -0.01 com_xy= 0.000m
Step 78700: pitch= -0.03deg roll= -0.00deg x=  0.000 y= -0.006 u_rw=   -10.7 u_bx=  -0.05 u_by=  -0.01 com_xy= 0.000m
Step 78800: pitch= -0.01deg roll= -0.00deg x= -0.000 y= -0.007 u_rw=    -8.7 u_bx=  -0.06 u_by=  -0.02 com_xy= 0.000m
Step 78900: pitch=  0.02deg roll= -0.00deg x=  0.000 y= -0.009 u_rw=    -4.0 u_bx=   0.02 u_by=  -0.02 com_xy= 0.000m
Step 79000: pitch=  0.04deg roll= -0.00deg x=  0.000 y= -0.011 u_rw=    14.5 u_bx=   0.14 u_by=  -0.01 com_xy= 0.001m
Step 79100: pitch=  0.05deg roll= -0.00deg x=  0.000 y= -0.012 u_rw=     4.4 u_bx=  -0.01 u_by=   0.01 com_xy= 0.000m
Step 79200: pitch= -0.02deg roll= -0.00deg x=  0.000 y= -0.012 u_rw=   -13.1 u_bx=  -0.09 u_by=   0.01 com_xy= 0.000m
Step 79300: pitch=  0.00deg roll= -0.00deg x= -0.000 y= -0.011 u_rw=    -5.3 u_bx=  -0.10 u_by=   0.00 com_xy= 0.000m
Step 79400: pitch= -0.04deg roll= -0.00deg x= -0.000 y= -0.010 u_rw=     3.6 u_bx=  -0.01 u_by=   0.03 com_xy= 0.000m
Step 79500: pitch= -0.08deg roll= -0.00deg x= -0.000 y= -0.008 u_rw=    -3.9 u_bx=  -0.09 u_by=   0.01 com_xy= 0.001m
Step 79600: pitch= -0.07deg roll= -0.00deg x=  0.000 y= -0.006 u_rw=   -18.9 u_bx=  -0.12 u_by=  -0.01 com_xy= 0.001m
Step 79700: pitch=  0.03deg roll=  0.00deg x= -0.000 y= -0.005 u_rw=     7.0 u_bx=   0.03 u_by=   0.01 com_xy= 0.001m
Step 79800: pitch= -0.05deg roll=  0.00deg x= -0.000 y= -0.004 u_rw=     0.7 u_bx=  -0.03 u_by=   0.03 com_xy= 0.001m
Step 79900: pitch= -0.03deg roll=  0.00deg x=  0.000 y= -0.001 u_rw=   -18.6 u_bx=  -0.07 u_by=  -0.00 com_xy= 0.002m
Step 80000: pitch=  0.03deg roll=  0.01deg x=  0.000 y= -0.000 u_rw=    14.6 u_bx=   0.11 u_by=  -0.02 com_xy= 0.003m
Step 80100: pitch= -0.00deg roll=  0.01deg x=  0.000 y= -0.001 u_rw=    -9.7 u_bx=  -0.05 u_by=  -0.02 com_xy= 0.004m
Step 80200: pitch= -0.01deg roll=  0.02deg x=  0.000 y= -0.002 u_rw=   -13.9 u_bx=  -0.06 u_by=   0.00 com_xy= 0.006m
Step 80300: pitch= -0.02deg roll=  0.03deg x=  0.000 y= -0.002 u_rw=    -4.9 u_bx=   0.02 u_by=  -0.02 com_xy= 0.010m
Step 80400: pitch=  0.06deg roll=  0.05deg x=  0.000 y= -0.003 u_rw=    12.5 u_bx=   0.12 u_by=   0.00 com_xy= 0.015m
Step 80500: pitch=  0.04deg roll=  0.07deg x=  0.000 y= -0.004 u_rw=    -1.2 u_bx=  -0.00 u_by=  -0.01 com_xy= 0.023m
Step 80600: pitch=  0.02deg roll=  0.11deg x=  0.000 y= -0.005 u_rw=    -6.8 u_bx=  -0.05 u_by=  -0.03 com_xy= 0.035m
Step 80700: pitch= -0.02deg roll=  0.16deg x=  0.000 y= -0.009 u_rw=   -10.5 u_bx=  -0.06 u_by=  -0.05 com_xy= 0.054m
Step 80800: pitch=  0.07deg roll=  0.20deg x= -0.000 y= -0.015 u_rw=    20.1 u_bx=   0.10 u_by=  -0.05 com_xy= 0.083m
Step 80900: pitch= -0.06deg roll=  0.23deg x= -0.000 y= -0.022 u_rw=    -6.1 u_bx=  -0.11 u_by=  -0.07 com_xy= 0.127m

CRASH #31 at step 80946: pitch=0.09deg roll=0.25deg com_xy=0.154m reason=com_overload
Step 81000: pitch=  0.03deg roll= -0.00deg x= -0.000 y= -0.000 u_rw=     3.2 u_bx=   0.01 u_by=  -0.01 com_xy= 0.000m
Step 81100: pitch=  0.05deg roll= -0.00deg x=  0.000 y= -0.001 u_rw=     8.1 u_bx=   0.11 u_by=  -0.02 com_xy= 0.000m
Step 81200: pitch=  0.02deg roll= -0.00deg x=  0.000 y= -0.002 u_rw=   -14.6 u_bx=  -0.03 u_by=  -0.01 com_xy= 0.000m
Step 81300: pitch=  0.08deg roll= -0.00deg x=  0.000 y= -0.004 u_rw=    19.6 u_bx=   0.20 u_by=  -0.03 com_xy= 0.001m
Step 81400: pitch=  0.05deg roll= -0.00deg x= -0.000 y= -0.007 u_rw=    19.6 u_bx=   0.15 u_by=  -0.01 com_xy= 0.001m
Step 81500: pitch= -0.03deg roll= -0.00deg x=  0.000 y= -0.010 u_rw=     0.4 u_bx=  -0.02 u_by=   0.00 com_xy= 0.000m
Step 81600: pitch=  0.08deg roll= -0.00deg x=  0.000 y= -0.011 u_rw=     2.7 u_bx=   0.04 u_by=  -0.01 com_xy= 0.000m
Step 81700: pitch= -0.00deg roll= -0.00deg x=  0.000 y= -0.012 u_rw=     0.8 u_bx=   0.07 u_by=  -0.00 com_xy= 0.000m
Step 81800: pitch= -0.04deg roll= -0.00deg x=  0.000 y= -0.013 u_rw=   -11.9 u_bx=  -0.08 u_by=  -0.01 com_xy= 0.001m
Step 81900: pitch= -0.05deg roll= -0.00deg x= -0.000 y= -0.015 u_rw=   -19.8 u_bx=  -0.21 u_by=   0.01 com_xy= 0.002m
Step 82000: pitch=  0.01deg roll= -0.00deg x= -0.000 y= -0.013 u_rw=    -1.0 u_bx=  -0.07 u_by=   0.03 com_xy= 0.001m
Step 82100: pitch=  0.01deg roll= -0.00deg x= -0.000 y= -0.010 u_rw=    -0.1 u_bx=   0.02 u_by=   0.02 com_xy= 0.000m
Step 82200: pitch= -0.00deg roll= -0.00deg x= -0.000 y= -0.007 u_rw=    18.5 u_bx=   0.05 u_by=   0.03 com_xy= 0.001m
Step 82300: pitch= -0.08deg roll= -0.00deg x= -0.000 y= -0.003 u_rw=    -2.6 u_bx=  -0.04 u_by=   0.03 com_xy= 0.001m
Step 82400: pitch=  0.01deg roll= -0.00deg x= -0.000 y=  0.001 u_rw=     5.7 u_bx=  -0.03 u_by=   0.04 com_xy= 0.001m
Step 82500: pitch= -0.02deg roll= -0.00deg x= -0.000 y=  0.005 u_rw=    -9.6 u_bx=  -0.07 u_by=   0.00 com_xy= 0.001m
Step 82600: pitch=  0.00deg roll= -0.00deg x= -0.000 y=  0.007 u_rw=     1.6 u_bx=  -0.08 u_by=   0.01 com_xy= 0.001m
Step 82700: pitch=  0.03deg roll= -0.00deg x= -0.000 y=  0.009 u_rw=    12.1 u_bx=  -0.03 u_by=   0.01 com_xy= 0.001m
Step 82800: pitch=  0.03deg roll= -0.00deg x= -0.000 y=  0.010 u_rw=     4.7 u_bx=  -0.00 u_by=  -0.02 com_xy= 0.002m
Step 82900: pitch=  0.02deg roll=  0.00deg x= -0.000 y=  0.009 u_rw=    -6.5 u_bx=  -0.08 u_by=  -0.01 com_xy= 0.002m
Step 83000: pitch= -0.00deg roll=  0.00deg x=  0.000 y=  0.007 u_rw=    -2.2 u_bx=   0.10 u_by=  -0.02 com_xy= 0.003m
Step 83100: pitch=  0.04deg roll=  0.00deg x=  0.000 y=  0.005 u_rw=   -11.0 u_bx=  -0.03 u_by=  -0.03 com_xy= 0.004m
Step 83200: pitch=  0.10deg roll=  0.00deg x=  0.000 y=  0.001 u_rw=    19.4 u_bx=   0.19 u_by=  -0.05 com_xy= 0.008m
Step 83300: pitch= -0.01deg roll=  0.01deg x=  0.000 y= -0.005 u_rw=     0.4 u_bx=  -0.00 u_by=  -0.04 com_xy= 0.011m
Step 83400: pitch=  0.00deg roll=  0.01deg x=  0.000 y= -0.010 u_rw=   -14.7 u_bx=  -0.12 u_by=   0.00 com_xy= 0.017m
Step 83500: pitch= -0.00deg roll=  0.02deg x= -0.000 y= -0.012 u_rw=    -3.9 u_bx=  -0.01 u_by=  -0.02 com_xy= 0.028m
Step 83600: pitch= -0.04deg roll=  0.03deg x= -0.000 y= -0.013 u_rw=    -2.4 u_bx=  -0.01 u_by=  -0.01 com_xy= 0.045m
Step 83700: pitch= -0.06deg roll=  0.04deg x= -0.000 y= -0.015 u_rw=    13.5 u_bx=   0.04 u_by=  -0.00 com_xy= 0.074m
Step 83800: pitch= -0.15deg roll=  0.07deg x= -0.000 y= -0.016 u_rw=     7.6 u_bx=  -0.09 u_by=   0.01 com_xy= 0.118m

CRASH #32 at step 83860: pitch=-0.25deg roll=0.09deg com_xy=0.155m reason=com_overload
Step 83900: pitch=  0.01deg roll= -0.00deg x= -0.000 y=  0.000 u_rw=    10.9 u_bx=   0.01 u_by=   0.01 com_xy= 0.000m
Step 84000: pitch=  0.00deg roll= -0.00deg x=  0.000 y= -0.000 u_rw=     3.0 u_bx=   0.03 u_by=  -0.01 com_xy= 0.000m
Step 84100: pitch=  0.00deg roll= -0.00deg x= -0.000 y= -0.001 u_rw=    -0.5 u_bx=   0.01 u_by=  -0.00 com_xy= 0.000m
Step 84200: pitch=  0.05deg roll= -0.00deg x= -0.000 y= -0.002 u_rw=    14.1 u_bx=   0.09 u_by=   0.00 com_xy= 0.000m
Step 84300: pitch=  0.03deg roll= -0.00deg x=  0.000 y= -0.003 u_rw=    -8.9 u_bx=  -0.00 u_by=  -0.02 com_xy= 0.000m
Step 84400: pitch= -0.03deg roll= -0.00deg x=  0.000 y= -0.006 u_rw=    -6.2 u_bx=  -0.05 u_by=  -0.01 com_xy= 0.000m
Step 84500: pitch=  0.01deg roll= -0.00deg x=  0.000 y= -0.008 u_rw=   -13.2 u_bx=  -0.04 u_by=  -0.05 com_xy= 0.000m
Step 84600: pitch= -0.01deg roll= -0.00deg x=  0.000 y= -0.013 u_rw=    -6.7 u_bx=   0.07 u_by=  -0.04 com_xy= 0.000m
Step 84700: pitch= -0.04deg roll= -0.00deg x=  0.000 y= -0.018 u_rw=    -4.5 u_bx=  -0.07 u_by=  -0.02 com_xy= 0.001m
Step 84800: pitch=  0.04deg roll= -0.00deg x=  0.000 y= -0.021 u_rw=    -4.4 u_bx=  -0.01 u_by=  -0.01 com_xy= 0.000m
Step 84900: pitch=  0.07deg roll= -0.00deg x=  0.000 y= -0.022 u_rw=     3.0 u_bx=   0.09 u_by=   0.00 com_xy= 0.000m
Step 85000: pitch=  0.02deg roll= -0.00deg x=  0.000 y= -0.023 u_rw=    -8.8 u_bx=  -0.02 u_by=   0.00 com_xy= 0.000m
Step 85100: pitch= -0.01deg roll= -0.00deg x=  0.000 y= -0.022 u_rw=   -12.3 u_bx=  -0.03 u_by=  -0.01 com_xy= 0.000m
Step 85200: pitch=  0.06deg roll= -0.00deg x=  0.000 y= -0.022 u_rw=    18.9 u_bx=   0.15 u_by=   0.00 com_xy= 0.001m
Step 85300: pitch= -0.02deg roll= -0.00deg x=  0.000 y= -0.022 u_rw=     2.0 u_bx=   0.05 u_by=   0.00 com_xy= 0.000m
Step 85400: pitch=  0.04deg roll= -0.00deg x= -0.000 y= -0.022 u_rw=    -5.6 u_bx=  -0.03 u_by=  -0.00 com_xy= 0.000m
Step 85500: pitch= -0.01deg roll= -0.00deg x= -0.000 y= -0.021 u_rw=    -0.4 u_bx=  -0.04 u_by=   0.01 com_xy= 0.000m
Step 85600: pitch=  0.05deg roll= -0.00deg x= -0.000 y= -0.020 u_rw=     4.1 u_bx=   0.03 u_by=  -0.01 com_xy= 0.000m
Step 85700: pitch= -0.03deg roll= -0.00deg x=  0.000 y= -0.021 u_rw=    -2.5 u_bx=  -0.04 u_by=  -0.02 com_xy= 0.000m
Step 85800: pitch=  0.07deg roll= -0.00deg x= -0.000 y= -0.021 u_rw=     5.0 u_bx=   0.09 u_by=  -0.01 com_xy= 0.001m
Step 85900: pitch=  0.06deg roll= -0.00deg x=  0.000 y= -0.022 u_rw=     4.2 u_bx=   0.04 u_by=  -0.02 com_xy= 0.000m
Step 86000: pitch=  0.04deg roll= -0.00deg x=  0.000 y= -0.024 u_rw=    -6.3 u_bx=   0.01 u_by=  -0.01 com_xy= 0.000m
Step 86100: pitch=  0.02deg roll=  0.00deg x=  0.000 y= -0.026 u_rw=   -14.7 u_bx=  -0.05 u_by=  -0.00 com_xy= 0.001m
Step 86200: pitch=  0.03deg roll=  0.00deg x=  0.000 y= -0.027 u_rw=   -16.4 u_bx=  -0.01 u_by=  -0.01 com_xy= 0.001m
Step 86300: pitch=  0.04deg roll=  0.00deg x=  0.000 y= -0.028 u_rw=     6.3 u_bx=   0.15 u_by=  -0.02 com_xy= 0.001m
Step 86400: pitch=  0.12deg roll=  0.00deg x=  0.000 y= -0.031 u_rw=     0.8 u_bx=   0.17 u_by=  -0.08 com_xy= 0.002m
Step 86500: pitch=  0.13deg roll=  0.01deg x=  0.000 y= -0.039 u_rw=     1.3 u_bx=   0.18 u_by=  -0.07 com_xy= 0.003m
Step 86600: pitch=  0.12deg roll=  0.01deg x=  0.000 y= -0.049 u_rw=    17.9 u_bx=   0.18 u_by=  -0.03 com_xy= 0.005m
Step 86700: pitch=  0.05deg roll=  0.02deg x=  0.000 y= -0.055 u_rw=     3.8 u_bx=   0.12 u_by=  -0.02 com_xy= 0.007m
Step 86800: pitch= -0.01deg roll=  0.03deg x=  0.000 y= -0.059 u_rw=    -4.3 u_bx=   0.00 u_by=  -0.04 com_xy= 0.011m
Step 86900: pitch=  0.07deg roll=  0.05deg x=  0.000 y= -0.066 u_rw=    -9.4 u_bx=   0.07 u_by=  -0.07 com_xy= 0.017m
Step 87000: pitch=  0.10deg roll=  0.08deg x=  0.000 y= -0.074 u_rw=     1.0 u_bx=   0.13 u_by=  -0.08 com_xy= 0.026m
Step 87100: pitch=  0.12deg roll=  0.12deg x=  0.000 y= -0.084 u_rw=     4.5 u_bx=   0.13 u_by=  -0.03 com_xy= 0.040m
Step 87200: pitch=  0.08deg roll=  0.18deg x=  0.000 y= -0.091 u_rw=    -9.3 u_bx=   0.05 u_by=  -0.04 com_xy= 0.062m
Step 87300: pitch=  0.06deg roll=  0.22deg x=  0.000 y= -0.097 u_rw=   -10.6 u_bx=   0.02 u_by=  -0.04 com_xy= 0.095m
Step 87400: pitch=  0.06deg roll=  0.25deg x=  0.000 y= -0.103 u_rw=   -11.9 u_bx=   0.06 u_by=  -0.05 com_xy= 0.145m

CRASH #33 at step 87415: pitch=0.08deg roll=0.26deg com_xy=0.154m reason=com_overload
Step 87500: pitch=  0.05deg roll= -0.00deg x=  0.000 y=  0.000 u_rw=     7.5 u_bx=   0.06 u_by=   0.01 com_xy= 0.000m
Step 87600: pitch=  0.00deg roll= -0.00deg x=  0.000 y=  0.001 u_rw=    -6.0 u_bx=  -0.04 u_by=  -0.00 com_xy= 0.000m
Step 87700: pitch=  0.05deg roll= -0.00deg x=  0.000 y=  0.002 u_rw=     4.7 u_bx=   0.09 u_by=  -0.03 com_xy= 0.000m
Step 87800: pitch=  0.04deg roll= -0.00deg x=  0.000 y=  0.000 u_rw=    -1.5 u_bx=   0.07 u_by=  -0.04 com_xy= 0.000m
Step 87900: pitch= -0.03deg roll= -0.00deg x=  0.000 y= -0.004 u_rw=     0.4 u_bx=   0.07 u_by=  -0.04 com_xy= 0.000m
Step 88000: pitch=  0.05deg roll= -0.00deg x=  0.000 y= -0.008 u_rw=    -3.1 u_bx=  -0.02 u_by=  -0.02 com_xy= 0.001m
Step 88100: pitch= -0.01deg roll= -0.00deg x=  0.000 y= -0.011 u_rw=    -4.1 u_bx=   0.03 u_by=   0.00 com_xy= 0.001m
Step 88200: pitch=  0.02deg roll= -0.00deg x=  0.000 y= -0.011 u_rw=     2.1 u_bx=   0.04 u_by=   0.01 com_xy= 0.001m
Step 88300: pitch=  0.01deg roll= -0.00deg x=  0.000 y= -0.012 u_rw=     5.4 u_bx=   0.10 u_by=  -0.00 com_xy= 0.002m
Step 88400: pitch= -0.00deg roll= -0.00deg x=  0.000 y= -0.013 u_rw=    10.4 u_bx=   0.15 u_by=  -0.02 com_xy= 0.002m
Step 88500: pitch=  0.02deg roll= -0.00deg x=  0.000 y= -0.015 u_rw=    12.6 u_bx=   0.12 u_by=  -0.03 com_xy= 0.003m
Step 88600: pitch=  0.01deg roll= -0.00deg x=  0.000 y= -0.018 u_rw=     7.3 u_bx=   0.02 u_by=  -0.01 com_xy= 0.005m
Step 88700: pitch=  0.02deg roll= -0.00deg x= -0.000 y= -0.021 u_rw=     7.0 u_bx=   0.04 u_by=  -0.01 com_xy= 0.008m
Step 88800: pitch= -0.02deg roll= -0.00deg x=  0.000 y= -0.022 u_rw=     3.8 u_bx=   0.11 u_by=  -0.00 com_xy= 0.013m
Step 88900: pitch= -0.06deg roll= -0.00deg x=  0.000 y= -0.023 u_rw=    -8.1 u_bx=  -0.05 u_by=  -0.00 com_xy= 0.022m
Step 89000: pitch=  0.06deg roll= -0.00deg x=  0.000 y= -0.023 u_rw=     3.7 u_bx=   0.12 u_by=  -0.00 com_xy= 0.035m
Step 89100: pitch=  0.12deg roll= -0.00deg x=  0.000 y= -0.024 u_rw=     4.5 u_bx=   0.16 u_by=  -0.01 com_xy= 0.056m
Step 89200: pitch=  0.13deg roll= -0.00deg x=  0.000 y= -0.025 u_rw=    -8.6 u_bx=   0.09 u_by=  -0.00 com_xy= 0.091m
Step 89300: pitch=  0.25deg roll= -0.00deg x=  0.000 y= -0.026 u_rw=    -3.3 u_bx=   0.25 u_by=  -0.04 com_xy= 0.145m

CRASH #34 at step 89315: pitch=0.34deg roll=-0.00deg com_xy=0.155m reason=com_overload
Step 89400: pitch=  0.01deg roll= -0.00deg x= -0.000 y=  0.001 u_rw=     5.6 u_bx=   0.03 u_by=   0.02 com_xy= 0.000m
Step 89500: pitch= -0.05deg roll= -0.00deg x=  0.000 y=  0.003 u_rw=   -18.7 u_bx=  -0.09 u_by=   0.02 com_xy= 0.001m
Step 89600: pitch=  0.03deg roll= -0.00deg x=  0.000 y=  0.006 u_rw=    -1.3 u_bx=  -0.02 u_by=   0.02 com_xy= 0.000m
Step 89700: pitch=  0.05deg roll= -0.00deg x= -0.000 y=  0.008 u_rw=     1.9 u_bx=   0.08 u_by=   0.02 com_xy= 0.000m
Step 89800: pitch=  0.04deg roll= -0.00deg x= -0.000 y=  0.011 u_rw=    18.7 u_bx=   0.07 u_by=   0.02 com_xy= 0.000m
Step 89900: pitch= -0.04deg roll= -0.00deg x= -0.000 y=  0.013 u_rw=    -1.2 u_bx=   0.05 u_by=   0.01 com_xy= 0.000m
Step 90000: pitch= -0.07deg roll= -0.00deg x=  0.000 y=  0.014 u_rw=   -15.7 u_bx=  -0.10 u_by=   0.01 com_xy= 0.001m
Step 90100: pitch= -0.02deg roll= -0.00deg x=  0.000 y=  0.016 u_rw=   -17.4 u_bx=  -0.11 u_by=   0.02 com_xy= 0.000m
Step 90200: pitch=  0.04deg roll= -0.00deg x= -0.000 y=  0.018 u_rw=    -0.7 u_bx=   0.04 u_by=  -0.01 com_xy= 0.000m
Step 90300: pitch=  0.04deg roll= -0.00deg x= -0.000 y=  0.019 u_rw=    17.3 u_bx=   0.10 u_by=   0.02 com_xy= 0.000m
Step 90400: pitch= -0.05deg roll= -0.00deg x=  0.000 y=  0.019 u_rw=     0.9 u_bx=   0.04 u_by=  -0.00 com_xy= 0.000m
Step 90500: pitch= -0.07deg roll= -0.00deg x=  0.000 y=  0.018 u_rw=    -2.4 u_bx=  -0.08 u_by=  -0.02 com_xy= 0.000m
Step 90600: pitch=  0.02deg roll= -0.00deg x=  0.000 y=  0.016 u_rw=    -6.3 u_bx=  -0.05 u_by=  -0.01 com_xy= 0.000m
Step 90700: pitch= -0.01deg roll= -0.00deg x=  0.000 y=  0.015 u_rw=    -2.6 u_bx=   0.06 u_by=  -0.03 com_xy= 0.001m
Step 90800: pitch=  0.08deg roll= -0.00deg x=  0.000 y=  0.013 u_rw=     6.0 u_bx=   0.10 u_by=  -0.04 com_xy= 0.002m
Step 90900: pitch=  0.09deg roll= -0.00deg x=  0.000 y=  0.009 u_rw=    13.9 u_bx=   0.14 u_by=  -0.01 com_xy= 0.002m
Step 91000: pitch= -0.01deg roll= -0.00deg x=  0.000 y=  0.007 u_rw=   -11.0 u_bx=  -0.07 u_by=   0.00 com_xy= 0.001m
Step 91100: pitch=  0.07deg roll= -0.00deg x=  0.000 y=  0.006 u_rw=   -15.4 u_bx=  -0.04 u_by=  -0.01 com_xy= 0.002m
Step 91200: pitch=  0.14deg roll= -0.00deg x=  0.000 y=  0.004 u_rw=    -0.7 u_bx=   0.11 u_by=  -0.03 com_xy= 0.003m
Step 91300: pitch=  0.14deg roll= -0.00deg x=  0.000 y=  0.001 u_rw=    19.3 u_bx=   0.17 u_by=  -0.03 com_xy= 0.005m
Step 91400: pitch=  0.10deg roll= -0.00deg x=  0.000 y= -0.002 u_rw=   -10.0 u_bx=   0.06 u_by=  -0.05 com_xy= 0.007m
Step 91500: pitch=  0.10deg roll= -0.00deg x=  0.000 y= -0.008 u_rw=    -8.0 u_bx=   0.11 u_by=  -0.07 com_xy= 0.012m
Step 91600: pitch=  0.04deg roll=  0.00deg x=  0.000 y= -0.015 u_rw=     0.3 u_bx=   0.11 u_by=  -0.04 com_xy= 0.019m
Step 91700: pitch=  0.03deg roll=  0.00deg x=  0.000 y= -0.021 u_rw=   -19.4 u_bx=   0.01 u_by=  -0.03 com_xy= 0.029m
Step 91800: pitch=  0.08deg roll=  0.00deg x=  0.000 y= -0.027 u_rw=     9.5 u_bx=   0.17 u_by=  -0.03 com_xy= 0.049m
Step 91900: pitch= -0.02deg roll=  0.01deg x=  0.000 y= -0.031 u_rw=    -0.4 u_bx=  -0.05 u_by=  -0.01 com_xy= 0.078m
Step 92000: pitch= -0.15deg roll=  0.01deg x= -0.000 y= -0.033 u_rw=    -3.8 u_bx=  -0.11 u_by=  -0.01 com_xy= 0.126m

CRASH #35 at step 92045: pitch=-0.25deg roll=0.01deg com_xy=0.154m reason=com_overload
Step 92100: pitch=  0.01deg roll= -0.00deg x=  0.000 y= -0.000 u_rw=    -2.0 u_bx=   0.03 u_by=  -0.02 com_xy= 0.000m
Step 92200: pitch=  0.02deg roll= -0.00deg x= -0.000 y= -0.001 u_rw=    11.3 u_bx=   0.05 u_by=   0.01 com_xy= 0.000m
Step 92300: pitch=  0.04deg roll= -0.00deg x= -0.000 y= -0.002 u_rw=     1.8 u_bx=  -0.00 u_by=   0.00 com_xy= 0.000m
Step 92400: pitch= -0.00deg roll= -0.00deg x= -0.000 y= -0.000 u_rw=    15.4 u_bx=   0.04 u_by=   0.04 com_xy= 0.000m
Step 92500: pitch= -0.04deg roll= -0.00deg x= -0.000 y=  0.004 u_rw=     0.5 u_bx=  -0.04 u_by=   0.03 com_xy= 0.000m
Step 92600: pitch=  0.03deg roll= -0.00deg x=  0.000 y=  0.007 u_rw=    11.0 u_bx=   0.08 u_by=   0.01 com_xy= 0.001m
Step 92700: pitch=  0.05deg roll= -0.00deg x= -0.000 y=  0.009 u_rw=     7.7 u_bx=   0.04 u_by=   0.01 com_xy= 0.001m
Step 92800: pitch=  0.02deg roll= -0.00deg x=  0.000 y=  0.009 u_rw=    -6.9 u_bx=  -0.05 u_by=   0.00 com_xy= 0.001m
Step 92900: pitch=  0.02deg roll= -0.00deg x= -0.000 y=  0.009 u_rw=   -12.3 u_bx=  -0.05 u_by=  -0.01 com_xy= 0.001m
Step 93000: pitch=  0.04deg roll= -0.00deg x=  0.000 y=  0.008 u_rw=     6.8 u_bx=   0.06 u_by=   0.01 com_xy= 0.001m
Step 93100: pitch=  0.02deg roll= -0.00deg x=  0.000 y=  0.007 u_rw=   -14.5 u_bx=   0.02 u_by=  -0.02 com_xy= 0.001m
Step 93200: pitch=  0.04deg roll= -0.00deg x=  0.000 y=  0.006 u_rw=    -3.0 u_bx=   0.11 u_by=  -0.00 com_xy= 0.001m
Step 93300: pitch=  0.04deg roll= -0.00deg x=  0.000 y=  0.005 u_rw=    -3.7 u_bx=   0.11 u_by=  -0.02 com_xy= 0.001m
Step 93400: pitch=  0.12deg roll= -0.00deg x=  0.000 y=  0.002 u_rw=    10.1 u_bx=   0.17 u_by=  -0.02 com_xy= 0.002m
Step 93500: pitch=  0.11deg roll= -0.00deg x=  0.000 y=  0.000 u_rw=    11.3 u_bx=   0.20 u_by=  -0.02 com_xy= 0.002m
Step 93600: pitch=  0.16deg roll= -0.00deg x=  0.000 y= -0.002 u_rw=     4.1 u_bx=   0.15 u_by=  -0.02 com_xy= 0.002m
Step 93700: pitch=  0.08deg roll= -0.00deg x=  0.000 y= -0.005 u_rw=    -0.9 u_bx=   0.08 u_by=  -0.03 com_xy= 0.003m
Step 93800: pitch=  0.16deg roll= -0.00deg x=  0.000 y= -0.009 u_rw=     3.7 u_bx=   0.10 u_by=  -0.02 com_xy= 0.004m
Step 93900: pitch=  0.18deg roll= -0.00deg x=  0.000 y= -0.013 u_rw=     6.9 u_bx=   0.17 u_by=  -0.04 com_xy= 0.007m
Step 94000: pitch=  0.21deg roll= -0.00deg x=  0.000 y= -0.018 u_rw=     2.8 u_bx=   0.25 u_by=  -0.05 com_xy= 0.011m
Step 94100: pitch=  0.14deg roll= -0.01deg x=  0.000 y= -0.023 u_rw=     7.9 u_bx=   0.22 u_by=  -0.04 com_xy= 0.017m
Step 94200: pitch=  0.14deg roll= -0.01deg x=  0.000 y= -0.030 u_rw=     8.3 u_bx=   0.15 u_by=  -0.04 com_xy= 0.026m
Step 94300: pitch=  0.16deg roll= -0.01deg x=  0.000 y= -0.035 u_rw=    -1.3 u_bx=   0.13 u_by=  -0.01 com_xy= 0.042m
Step 94400: pitch=  0.07deg roll= -0.02deg x=  0.000 y= -0.039 u_rw=    15.3 u_bx=   0.15 u_by=  -0.01 com_xy= 0.068m
Step 94500: pitch= -0.01deg roll= -0.03deg x=  0.000 y= -0.041 u_rw=     7.9 u_bx=   0.12 u_by=  -0.00 com_xy= 0.109m

CRASH #36 at step 94576: pitch=-0.11deg roll=-0.04deg com_xy=0.155m reason=com_overload
Step 94600: pitch=  0.02deg roll= -0.00deg x= -0.000 y=  0.000 u_rw=    -2.0 u_bx=   0.03 u_by=  -0.01 com_xy= 0.000m
Step 94700: pitch= -0.02deg roll= -0.00deg x=  0.000 y= -0.001 u_rw=   -15.2 u_bx=  -0.11 u_by=  -0.01 com_xy= 0.000m
Step 94800: pitch= -0.03deg roll= -0.00deg x= -0.000 y= -0.003 u_rw=    -5.0 u_bx=  -0.04 u_by=  -0.01 com_xy= 0.000m
Step 94900: pitch= -0.02deg roll= -0.00deg x= -0.000 y= -0.005 u_rw=    -6.6 u_bx=  -0.06 u_by=   0.01 com_xy= 0.000m
Step 95000: pitch= -0.03deg roll= -0.00deg x=  0.000 y= -0.005 u_rw=    -3.9 u_bx=  -0.02 u_by=   0.01 com_xy= 0.000m
Step 95100: pitch= -0.00deg roll= -0.00deg x= -0.000 y= -0.005 u_rw=     7.7 u_bx=   0.05 u_by=  -0.01 com_xy= 0.000m
Step 95200: pitch=  0.02deg roll= -0.00deg x= -0.000 y= -0.006 u_rw=    14.2 u_bx=   0.03 u_by=  -0.00 com_xy= 0.000m
Step 95300: pitch=  0.04deg roll= -0.00deg x= -0.000 y= -0.007 u_rw=     5.7 u_bx=  -0.01 u_by=  -0.02 com_xy= 0.000m
Step 95400: pitch=  0.01deg roll= -0.00deg x= -0.000 y= -0.008 u_rw=     7.6 u_bx=  -0.03 u_by=   0.00 com_xy= 0.000m
Step 95500: pitch=  0.01deg roll= -0.00deg x= -0.000 y= -0.008 u_rw=     3.7 u_bx=  -0.04 u_by=   0.01 com_xy= 0.000m
Step 95600: pitch= -0.02deg roll= -0.00deg x= -0.000 y= -0.008 u_rw=    -9.5 u_bx=  -0.09 u_by=  -0.00 com_xy= 0.000m
Step 95700: pitch=  0.03deg roll= -0.00deg x=  0.000 y= -0.008 u_rw=     6.1 u_bx=   0.03 u_by=  -0.03 com_xy= 0.000m
Step 95800: pitch= -0.03deg roll= -0.00deg x=  0.000 y= -0.010 u_rw=   -17.1 u_bx=  -0.04 u_by=  -0.01 com_xy= 0.000m
Step 95900: pitch=  0.05deg roll= -0.00deg x=  0.000 y= -0.012 u_rw=    14.5 u_bx=   0.12 u_by=  -0.01 com_xy= 0.001m
Step 96000: pitch=  0.05deg roll= -0.00deg x=  0.000 y= -0.013 u_rw=     8.9 u_bx=   0.14 u_by=  -0.01 com_xy= 0.001m
Step 96100: pitch=  0.06deg roll= -0.00deg x=  0.000 y= -0.016 u_rw=     8.7 u_bx=   0.13 u_by=  -0.02 com_xy= 0.001m
Step 96200: pitch=  0.06deg roll= -0.00deg x=  0.000 y= -0.018 u_rw=    -0.1 u_bx=  -0.02 u_by=   0.00 com_xy= 0.001m
Step 96300: pitch=  0.08deg roll= -0.00deg x= -0.000 y= -0.019 u_rw=     4.7 u_bx=  -0.01 u_by=   0.01 com_xy= 0.001m
Step 96400: pitch=  0.07deg roll=  0.00deg x= -0.000 y= -0.019 u_rw=     3.5 u_bx=   0.00 u_by=   0.00 com_xy= 0.001m
Step 96500: pitch=  0.01deg roll=  0.00deg x= -0.000 y= -0.018 u_rw=   -16.9 u_bx=  -0.08 u_by=   0.02 com_xy= 0.001m
Step 96600: pitch=  0.04deg roll=  0.00deg x= -0.000 y= -0.016 u_rw=     7.4 u_bx=   0.09 u_by=   0.02 com_xy= 0.002m
Step 96700: pitch=  0.05deg roll=  0.01deg x=  0.000 y= -0.014 u_rw=    10.3 u_bx=   0.11 u_by=  -0.01 com_xy= 0.003m
Step 96800: pitch=  0.05deg roll=  0.01deg x=  0.000 y= -0.015 u_rw=     3.6 u_bx=   0.14 u_by=  -0.03 com_xy= 0.005m
Step 96900: pitch=  0.12deg roll=  0.02deg x=  0.000 y= -0.018 u_rw=     5.1 u_bx=   0.17 u_by=  -0.03 com_xy= 0.007m
Step 97000: pitch=  0.13deg roll=  0.03deg x=  0.000 y= -0.022 u_rw=     7.1 u_bx=   0.20 u_by=  -0.02 com_xy= 0.011m
Step 97100: pitch=  0.11deg roll=  0.05deg x=  0.000 y= -0.026 u_rw=     7.5 u_bx=   0.11 u_by=  -0.04 com_xy= 0.018m
Step 97200: pitch=  0.07deg roll=  0.08deg x=  0.000 y= -0.031 u_rw=   -12.2 u_bx=  -0.01 u_by=  -0.05 com_xy= 0.027m
Step 97300: pitch=  0.11deg roll=  0.13deg x=  0.000 y= -0.037 u_rw=    18.0 u_bx=   0.25 u_by=  -0.09 com_xy= 0.042m
Step 97400: pitch=  0.01deg roll=  0.18deg x=  0.000 y= -0.047 u_rw=     0.4 u_bx=  -0.02 u_by=  -0.09 com_xy= 0.065m
Step 97500: pitch=  0.03deg roll=  0.20deg x=  0.000 y= -0.059 u_rw=   -14.5 u_bx=  -0.03 u_by=  -0.10 com_xy= 0.099m
Step 97600: pitch=  0.12deg roll=  0.24deg x=  0.000 y= -0.072 u_rw=     0.3 u_bx=   0.05 u_by=  -0.12 com_xy= 0.151m

CRASH #37 at step 97605: pitch=0.15deg roll=0.24deg com_xy=0.154m reason=com_overload
Step 97700: pitch= -0.03deg roll= -0.00deg x= -0.000 y=  0.000 u_rw=    -5.4 u_bx=  -0.01 u_by=   0.01 com_xy= 0.000m
Step 97800: pitch= -0.02deg roll= -0.00deg x=  0.000 y=  0.001 u_rw=    -4.9 u_bx=   0.06 u_by=  -0.01 com_xy= 0.000m
Step 97900: pitch=  0.04deg roll= -0.00deg x=  0.000 y=  0.000 u_rw=    11.1 u_bx=   0.15 u_by=  -0.02 com_xy= 0.000m
Step 98000: pitch=  0.02deg roll= -0.00deg x=  0.000 y= -0.001 u_rw=    -3.2 u_bx=   0.01 u_by=  -0.02 com_xy= 0.000m
Step 98100: pitch= -0.02deg roll= -0.00deg x= -0.000 y= -0.002 u_rw=   -13.7 u_bx=  -0.11 u_by=   0.01 com_xy= 0.001m
Step 98200: pitch= -0.04deg roll= -0.00deg x= -0.000 y= -0.001 u_rw=    -6.6 u_bx=  -0.13 u_by=   0.00 com_xy= 0.001m
Step 98300: pitch= -0.03deg roll= -0.00deg x= -0.000 y= -0.001 u_rw=    -4.9 u_bx=  -0.03 u_by=  -0.02 com_xy= 0.001m
Step 98400: pitch=  0.05deg roll= -0.00deg x= -0.000 y= -0.002 u_rw=     0.1 u_bx=  -0.03 u_by=   0.00 com_xy= 0.001m
Step 98500: pitch= -0.06deg roll= -0.00deg x= -0.000 y= -0.003 u_rw=    -1.6 u_bx=  -0.08 u_by=   0.04 com_xy= 0.002m
Step 98600: pitch= -0.02deg roll= -0.00deg x= -0.000 y= -0.001 u_rw=    13.9 u_bx=  -0.02 u_by=   0.01 com_xy= 0.002m
Step 98700: pitch= -0.07deg roll= -0.00deg x= -0.000 y=  0.002 u_rw=   -12.3 u_bx=  -0.14 u_by=   0.01 com_xy= 0.003m
Step 98800: pitch= -0.02deg roll= -0.00deg x= -0.000 y=  0.004 u_rw=    19.5 u_bx=   0.04 u_by=   0.01 com_xy= 0.003m
Step 98900: pitch= -0.05deg roll= -0.00deg x= -0.000 y=  0.006 u_rw=    14.7 u_bx=   0.04 u_by=   0.03 com_xy= 0.005m
Step 99000: pitch= -0.12deg roll= -0.00deg x= -0.000 y=  0.009 u_rw=    -0.4 u_bx=  -0.09 u_by=   0.03 com_xy= 0.008m
Step 99100: pitch= -0.08deg roll= -0.00deg x=  0.000 y=  0.011 u_rw=   -12.9 u_bx=  -0.08 u_by=  -0.01 com_xy= 0.013m
Step 99200: pitch=  0.01deg roll= -0.00deg x= -0.000 y=  0.012 u_rw=    19.9 u_bx=   0.11 u_by=   0.00 com_xy= 0.020m
Step 99300: pitch= -0.03deg roll= -0.00deg x= -0.000 y=  0.012 u_rw=    17.1 u_bx=   0.02 u_by=   0.02 com_xy= 0.033m
Step 99400: pitch= -0.05deg roll= -0.00deg x= -0.000 y=  0.015 u_rw=    -0.6 u_bx=  -0.06 u_by=   0.03 com_xy= 0.054m
Step 99500: pitch=  0.08deg roll= -0.00deg x=  0.000 y=  0.018 u_rw=    -8.9 u_bx=  -0.03 u_by=   0.04 com_xy= 0.088m
Step 99600: pitch=  0.21deg roll= -0.00deg x=  0.000 y=  0.023 u_rw=   -12.2 u_bx=   0.05 u_by=   0.01 com_xy= 0.139m

CRASH #38 at step 99624: pitch=0.18deg roll=-0.00deg com_xy=0.155m reason=com_overload
Step 99700: pitch= -0.03deg roll= -0.00deg x=  0.000 y= -0.000 u_rw=    -8.9 u_bx=  -0.00 u_by=  -0.02 com_xy= 0.000m
Step 99800: pitch= -0.02deg roll= -0.00deg x=  0.000 y= -0.002 u_rw=   -10.2 u_bx=   0.04 u_by=  -0.04 com_xy= 0.000m
Step 99900: pitch= -0.02deg roll= -0.00deg x=  0.000 y= -0.006 u_rw=    -7.3 u_bx=  -0.03 u_by=   0.01 com_xy= 0.000m
Step 100000: pitch=  0.04deg roll= -0.00deg x= -0.000 y= -0.007 u_rw=    -0.4 u_bx=   0.04 u_by=   0.01 com_xy= 0.000m
Step 100100: pitch=  0.05deg roll= -0.00deg x= -0.000 y= -0.007 u_rw=    18.9 u_bx=   0.11 u_by=  -0.00 com_xy= 0.000m
Step 100200: pitch= -0.02deg roll= -0.00deg x= -0.000 y= -0.007 u_rw=   -12.2 u_bx=  -0.11 u_by=   0.00 com_xy= 0.000m
Step 100300: pitch=  0.04deg roll= -0.00deg x=  0.000 y= -0.007 u_rw=     7.5 u_bx=   0.04 u_by=  -0.01 com_xy= 0.000m
Step 100400: pitch=  0.05deg roll= -0.00deg x=  0.000 y= -0.007 u_rw=     3.5 u_bx=   0.02 u_by=  -0.00 com_xy= 0.000m
Step 100500: pitch=  0.00deg roll= -0.00deg x= -0.000 y= -0.008 u_rw=    -4.6 u_bx=  -0.04 u_by=  -0.02 com_xy= 0.000m
Step 100600: pitch= -0.05deg roll= -0.00deg x= -0.000 y= -0.010 u_rw=     1.5 u_bx=   0.03 u_by=  -0.00 com_xy= 0.000m
Step 100700: pitch= -0.09deg roll= -0.00deg x=  0.000 y= -0.011 u_rw=    -7.8 u_bx=  -0.13 u_by=  -0.00 com_xy= 0.000m
Step 100800: pitch= -0.00deg roll= -0.00deg x= -0.000 y= -0.012 u_rw=    -7.5 u_bx=  -0.08 u_by=   0.01 com_xy= 0.000m
Step 100900: pitch= -0.03deg roll= -0.00deg x=  0.000 y= -0.012 u_rw=    -5.4 u_bx=   0.04 u_by=  -0.03 com_xy= 0.001m
Step 101000: pitch= -0.01deg roll= -0.00deg x=  0.000 y= -0.014 u_rw=    -8.5 u_bx=  -0.03 u_by=  -0.03 com_xy= 0.001m
Step 101100: pitch= -0.04deg roll= -0.00deg x=  0.000 y= -0.018 u_rw=    -2.9 u_bx=  -0.02 u_by=  -0.02 com_xy= 0.002m
Step 101200: pitch=  0.05deg roll= -0.00deg x=  0.000 y= -0.022 u_rw=     7.9 u_bx=   0.09 u_by=  -0.01 com_xy= 0.003m
Step 101300: pitch=  0.05deg roll= -0.00deg x=  0.000 y= -0.023 u_rw=    -1.0 u_bx=   0.02 u_by=  -0.00 com_xy= 0.004m
Step 101400: pitch=  0.00deg roll= -0.00deg x=  0.000 y= -0.024 u_rw=   -13.1 u_bx=   0.01 u_by=  -0.02 com_xy= 0.006m
Step 101500: pitch=  0.04deg roll= -0.00deg x=  0.000 y= -0.025 u_rw=    -6.4 u_bx=   0.08 u_by=  -0.02 com_xy= 0.010m
Step 101600: pitch=  0.03deg roll= -0.00deg x=  0.000 y= -0.027 u_rw=    -7.9 u_bx=   0.07 u_by=  -0.03 com_xy= 0.016m
Step 101700: pitch=  0.04deg roll= -0.00deg x=  0.000 y= -0.030 u_rw=     1.4 u_bx=   0.01 u_by=   0.01 com_xy= 0.026m
Step 101800: pitch= -0.05deg roll= -0.00deg x=  0.000 y= -0.030 u_rw=   -15.0 u_bx=  -0.07 u_by=  -0.01 com_xy= 0.042m
Step 101900: pitch= -0.12deg roll= -0.00deg x= -0.000 y= -0.031 u_rw=    -8.2 u_bx=  -0.09 u_by=   0.01 com_xy= 0.069m
Step 102000: pitch= -0.19deg roll= -0.01deg x= -0.000 y= -0.030 u_rw=     3.9 u_bx=  -0.09 u_by=   0.04 com_xy= 0.111m

CRASH #39 at step 102073: pitch=-0.26deg roll=-0.01deg com_xy=0.155m reason=com_overload
Step 102100: pitch=  0.01deg roll= -0.00deg x= -0.000 y=  0.000 u_rw=     2.1 u_bx=  -0.02 u_by=   0.00 com_xy= 0.000m
Step 102200: pitch= -0.00deg roll= -0.00deg x=  0.000 y=  0.000 u_rw=     7.1 u_bx=   0.05 u_by=   0.01 com_xy= 0.000m
Step 102300: pitch= -0.01deg roll= -0.00deg x= -0.000 y=  0.001 u_rw=     9.0 u_bx=   0.03 u_by=   0.03 com_xy= 0.000m
Step 102400: pitch=  0.00deg roll= -0.00deg x= -0.000 y=  0.003 u_rw=     2.0 u_bx=   0.01 u_by=   0.00 com_xy= 0.000m
Step 102500: pitch= -0.02deg roll= -0.00deg x= -0.000 y=  0.005 u_rw=    13.0 u_bx=   0.05 u_by=   0.01 com_xy= 0.001m
Step 102600: pitch= -0.07deg roll= -0.00deg x= -0.000 y=  0.005 u_rw=     0.6 u_bx=  -0.05 u_by=   0.01 com_xy= 0.000m
Step 102700: pitch= -0.01deg roll= -0.00deg x=  0.000 y=  0.006 u_rw=    -7.0 u_bx=  -0.03 u_by=   0.01 com_xy= 0.000m
Step 102800: pitch= -0.01deg roll= -0.00deg x=  0.000 y=  0.007 u_rw=    -9.7 u_bx=  -0.03 u_by=  -0.02 com_xy= 0.001m
Step 102900: pitch= -0.06deg roll= -0.00deg x= -0.000 y=  0.008 u_rw=   -15.3 u_bx=  -0.12 u_by=   0.01 com_xy= 0.001m
Step 103000: pitch=  0.07deg roll= -0.00deg x= -0.000 y=  0.009 u_rw=    -0.3 u_bx=   0.10 u_by=  -0.01 com_xy= 0.001m
Step 103100: pitch=  0.12deg roll= -0.00deg x= -0.000 y=  0.010 u_rw=    19.5 u_bx=   0.14 u_by=  -0.01 com_xy= 0.001m
Step 103200: pitch=  0.02deg roll= -0.00deg x=  0.000 y=  0.008 u_rw=    -5.9 u_bx=   0.01 u_by=  -0.03 com_xy= 0.000m
Step 103300: pitch=  0.04deg roll= -0.00deg x=  0.000 y=  0.004 u_rw=   -10.1 u_bx=  -0.04 u_by=  -0.02 com_xy= 0.000m
Step 103400: pitch=  0.07deg roll= -0.00deg x=  0.000 y=  0.001 u_rw=    -8.9 u_bx=  -0.02 u_by=  -0.01 com_xy= 0.000m
Step 103500: pitch=  0.06deg roll= -0.00deg x=  0.000 y= -0.001 u_rw=   -12.9 u_bx=  -0.00 u_by=  -0.03 com_xy= 0.000m
Step 103600: pitch=  0.07deg roll= -0.00deg x=  0.000 y= -0.004 u_rw=     9.9 u_bx=   0.14 u_by=  -0.02 com_xy= 0.001m
Step 103700: pitch=  0.03deg roll= -0.00deg x=  0.000 y= -0.007 u_rw=    -5.4 u_bx=   0.02 u_by=  -0.01 com_xy= 0.000m
Step 103800: pitch=  0.11deg roll= -0.00deg x=  0.000 y= -0.010 u_rw=     0.8 u_bx=   0.04 u_by=  -0.05 com_xy= 0.001m
Step 103900: pitch=  0.11deg roll= -0.00deg x=  0.000 y= -0.015 u_rw=    18.2 u_bx=   0.19 u_by=  -0.03 com_xy= 0.001m
Step 104000: pitch=  0.03deg roll=  0.00deg x=  0.000 y= -0.021 u_rw=     1.5 u_bx=   0.05 u_by=  -0.02 com_xy= 0.001m
Step 104100: pitch=  0.08deg roll=  0.00deg x=  0.000 y= -0.025 u_rw=   -10.8 u_bx=   0.05 u_by=  -0.05 com_xy= 0.001m
Step 104200: pitch=  0.07deg roll=  0.00deg x=  0.000 y= -0.030 u_rw=    -7.4 u_bx=   0.02 u_by=  -0.03 com_xy= 0.001m
Step 104300: pitch=  0.10deg roll=  0.00deg x=  0.000 y= -0.034 u_rw=    -9.1 u_bx=   0.12 u_by=  -0.03 com_xy= 0.002m
Step 104400: pitch=  0.11deg roll=  0.01deg x=  0.000 y= -0.039 u_rw=   -14.3 u_bx=   0.10 u_by=  -0.04 com_xy= 0.003m
Step 104500: pitch=  0.23deg roll=  0.01deg x=  0.000 y= -0.044 u_rw=     6.6 u_bx=   0.25 u_by=  -0.04 com_xy= 0.005m
Step 104600: pitch=  0.16deg roll=  0.02deg x=  0.000 y= -0.051 u_rw=     6.4 u_bx=   0.29 u_by=  -0.08 com_xy= 0.007m
Step 104700: pitch=  0.15deg roll=  0.03deg x=  0.000 y= -0.061 u_rw=    -8.4 u_bx=   0.17 u_by=  -0.11 com_xy= 0.011m
Step 104800: pitch=  0.26deg roll=  0.04deg x=  0.000 y= -0.074 u_rw=     6.3 u_bx=   0.31 u_by=  -0.09 com_xy= 0.016m
Step 104900: pitch=  0.20deg roll=  0.07deg x=  0.000 y= -0.086 u_rw=     8.8 u_bx=   0.28 u_by=  -0.03 com_xy= 0.025m
Step 105000: pitch=  0.22deg roll=  0.10deg x=  0.000 y= -0.094 u_rw=     9.3 u_bx=   0.32 u_by=  -0.04 com_xy= 0.039m
Step 105100: pitch=  0.20deg roll=  0.16deg x=  0.000 y= -0.101 u_rw=     9.9 u_bx=   0.30 u_by=  -0.06 com_xy= 0.061m
Step 105200: pitch=  0.18deg roll=  0.23deg x=  0.000 y= -0.109 u_rw=     9.7 u_bx=   0.30 u_by=  -0.07 com_xy= 0.094m
Step 105300: pitch=  0.11deg roll=  0.28deg x=  0.000 y= -0.118 u_rw=    10.9 u_bx=   0.26 u_by=  -0.07 com_xy= 0.143m

CRASH #40 at step 105317: pitch=-0.02deg roll=0.28deg com_xy=0.153m reason=com_overload
Step 105400: pitch=  0.01deg roll= -0.00deg x= -0.000 y=  0.001 u_rw=    -5.3 u_bx=  -0.05 u_by=   0.02 com_xy= 0.000m
Step 105500: pitch=  0.03deg roll= -0.00deg x= -0.000 y=  0.002 u_rw=    -6.8 u_bx=  -0.03 u_by=  -0.00 com_xy= 0.000m
Step 105600: pitch=  0.03deg roll= -0.00deg x= -0.000 y=  0.002 u_rw=     4.1 u_bx=   0.06 u_by=  -0.01 com_xy= 0.000m
Step 105700: pitch=  0.05deg roll= -0.00deg x=  0.000 y=  0.001 u_rw=    19.4 u_bx=   0.12 u_by=  -0.01 com_xy= 0.001m
Step 105800: pitch=  0.02deg roll= -0.00deg x= -0.000 y= -0.000 u_rw=    11.5 u_bx=   0.08 u_by=  -0.01 com_xy= 0.000m
Step 105900: pitch=  0.02deg roll= -0.00deg x=  0.000 y= -0.002 u_rw=   -11.4 u_bx=   0.00 u_by=  -0.02 com_xy= 0.001m
Step 106000: pitch=  0.01deg roll= -0.00deg x=  0.000 y= -0.006 u_rw=     7.7 u_bx=   0.16 u_by=  -0.04 com_xy= 0.000m
Step 106100: pitch=  0.04deg roll= -0.00deg x=  0.000 y= -0.011 u_rw=     1.7 u_bx=   0.04 u_by=  -0.05 com_xy= 0.001m
Step 106200: pitch=  0.01deg roll= -0.00deg x=  0.000 y= -0.015 u_rw=     6.1 u_bx=  -0.02 u_by=  -0.01 com_xy= 0.002m
Step 106300: pitch= -0.03deg roll= -0.00deg x= -0.000 y= -0.017 u_rw=    -9.7 u_bx=  -0.10 u_by=  -0.01 com_xy= 0.003m
Step 106400: pitch= -0.02deg roll= -0.00deg x= -0.000 y= -0.018 u_rw=     2.9 u_bx=  -0.04 u_by=  -0.00 com_xy= 0.004m
Step 106500: pitch=  0.00deg roll= -0.00deg x= -0.000 y= -0.018 u_rw=     5.3 u_bx=  -0.02 u_by=   0.01 com_xy= 0.007m
Step 106600: pitch= -0.00deg roll= -0.00deg x= -0.000 y= -0.016 u_rw=    -4.3 u_bx=  -0.14 u_by=   0.05 com_xy= 0.011m
Step 106700: pitch= -0.05deg roll= -0.00deg x= -0.000 y= -0.010 u_rw=    -5.7 u_bx=  -0.12 u_by=   0.04 com_xy= 0.018m
Step 106800: pitch= -0.00deg roll= -0.00deg x= -0.000 y= -0.004 u_rw=    10.1 u_bx=   0.00 u_by=   0.04 com_xy= 0.028m
Step 106900: pitch=  0.07deg roll= -0.00deg x= -0.000 y=  0.001 u_rw=     7.1 u_bx=   0.01 u_by=   0.03 com_xy= 0.046m
Step 107000: pitch=  0.12deg roll= -0.00deg x=  0.000 y=  0.005 u_rw=    -6.5 u_bx=   0.02 u_by=  -0.01 com_xy= 0.075m
Step 107100: pitch=  0.17deg roll= -0.00deg x=  0.000 y=  0.005 u_rw=    -0.3 u_bx=   0.16 u_by=  -0.04 com_xy= 0.120m

CRASH #41 at step 107155: pitch=0.36deg roll=-0.00deg com_xy=0.154m reason=com_overload
Step 107200: pitch= -0.01deg roll= -0.00deg x=  0.000 y= -0.000 u_rw=    -2.5 u_bx=   0.01 u_by=   0.00 com_xy= 0.000m
Step 107300: pitch= -0.04deg roll= -0.00deg x=  0.000 y= -0.001 u_rw=    -9.9 u_bx=  -0.05 u_by=  -0.01 com_xy= 0.000m
Step 107400: pitch=  0.01deg roll= -0.00deg x=  0.000 y= -0.003 u_rw=   -10.6 u_bx=  -0.01 u_by=  -0.01 com_xy= 0.000m
Step 107500: pitch= -0.04deg roll= -0.00deg x= -0.000 y= -0.004 u_rw=    -2.1 u_bx=  -0.03 u_by=  -0.01 com_xy= 0.000m
Step 107600: pitch= -0.06deg roll= -0.00deg x=  0.000 y= -0.005 u_rw=   -19.3 u_bx=  -0.11 u_by=  -0.01 com_xy= 0.000m
Step 107700: pitch= -0.03deg roll= -0.00deg x= -0.000 y= -0.005 u_rw=   -16.0 u_bx=  -0.10 u_by=  -0.00 com_xy= 0.000m
Step 107800: pitch=  0.02deg roll= -0.00deg x=  0.000 y= -0.005 u_rw=     2.4 u_bx=  -0.07 u_by=  -0.01 com_xy= 0.001m
Step 107900: pitch= -0.06deg roll= -0.00deg x= -0.000 y= -0.006 u_rw=   -14.2 u_bx=  -0.10 u_by=  -0.01 com_xy= 0.002m
Step 108000: pitch=  0.00deg roll= -0.00deg x= -0.000 y= -0.008 u_rw=    -0.9 u_bx=  -0.03 u_by=  -0.01 com_xy= 0.003m
Step 108100: pitch=  0.02deg roll= -0.00deg x=  0.000 y= -0.009 u_rw=     5.1 u_bx=   0.04 u_by=   0.01 com_xy= 0.005m
Step 108200: pitch=  0.01deg roll= -0.00deg x=  0.000 y= -0.008 u_rw=   -11.2 u_bx=  -0.03 u_by=   0.00 com_xy= 0.007m
Step 108300: pitch=  0.02deg roll= -0.00deg x=  0.000 y= -0.007 u_rw=     8.4 u_bx=   0.11 u_by=   0.01 com_xy= 0.011m
Step 108400: pitch=  0.04deg roll= -0.00deg x=  0.000 y= -0.006 u_rw=     5.9 u_bx=   0.11 u_by=   0.03 com_xy= 0.018m
Step 108500: pitch= -0.08deg roll= -0.00deg x= -0.000 y= -0.002 u_rw=   -11.0 u_bx=  -0.12 u_by=   0.05 com_xy= 0.028m
Step 108600: pitch= -0.08deg roll= -0.00deg x= -0.000 y=  0.004 u_rw=     6.9 u_bx=   0.00 u_by=   0.02 com_xy= 0.047m
Step 108700: pitch= -0.11deg roll= -0.00deg x= -0.000 y=  0.008 u_rw=    10.9 u_bx=  -0.07 u_by=   0.04 com_xy= 0.076m
Step 108800: pitch= -0.32deg roll= -0.00deg x= -0.000 y=  0.013 u_rw=    -8.7 u_bx=  -0.32 u_by=   0.05 com_xy= 0.122m

CRASH #42 at step 108852: pitch=-0.30deg roll=-0.00deg com_xy=0.155m reason=com_overload
Step 108900: pitch= -0.02deg roll= -0.00deg x=  0.000 y= -0.000 u_rw=     2.9 u_bx=  -0.00 u_by=   0.00 com_xy= 0.000m
Step 109000: pitch=  0.00deg roll= -0.00deg x=  0.000 y= -0.000 u_rw=     1.9 u_bx=   0.05 u_by=   0.01 com_xy= 0.000m
Step 109100: pitch= -0.02deg roll= -0.00deg x=  0.000 y= -0.000 u_rw=    -3.2 u_bx=   0.04 u_by=   0.00 com_xy= 0.000m
Step 109200: pitch=  0.01deg roll= -0.00deg x=  0.000 y= -0.001 u_rw=   -12.5 u_bx=   0.01 u_by=  -0.00 com_xy= 0.000m
Step 109300: pitch=  0.04deg roll= -0.00deg x=  0.000 y= -0.002 u_rw=    18.2 u_bx=   0.11 u_by=   0.00 com_xy= 0.000m
Step 109400: pitch= -0.03deg roll= -0.00deg x=  0.000 y= -0.002 u_rw=     0.9 u_bx=   0.02 u_by=  -0.01 com_xy= 0.000m
Step 109500: pitch= -0.06deg roll= -0.00deg x=  0.000 y= -0.003 u_rw=    -9.2 u_bx=  -0.12 u_by=   0.00 com_xy= 0.001m
Step 109600: pitch=  0.06deg roll= -0.00deg x= -0.000 y= -0.002 u_rw=     5.0 u_bx=   0.00 u_by=   0.02 com_xy= 0.001m
Step 109700: pitch=  0.06deg roll= -0.00deg x=  0.000 y= -0.000 u_rw=     9.5 u_bx=   0.11 u_by=   0.00 com_xy= 0.002m
Step 109800: pitch= -0.04deg roll= -0.00deg x= -0.000 y=  0.002 u_rw=   -16.1 u_bx=  -0.13 u_by=   0.01 com_xy= 0.004m
Step 109900: pitch= -0.07deg roll= -0.00deg x= -0.000 y=  0.003 u_rw=    -6.6 u_bx=  -0.12 u_by=   0.00 com_xy= 0.005m
Step 110000: pitch= -0.06deg roll= -0.00deg x= -0.000 y=  0.003 u_rw=    -4.8 u_bx=  -0.04 u_by=   0.01 com_xy= 0.007m
Step 110100: pitch= -0.02deg roll= -0.00deg x=  0.000 y=  0.003 u_rw=    -7.0 u_bx=  -0.02 u_by=  -0.02 com_xy= 0.011m
Step 110200: pitch=  0.02deg roll= -0.00deg x=  0.000 y=  0.001 u_rw=    -2.5 u_bx=   0.03 u_by=  -0.02 com_xy= 0.018m
Step 110300: pitch=  0.06deg roll= -0.00deg x=  0.000 y= -0.002 u_rw=     4.6 u_bx=   0.03 u_by=   0.00 com_xy= 0.029m
Step 110400: pitch=  0.09deg roll= -0.00deg x= -0.000 y= -0.002 u_rw=    -0.9 u_bx=   0.02 u_by=  -0.02 com_xy= 0.048m
Step 110500: pitch=  0.13deg roll= -0.00deg x=  0.000 y= -0.004 u_rw=    -9.4 u_bx=   0.13 u_by=  -0.03 com_xy= 0.077m
Step 110600: pitch=  0.25deg roll= -0.00deg x=  0.000 y= -0.007 u_rw=     7.5 u_bx=   0.25 u_by=  -0.03 com_xy= 0.124m

CRASH #43 at step 110648: pitch=0.38deg roll=-0.00deg com_xy=0.154m reason=com_overload
Step 110700: pitch= -0.01deg roll= -0.00deg x= -0.000 y=  0.000 u_rw=   -11.6 u_bx=  -0.08 u_by=   0.02 com_xy= 0.000m
Step 110800: pitch= -0.02deg roll= -0.00deg x=  0.000 y=  0.001 u_rw=     8.7 u_bx=   0.08 u_by=  -0.01 com_xy= 0.000m
Step 110900: pitch=  0.01deg roll= -0.00deg x=  0.000 y= -0.000 u_rw=   -17.6 u_bx=  -0.04 u_by=  -0.01 com_xy= 0.000m
Step 111000: pitch=  0.04deg roll= -0.00deg x=  0.000 y= -0.001 u_rw=     9.4 u_bx=   0.09 u_by=  -0.00 com_xy= 0.000m
Step 111100: pitch= -0.04deg roll=  0.00deg x= -0.000 y= -0.001 u_rw=   -14.2 u_bx=  -0.07 u_by=   0.02 com_xy= 0.000m
Step 111200: pitch= -0.03deg roll=  0.00deg x=  0.000 y=  0.001 u_rw=    -3.1 u_bx=   0.03 u_by=  -0.00 com_xy= 0.000m
Step 111300: pitch= -0.02deg roll=  0.00deg x=  0.000 y=  0.001 u_rw=    -4.3 u_bx=  -0.06 u_by=  -0.02 com_xy= 0.000m
Step 111400: pitch=  0.01deg roll=  0.00deg x= -0.000 y=  0.000 u_rw=    -0.7 u_bx=  -0.03 u_by=  -0.00 com_xy= 0.001m
Step 111500: pitch= -0.05deg roll=  0.00deg x= -0.000 y= -0.000 u_rw=   -16.3 u_bx=  -0.14 u_by=   0.01 com_xy= 0.000m
Step 111600: pitch=  0.06deg roll=  0.00deg x=  0.000 y= -0.000 u_rw=    -4.1 u_bx=  -0.02 u_by=  -0.01 com_xy= 0.001m
Step 111700: pitch=  0.12deg roll=  0.00deg x=  0.000 y= -0.001 u_rw=     9.3 u_bx=   0.18 u_by=  -0.02 com_xy= 0.001m
Step 111800: pitch= -0.02deg roll=  0.00deg x=  0.000 y= -0.004 u_rw=    -6.3 u_bx=  -0.03 u_by=  -0.03 com_xy= 0.000m
Step 111900: pitch=  0.09deg roll=  0.00deg x=  0.000 y= -0.007 u_rw=     6.4 u_bx=   0.13 u_by=  -0.03 com_xy= 0.000m
Step 112000: pitch=  0.08deg roll=  0.00deg x=  0.000 y= -0.011 u_rw=    12.6 u_bx=   0.15 u_by=  -0.01 com_xy= 0.000m
Step 112100: pitch=  0.06deg roll= -0.00deg x=  0.000 y= -0.013 u_rw=    -4.4 u_bx=   0.01 u_by=  -0.01 com_xy= 0.001m
Step 112200: pitch= -0.01deg roll= -0.00deg x=  0.000 y= -0.015 u_rw=    -4.0 u_bx=   0.01 u_by=   0.01 com_xy= 0.000m
Step 112300: pitch= -0.01deg roll= -0.00deg x=  0.000 y= -0.015 u_rw=    -7.6 u_bx=   0.07 u_by=  -0.02 com_xy= 0.001m
Step 112400: pitch=  0.00deg roll= -0.00deg x=  0.000 y= -0.017 u_rw=   -11.5 u_bx=  -0.07 u_by=   0.01 com_xy= 0.001m
Step 112500: pitch=  0.09deg roll= -0.00deg x=  0.000 y= -0.018 u_rw=    18.9 u_bx=   0.16 u_by=  -0.01 com_xy= 0.002m
Step 112600: pitch=  0.02deg roll= -0.01deg x=  0.000 y= -0.019 u_rw=    -4.2 u_bx=   0.05 u_by=  -0.00 com_xy= 0.002m
Step 112700: pitch=  0.05deg roll= -0.01deg x=  0.000 y= -0.021 u_rw=     5.7 u_bx=   0.12 u_by=  -0.02 com_xy= 0.004m
Step 112800: pitch=  0.05deg roll= -0.02deg x=  0.000 y= -0.023 u_rw=     2.0 u_bx=   0.06 u_by=  -0.03 com_xy= 0.006m
Step 112900: pitch=  0.05deg roll= -0.03deg x=  0.000 y= -0.027 u_rw=     2.0 u_bx=   0.11 u_by=  -0.02 com_xy= 0.009m
Step 113000: pitch=  0.05deg roll= -0.04deg x=  0.000 y= -0.030 u_rw=   -19.3 u_bx=  -0.04 u_by=  -0.03 com_xy= 0.014m
Step 113100: pitch=  0.11deg roll= -0.07deg x=  0.000 y= -0.033 u_rw=    -1.0 u_bx=   0.05 u_by=   0.00 com_xy= 0.021m
Step 113200: pitch=  0.14deg roll= -0.09deg x=  0.000 y= -0.034 u_rw=    11.0 u_bx=   0.22 u_by=   0.01 com_xy= 0.032m
Step 113300: pitch=  0.09deg roll= -0.13deg x=  0.000 y= -0.032 u_rw=     1.1 u_bx=   0.02 u_by=   0.04 com_xy= 0.050m
Step 113400: pitch=  0.05deg roll= -0.18deg x=  0.000 y= -0.027 u_rw=   -12.1 u_bx=   0.04 u_by=   0.04 com_xy= 0.077m
Step 113500: pitch=  0.04deg roll= -0.21deg x=  0.000 y= -0.021 u_rw=    -8.8 u_bx=   0.01 u_by=   0.05 com_xy= 0.118m

CRASH #44 at step 113564: pitch=0.11deg roll=-0.23deg com_xy=0.154m reason=com_overload
Step 113600: pitch= -0.04deg roll= -0.00deg x= -0.000 y= -0.000 u_rw=    -1.5 u_bx=  -0.06 u_by=   0.01 com_xy= 0.000m
Step 113700: pitch= -0.04deg roll= -0.00deg x= -0.000 y=  0.001 u_rw=    -1.4 u_bx=  -0.06 u_by=   0.02 com_xy= 0.000m
Step 113800: pitch=  0.01deg roll= -0.00deg x= -0.000 y=  0.003 u_rw=     9.4 u_bx=   0.05 u_by=  -0.01 com_xy= 0.000m
Step 113900: pitch= -0.00deg roll= -0.00deg x=  0.000 y=  0.004 u_rw=     5.8 u_bx=   0.03 u_by=  -0.01 com_xy= 0.000m
Step 114000: pitch= -0.02deg roll= -0.00deg x=  0.000 y=  0.003 u_rw=    -1.4 u_bx=   0.05 u_by=  -0.03 com_xy= 0.000m
Step 114100: pitch=  0.04deg roll= -0.00deg x= -0.000 y=  0.001 u_rw=    12.7 u_bx=   0.10 u_by=  -0.01 com_xy= 0.000m
Step 114200: pitch=  0.03deg roll= -0.00deg x=  0.000 y= -0.001 u_rw=    -2.1 u_bx=  -0.06 u_by=  -0.00 com_xy= 0.000m
Step 114300: pitch= -0.05deg roll= -0.00deg x=  0.000 y= -0.002 u_rw=    -2.9 u_bx=  -0.05 u_by=   0.01 com_xy= 0.000m
Step 114400: pitch=  0.00deg roll= -0.00deg x= -0.000 y= -0.000 u_rw=    12.6 u_bx=   0.02 u_by=   0.03 com_xy= 0.000m
Step 114500: pitch= -0.05deg roll= -0.00deg x= -0.000 y=  0.002 u_rw=   -13.6 u_bx=  -0.10 u_by=   0.01 com_xy= 0.001m
Step 114600: pitch= -0.07deg roll= -0.00deg x= -0.000 y=  0.004 u_rw=    -7.0 u_bx=  -0.16 u_by=   0.03 com_xy= 0.000m
Step 114700: pitch= -0.02deg roll= -0.00deg x= -0.000 y=  0.007 u_rw=     1.1 u_bx=   0.02 u_by=   0.02 com_xy= 0.000m
Step 114800: pitch=  0.03deg roll= -0.00deg x=  0.000 y=  0.010 u_rw=    17.1 u_bx=   0.14 u_by=   0.00 com_xy= 0.001m
Step 114900: pitch= -0.04deg roll= -0.00deg x=  0.000 y=  0.011 u_rw=    -9.4 u_bx=  -0.06 u_by=  -0.01 com_xy= 0.001m
Step 115000: pitch= -0.05deg roll= -0.00deg x=  0.000 y=  0.010 u_rw=    -9.9 u_bx=  -0.05 u_by=  -0.01 com_xy= 0.001m
Step 115100: pitch= -0.02deg roll= -0.00deg x=  0.000 y=  0.008 u_rw=    -5.5 u_bx=  -0.01 u_by=  -0.02 com_xy= 0.002m
Step 115200: pitch= -0.02deg roll= -0.00deg x=  0.000 y=  0.006 u_rw=    -6.1 u_bx=  -0.04 u_by=   0.01 com_xy= 0.002m
Step 115300: pitch=  0.08deg roll=  0.00deg x=  0.000 y=  0.006 u_rw=    15.6 u_bx=   0.12 u_by=  -0.01 com_xy= 0.004m
Step 115400: pitch=  0.01deg roll=  0.00deg x=  0.000 y=  0.005 u_rw=   -11.9 u_bx=   0.01 u_by=  -0.04 com_xy= 0.005m
Step 115500: pitch=  0.04deg roll=  0.00deg x=  0.000 y=  0.001 u_rw=    -9.5 u_bx=   0.05 u_by=  -0.05 com_xy= 0.008m
Step 115600: pitch=  0.05deg roll=  0.00deg x=  0.000 y= -0.005 u_rw=    -3.4 u_bx=   0.02 u_by=  -0.04 com_xy= 0.013m
Step 115700: pitch= -0.01deg roll=  0.01deg x=  0.000 y= -0.010 u_rw=   -11.0 u_bx=  -0.05 u_by=  -0.03 com_xy= 0.020m
Step 115800: pitch=  0.03deg roll=  0.01deg x=  0.000 y= -0.014 u_rw=    12.3 u_bx=   0.12 u_by=  -0.03 com_xy= 0.033m
Step 115900: pitch= -0.02deg roll=  0.02deg x=  0.000 y= -0.019 u_rw=    12.5 u_bx=   0.07 u_by=  -0.05 com_xy= 0.053m
Step 116000: pitch= -0.09deg roll=  0.03deg x= -0.000 y= -0.024 u_rw=     7.9 u_bx=  -0.05 u_by=  -0.02 com_xy= 0.086m
Step 116100: pitch= -0.20deg roll=  0.05deg x= -0.000 y= -0.027 u_rw=     8.7 u_bx=  -0.17 u_by=   0.03 com_xy= 0.137m

CRASH #45 at step 116128: pitch=-0.23deg roll=0.06deg com_xy=0.155m reason=com_overload
Step 116200: pitch=  0.01deg roll= -0.00deg x=  0.000 y= -0.000 u_rw=    -4.9 u_bx=   0.03 u_by=  -0.01 com_xy= 0.000m
Step 116300: pitch=  0.04deg roll= -0.00deg x=  0.000 y= -0.001 u_rw=     5.2 u_bx=   0.07 u_by=  -0.01 com_xy= 0.000m
Step 116400: pitch= -0.04deg roll= -0.00deg x= -0.000 y= -0.001 u_rw=    -5.2 u_bx=  -0.15 u_by=   0.01 com_xy= 0.000m
Step 116500: pitch= -0.03deg roll= -0.00deg x= -0.000 y=  0.000 u_rw=   -18.9 u_bx=  -0.14 u_by=   0.00 com_xy= 0.001m
Step 116600: pitch=  0.02deg roll= -0.00deg x=  0.000 y=  0.002 u_rw=    -9.7 u_bx=  -0.07 u_by=   0.00 com_xy= 0.001m
Step 116700: pitch=  0.08deg roll= -0.00deg x= -0.000 y=  0.002 u_rw=     5.8 u_bx=   0.08 u_by=  -0.02 com_xy= 0.000m
Step 116800: pitch=  0.06deg roll= -0.00deg x= -0.000 y=  0.000 u_rw=    18.9 u_bx=   0.11 u_by=  -0.02 com_xy= 0.000m
Step 116900: pitch= -0.02deg roll= -0.00deg x= -0.000 y= -0.001 u_rw=    -0.2 u_bx=   0.07 u_by=  -0.00 com_xy= 0.001m
Step 117000: pitch= -0.08deg roll= -0.00deg x=  0.000 y= -0.004 u_rw=     0.0 u_bx=  -0.06 u_by=  -0.04 com_xy= 0.002m
Step 117100: pitch= -0.09deg roll= -0.00deg x=  0.000 y= -0.008 u_rw=   -19.0 u_bx=  -0.11 u_by=  -0.03 com_xy= 0.002m
Step 117200: pitch= -0.01deg roll= -0.00deg x=  0.000 y= -0.011 u_rw=     0.3 u_bx=  -0.03 u_by=  -0.01 com_xy= 0.002m
Step 117300: pitch= -0.00deg roll= -0.00deg x= -0.000 y= -0.012 u_rw=    15.3 u_bx=   0.12 u_by=  -0.02 com_xy= 0.002m
Step 117400: pitch=  0.00deg roll= -0.00deg x= -0.000 y= -0.013 u_rw=    -0.2 u_bx=  -0.03 u_by=  -0.00 com_xy= 0.003m
Step 117500: pitch= -0.05deg roll= -0.00deg x= -0.000 y= -0.014 u_rw=     7.4 u_bx=   0.07 u_by=   0.01 com_xy= 0.004m
Step 117600: pitch= -0.05deg roll= -0.00deg x= -0.000 y= -0.013 u_rw=    -6.2 u_bx=  -0.07 u_by=   0.01 com_xy= 0.007m
Step 117700: pitch= -0.08deg roll= -0.00deg x= -0.000 y= -0.012 u_rw=   -13.8 u_bx=  -0.10 u_by=  -0.01 com_xy= 0.011m
Step 117800: pitch= -0.07deg roll= -0.00deg x= -0.000 y= -0.011 u_rw=     4.7 u_bx=   0.00 u_by=   0.03 com_xy= 0.017m
Step 117900: pitch=  0.01deg roll= -0.00deg x= -0.000 y= -0.009 u_rw=     2.4 u_bx=   0.04 u_by=  -0.00 com_xy= 0.027m
Step 118000: pitch= -0.01deg roll= -0.00deg x=  0.000 y= -0.009 u_rw=     3.8 u_bx=   0.09 u_by=   0.01 com_xy= 0.044m
Step 118100: pitch= -0.00deg roll= -0.00deg x=  0.000 y= -0.009 u_rw=    -7.6 u_bx=  -0.02 u_by=  -0.01 com_xy= 0.072m
Step 118200: pitch=  0.21deg roll= -0.00deg x=  0.000 y= -0.010 u_rw=     5.9 u_bx=   0.26 u_by=  -0.03 com_xy= 0.115m

CRASH #46 at step 118264: pitch=0.24deg roll=-0.00deg com_xy=0.154m reason=com_overload
Step 118300: pitch=  0.02deg roll= -0.00deg x=  0.000 y= -0.000 u_rw=     8.5 u_bx=   0.04 u_by=  -0.02 com_xy= 0.000m
Step 118400: pitch= -0.02deg roll= -0.00deg x=  0.000 y= -0.001 u_rw=    -6.2 u_bx=   0.03 u_by=  -0.02 com_xy= 0.000m
Step 118500: pitch= -0.01deg roll= -0.00deg x=  0.000 y= -0.003 u_rw=   -13.6 u_bx=  -0.02 u_by=  -0.03 com_xy= 0.000m
Step 118600: pitch=  0.03deg roll= -0.00deg x=  0.000 y= -0.007 u_rw=    19.2 u_bx=   0.12 u_by=  -0.02 com_xy= 0.000m
Step 118700: pitch=  0.00deg roll= -0.00deg x= -0.000 y= -0.010 u_rw=    -3.4 u_bx=  -0.08 u_by=   0.00 com_xy= 0.000m
Step 118800: pitch= -0.04deg roll= -0.00deg x= -0.000 y= -0.011 u_rw=   -14.3 u_bx=  -0.10 u_by=   0.02 com_xy= 0.000m
Step 118900: pitch= -0.06deg roll= -0.00deg x= -0.000 y= -0.010 u_rw=    -7.0 u_bx=  -0.03 u_by=   0.01 com_xy= 0.000m
Step 119000: pitch= -0.04deg roll= -0.00deg x=  0.000 y= -0.010 u_rw=     1.5 u_bx=   0.05 u_by=   0.01 com_xy= 0.000m
Step 119100: pitch=  0.04deg roll= -0.00deg x= -0.000 y= -0.009 u_rw=    11.1 u_bx=   0.10 u_by=  -0.00 com_xy= 0.001m
Step 119200: pitch= -0.00deg roll= -0.00deg x=  0.000 y= -0.009 u_rw=    -6.1 u_bx=   0.01 u_by=  -0.02 com_xy= 0.001m
Step 119300: pitch=  0.05deg roll= -0.00deg x=  0.000 y= -0.010 u_rw=    11.8 u_bx=   0.15 u_by=  -0.02 com_xy= 0.001m
Step 119400: pitch=  0.07deg roll= -0.00deg x=  0.000 y= -0.014 u_rw=    -5.4 u_bx=   0.06 u_by=  -0.03 com_xy= 0.001m
Step 119500: pitch=  0.07deg roll= -0.00deg x=  0.000 y= -0.018 u_rw=     0.1 u_bx=   0.05 u_by=  -0.04 com_xy= 0.001m
Step 119600: pitch=  0.04deg roll= -0.00deg x=  0.000 y= -0.022 u_rw=   -13.5 u_bx=  -0.04 u_by=  -0.02 com_xy= 0.000m
Step 119700: pitch=  0.13deg roll= -0.00deg x=  0.000 y= -0.026 u_rw=     9.3 u_bx=   0.15 u_by=  -0.02 com_xy= 0.001m
Step 119800: pitch=  0.08deg roll= -0.00deg x=  0.000 y= -0.028 u_rw=    17.6 u_bx=   0.16 u_by=  -0.01 com_xy= 0.001m
Step 119900: pitch=  0.03deg roll= -0.00deg x=  0.000 y= -0.030 u_rw=     1.6 u_bx=   0.10 u_by=   0.00 com_xy= 0.001m
Step 120000: pitch=  0.09deg roll= -0.00deg x=  0.000 y= -0.031 u_rw=    -3.4 u_bx=   0.06 u_by=  -0.04 com_xy= 0.001m
Step 120100: pitch=  0.04deg roll= -0.00deg x=  0.000 y= -0.034 u_rw=    -8.6 u_bx=   0.03 u_by=  -0.03 com_xy= 0.001m
Step 120200: pitch=  0.11deg roll= -0.00deg x=  0.000 y= -0.038 u_rw=    14.0 u_bx=   0.21 u_by=  -0.03 com_xy= 0.001m
Step 120300: pitch=  0.13deg roll= -0.01deg x=  0.000 y= -0.043 u_rw=     1.7 u_bx=   0.13 u_by=  -0.04 com_xy= 0.002m
Step 120400: pitch=  0.14deg roll= -0.01deg x=  0.000 y= -0.048 u_rw=     0.2 u_bx=   0.09 u_by=  -0.04 com_xy= 0.002m
Step 120500: pitch=  0.15deg roll= -0.01deg x=  0.000 y= -0.054 u_rw=     7.8 u_bx=   0.24 u_by=  -0.05 com_xy= 0.004m
Step 120600: pitch=  0.17deg roll= -0.02deg x=  0.000 y= -0.061 u_rw=    10.2 u_bx=   0.28 u_by=  -0.06 com_xy= 0.005m
Step 120700: pitch=  0.16deg roll= -0.03deg x=  0.000 y= -0.069 u_rw=    10.4 u_bx=   0.21 u_by=  -0.04 com_xy= 0.008m
Step 120800: pitch=  0.18deg roll= -0.04deg x=  0.000 y= -0.075 u_rw=    10.2 u_bx=   0.30 u_by=  -0.04 com_xy= 0.013m
Step 120900: pitch=  0.22deg roll= -0.06deg x=  0.000 y= -0.081 u_rw=     2.8 u_bx=   0.26 u_by=  -0.01 com_xy= 0.020m
Step 121000: pitch=  0.23deg roll= -0.09deg x=  0.000 y= -0.085 u_rw=     6.5 u_bx=   0.26 u_by=  -0.01 com_xy= 0.030m
Step 121100: pitch=  0.26deg roll= -0.13deg x=  0.000 y= -0.087 u_rw=     3.2 u_bx=   0.34 u_by=  -0.01 com_xy= 0.047m
Step 121200: pitch=  0.25deg roll= -0.18deg x=  0.000 y= -0.088 u_rw=     3.3 u_bx=   0.28 u_by=   0.01 com_xy= 0.072m
Step 121300: pitch=  0.18deg roll= -0.21deg x=  0.000 y= -0.088 u_rw=   -15.4 u_bx=   0.19 u_by=   0.00 com_xy= 0.110m

CRASH #47 at step 121380: pitch=0.17deg roll=-0.24deg com_xy=0.154m reason=com_overload
Step 121400: pitch= -0.01deg roll= -0.00deg x= -0.000 y=  0.000 u_rw=    -3.5 u_bx=  -0.04 u_by=   0.01 com_xy= 0.000m
Step 121500: pitch=  0.05deg roll= -0.00deg x=  0.000 y=  0.001 u_rw=     5.1 u_bx=   0.07 u_by=   0.02 com_xy= 0.000m
Step 121600: pitch=  0.02deg roll= -0.00deg x=  0.000 y=  0.002 u_rw=    -1.5 u_bx=  -0.01 u_by=   0.00 com_xy= 0.000m
Step 121700: pitch=  0.02deg roll= -0.00deg x= -0.000 y=  0.003 u_rw=     3.7 u_bx=   0.02 u_by=   0.01 com_xy= 0.000m
Step 121800: pitch=  0.00deg roll= -0.00deg x= -0.000 y=  0.004 u_rw=    18.8 u_bx=   0.09 u_by=   0.02 com_xy= 0.000m
Step 121900: pitch= -0.06deg roll= -0.00deg x= -0.000 y=  0.005 u_rw=    -0.2 u_bx=  -0.11 u_by=  -0.01 com_xy= 0.000m
Step 122000: pitch=  0.04deg roll= -0.00deg x= -0.000 y=  0.006 u_rw=     3.8 u_bx=  -0.05 u_by=   0.02 com_xy= 0.000m
Step 122100: pitch= -0.01deg roll= -0.00deg x=  0.000 y=  0.007 u_rw=   -13.1 u_bx=  -0.01 u_by=  -0.00 com_xy= 0.000m
Step 122200: pitch=  0.01deg roll= -0.00deg x=  0.000 y=  0.007 u_rw=    -4.9 u_bx=   0.01 u_by=   0.01 com_xy= 0.000m
Step 122300: pitch= -0.03deg roll= -0.00deg x= -0.000 y=  0.008 u_rw=    -7.9 u_bx=  -0.08 u_by=   0.02 com_xy= 0.000m
Step 122400: pitch= -0.07deg roll= -0.00deg x= -0.000 y=  0.010 u_rw=    -1.8 u_bx=  -0.12 u_by=   0.03 com_xy= 0.000m
Step 122500: pitch= -0.07deg roll= -0.00deg x= -0.000 y=  0.012 u_rw=   -16.2 u_bx=  -0.15 u_by=   0.01 com_xy= 0.000m
Step 122600: pitch= -0.03deg roll= -0.00deg x= -0.000 y=  0.014 u_rw=     0.9 u_bx=  -0.04 u_by=   0.01 com_xy= 0.000m
Step 122700: pitch=  0.02deg roll= -0.00deg x= -0.000 y=  0.015 u_rw=     0.3 u_bx=  -0.06 u_by=  -0.02 com_xy= 0.000m
Step 122800: pitch= -0.04deg roll= -0.00deg x= -0.000 y=  0.014 u_rw=    -0.3 u_bx=   0.00 u_by=   0.01 com_xy= 0.000m
Step 122900: pitch= -0.08deg roll= -0.00deg x= -0.000 y=  0.014 u_rw=   -16.4 u_bx=  -0.17 u_by=   0.01 com_xy= 0.001m
Step 123000: pitch=  0.00deg roll= -0.00deg x=  0.000 y=  0.015 u_rw=   -16.9 u_bx=  -0.07 u_by=  -0.02 com_xy= 0.001m
Step 123100: pitch=  0.05deg roll= -0.00deg x= -0.000 y=  0.015 u_rw=    -0.5 u_bx=  -0.01 u_by=   0.00 com_xy= 0.000m
Step 123200: pitch= -0.01deg roll= -0.00deg x=  0.000 y=  0.015 u_rw=     3.9 u_bx=   0.06 u_by=  -0.00 com_xy= 0.000m
Step 123300: pitch=  0.02deg roll= -0.00deg x= -0.000 y=  0.015 u_rw=    -6.2 u_bx=  -0.05 u_by=   0.02 com_xy= 0.001m
Step 123400: pitch=  0.06deg roll= -0.00deg x=  0.000 y=  0.016 u_rw=     5.7 u_bx=   0.08 u_by=   0.00 com_xy= 0.001m
Step 123500: pitch= -0.01deg roll= -0.00deg x=  0.000 y=  0.016 u_rw=    13.6 u_bx=   0.05 u_by=   0.02 com_xy= 0.001m
Step 123600: pitch=  0.00deg roll= -0.01deg x= -0.000 y=  0.018 u_rw=     7.3 u_bx=  -0.05 u_by=   0.04 com_xy= 0.002m
Step 123700: pitch=  0.02deg roll= -0.01deg x= -0.000 y=  0.022 u_rw=     6.9 u_bx=  -0.03 u_by=   0.02 com_xy= 0.003m
Step 123800: pitch= -0.04deg roll= -0.02deg x= -0.000 y=  0.025 u_rw=   -17.8 u_bx=  -0.14 u_by=  -0.00 com_xy= 0.005m
Step 123900: pitch=  0.01deg roll= -0.02deg x= -0.000 y=  0.025 u_rw=    11.7 u_bx=   0.07 u_by=  -0.00 com_xy= 0.007m
Step 124000: pitch=  0.01deg roll= -0.04deg x= -0.000 y=  0.027 u_rw=    13.3 u_bx=  -0.04 u_by=   0.03 com_xy= 0.011m
Step 124100: pitch= -0.01deg roll= -0.06deg x= -0.000 y=  0.030 u_rw=     6.2 u_bx=  -0.02 u_by=   0.05 com_xy= 0.017m
Step 124200: pitch= -0.02deg roll= -0.09deg x= -0.000 y=  0.036 u_rw=     7.1 u_bx=  -0.03 u_by=   0.06 com_xy= 0.026m
Step 124300: pitch= -0.05deg roll= -0.13deg x= -0.000 y=  0.043 u_rw=    -5.1 u_bx=  -0.09 u_by=   0.07 com_xy= 0.040m
Step 124400: pitch= -0.06deg roll= -0.18deg x= -0.000 y=  0.052 u_rw=    -4.8 u_bx=  -0.05 u_by=   0.07 com_xy= 0.062m
Step 124500: pitch= -0.04deg roll= -0.22deg x= -0.000 y=  0.062 u_rw=    -2.6 u_bx=  -0.02 u_by=   0.09 com_xy= 0.095m
Step 124600: pitch= -0.04deg roll= -0.25deg x= -0.000 y=  0.073 u_rw=    -2.0 u_bx=  -0.05 u_by=   0.10 com_xy= 0.146m

CRASH #48 at step 124614: pitch=0.03deg roll=-0.26deg com_xy=0.154m reason=com_overload
Step 124700: pitch=  0.03deg roll= -0.00deg x= -0.000 y=  0.000 u_rw=    11.7 u_bx=   0.08 u_by=   0.03 com_xy= 0.000m
Step 124800: pitch=  0.00deg roll= -0.00deg x=  0.000 y=  0.002 u_rw=     9.0 u_bx=   0.05 u_by=   0.02 com_xy= 0.000m
Step 124900: pitch= -0.02deg roll= -0.00deg x= -0.000 y=  0.004 u_rw=     0.2 u_bx=  -0.02 u_by=   0.02 com_xy= 0.000m
Step 125000: pitch= -0.05deg roll= -0.00deg x= -0.000 y=  0.007 u_rw=    -2.6 u_bx=  -0.07 u_by=   0.02 com_xy= 0.000m
Step 125100: pitch= -0.01deg roll= -0.00deg x= -0.000 y=  0.010 u_rw=     6.7 u_bx=   0.03 u_by=   0.02 com_xy= 0.000m
Step 125200: pitch=  0.01deg roll= -0.00deg x= -0.000 y=  0.012 u_rw=    11.9 u_bx=  -0.01 u_by=   0.03 com_xy= 0.001m
Step 125300: pitch=  0.03deg roll= -0.00deg x= -0.000 y=  0.016 u_rw=     4.9 u_bx=  -0.01 u_by=  -0.01 com_xy= 0.001m
Step 125400: pitch=  0.01deg roll= -0.00deg x= -0.000 y=  0.017 u_rw=    -5.5 u_bx=  -0.05 u_by=   0.01 com_xy= 0.001m
Step 125500: pitch=  0.04deg roll= -0.00deg x=  0.000 y=  0.017 u_rw=     2.7 u_bx=   0.05 u_by=  -0.02 com_xy= 0.001m
Step 125600: pitch=  0.07deg roll= -0.00deg x=  0.000 y=  0.016 u_rw=     2.8 u_bx=   0.08 u_by=  -0.02 com_xy= 0.002m
Step 125700: pitch=  0.09deg roll= -0.00deg x=  0.000 y=  0.013 u_rw=     3.7 u_bx=   0.09 u_by=  -0.04 com_xy= 0.002m
Step 125800: pitch=  0.02deg roll= -0.00deg x=  0.000 y=  0.010 u_rw=   -17.4 u_bx=  -0.06 u_by=  -0.04 com_xy= 0.002m
Step 125900: pitch=  0.08deg roll= -0.00deg x=  0.000 y=  0.005 u_rw=    17.1 u_bx=   0.13 u_by=  -0.03 com_xy= 0.004m
Step 126000: pitch= -0.00deg roll= -0.00deg x=  0.000 y=  0.002 u_rw=     0.4 u_bx=  -0.05 u_by=  -0.01 com_xy= 0.006m
Step 126100: pitch=  0.05deg roll= -0.00deg x= -0.000 y=  0.002 u_rw=   -13.2 u_bx=  -0.11 u_by=   0.02 com_xy= 0.009m
Step 126200: pitch=  0.03deg roll= -0.00deg x=  0.000 y=  0.003 u_rw=    -6.5 u_bx=   0.03 u_by=  -0.01 com_xy= 0.016m
Step 126300: pitch=  0.02deg roll= -0.00deg x=  0.000 y=  0.003 u_rw=     0.4 u_bx=   0.05 u_by=  -0.01 com_xy= 0.025m
Step 126400: pitch=  0.06deg roll= -0.00deg x=  0.000 y=  0.002 u_rw=     1.9 u_bx=   0.03 u_by=   0.00 com_xy= 0.040m
Step 126500: pitch= -0.03deg roll= -0.00deg x= -0.000 y=  0.002 u_rw=     9.9 u_bx=   0.04 u_by=  -0.00 com_xy= 0.065m
Step 126600: pitch= -0.14deg roll= -0.00deg x= -0.000 y=  0.001 u_rw=    15.6 u_bx=  -0.05 u_by=   0.01 com_xy= 0.105m

CRASH #49 at step 126684: pitch=-0.29deg roll=-0.00deg com_xy=0.154m reason=com_overload
Step 126700: pitch=  0.02deg roll= -0.00deg x=  0.000 y=  0.000 u_rw=     3.3 u_bx=   0.04 u_by=  -0.01 com_xy= 0.000m
Step 126800: pitch=  0.02deg roll= -0.00deg x=  0.000 y= -0.001 u_rw=    14.1 u_bx=   0.10 u_by=  -0.03 com_xy= 0.000m
Step 126900: pitch=  0.03deg roll= -0.00deg x=  0.000 y= -0.003 u_rw=    -2.1 u_bx=   0.04 u_by=  -0.04 com_xy= 0.000m
Step 127000: pitch=  0.05deg roll= -0.00deg x=  0.000 y= -0.007 u_rw=    16.7 u_bx=   0.19 u_by=  -0.02 com_xy= 0.001m
Step 127100: pitch= -0.01deg roll= -0.00deg x=  0.000 y= -0.010 u_rw=     3.2 u_bx=   0.09 u_by=   0.02 com_xy= 0.000m
Step 127200: pitch= -0.06deg roll= -0.00deg x=  0.000 y= -0.012 u_rw=   -16.0 u_bx=  -0.01 u_by=  -0.02 com_xy= 0.000m
Step 127300: pitch=  0.02deg roll= -0.00deg x=  0.000 y= -0.013 u_rw=     9.5 u_bx=   0.11 u_by=   0.00 com_xy= 0.000m
Step 127400: pitch=  0.07deg roll= -0.00deg x=  0.000 y= -0.013 u_rw=    16.2 u_bx=   0.16 u_by=  -0.00 com_xy= 0.000m
Step 127500: pitch=  0.01deg roll= -0.00deg x=  0.000 y= -0.013 u_rw=    -1.9 u_bx=  -0.04 u_by=   0.00 com_xy= 0.001m
Step 127600: pitch= -0.05deg roll= -0.00deg x=  0.000 y= -0.013 u_rw=   -12.1 u_bx=  -0.06 u_by=   0.02 com_xy= 0.001m
Step 127700: pitch= -0.09deg roll= -0.00deg x= -0.000 y= -0.012 u_rw=    -4.4 u_bx=  -0.07 u_by=   0.00 com_xy= 0.001m
Step 127800: pitch= -0.07deg roll= -0.00deg x= -0.000 y= -0.011 u_rw=    12.0 u_bx=   0.01 u_by=   0.03 com_xy= 0.001m
Step 127900: pitch= -0.00deg roll= -0.00deg x= -0.000 y= -0.008 u_rw=     7.1 u_bx=   0.03 u_by=   0.04 com_xy= 0.001m
Step 128000: pitch= -0.07deg roll= -0.00deg x= -0.000 y= -0.003 u_rw=    -3.8 u_bx=  -0.17 u_by=   0.05 com_xy= 0.002m
Step 128100: pitch= -0.11deg roll= -0.00deg x= -0.000 y=  0.003 u_rw=    -9.7 u_bx=  -0.13 u_by=   0.02 com_xy= 0.002m
Step 128200: pitch= -0.13deg roll= -0.00deg x= -0.000 y=  0.007 u_rw=   -12.5 u_bx=  -0.19 u_by=   0.04 com_xy= 0.002m
Step 128300: pitch= -0.09deg roll= -0.00deg x= -0.000 y=  0.012 u_rw=     3.2 u_bx=  -0.10 u_by=   0.01 com_xy= 0.003m
Step 128400: pitch= -0.19deg roll= -0.00deg x= -0.000 y=  0.016 u_rw=    -8.2 u_bx=  -0.27 u_by=   0.04 com_xy= 0.005m
Step 128500: pitch= -0.11deg roll= -0.00deg x= -0.000 y=  0.020 u_rw=    -3.7 u_bx=  -0.23 u_by=   0.05 com_xy= 0.007m
Step 128600: pitch= -0.16deg roll= -0.00deg x= -0.000 y=  0.026 u_rw=   -11.5 u_bx=  -0.28 u_by=   0.04 com_xy= 0.011m
Step 128700: pitch= -0.16deg roll= -0.00deg x= -0.000 y=  0.032 u_rw=   -14.2 u_bx=  -0.23 u_by=   0.03 com_xy= 0.017m
Step 128800: pitch= -0.17deg roll= -0.00deg x= -0.000 y=  0.037 u_rw=    -0.1 u_bx=  -0.18 u_by=   0.04 com_xy= 0.027m
Step 128900: pitch= -0.04deg roll= -0.00deg x= -0.000 y=  0.043 u_rw=     2.8 u_bx=  -0.07 u_by=   0.04 com_xy= 0.043m
Step 129000: pitch= -0.04deg roll= -0.00deg x= -0.000 y=  0.048 u_rw=     6.0 u_bx=  -0.01 u_by=   0.04 com_xy= 0.069m
Step 129100: pitch=  0.12deg roll= -0.01deg x=  0.000 y=  0.053 u_rw=     5.7 u_bx=   0.06 u_by=   0.01 com_xy= 0.111m

CRASH #50 at step 129172: pitch=0.19deg roll=-0.01deg com_xy=0.155m reason=com_overload
Step 129200: pitch= -0.00deg roll= -0.00deg x=  0.000 y= -0.000 u_rw=     3.5 u_bx=   0.02 u_by=  -0.00 com_xy= 0.000m
Step 129300: pitch= -0.03deg roll= -0.00deg x=  0.000 y= -0.001 u_rw=    -7.7 u_bx=  -0.03 u_by=  -0.02 com_xy= 0.000m
Step 129400: pitch=  0.02deg roll= -0.00deg x=  0.000 y= -0.002 u_rw=    18.9 u_bx=   0.15 u_by=  -0.01 com_xy= 0.001m
Step 129500: pitch= -0.03deg roll= -0.00deg x=  0.000 y= -0.004 u_rw=     0.7 u_bx=   0.05 u_by=  -0.01 com_xy= 0.001m
Step 129600: pitch= -0.02deg roll= -0.00deg x=  0.000 y= -0.006 u_rw=     1.1 u_bx=  -0.00 u_by=  -0.03 com_xy= 0.000m
Step 129700: pitch=  0.04deg roll= -0.00deg x=  0.000 y= -0.009 u_rw=   -12.6 u_bx=  -0.05 u_by=  -0.03 com_xy= 0.000m
Step 129800: pitch=  0.10deg roll= -0.00deg x=  0.000 y= -0.013 u_rw=    -1.6 u_bx=   0.04 u_by=  -0.01 com_xy= 0.001m
Step 129900: pitch=  0.11deg roll= -0.00deg x=  0.000 y= -0.016 u_rw=     8.2 u_bx=   0.14 u_by=  -0.01 com_xy= 0.001m
Step 130000: pitch=  0.05deg roll= -0.00deg x=  0.000 y= -0.018 u_rw=    18.7 u_bx=   0.16 u_by=   0.00 com_xy= 0.001m
Step 130100: pitch= -0.02deg roll= -0.00deg x=  0.000 y= -0.019 u_rw=     0.7 u_bx=   0.08 u_by=  -0.01 com_xy= 0.002m
Step 130200: pitch= -0.08deg roll= -0.00deg x=  0.000 y= -0.021 u_rw=    -2.9 u_bx=  -0.05 u_by=  -0.02 com_xy= 0.004m
Step 130300: pitch= -0.06deg roll= -0.00deg x=  0.000 y= -0.024 u_rw=   -18.2 u_bx=  -0.04 u_by=  -0.03 com_xy= 0.006m
Step 130400: pitch=  0.03deg roll= -0.00deg x=  0.000 y= -0.028 u_rw=     9.7 u_bx=   0.10 u_by=   0.00 com_xy= 0.008m
Step 130500: pitch=  0.04deg roll= -0.00deg x=  0.000 y= -0.030 u_rw=    10.8 u_bx=   0.14 u_by=  -0.02 com_xy= 0.013m
Step 130600: pitch= -0.03deg roll= -0.00deg x=  0.000 y= -0.031 u_rw=     1.7 u_bx=   0.03 u_by=   0.01 com_xy= 0.022m
Step 130700: pitch= -0.03deg roll= -0.00deg x=  0.000 y= -0.031 u_rw=    -6.7 u_bx=  -0.04 u_by=   0.01 com_xy= 0.036m
Step 130800: pitch=  0.12deg roll= -0.00deg x=  0.000 y= -0.031 u_rw=    -0.0 u_bx=  -0.01 u_by=  -0.00 com_xy= 0.058m
Step 130900: pitch=  0.19deg roll= -0.00deg x=  0.000 y= -0.031 u_rw=    15.4 u_bx=   0.21 u_by=  -0.03 com_xy= 0.093m
Step 131000: pitch=  0.29deg roll= -0.00deg x=  0.000 y= -0.033 u_rw=   -10.1 u_bx=   0.17 u_by=  -0.02 com_xy= 0.149m

CRASH #51 at step 131009: pitch=0.34deg roll=-0.00deg com_xy=0.154m reason=com_overload
Step 131100: pitch= -0.01deg roll= -0.00deg x= -0.000 y=  0.001 u_rw=    -0.9 u_bx=   0.02 u_by=   0.02 com_xy= 0.000m
Step 131200: pitch= -0.03deg roll= -0.00deg x=  0.000 y=  0.002 u_rw=    -5.6 u_bx=  -0.03 u_by=  -0.00 com_xy= 0.000m
Step 131300: pitch= -0.00deg roll= -0.00deg x=  0.000 y=  0.002 u_rw=   -10.5 u_bx=  -0.04 u_by=   0.02 com_xy= 0.000m
Step 131400: pitch= -0.05deg roll= -0.00deg x= -0.000 y=  0.003 u_rw=    -0.9 u_bx=  -0.04 u_by=   0.03 com_xy= 0.000m
Step 131500: pitch= -0.08deg roll= -0.00deg x= -0.000 y=  0.006 u_rw=   -18.4 u_bx=  -0.17 u_by=   0.03 com_xy= 0.001m
Step 131600: pitch=  0.02deg roll= -0.00deg x=  0.000 y=  0.009 u_rw=    -3.3 u_bx=  -0.07 u_by=   0.01 com_xy= 0.000m
Step 131700: pitch= -0.02deg roll= -0.00deg x= -0.000 y=  0.012 u_rw=   -13.0 u_bx=  -0.10 u_by=   0.02 com_xy= 0.001m
Step 131800: pitch= -0.02deg roll= -0.00deg x= -0.000 y=  0.015 u_rw=   -13.6 u_bx=  -0.10 u_by=   0.02 com_xy= 0.001m
Step 131900: pitch= -0.07deg roll= -0.00deg x= -0.000 y=  0.018 u_rw=    -9.9 u_bx=  -0.12 u_by=   0.02 com_xy= 0.001m
Step 132000: pitch= -0.01deg roll= -0.00deg x= -0.000 y=  0.021 u_rw=     1.8 u_bx=  -0.09 u_by=   0.04 com_xy= 0.000m
Step 132100: pitch= -0.05deg roll= -0.00deg x= -0.000 y=  0.026 u_rw=     0.0 u_bx=  -0.13 u_by=   0.05 com_xy= 0.000m
Step 132200: pitch= -0.13deg roll= -0.00deg x= -0.000 y=  0.032 u_rw=     0.1 u_bx=  -0.18 u_by=   0.06 com_xy= 0.000m
Step 132300: pitch= -0.04deg roll= -0.00deg x= -0.000 y=  0.039 u_rw=     1.4 u_bx=  -0.13 u_by=   0.04 com_xy= 0.001m
Step 132400: pitch= -0.09deg roll= -0.00deg x= -0.000 y=  0.045 u_rw=   -13.9 u_bx=  -0.20 u_by=   0.04 com_xy= 0.001m
Step 132500: pitch= -0.04deg roll= -0.00deg x= -0.000 y=  0.050 u_rw=    -7.3 u_bx=  -0.12 u_by=   0.01 com_xy= 0.001m
Step 132600: pitch= -0.04deg roll= -0.00deg x= -0.000 y=  0.054 u_rw=   -12.9 u_bx=  -0.10 u_by=   0.03 com_xy= 0.002m
Step 132700: pitch= -0.07deg roll= -0.00deg x= -0.000 y=  0.058 u_rw=     1.2 u_bx=  -0.06 u_by=   0.03 com_xy= 0.002m
Step 132800: pitch= -0.08deg roll= -0.00deg x=  0.000 y=  0.062 u_rw=    -1.9 u_bx=  -0.12 u_by=   0.02 com_xy= 0.003m
Step 132900: pitch= -0.04deg roll= -0.00deg x= -0.000 y=  0.065 u_rw=   -18.9 u_bx=  -0.16 u_by=   0.01 com_xy= 0.005m
Step 133000: pitch=  0.03deg roll= -0.00deg x= -0.000 y=  0.067 u_rw=    11.1 u_bx=   0.03 u_by=  -0.01 com_xy= 0.008m
Step 133100: pitch=  0.04deg roll= -0.00deg x= -0.000 y=  0.068 u_rw=     4.2 u_bx=   0.02 u_by=  -0.00 com_xy= 0.013m
Step 133200: pitch=  0.02deg roll= -0.00deg x= -0.000 y=  0.068 u_rw=     5.1 u_bx=  -0.06 u_by=   0.01 com_xy= 0.020m
Step 133300: pitch= -0.08deg roll= -0.00deg x= -0.000 y=  0.068 u_rw=   -19.1 u_bx=  -0.14 u_by=   0.01 com_xy= 0.033m
Step 133400: pitch= -0.12deg roll= -0.00deg x= -0.000 y=  0.069 u_rw=    -7.8 u_bx=  -0.14 u_by=  -0.01 com_xy= 0.054m
Step 133500: pitch= -0.20deg roll= -0.00deg x= -0.000 y=  0.069 u_rw=    -6.5 u_bx=  -0.18 u_by=   0.03 com_xy= 0.087m
Step 133600: pitch= -0.34deg roll= -0.01deg x= -0.000 y=  0.072 u_rw=    -2.8 u_bx=  -0.31 u_by=   0.07 com_xy= 0.139m

CRASH #52 at step 133624: pitch=-0.35deg roll=-0.01deg com_xy=0.155m reason=com_overload
Step 133700: pitch= -0.02deg roll= -0.00deg x= -0.000 y= -0.000 u_rw=    -8.6 u_bx=   0.02 u_by=  -0.02 com_xy= 0.000m
Step 133800: pitch= -0.06deg roll= -0.00deg x=  0.000 y= -0.002 u_rw=    -7.5 u_bx=  -0.03 u_by=  -0.01 com_xy= 0.000m
Step 133900: pitch=  0.03deg roll= -0.00deg x=  0.000 y= -0.004 u_rw=    12.2 u_bx=   0.09 u_by=  -0.00 com_xy= 0.000m
Step 134000: pitch= -0.04deg roll= -0.00deg x=  0.000 y= -0.005 u_rw=    -2.1 u_bx=  -0.02 u_by=   0.00 com_xy= 0.000m
Step 134100: pitch=  0.02deg roll= -0.00deg x= -0.000 y= -0.005 u_rw=    16.2 u_bx=   0.04 u_by=   0.01 com_xy= 0.000m
Step 134200: pitch= -0.07deg roll= -0.00deg x=  0.000 y= -0.004 u_rw=    -2.3 u_bx=  -0.09 u_by=   0.01 com_xy= 0.001m
Step 134300: pitch= -0.05deg roll= -0.00deg x=  0.000 y= -0.003 u_rw=   -20.0 u_bx=  -0.13 u_by=  -0.00 com_xy= 0.001m
Step 134400: pitch=  0.04deg roll= -0.00deg x= -0.000 y= -0.002 u_rw=     0.2 u_bx=  -0.07 u_by=  -0.01 com_xy= 0.001m
Step 134500: pitch=  0.06deg roll= -0.00deg x= -0.000 y= -0.002 u_rw=     9.3 u_bx=   0.06 u_by=   0.02 com_xy= 0.001m
Step 134600: pitch=  0.00deg roll= -0.00deg x= -0.000 y= -0.001 u_rw=     1.1 u_bx=  -0.05 u_by=   0.00 com_xy= 0.002m
Step 134700: pitch= -0.05deg roll= -0.00deg x= -0.000 y= -0.000 u_rw=    -9.3 u_bx=  -0.14 u_by=  -0.00 com_xy= 0.003m
Step 134800: pitch= -0.05deg roll= -0.00deg x= -0.000 y= -0.000 u_rw=    -7.6 u_bx=  -0.10 u_by=  -0.01 com_xy= 0.004m
Step 134900: pitch= -0.04deg roll= -0.00deg x= -0.000 y= -0.000 u_rw=   -12.2 u_bx=  -0.09 u_by=  -0.00 com_xy= 0.007m
Step 135000: pitch= -0.07deg roll= -0.00deg x= -0.000 y= -0.001 u_rw=    -3.5 u_bx=  -0.10 u_by=   0.01 com_xy= 0.011m
Step 135100: pitch= -0.02deg roll= -0.00deg x= -0.000 y= -0.000 u_rw=   -12.8 u_bx=  -0.11 u_by=  -0.00 com_xy= 0.017m
Step 135200: pitch= -0.01deg roll= -0.00deg x= -0.000 y=  0.001 u_rw=     5.8 u_bx=  -0.00 u_by=   0.02 com_xy= 0.027m
Step 135300: pitch=  0.01deg roll= -0.00deg x= -0.000 y=  0.002 u_rw=    -2.9 u_bx=   0.02 u_by=   0.01 com_xy= 0.044m
Step 135400: pitch=  0.10deg roll= -0.00deg x=  0.000 y=  0.004 u_rw=     6.2 u_bx=   0.11 u_by=   0.01 com_xy= 0.071m
Step 135500: pitch=  0.23deg roll= -0.00deg x=  0.000 y=  0.003 u_rw=    10.0 u_bx=   0.21 u_by=  -0.04 com_xy= 0.114m

CRASH #53 at step 135567: pitch=0.29deg roll=-0.00deg com_xy=0.155m reason=com_overload
Step 135600: pitch= -0.01deg roll= -0.00deg x=  0.000 y= -0.000 u_rw=    -6.4 u_bx=   0.01 u_by=  -0.01 com_xy= 0.000m
Step 135700: pitch= -0.01deg roll= -0.00deg x=  0.000 y= -0.001 u_rw=   -10.0 u_bx=  -0.04 u_by=  -0.02 com_xy= 0.000m
Step 135800: pitch= -0.01deg roll= -0.00deg x=  0.000 y= -0.003 u_rw=   -14.0 u_bx=  -0.05 u_by=  -0.02 com_xy= 0.000m
Step 135900: pitch=  0.07deg roll= -0.00deg x=  0.000 y= -0.005 u_rw=     1.0 u_bx=   0.16 u_by=  -0.01 com_xy= 0.001m
Step 136000: pitch=  0.08deg roll= -0.00deg x=  0.000 y= -0.006 u_rw=    18.8 u_bx=   0.13 u_by=   0.00 com_xy= 0.000m
Step 136100: pitch=  0.02deg roll= -0.00deg x=  0.000 y= -0.006 u_rw=    12.1 u_bx=   0.10 u_by=   0.02 com_xy= 0.000m
Step 136200: pitch= -0.02deg roll= -0.00deg x=  0.000 y= -0.005 u_rw=     1.0 u_bx=   0.07 u_by=  -0.00 com_xy= 0.000m
Step 136300: pitch=  0.00deg roll= -0.00deg x=  0.000 y= -0.006 u_rw=   -14.2 u_bx=  -0.06 u_by=   0.00 com_xy= 0.001m
Step 136400: pitch= -0.02deg roll= -0.00deg x=  0.000 y= -0.006 u_rw=     0.7 u_bx=   0.03 u_by=  -0.01 com_xy= 0.001m
Step 136500: pitch= -0.05deg roll= -0.00deg x= -0.000 y= -0.007 u_rw=     3.0 u_bx=  -0.02 u_by=   0.00 com_xy= 0.001m
Step 136600: pitch= -0.01deg roll= -0.00deg x= -0.000 y= -0.007 u_rw=     5.6 u_bx=   0.01 u_by=  -0.01 com_xy= 0.002m
Step 136700: pitch= -0.03deg roll= -0.00deg x= -0.000 y= -0.007 u_rw=     2.7 u_bx=  -0.04 u_by=   0.01 com_xy= 0.002m
Step 136800: pitch= -0.01deg roll= -0.00deg x= -0.000 y= -0.006 u_rw=     5.9 u_bx=  -0.02 u_by=   0.01 com_xy= 0.003m
Step 136900: pitch= -0.02deg roll= -0.00deg x= -0.000 y= -0.004 u_rw=     6.5 u_bx=  -0.01 u_by=   0.00 com_xy= 0.004m
Step 137000: pitch= -0.09deg roll= -0.00deg x= -0.000 y= -0.003 u_rw=   -16.0 u_bx=  -0.17 u_by=   0.02 com_xy= 0.006m
Step 137100: pitch= -0.06deg roll= -0.00deg x= -0.000 y= -0.001 u_rw=    -7.5 u_bx=  -0.10 u_by=   0.02 com_xy= 0.010m
Step 137200: pitch= -0.01deg roll= -0.00deg x= -0.000 y=  0.002 u_rw=    16.6 u_bx=   0.02 u_by=   0.02 com_xy= 0.015m
Step 137300: pitch= -0.08deg roll= -0.00deg x= -0.000 y=  0.005 u_rw=   -13.5 u_bx=  -0.16 u_by=   0.01 com_xy= 0.025m
Step 137400: pitch= -0.04deg roll= -0.00deg x= -0.000 y=  0.008 u_rw=   -10.1 u_bx=  -0.11 u_by=   0.03 com_xy= 0.040m
Step 137500: pitch=  0.03deg roll= -0.00deg x= -0.000 y=  0.013 u_rw=    -8.9 u_bx=  -0.05 u_by=   0.03 com_xy= 0.064m
Step 137600: pitch=  0.12deg roll= -0.00deg x=  0.000 y=  0.018 u_rw=     4.2 u_bx=   0.17 u_by=   0.01 com_xy= 0.103m

CRASH #54 at step 137688: pitch=0.20deg roll=-0.00deg com_xy=0.155m reason=com_overload
Step 137700: pitch= -0.00deg roll= -0.00deg x= -0.000 y=  0.000 u_rw=    -2.8 u_bx=   0.01 u_by=   0.00 com_xy= 0.000m
Step 137800: pitch=  0.05deg roll= -0.00deg x= -0.000 y=  0.000 u_rw=    17.0 u_bx=   0.11 u_by=  -0.00 com_xy= 0.000m
Step 137900: pitch=  0.02deg roll= -0.00deg x= -0.000 y=  0.001 u_rw=     2.4 u_bx=  -0.00 u_by=  -0.00 com_xy= 0.000m
Step 138000: pitch=  0.01deg roll= -0.00deg x= -0.000 y=  0.002 u_rw=    10.2 u_bx=   0.01 u_by=   0.02 com_xy= 0.000m
Step 138100: pitch=  0.00deg roll= -0.00deg x=  0.000 y=  0.005 u_rw=   -11.4 u_bx=  -0.01 u_by=  -0.01 com_xy= 0.000m
Step 138200: pitch= -0.02deg roll= -0.00deg x=  0.000 y=  0.005 u_rw=   -11.0 u_bx=   0.01 u_by=  -0.02 com_xy= 0.000m
Step 138300: pitch=  0.01deg roll= -0.00deg x=  0.000 y=  0.003 u_rw=    10.0 u_bx=   0.12 u_by=  -0.02 com_xy= 0.001m
Step 138400: pitch=  0.05deg roll= -0.00deg x= -0.000 y=  0.002 u_rw=     8.7 u_bx=   0.07 u_by=  -0.01 com_xy= 0.000m
Step 138500: pitch=  0.02deg roll= -0.00deg x=  0.000 y= -0.000 u_rw=     4.2 u_bx=   0.06 u_by=  -0.01 com_xy= 0.000m
Step 138600: pitch= -0.00deg roll= -0.00deg x=  0.000 y= -0.002 u_rw=    -2.9 u_bx=   0.00 u_by=   0.00 com_xy= 0.000m
Step 138700: pitch=  0.03deg roll= -0.00deg x=  0.000 y= -0.004 u_rw=    14.1 u_bx=   0.15 u_by=  -0.00 com_xy= 0.001m
Step 138800: pitch= -0.01deg roll= -0.00deg x=  0.000 y= -0.005 u_rw=    -5.2 u_bx=   0.03 u_by=  -0.02 com_xy= 0.000m
Step 138900: pitch=  0.05deg roll= -0.00deg x=  0.000 y= -0.007 u_rw=    -0.3 u_bx=  -0.00 u_by=  -0.03 com_xy= 0.000m
Step 139000: pitch=  0.04deg roll= -0.00deg x=  0.000 y= -0.011 u_rw=    -0.2 u_bx=   0.06 u_by=  -0.05 com_xy= 0.000m
Step 139100: pitch=  0.04deg roll= -0.00deg x=  0.000 y= -0.016 u_rw=     8.5 u_bx=   0.09 u_by=  -0.03 com_xy= 0.000m
Step 139200: pitch=  0.05deg roll= -0.00deg x=  0.000 y= -0.020 u_rw=    13.0 u_bx=   0.11 u_by=  -0.01 com_xy= 0.000m
Step 139300: pitch=  0.05deg roll= -0.00deg x=  0.000 y= -0.021 u_rw=    14.1 u_bx=   0.10 u_by=   0.02 com_xy= 0.000m
Step 139400: pitch=  0.04deg roll= -0.00deg x=  0.000 y= -0.019 u_rw=    12.4 u_bx=   0.08 u_by=   0.00 com_xy= 0.001m
Step 139500: pitch=  0.09deg roll= -0.00deg x=  0.000 y= -0.019 u_rw=     4.1 u_bx=   0.11 u_by=  -0.02 com_xy= 0.001m
Step 139600: pitch=  0.04deg roll= -0.00deg x=  0.000 y= -0.020 u_rw=     8.9 u_bx=   0.15 u_by=   0.00 com_xy= 0.001m
Step 139700: pitch=  0.07deg roll= -0.00deg x=  0.000 y= -0.021 u_rw=    -5.0 u_bx=   0.08 u_by=  -0.05 com_xy= 0.001m
Step 139800: pitch=  0.13deg roll=  0.00deg x=  0.000 y= -0.026 u_rw=     3.6 u_bx=   0.18 u_by=  -0.03 com_xy= 0.001m
Step 139900: pitch=  0.06deg roll=  0.00deg x=  0.000 y= -0.029 u_rw=     1.5 u_bx=   0.11 u_by=  -0.00 com_xy= 0.001m
Step 140000: pitch=  0.04deg roll=  0.00deg x=  0.000 y= -0.031 u_rw=    -2.1 u_bx=   0.10 u_by=  -0.01 com_xy= 0.002m
Step 140100: pitch=  0.07deg roll=  0.01deg x=  0.000 y= -0.034 u_rw=    -1.7 u_bx=   0.15 u_by=  -0.04 com_xy= 0.003m
Step 140200: pitch=  0.14deg roll=  0.01deg x=  0.000 y= -0.038 u_rw=    15.6 u_bx=   0.22 u_by=  -0.04 com_xy= 0.004m
Step 140300: pitch=  0.12deg roll=  0.02deg x=  0.000 y= -0.044 u_rw=    -0.2 u_bx=   0.08 u_by=  -0.04 com_xy= 0.006m
Step 140400: pitch=  0.12deg roll=  0.03deg x=  0.000 y= -0.049 u_rw=     5.7 u_bx=   0.10 u_by=  -0.03 com_xy= 0.009m
Step 140500: pitch=  0.11deg roll=  0.04deg x=  0.000 y= -0.054 u_rw=     1.8 u_bx=   0.02 u_by=  -0.03 com_xy= 0.014m
Step 140600: pitch=  0.11deg roll=  0.07deg x=  0.000 y= -0.058 u_rw=    10.1 u_bx=   0.14 u_by=  -0.03 com_xy= 0.022m
Step 140700: pitch=  0.12deg roll=  0.10deg x=  0.000 y= -0.063 u_rw=    11.5 u_bx=   0.19 u_by=  -0.06 com_xy= 0.034m
Step 140800: pitch=  0.04deg roll=  0.15deg x=  0.000 y= -0.071 u_rw=   -19.5 u_bx=   0.00 u_by=  -0.12 com_xy= 0.053m
Step 140900: pitch=  0.13deg roll=  0.19deg x=  0.000 y= -0.085 u_rw=    -5.9 u_bx=   0.07 u_by=  -0.06 com_xy= 0.081m
Step 141000: pitch=  0.09deg roll=  0.22deg x=  0.000 y= -0.096 u_rw=    -9.7 u_bx=   0.13 u_by=  -0.06 com_xy= 0.124m

CRASH #55 at step 141052: pitch=0.12deg roll=0.24deg com_xy=0.154m reason=com_overload
Step 141100: pitch=  0.05deg roll= -0.00deg x= -0.000 y= -0.000 u_rw=     6.9 u_bx=   0.05 u_by=  -0.01 com_xy= 0.000m
Step 141200: pitch=  0.03deg roll= -0.00deg x= -0.000 y= -0.001 u_rw=     4.0 u_bx=  -0.02 u_by=  -0.01 com_xy= 0.000m
Step 141300: pitch=  0.01deg roll= -0.00deg x= -0.000 y= -0.002 u_rw=     6.6 u_bx=  -0.01 u_by=   0.01 com_xy= 0.000m
Step 141400: pitch=  0.02deg roll= -0.00deg x= -0.000 y= -0.001 u_rw=     5.7 u_bx=   0.03 u_by=  -0.01 com_xy= 0.000m
Step 141500: pitch=  0.03deg roll= -0.00deg x= -0.000 y=  0.000 u_rw=    -1.1 u_bx=  -0.05 u_by=   0.02 com_xy= 0.000m
Step 141600: pitch=  0.01deg roll= -0.00deg x= -0.000 y=  0.002 u_rw=    -7.5 u_bx=  -0.07 u_by=   0.01 com_xy= 0.001m
Step 141700: pitch= -0.04deg roll= -0.00deg x=  0.000 y=  0.004 u_rw=    -5.3 u_bx=  -0.11 u_by=   0.03 com_xy= 0.001m
Step 141800: pitch=  0.02deg roll= -0.00deg x= -0.000 y=  0.007 u_rw=     9.6 u_bx=   0.04 u_by=   0.01 com_xy= 0.002m
Step 141900: pitch=  0.02deg roll= -0.00deg x= -0.000 y=  0.008 u_rw=     8.6 u_bx=   0.04 u_by=   0.01 com_xy= 0.003m
Step 142000: pitch= -0.02deg roll= -0.00deg x=  0.000 y=  0.008 u_rw=   -17.4 u_bx=  -0.08 u_by=  -0.01 com_xy= 0.005m
Step 142100: pitch=  0.02deg roll= -0.00deg x= -0.000 y=  0.008 u_rw=    -1.3 u_bx=  -0.06 u_by=   0.01 com_xy= 0.006m
Step 142200: pitch=  0.05deg roll= -0.00deg x= -0.000 y=  0.009 u_rw=     3.9 u_bx=   0.07 u_by=   0.01 com_xy= 0.009m
Step 142300: pitch= -0.03deg roll= -0.00deg x= -0.000 y=  0.010 u_rw=    -2.5 u_bx=   0.00 u_by=   0.00 com_xy= 0.015m
Step 142400: pitch=  0.06deg roll= -0.00deg x=  0.000 y=  0.010 u_rw=     7.9 u_bx=   0.02 u_by=   0.00 com_xy= 0.025m
Step 142500: pitch=  0.11deg roll= -0.00deg x=  0.000 y=  0.009 u_rw=     1.7 u_bx=   0.06 u_by=   0.02 com_xy= 0.041m
Step 142600: pitch=  0.11deg roll= -0.00deg x=  0.000 y=  0.010 u_rw=   -13.6 u_bx=  -0.03 u_by=  -0.01 com_xy= 0.067m
Step 142700: pitch=  0.23deg roll= -0.00deg x=  0.000 y=  0.009 u_rw=    -5.3 u_bx=   0.12 u_by=  -0.03 com_xy= 0.108m

CRASH #56 at step 142779: pitch=0.36deg roll=-0.00deg com_xy=0.155m reason=com_overload
Step 142800: pitch= -0.01deg roll= -0.00deg x=  0.000 y= -0.000 u_rw=     0.0 u_bx=   0.01 u_by=   0.00 com_xy= 0.000m
Step 142900: pitch= -0.04deg roll= -0.00deg x= -0.000 y= -0.000 u_rw=    -7.7 u_bx=  -0.09 u_by=  -0.01 com_xy= 0.000m
Step 143000: pitch= -0.03deg roll= -0.00deg x= -0.000 y= -0.001 u_rw=    -8.5 u_bx=  -0.13 u_by=   0.02 com_xy= 0.001m
Step 143100: pitch= -0.01deg roll= -0.00deg x= -0.000 y= -0.000 u_rw=    17.3 u_bx=   0.03 u_by=  -0.01 com_xy= 0.000m
Step 143200: pitch= -0.04deg roll= -0.00deg x= -0.000 y= -0.001 u_rw=     0.4 u_bx=  -0.05 u_by=   0.02 com_xy= 0.000m
Step 143300: pitch= -0.05deg roll= -0.00deg x= -0.000 y= -0.000 u_rw=    -5.4 u_bx=  -0.13 u_by=  -0.01 com_xy= 0.000m
Step 143400: pitch=  0.06deg roll= -0.00deg x= -0.000 y= -0.000 u_rw=     4.0 u_bx=   0.07 u_by=  -0.02 com_xy= 0.001m
Step 143500: pitch=  0.03deg roll= -0.00deg x=  0.000 y= -0.002 u_rw=     9.9 u_bx=   0.06 u_by=   0.00 com_xy= 0.001m
Step 143600: pitch=  0.04deg roll= -0.00deg x=  0.000 y= -0.003 u_rw=    13.3 u_bx=   0.11 u_by=  -0.00 com_xy= 0.002m
Step 143700: pitch=  0.01deg roll= -0.00deg x=  0.000 y= -0.005 u_rw=   -16.9 u_bx=  -0.04 u_by=  -0.02 com_xy= 0.002m
Step 143800: pitch=  0.09deg roll= -0.00deg x=  0.000 y= -0.006 u_rw=    11.3 u_bx=   0.14 u_by=   0.01 com_xy= 0.004m
Step 143900: pitch=  0.01deg roll= -0.00deg x=  0.000 y= -0.006 u_rw=    -9.6 u_bx=  -0.00 u_by=  -0.01 com_xy= 0.004m
Step 144000: pitch=  0.03deg roll= -0.00deg x=  0.000 y= -0.006 u_rw=    -1.4 u_bx=   0.05 u_by=   0.01 com_xy= 0.007m
Step 144100: pitch=  0.04deg roll= -0.00deg x=  0.000 y= -0.006 u_rw=     5.9 u_bx=   0.09 u_by=   0.01 com_xy= 0.010m
Step 144200: pitch=  0.04deg roll= -0.00deg x=  0.000 y= -0.004 u_rw=    12.1 u_bx=   0.10 u_by=   0.03 com_xy= 0.017m
Step 144300: pitch=  0.07deg roll= -0.00deg x=  0.000 y= -0.001 u_rw=     2.8 u_bx=   0.08 u_by=   0.01 com_xy= 0.027m
Step 144400: pitch= -0.05deg roll= -0.00deg x=  0.000 y= -0.000 u_rw=   -11.4 u_bx=  -0.06 u_by=  -0.02 com_xy= 0.043m
Step 144500: pitch= -0.10deg roll= -0.00deg x=  0.000 y= -0.001 u_rw=     0.6 u_bx=   0.01 u_by=  -0.00 com_xy= 0.071m
Step 144600: pitch= -0.23deg roll= -0.00deg x= -0.000 y= -0.002 u_rw=   -18.7 u_bx=  -0.26 u_by=   0.01 com_xy= 0.113m

CRASH #57 at step 144667: pitch=-0.23deg roll=-0.00deg com_xy=0.154m reason=com_overload
Step 144700: pitch= -0.01deg roll= -0.00deg x= -0.000 y=  0.000 u_rw=     0.9 u_bx=   0.00 u_by=   0.01 com_xy= 0.000m
Step 144800: pitch= -0.03deg roll= -0.00deg x= -0.000 y=  0.001 u_rw=    -7.5 u_bx=  -0.03 u_by=  -0.00 com_xy= 0.000m
Step 144900: pitch=  0.01deg roll= -0.00deg x=  0.000 y=  0.001 u_rw=    14.5 u_bx=   0.07 u_by=   0.01 com_xy= 0.000m
Step 145000: pitch= -0.02deg roll= -0.00deg x= -0.000 y=  0.003 u_rw=    -6.5 u_bx=  -0.11 u_by=   0.02 com_xy= 0.000m
Step 145100: pitch= -0.02deg roll= -0.00deg x= -0.000 y=  0.005 u_rw=   -11.8 u_bx=  -0.15 u_by=   0.03 com_xy= 0.000m
Step 145200: pitch= -0.03deg roll= -0.00deg x= -0.000 y=  0.009 u_rw=   -10.5 u_bx=  -0.13 u_by=   0.03 com_xy= 0.000m
Step 145300: pitch= -0.07deg roll= -0.00deg x= -0.000 y=  0.012 u_rw=    -8.0 u_bx=  -0.14 u_by=   0.03 com_xy= 0.000m
Step 145400: pitch=  0.00deg roll= -0.00deg x= -0.000 y=  0.015 u_rw=    11.5 u_bx=   0.02 u_by=   0.01 com_xy= 0.001m
Step 145500: pitch= -0.02deg roll= -0.00deg x= -0.000 y=  0.018 u_rw=     7.4 u_bx=  -0.02 u_by=   0.00 com_xy= 0.001m
Step 145600: pitch=  0.02deg roll= -0.00deg x= -0.000 y=  0.019 u_rw=    12.9 u_bx=  -0.03 u_by=   0.04 com_xy= 0.001m
Step 145700: pitch= -0.01deg roll= -0.00deg x= -0.000 y=  0.023 u_rw=   -18.8 u_bx=  -0.12 u_by=   0.01 com_xy= 0.000m
Step 145800: pitch=  0.07deg roll= -0.00deg x=  0.000 y=  0.026 u_rw=     7.4 u_bx=   0.04 u_by=   0.01 com_xy= 0.001m
Step 145900: pitch=  0.08deg roll= -0.00deg x=  0.000 y=  0.027 u_rw=     4.0 u_bx=   0.04 u_by=  -0.01 com_xy= 0.001m
Step 146000: pitch=  0.03deg roll= -0.00deg x=  0.000 y=  0.026 u_rw=    -9.7 u_bx=  -0.03 u_by=  -0.02 com_xy= 0.001m
Step 146100: pitch=  0.05deg roll= -0.00deg x=  0.000 y=  0.024 u_rw=    -8.8 u_bx=   0.00 u_by=  -0.01 com_xy= 0.002m
Step 146200: pitch=  0.03deg roll= -0.00deg x=  0.000 y=  0.022 u_rw=    -3.6 u_bx=   0.07 u_by=  -0.02 com_xy= 0.003m
Step 146300: pitch=  0.06deg roll= -0.00deg x=  0.000 y=  0.018 u_rw=    -2.6 u_bx=   0.07 u_by=  -0.01 com_xy= 0.004m
Step 146400: pitch=  0.06deg roll= -0.00deg x=  0.000 y=  0.014 u_rw=     0.5 u_bx=   0.06 u_by=  -0.03 com_xy= 0.006m
Step 146500: pitch=  0.09deg roll= -0.00deg x=  0.000 y=  0.010 u_rw=    11.9 u_bx=   0.13 u_by=  -0.04 com_xy= 0.009m
Step 146600: pitch=  0.08deg roll= -0.00deg x=  0.000 y=  0.006 u_rw=     7.3 u_bx=   0.13 u_by=  -0.01 com_xy= 0.014m
Step 146700: pitch=  0.07deg roll= -0.00deg x=  0.000 y=  0.004 u_rw=     3.2 u_bx=   0.14 u_by=  -0.02 com_xy= 0.023m
Step 146800: pitch=  0.02deg roll= -0.00deg x=  0.000 y=  0.001 u_rw=    -3.5 u_bx=   0.04 u_by=  -0.01 com_xy= 0.037m
Step 146900: pitch= -0.03deg roll= -0.01deg x= -0.000 y=  0.000 u_rw=     6.4 u_bx=   0.02 u_by=  -0.00 com_xy= 0.060m
Step 147000: pitch= -0.08deg roll= -0.01deg x= -0.000 y=  0.000 u_rw=    -8.1 u_bx=  -0.16 u_by=   0.01 com_xy= 0.096m
Step 147100: pitch= -0.24deg roll= -0.01deg x= -0.000 y=  0.002 u_rw=     3.6 u_bx=  -0.17 u_by=   0.04 com_xy= 0.154m

CRASH #58 at step 147102: pitch=-0.26deg roll=-0.01deg com_xy=0.155m reason=com_overload
Step 147200: pitch=  0.03deg roll= -0.00deg x= -0.000 y=  0.000 u_rw=    12.5 u_bx=   0.03 u_by=   0.02 com_xy= 0.000m
Step 147300: pitch=  0.03deg roll= -0.00deg x= -0.000 y=  0.001 u_rw=    -1.5 u_bx=  -0.07 u_by=   0.00 com_xy= 0.000m
Step 147400: pitch= -0.03deg roll= -0.00deg x= -0.000 y=  0.002 u_rw=    -4.7 u_bx=  -0.06 u_by=   0.01 com_xy= 0.000m
Step 147500: pitch=  0.03deg roll= -0.00deg x= -0.000 y=  0.004 u_rw=     8.1 u_bx=   0.03 u_by=   0.03 com_xy= 0.000m
Step 147600: pitch=  0.02deg roll= -0.00deg x= -0.000 y=  0.008 u_rw=    -0.1 u_bx=  -0.07 u_by=   0.04 com_xy= 0.000m
Step 147700: pitch= -0.05deg roll= -0.00deg x= -0.000 y=  0.012 u_rw=    -6.2 u_bx=  -0.08 u_by=   0.01 com_xy= 0.000m
Step 147800: pitch=  0.06deg roll= -0.00deg x= -0.000 y=  0.015 u_rw=    19.3 u_bx=   0.06 u_by=   0.01 com_xy= 0.001m
Step 147900: pitch= -0.00deg roll= -0.00deg x= -0.000 y=  0.017 u_rw=    10.2 u_bx=   0.05 u_by=   0.02 com_xy= 0.001m
Step 148000: pitch=  0.02deg roll= -0.00deg x= -0.000 y=  0.020 u_rw=    -9.6 u_bx=  -0.09 u_by=   0.02 com_xy= 0.000m
Step 148100: pitch=  0.08deg roll= -0.00deg x= -0.000 y=  0.023 u_rw=    18.8 u_bx=   0.13 u_by=   0.03 com_xy= 0.001m
Step 148200: pitch= -0.03deg roll= -0.00deg x= -0.000 y=  0.026 u_rw=     0.1 u_bx=  -0.09 u_by=   0.02 com_xy= 0.001m
Step 148300: pitch= -0.04deg roll= -0.00deg x= -0.000 y=  0.028 u_rw=   -20.7 u_bx=  -0.15 u_by=   0.01 com_xy= 0.001m
Step 148400: pitch=  0.06deg roll= -0.00deg x=  0.000 y=  0.030 u_rw=     3.0 u_bx=  -0.00 u_by=   0.01 com_xy= 0.001m
Step 148500: pitch=  0.03deg roll= -0.00deg x=  0.000 y=  0.032 u_rw=     0.6 u_bx=  -0.01 u_by=   0.00 com_xy= 0.001m
Step 148600: pitch= -0.03deg roll= -0.00deg x=  0.000 y=  0.033 u_rw=   -13.0 u_bx=  -0.10 u_by=  -0.00 com_xy= 0.002m
Step 148700: pitch= -0.02deg roll= -0.00deg x= -0.000 y=  0.033 u_rw=    -9.1 u_bx=  -0.06 u_by=  -0.01 com_xy= 0.002m
Step 148800: pitch= -0.08deg roll= -0.00deg x= -0.000 y=  0.032 u_rw=    -5.2 u_bx=  -0.11 u_by=   0.01 com_xy= 0.002m
Step 148900: pitch= -0.02deg roll= -0.00deg x= -0.000 y=  0.032 u_rw=    12.9 u_bx=   0.01 u_by=   0.02 com_xy= 0.003m
Step 149000: pitch= -0.03deg roll= -0.00deg x= -0.000 y=  0.034 u_rw=     8.4 u_bx=  -0.06 u_by=   0.02 com_xy= 0.004m
Step 149100: pitch= -0.06deg roll= -0.00deg x= -0.000 y=  0.036 u_rw=     2.7 u_bx=  -0.03 u_by=   0.03 com_xy= 0.007m
Step 149200: pitch= -0.08deg roll= -0.00deg x= -0.000 y=  0.039 u_rw=    -7.4 u_bx=  -0.10 u_by=   0.03 com_xy= 0.011m
Step 149300: pitch= -0.07deg roll= -0.00deg x= -0.000 y=  0.042 u_rw=    -5.7 u_bx=  -0.09 u_by=   0.02 com_xy= 0.017m
Step 149400: pitch= -0.04deg roll= -0.00deg x= -0.000 y=  0.046 u_rw=   -10.7 u_bx=  -0.05 u_by=   0.00 com_xy= 0.028m
Step 149500: pitch= -0.02deg roll= -0.01deg x=  0.000 y=  0.048 u_rw=   -13.7 u_bx=  -0.06 u_by=  -0.01 com_xy= 0.045m
Step 149600: pitch=  0.04deg roll= -0.01deg x=  0.000 y=  0.048 u_rw=   -14.4 u_bx=  -0.03 u_by=  -0.04 com_xy= 0.073m
Step 149700: pitch=  0.19deg roll= -0.01deg x=  0.000 y=  0.045 u_rw=     0.5 u_bx=   0.15 u_by=  -0.04 com_xy= 0.116m

CRASH #59 at step 149764: pitch=0.26deg roll=-0.02deg com_xy=0.155m reason=com_overload
Step 149800: pitch= -0.00deg roll= -0.00deg x=  0.000 y= -0.000 u_rw=    -2.5 u_bx=  -0.00 u_by=  -0.01 com_xy= 0.000m
Step 149900: pitch=  0.02deg roll= -0.00deg x=  0.000 y= -0.002 u_rw=     2.6 u_bx=   0.03 u_by=  -0.03 com_xy= 0.000m
Step 150000: pitch=  0.05deg roll= -0.00deg x=  0.000 y= -0.003 u_rw=     3.2 u_bx=   0.03 u_by=   0.01 com_xy= 0.000m
Step 150100: pitch= -0.01deg roll= -0.00deg x=  0.000 y= -0.004 u_rw=    -9.1 u_bx=  -0.02 u_by=  -0.01 com_xy= 0.000m
Step 150200: pitch= -0.00deg roll= -0.00deg x=  0.000 y= -0.005 u_rw=     9.3 u_bx=   0.07 u_by=   0.00 com_xy= 0.000m
Step 150300: pitch=  0.02deg roll= -0.00deg x= -0.000 y= -0.004 u_rw=    11.6 u_bx=   0.02 u_by=   0.01 com_xy= 0.000m
Step 150400: pitch= -0.00deg roll= -0.00deg x= -0.000 y= -0.002 u_rw=   -10.5 u_bx=  -0.12 u_by=  -0.01 com_xy= 0.001m
Step 150500: pitch=  0.04deg roll= -0.00deg x= -0.000 y= -0.001 u_rw=     5.1 u_bx=   0.01 u_by=   0.02 com_xy= 0.000m
Step 150600: pitch= -0.04deg roll= -0.00deg x= -0.000 y=  0.002 u_rw=   -17.3 u_bx=  -0.11 u_by=   0.00 com_xy= 0.001m
Step 150700: pitch= -0.05deg roll= -0.00deg x= -0.000 y=  0.004 u_rw=     1.1 u_bx=  -0.03 u_by=   0.02 com_xy= 0.000m
Step 150800: pitch= -0.05deg roll= -0.00deg x= -0.000 y=  0.007 u_rw=     6.3 u_bx=   0.01 u_by=   0.02 com_xy= 0.000m
Step 150900: pitch= -0.05deg roll= -0.00deg x= -0.000 y=  0.008 u_rw=   -18.4 u_bx=  -0.12 u_by=   0.00 com_xy= 0.000m
Step 151000: pitch=  0.05deg roll= -0.00deg x=  0.000 y=  0.010 u_rw=    -0.6 u_bx=   0.09 u_by=   0.02 com_xy= 0.001m
Step 151100: pitch=  0.00deg roll= -0.00deg x= -0.000 y=  0.012 u_rw=    13.5 u_bx=   0.08 u_by=   0.04 com_xy= 0.001m
Step 151200: pitch= -0.01deg roll= -0.00deg x=  0.000 y=  0.015 u_rw=     8.2 u_bx=   0.06 u_by=   0.01 com_xy= 0.001m
Step 151300: pitch=  0.01deg roll= -0.00deg x=  0.000 y=  0.018 u_rw=    11.7 u_bx=   0.07 u_by=  -0.00 com_xy= 0.001m
Step 151400: pitch=  0.07deg roll= -0.00deg x=  0.000 y=  0.018 u_rw=     5.0 u_bx=   0.10 u_by=  -0.01 com_xy= 0.000m
Step 151500: pitch=  0.05deg roll= -0.00deg x=  0.000 y=  0.017 u_rw=     1.6 u_bx=   0.03 u_by=  -0.02 com_xy= 0.000m
Step 151600: pitch= -0.03deg roll= -0.00deg x=  0.000 y=  0.014 u_rw=    -5.7 u_bx=  -0.02 u_by=  -0.02 com_xy= 0.001m
Step 151700: pitch= -0.00deg roll= -0.00deg x=  0.000 y=  0.012 u_rw=     4.9 u_bx=   0.00 u_by=   0.01 com_xy= 0.001m
Step 151800: pitch=  0.02deg roll= -0.00deg x=  0.000 y=  0.011 u_rw=    12.0 u_bx=   0.07 u_by=   0.02 com_xy= 0.001m
Step 151900: pitch=  0.02deg roll= -0.01deg x= -0.000 y=  0.012 u_rw=    12.9 u_bx=   0.03 u_by=   0.03 com_xy= 0.001m
Step 152000: pitch=  0.04deg roll= -0.01deg x= -0.000 y=  0.014 u_rw=     1.6 u_bx=  -0.05 u_by=   0.02 com_xy= 0.002m
Step 152100: pitch=  0.06deg roll= -0.01deg x= -0.000 y=  0.016 u_rw=    19.3 u_bx=   0.05 u_by=   0.01 com_xy= 0.003m
Step 152200: pitch=  0.03deg roll= -0.02deg x= -0.000 y=  0.018 u_rw=    19.3 u_bx=   0.10 u_by=   0.01 com_xy= 0.005m
Step 152300: pitch= -0.03deg roll= -0.03deg x=  0.000 y=  0.019 u_rw=     0.6 u_bx=  -0.03 u_by=   0.01 com_xy= 0.008m
Step 152400: pitch= -0.04deg roll= -0.04deg x=  0.000 y=  0.019 u_rw=     1.0 u_bx=  -0.08 u_by=  -0.00 com_xy= 0.012m
Step 152500: pitch= -0.02deg roll= -0.06deg x=  0.000 y=  0.019 u_rw=   -19.8 u_bx=  -0.12 u_by=   0.01 com_xy= 0.019m
Step 152600: pitch=  0.05deg roll= -0.09deg x=  0.000 y=  0.020 u_rw=   -12.3 u_bx=  -0.04 u_by=   0.02 com_xy= 0.029m
Step 152700: pitch=  0.08deg roll= -0.13deg x=  0.000 y=  0.024 u_rw=     9.8 u_bx=   0.14 u_by=   0.02 com_xy= 0.044m
Step 152800: pitch=  0.00deg roll= -0.18deg x=  0.000 y=  0.027 u_rw=    -2.6 u_bx=   0.02 u_by=   0.03 com_xy= 0.068m
Step 152900: pitch=  0.06deg roll= -0.20deg x= -0.000 y=  0.032 u_rw=    12.2 u_bx=   0.03 u_by=   0.08 com_xy= 0.104m

CRASH #60 at step 152992: pitch=0.03deg roll=-0.24deg com_xy=0.154m reason=com_overload
Step 153000: pitch= -0.00deg roll= -0.00deg x= -0.000 y= -0.000 u_rw=     5.6 u_bx=  -0.02 u_by=  -0.00 com_xy= 0.000m
Step 153100: pitch=  0.05deg roll= -0.00deg x= -0.000 y=  0.001 u_rw=     5.2 u_bx=   0.05 u_by=   0.03 com_xy= 0.000m
Step 153200: pitch= -0.02deg roll= -0.00deg x= -0.000 y=  0.004 u_rw=    -1.3 u_bx=  -0.02 u_by=   0.05 com_xy= 0.000m
Step 153300: pitch= -0.05deg roll= -0.00deg x= -0.000 y=  0.009 u_rw=    -0.2 u_bx=  -0.07 u_by=   0.04 com_xy= 0.000m
Step 153400: pitch= -0.00deg roll= -0.00deg x= -0.000 y=  0.013 u_rw=    10.0 u_bx=   0.01 u_by=   0.03 com_xy= 0.000m
Step 153500: pitch=  0.01deg roll= -0.00deg x= -0.000 y=  0.018 u_rw=    12.7 u_bx=   0.03 u_by=   0.02 com_xy= 0.000m
Step 153600: pitch=  0.02deg roll= -0.00deg x=  0.000 y=  0.022 u_rw=     0.9 u_bx=  -0.00 u_by=   0.00 com_xy= 0.000m
Step 153700: pitch= -0.03deg roll= -0.00deg x= -0.000 y=  0.023 u_rw=   -11.2 u_bx=  -0.09 u_by=   0.01 com_xy= 0.000m
Step 153800: pitch= -0.05deg roll= -0.00deg x= -0.000 y=  0.024 u_rw=    -9.4 u_bx=  -0.13 u_by=   0.02 com_xy= 0.000m
Step 153900: pitch= -0.01deg roll= -0.00deg x= -0.000 y=  0.026 u_rw=    -4.3 u_bx=  -0.01 u_by=   0.00 com_xy= 0.001m
Step 154000: pitch=  0.03deg roll= -0.00deg x= -0.000 y=  0.027 u_rw=     8.3 u_bx=   0.02 u_by=   0.01 com_xy= 0.001m
Step 154100: pitch=  0.01deg roll= -0.00deg x= -0.000 y=  0.029 u_rw=    -5.3 u_bx=  -0.04 u_by=   0.03 com_xy= 0.000m
Step 154200: pitch=  0.08deg roll= -0.00deg x= -0.000 y=  0.032 u_rw=    12.7 u_bx=   0.06 u_by=   0.00 com_xy= 0.000m
Step 154300: pitch= -0.03deg roll= -0.00deg x=  0.000 y=  0.033 u_rw=    -0.7 u_bx=  -0.06 u_by=  -0.02 com_xy= 0.000m
Step 154400: pitch=  0.05deg roll= -0.00deg x= -0.000 y=  0.032 u_rw=    10.9 u_bx=   0.06 u_by=  -0.01 com_xy= 0.000m
Step 154500: pitch=  0.03deg roll= -0.00deg x= -0.000 y=  0.031 u_rw=    15.0 u_bx=   0.02 u_by=  -0.01 com_xy= 0.000m
Step 154600: pitch= -0.02deg roll= -0.00deg x= -0.000 y=  0.030 u_rw=   -15.6 u_bx=  -0.09 u_by=  -0.01 com_xy= 0.000m
Step 154700: pitch=  0.10deg roll= -0.00deg x=  0.000 y=  0.029 u_rw=     7.1 u_bx=   0.14 u_by=  -0.01 com_xy= 0.001m
Step 154800: pitch=  0.07deg roll= -0.00deg x=  0.000 y=  0.029 u_rw=    20.0 u_bx=   0.14 u_by=   0.00 com_xy= 0.001m
Step 154900: pitch=  0.01deg roll= -0.00deg x=  0.000 y=  0.029 u_rw=     0.8 u_bx=   0.03 u_by=   0.01 com_xy= 0.001m
Step 155000: pitch=  0.01deg roll= -0.01deg x=  0.000 y=  0.030 u_rw=   -13.6 u_bx=  -0.08 u_by=   0.02 com_xy= 0.001m
Step 155100: pitch=  0.06deg roll= -0.01deg x=  0.000 y=  0.031 u_rw=   -10.8 u_bx=  -0.07 u_by=  -0.01 com_xy= 0.002m
Step 155200: pitch=  0.04deg roll= -0.01deg x=  0.000 y=  0.032 u_rw=   -10.4 u_bx=  -0.05 u_by=   0.01 com_xy= 0.003m
Step 155300: pitch=  0.02deg roll= -0.02deg x=  0.000 y=  0.032 u_rw=     0.8 u_bx=   0.05 u_by=  -0.01 com_xy= 0.005m
Step 155400: pitch=  0.07deg roll= -0.03deg x=  0.000 y=  0.032 u_rw=    -6.6 u_bx=  -0.01 u_by=  -0.00 com_xy= 0.008m
Step 155500: pitch=  0.09deg roll= -0.04deg x=  0.000 y=  0.032 u_rw=     2.4 u_bx=   0.04 u_by=  -0.01 com_xy= 0.013m
Step 155600: pitch=  0.12deg roll= -0.06deg x=  0.000 y=  0.031 u_rw=     0.5 u_bx=   0.07 u_by=   0.00 com_xy= 0.019m
Step 155700: pitch=  0.08deg roll= -0.09deg x=  0.000 y=  0.032 u_rw=     3.8 u_bx=   0.10 u_by=   0.03 com_xy= 0.030m
Step 155800: pitch=  0.08deg roll= -0.14deg x=  0.000 y=  0.034 u_rw=     3.8 u_bx=   0.10 u_by=   0.05 com_xy= 0.046m
Step 155900: pitch=  0.02deg roll= -0.18deg x=  0.000 y=  0.040 u_rw=    -6.7 u_bx=  -0.03 u_by=   0.05 com_xy= 0.071m
Step 156000: pitch=  0.14deg roll= -0.21deg x=  0.000 y=  0.046 u_rw=     5.4 u_bx=   0.18 u_by=   0.04 com_xy= 0.109m

CRASH #61 at step 156082: pitch=0.14deg roll=-0.24deg com_xy=0.154m reason=com_overload
Step 156100: pitch=  0.01deg roll= -0.00deg x= -0.000 y=  0.000 u_rw=    -4.4 u_bx=   0.00 u_by=  -0.00 com_xy= 0.000m
Step 156200: pitch= -0.03deg roll= -0.00deg x=  0.000 y= -0.001 u_rw=    -6.0 u_bx=   0.05 u_by=  -0.02 com_xy= 0.000m
Step 156300: pitch=  0.02deg roll= -0.00deg x=  0.000 y= -0.002 u_rw=    -3.5 u_bx=  -0.02 u_by=  -0.00 com_xy= 0.000m
Step 156400: pitch= -0.02deg roll= -0.00deg x= -0.000 y= -0.003 u_rw=   -13.7 u_bx=  -0.09 u_by=  -0.00 com_xy= 0.000m
Step 156500: pitch= -0.04deg roll= -0.00deg x= -0.000 y= -0.003 u_rw=    -3.8 u_bx=  -0.04 u_by=   0.02 com_xy= 0.000m
Step 156600: pitch= -0.06deg roll= -0.00deg x=  0.000 y=  0.000 u_rw=   -19.1 u_bx=  -0.16 u_by=   0.02 com_xy= 0.001m
Step 156700: pitch=  0.04deg roll= -0.00deg x= -0.000 y=  0.004 u_rw=    -1.3 u_bx=   0.07 u_by=   0.01 com_xy= 0.000m
Step 156800: pitch=  0.04deg roll= -0.00deg x= -0.000 y=  0.006 u_rw=     9.1 u_bx=   0.03 u_by=   0.02 com_xy= 0.001m
Step 156900: pitch=  0.02deg roll= -0.00deg x= -0.000 y=  0.009 u_rw=    18.8 u_bx=   0.10 u_by=   0.03 com_xy= 0.001m
Step 157000: pitch= -0.04deg roll= -0.00deg x= -0.000 y=  0.012 u_rw=    -0.2 u_bx=  -0.03 u_by=   0.01 com_xy= 0.001m
Step 157100: pitch=  0.06deg roll= -0.00deg x=  0.000 y=  0.013 u_rw=     6.2 u_bx=   0.06 u_by=  -0.02 com_xy= 0.000m
Step 157200: pitch=  0.02deg roll= -0.00deg x= -0.000 y=  0.013 u_rw=     8.8 u_bx=   0.00 u_by=  -0.02 com_xy= 0.000m
Step 157300: pitch=  0.01deg roll= -0.00deg x= -0.000 y=  0.012 u_rw=     8.2 u_bx=  -0.01 u_by=  -0.01 com_xy= 0.001m
Step 157400: pitch=  0.00deg roll= -0.00deg x= -0.000 y=  0.011 u_rw=     7.1 u_bx=  -0.02 u_by=   0.03 com_xy= 0.001m
Step 157500: pitch=  0.04deg roll= -0.00deg x= -0.000 y=  0.013 u_rw=    10.5 u_bx=   0.02 u_by=   0.04 com_xy= 0.002m
Step 157600: pitch=  0.00deg roll= -0.00deg x= -0.000 y=  0.017 u_rw=    -5.7 u_bx=  -0.09 u_by=   0.02 com_xy= 0.004m
Step 157700: pitch=  0.02deg roll= -0.00deg x= -0.000 y=  0.020 u_rw=     7.0 u_bx=  -0.01 u_by=   0.01 com_xy= 0.005m
Step 157800: pitch=  0.01deg roll=  0.00deg x= -0.000 y=  0.021 u_rw=     3.0 u_bx=   0.01 u_by=  -0.00 com_xy= 0.007m
Step 157900: pitch= -0.06deg roll=  0.00deg x= -0.000 y=  0.022 u_rw=    -3.9 u_bx=  -0.06 u_by=   0.01 com_xy= 0.011m
Step 158000: pitch= -0.05deg roll=  0.00deg x= -0.000 y=  0.022 u_rw=    -6.1 u_bx=  -0.08 u_by=  -0.01 com_xy= 0.018m
Step 158100: pitch=  0.02deg roll=  0.00deg x= -0.000 y=  0.022 u_rw=    11.1 u_bx=  -0.01 u_by=   0.01 com_xy= 0.029m
Step 158200: pitch=  0.07deg roll=  0.00deg x= -0.000 y=  0.024 u_rw=     8.4 u_bx=  -0.04 u_by=   0.03 com_xy= 0.047m
Step 158300: pitch=  0.13deg roll=  0.01deg x=  0.000 y=  0.027 u_rw=     6.9 u_bx=   0.06 u_by=   0.02 com_xy= 0.077m
Step 158400: pitch=  0.28deg roll=  0.01deg x=  0.000 y=  0.029 u_rw=     0.9 u_bx=   0.16 u_by=  -0.02 com_xy= 0.124m

CRASH #62 at step 158450: pitch=0.26deg roll=0.01deg com_xy=0.156m reason=com_overload
Step 158500: pitch=  0.01deg roll= -0.00deg x= -0.000 y= -0.000 u_rw=     2.9 u_bx=   0.04 u_by=  -0.01 com_xy= 0.000m
Step 158600: pitch=  0.02deg roll= -0.00deg x=  0.000 y= -0.001 u_rw=    11.3 u_bx=   0.08 u_by=   0.01 com_xy= 0.000m
Step 158700: pitch= -0.03deg roll= -0.00deg x= -0.000 y= -0.001 u_rw=     2.8 u_bx=   0.02 u_by=   0.01 com_xy= 0.000m
Step 158800: pitch= -0.05deg roll= -0.00deg x=  0.000 y=  0.000 u_rw=   -19.2 u_bx=  -0.08 u_by=   0.00 com_xy= 0.000m
Step 158900: pitch= -0.00deg roll= -0.00deg x= -0.000 y=  0.002 u_rw=   -12.8 u_bx=  -0.12 u_by=   0.02 com_xy= 0.001m
Step 159000: pitch=  0.04deg roll= -0.00deg x= -0.000 y=  0.004 u_rw=     0.8 u_bx=  -0.03 u_by=   0.02 com_xy= 0.000m
Step 159100: pitch=  0.04deg roll= -0.00deg x= -0.000 y=  0.007 u_rw=    16.2 u_bx=   0.08 u_by=   0.02 com_xy= 0.001m
Step 159200: pitch= -0.06deg roll= -0.00deg x= -0.000 y=  0.009 u_rw=   -10.3 u_bx=  -0.08 u_by=   0.02 com_xy= 0.001m
Step 159300: pitch= -0.05deg roll= -0.00deg x=  0.000 y=  0.011 u_rw=    -1.5 u_bx=  -0.01 u_by=   0.00 com_xy= 0.002m
Step 159400: pitch=  0.02deg roll= -0.00deg x= -0.000 y=  0.013 u_rw=    -5.0 u_bx=  -0.05 u_by=   0.02 com_xy= 0.002m
Step 159500: pitch=  0.01deg roll= -0.00deg x= -0.000 y=  0.015 u_rw=   -13.6 u_bx=  -0.16 u_by=   0.04 com_xy= 0.002m
Step 159600: pitch=  0.01deg roll= -0.00deg x= -0.000 y=  0.018 u_rw=    -2.8 u_bx=  -0.01 u_by=   0.01 com_xy= 0.004m
Step 159700: pitch= -0.01deg roll= -0.00deg x= -0.000 y=  0.020 u_rw=     0.7 u_bx=  -0.01 u_by=  -0.01 com_xy= 0.006m
Step 159800: pitch=  0.06deg roll= -0.00deg x= -0.000 y=  0.020 u_rw=    11.7 u_bx=   0.07 u_by=  -0.01 com_xy= 0.010m
Step 159900: pitch= -0.00deg roll= -0.00deg x= -0.000 y=  0.020 u_rw=   -11.4 u_bx=  -0.11 u_by=   0.01 com_xy= 0.015m
Step 160000: pitch=  0.00deg roll= -0.00deg x=  0.000 y=  0.021 u_rw=    -9.4 u_bx=  -0.04 u_by=  -0.00 com_xy= 0.025m
Step 160100: pitch= -0.01deg roll= -0.00deg x= -0.000 y=  0.023 u_rw=    -4.7 u_bx=  -0.05 u_by=   0.02 com_xy= 0.040m
Step 160200: pitch= -0.04deg roll= -0.00deg x= -0.000 y=  0.026 u_rw=    20.1 u_bx=   0.05 u_by=   0.03 com_xy= 0.066m
Step 160300: pitch= -0.23deg roll= -0.00deg x= -0.000 y=  0.030 u_rw=     0.8 u_bx=  -0.20 u_by=   0.05 com_xy= 0.105m

CRASH #63 at step 160386: pitch=-0.23deg roll=-0.00deg com_xy=0.155m reason=com_overload
Step 160400: pitch=  0.01deg roll= -0.00deg x=  0.000 y=  0.000 u_rw=     0.9 u_bx=   0.01 u_by=   0.01 com_xy= 0.000m
Step 160500: pitch=  0.01deg roll= -0.00deg x=  0.000 y=  0.000 u_rw=    11.4 u_bx=   0.08 u_by=  -0.00 com_xy= 0.000m
Step 160600: pitch=  0.02deg roll= -0.00deg x=  0.000 y=  0.001 u_rw=     4.3 u_bx=   0.03 u_by=   0.02 com_xy= 0.000m
Step 160700: pitch= -0.00deg roll= -0.00deg x= -0.000 y=  0.003 u_rw=    -6.4 u_bx=  -0.06 u_by=   0.01 com_xy= 0.000m
Step 160800: pitch= -0.02deg roll= -0.00deg x= -0.000 y=  0.005 u_rw=   -11.6 u_bx=  -0.06 u_by=  -0.01 com_xy= 0.000m
Step 160900: pitch= -0.05deg roll= -0.00deg x= -0.000 y=  0.004 u_rw=    -8.3 u_bx=  -0.08 u_by=  -0.00 com_xy= 0.000m
Step 161000: pitch= -0.02deg roll= -0.00deg x= -0.000 y=  0.004 u_rw=    -0.2 u_bx=   0.04 u_by=  -0.00 com_xy= 0.000m
Step 161100: pitch= -0.01deg roll= -0.00deg x= -0.000 y=  0.004 u_rw=     8.5 u_bx=   0.06 u_by=   0.02 com_xy= 0.000m
Step 161200: pitch= -0.07deg roll= -0.00deg x=  0.000 y=  0.005 u_rw=   -15.1 u_bx=  -0.08 u_by=  -0.02 com_xy= 0.001m
Step 161300: pitch= -0.05deg roll= -0.00deg x= -0.000 y=  0.005 u_rw=   -18.8 u_bx=  -0.16 u_by=   0.02 com_xy= 0.001m
Step 161400: pitch=  0.01deg roll= -0.00deg x= -0.000 y=  0.009 u_rw=    -0.7 u_bx=  -0.03 u_by=   0.02 com_xy= 0.000m
Step 161500: pitch=  0.02deg roll= -0.00deg x= -0.000 y=  0.012 u_rw=     1.7 u_bx=   0.04 u_by=   0.03 com_xy= 0.000m
Step 161600: pitch= -0.03deg roll= -0.00deg x=  0.000 y=  0.016 u_rw=    13.8 u_bx=   0.12 u_by=   0.02 com_xy= 0.001m
Step 161700: pitch= -0.05deg roll= -0.00deg x=  0.000 y=  0.018 u_rw=   -11.0 u_bx=  -0.04 u_by=  -0.02 com_xy= 0.001m
Step 161800: pitch= -0.01deg roll= -0.00deg x=  0.000 y=  0.017 u_rw=    -2.7 u_bx=  -0.02 u_by=  -0.02 com_xy= 0.002m
Step 161900: pitch= -0.02deg roll= -0.00deg x=  0.000 y=  0.015 u_rw=    -0.1 u_bx=   0.05 u_by=  -0.01 com_xy= 0.003m
Step 162000: pitch= -0.00deg roll= -0.00deg x=  0.000 y=  0.015 u_rw=   -12.2 u_bx=  -0.02 u_by=  -0.01 com_xy= 0.003m
Step 162100: pitch= -0.02deg roll= -0.00deg x=  0.000 y=  0.013 u_rw=   -13.9 u_bx=  -0.01 u_by=  -0.01 com_xy= 0.005m
Step 162200: pitch=  0.04deg roll= -0.00deg x=  0.000 y=  0.012 u_rw=    13.9 u_bx=   0.18 u_by=  -0.02 com_xy= 0.009m
Step 162300: pitch=  0.04deg roll= -0.00deg x=  0.000 y=  0.009 u_rw=     6.0 u_bx=   0.10 u_by=  -0.03 com_xy= 0.014m
Step 162400: pitch=  0.02deg roll= -0.00deg x=  0.000 y=  0.006 u_rw=    -2.7 u_bx=   0.03 u_by=  -0.02 com_xy= 0.021m
Step 162500: pitch= -0.03deg roll= -0.00deg x=  0.000 y=  0.003 u_rw=    -2.7 u_bx=  -0.01 u_by=  -0.01 com_xy= 0.034m
Step 162600: pitch= -0.05deg roll= -0.00deg x= -0.000 y=  0.002 u_rw=     6.9 u_bx=   0.01 u_by=   0.02 com_xy= 0.056m
Step 162700: pitch= -0.15deg roll= -0.00deg x= -0.000 y=  0.004 u_rw=     0.2 u_bx=  -0.15 u_by=   0.03 com_xy= 0.090m
Step 162800: pitch= -0.30deg roll=  0.00deg x= -0.000 y=  0.008 u_rw=   -11.1 u_bx=  -0.31 u_by=   0.05 com_xy= 0.144m

CRASH #64 at step 162816: pitch=-0.34deg roll=0.00deg com_xy=0.155m reason=com_overload
Step 162900: pitch= -0.02deg roll= -0.00deg x= -0.000 y=  0.000 u_rw=     4.7 u_bx=   0.01 u_by=   0.01 com_xy= 0.000m
Step 163000: pitch=  0.07deg roll= -0.00deg x=  0.000 y=  0.001 u_rw=    15.0 u_bx=   0.13 u_by=  -0.01 com_xy= 0.000m
Step 163100: pitch= -0.01deg roll= -0.00deg x= -0.000 y=  0.001 u_rw=     9.7 u_bx=   0.07 u_by=   0.02 com_xy= 0.000m
Step 163200: pitch= -0.04deg roll= -0.00deg x=  0.000 y=  0.002 u_rw=   -19.7 u_bx=  -0.10 u_by=   0.00 com_xy= 0.000m
Step 163300: pitch= -0.03deg roll= -0.00deg x= -0.000 y=  0.003 u_rw=   -18.4 u_bx=  -0.16 u_by=   0.00 com_xy= 0.001m
Step 163400: pitch=  0.04deg roll= -0.00deg x= -0.000 y=  0.003 u_rw=    -0.4 u_bx=   0.03 u_by=   0.01 com_xy= 0.000m
Step 163500: pitch= -0.00deg roll= -0.00deg x= -0.000 y=  0.006 u_rw=    12.3 u_bx=   0.09 u_by=   0.05 com_xy= 0.001m
Step 163600: pitch=  0.02deg roll= -0.00deg x= -0.000 y=  0.010 u_rw=    11.8 u_bx=   0.06 u_by=   0.01 com_xy= 0.001m
Step 163700: pitch=  0.02deg roll= -0.00deg x= -0.000 y=  0.012 u_rw=    11.6 u_bx=   0.04 u_by=  -0.01 com_xy= 0.000m
Step 163800: pitch= -0.03deg roll= -0.00deg x=  0.000 y=  0.011 u_rw=   -13.0 u_bx=  -0.10 u_by=  -0.02 com_xy= 0.000m
Step 163900: pitch=  0.01deg roll= -0.00deg x=  0.000 y=  0.009 u_rw=   -18.3 u_bx=  -0.08 u_by=  -0.01 com_xy= 0.001m
Step 164000: pitch=  0.03deg roll= -0.00deg x=  0.000 y=  0.008 u_rw=    -6.5 u_bx=  -0.04 u_by=  -0.01 com_xy= 0.001m
Step 164100: pitch=  0.10deg roll= -0.00deg x= -0.000 y=  0.007 u_rw=    -1.4 u_bx=   0.15 u_by=   0.01 com_xy= 0.001m
Step 164200: pitch=  0.06deg roll= -0.00deg x= -0.000 y=  0.008 u_rw=    16.3 u_bx=   0.11 u_by=   0.01 com_xy= 0.001m
Step 164300: pitch= -0.03deg roll= -0.00deg x= -0.000 y=  0.009 u_rw=    13.4 u_bx=   0.06 u_by=   0.01 com_xy= 0.003m
Step 164400: pitch= -0.03deg roll= -0.00deg x= -0.000 y=  0.010 u_rw=    -3.8 u_bx=  -0.07 u_by=   0.01 com_xy= 0.004m
Step 164500: pitch= -0.00deg roll= -0.00deg x= -0.000 y=  0.012 u_rw=     5.6 u_bx=  -0.01 u_by=   0.02 com_xy= 0.006m
Step 164600: pitch= -0.06deg roll= -0.00deg x= -0.000 y=  0.014 u_rw=   -15.5 u_bx=  -0.08 u_by=  -0.00 com_xy= 0.010m
Step 164700: pitch=  0.01deg roll= -0.00deg x= -0.000 y=  0.014 u_rw=    19.7 u_bx=   0.09 u_by=   0.02 com_xy= 0.015m
Step 164800: pitch= -0.06deg roll= -0.00deg x=  0.000 y=  0.015 u_rw=     1.5 u_bx=   0.03 u_by=   0.00 com_xy= 0.024m
Step 164900: pitch= -0.07deg roll= -0.00deg x= -0.000 y=  0.016 u_rw=    -1.8 u_bx=  -0.10 u_by=   0.02 com_xy= 0.040m
Step 165000: pitch=  0.04deg roll= -0.00deg x= -0.000 y=  0.017 u_rw=   -15.3 u_bx=  -0.05 u_by=   0.02 com_xy= 0.065m
Step 165100: pitch=  0.18deg roll= -0.00deg x=  0.000 y=  0.019 u_rw=    13.7 u_bx=   0.22 u_by=   0.00 com_xy= 0.103m

CRASH #65 at step 165187: pitch=0.34deg roll=-0.00deg com_xy=0.154m reason=com_overload
Step 165200: pitch= -0.00deg roll= -0.00deg x=  0.000 y= -0.000 u_rw=     1.7 u_bx=  -0.01 u_by=  -0.00 com_xy= 0.000m
Step 165300: pitch=  0.01deg roll= -0.00deg x=  0.000 y= -0.001 u_rw=    -4.9 u_bx=  -0.02 u_by=  -0.03 com_xy= 0.000m
Step 165400: pitch= -0.05deg roll= -0.00deg x=  0.000 y= -0.003 u_rw=     0.1 u_bx=  -0.03 u_by=  -0.01 com_xy= 0.000m
Step 165500: pitch=  0.02deg roll= -0.00deg x=  0.000 y= -0.006 u_rw=   -12.3 u_bx=  -0.06 u_by=   0.00 com_xy= 0.000m
Step 165600: pitch=  0.06deg roll= -0.00deg x=  0.000 y= -0.008 u_rw=    13.2 u_bx=   0.15 u_by=  -0.00 com_xy= 0.000m
Step 165700: pitch=  0.06deg roll= -0.00deg x= -0.000 y= -0.008 u_rw=    18.9 u_bx=   0.19 u_by=   0.01 com_xy= 0.001m
Step 165800: pitch=  0.01deg roll= -0.00deg x=  0.000 y= -0.007 u_rw=     3.1 u_bx=   0.14 u_by=   0.00 com_xy= 0.000m
Step 165900: pitch=  0.02deg roll= -0.00deg x=  0.000 y= -0.007 u_rw=    -6.8 u_bx=   0.02 u_by=  -0.03 com_xy= 0.001m
Step 166000: pitch=  0.07deg roll= -0.00deg x=  0.000 y= -0.009 u_rw=     2.2 u_bx=   0.12 u_by=  -0.01 com_xy= 0.001m
Step 166100: pitch= -0.01deg roll= -0.00deg x=  0.000 y= -0.011 u_rw=    -9.2 u_bx=   0.00 u_by=  -0.02 com_xy= 0.002m
Step 166200: pitch= -0.08deg roll= -0.00deg x=  0.000 y= -0.013 u_rw=   -11.8 u_bx=  -0.07 u_by=  -0.01 com_xy= 0.003m
Step 166300: pitch=  0.01deg roll= -0.00deg x= -0.000 y= -0.014 u_rw=     6.6 u_bx=   0.02 u_by=   0.01 com_xy= 0.004m
Step 166400: pitch=  0.04deg roll= -0.00deg x= -0.000 y= -0.012 u_rw=     1.8 u_bx=   0.01 u_by=   0.02 com_xy= 0.005m
Step 166500: pitch= -0.05deg roll= -0.00deg x=  0.000 y= -0.010 u_rw=   -19.1 u_bx=  -0.10 u_by=  -0.02 com_xy= 0.009m
Step 166600: pitch= -0.01deg roll= -0.00deg x=  0.000 y= -0.011 u_rw=    -3.6 u_bx=   0.11 u_by=  -0.03 com_xy= 0.013m
Step 166700: pitch= -0.04deg roll= -0.00deg x=  0.000 y= -0.014 u_rw=    -2.7 u_bx=   0.03 u_by=  -0.02 com_xy= 0.022m
Step 166800: pitch=  0.05deg roll= -0.00deg x=  0.000 y= -0.016 u_rw=    12.9 u_bx=   0.10 u_by=   0.01 com_xy= 0.036m
Step 166900: pitch=  0.11deg roll= -0.00deg x=  0.000 y= -0.017 u_rw=    10.3 u_bx=   0.10 u_by=   0.01 com_xy= 0.058m
Step 167000: pitch=  0.21deg roll= -0.00deg x=  0.000 y= -0.017 u_rw=    12.7 u_bx=   0.23 u_by=  -0.03 com_xy= 0.094m
Step 167100: pitch=  0.32deg roll= -0.00deg x=  0.000 y= -0.020 u_rw=    -7.0 u_bx=   0.18 u_by=  -0.05 com_xy= 0.149m

CRASH #66 at step 167108: pitch=0.38deg roll=-0.00deg com_xy=0.154m reason=com_overload
Step 167200: pitch= -0.04deg roll= -0.00deg x= -0.000 y=  0.001 u_rw=    -6.9 u_bx=  -0.08 u_by=   0.02 com_xy= 0.000m
Step 167300: pitch= -0.03deg roll= -0.00deg x= -0.000 y=  0.002 u_rw=   -14.5 u_bx=  -0.13 u_by=   0.01 com_xy= 0.001m
Step 167400: pitch=  0.02deg roll= -0.00deg x= -0.000 y=  0.004 u_rw=    15.1 u_bx=   0.03 u_by=   0.03 com_xy= 0.000m
Step 167500: pitch= -0.02deg roll= -0.00deg x= -0.000 y=  0.006 u_rw=   -10.3 u_bx=  -0.09 u_by=  -0.00 com_xy= 0.000m
Step 167600: pitch= -0.06deg roll= -0.00deg x=  0.000 y=  0.007 u_rw=    -5.0 u_bx=  -0.03 u_by=  -0.02 com_xy= 0.000m
Step 167700: pitch=  0.02deg roll= -0.00deg x=  0.000 y=  0.005 u_rw=    14.3 u_bx=   0.11 u_by=  -0.02 com_xy= 0.001m
Step 167800: pitch= -0.00deg roll= -0.00deg x= -0.000 y=  0.003 u_rw=    11.4 u_bx=   0.03 u_by=   0.00 com_xy= 0.001m
Step 167900: pitch= -0.02deg roll= -0.00deg x=  0.000 y=  0.002 u_rw=     3.5 u_bx=   0.04 u_by=  -0.01 com_xy= 0.002m
Step 168000: pitch=  0.04deg roll= -0.00deg x= -0.000 y=  0.001 u_rw=    11.0 u_bx=   0.06 u_by=  -0.01 com_xy= 0.003m
Step 168100: pitch= -0.02deg roll= -0.00deg x=  0.000 y= -0.000 u_rw=   -16.3 u_bx=  -0.03 u_by=  -0.00 com_xy= 0.004m
Step 168200: pitch=  0.09deg roll= -0.00deg x=  0.000 y= -0.001 u_rw=     0.2 u_bx=   0.07 u_by=  -0.02 com_xy= 0.006m
Step 168300: pitch=  0.11deg roll= -0.00deg x=  0.000 y= -0.002 u_rw=     5.7 u_bx=   0.21 u_by=  -0.04 com_xy= 0.010m
Step 168400: pitch=  0.04deg roll= -0.00deg x=  0.000 y= -0.005 u_rw=    19.5 u_bx=   0.11 u_by=  -0.01 com_xy= 0.016m
Step 168500: pitch= -0.05deg roll= -0.00deg x=  0.000 y= -0.008 u_rw=     0.1 u_bx=   0.01 u_by=  -0.00 com_xy= 0.025m
Step 168600: pitch= -0.11deg roll= -0.00deg x= -0.000 y= -0.009 u_rw=    -5.4 u_bx=  -0.14 u_by=   0.01 com_xy= 0.040m
Step 168700: pitch= -0.05deg roll= -0.00deg x= -0.000 y= -0.008 u_rw=     3.3 u_bx=  -0.07 u_by=   0.01 com_xy= 0.066m
Step 168800: pitch= -0.17deg roll= -0.00deg x= -0.000 y= -0.007 u_rw=    12.0 u_bx=  -0.04 u_by=   0.01 com_xy= 0.107m

CRASH #67 at step 168881: pitch=-0.33deg roll=-0.00deg com_xy=0.154m reason=com_overload
Step 168900: pitch=  0.01deg roll= -0.00deg x=  0.000 y= -0.000 u_rw=    -3.5 u_bx=   0.03 u_by=  -0.01 com_xy= 0.000m
Step 169000: pitch=  0.00deg roll= -0.00deg x=  0.000 y= -0.001 u_rw=    -9.5 u_bx=  -0.03 u_by=  -0.02 com_xy= 0.000m
Step 169100: pitch= -0.00deg roll= -0.00deg x=  0.000 y= -0.004 u_rw=   -16.5 u_bx=  -0.04 u_by=  -0.01 com_xy= 0.000m
Step 169200: pitch=  0.07deg roll= -0.00deg x=  0.000 y= -0.006 u_rw=    -1.1 u_bx=   0.04 u_by=  -0.02 com_xy= 0.000m
Step 169300: pitch=  0.06deg roll= -0.00deg x= -0.000 y= -0.007 u_rw=    17.5 u_bx=   0.08 u_by=   0.02 com_xy= 0.000m
Step 169400: pitch=  0.02deg roll= -0.00deg x=  0.000 y= -0.007 u_rw=    -5.9 u_bx=  -0.04 u_by=   0.01 com_xy= 0.000m
Step 169500: pitch=  0.04deg roll= -0.00deg x=  0.000 y= -0.006 u_rw=    -3.7 u_bx=  -0.04 u_by=  -0.00 com_xy= 0.000m
Step 169600: pitch=  0.06deg roll= -0.00deg x= -0.000 y= -0.007 u_rw=    12.5 u_bx=   0.12 u_by=  -0.00 com_xy= 0.000m
Step 169700: pitch= -0.04deg roll= -0.00deg x=  0.000 y= -0.008 u_rw=    -4.2 u_bx=  -0.06 u_by=  -0.02 com_xy= 0.001m
Step 169800: pitch= -0.00deg roll= -0.00deg x= -0.000 y= -0.010 u_rw=    -8.1 u_bx=  -0.10 u_by=   0.02 com_xy= 0.001m
Step 169900: pitch=  0.00deg roll= -0.00deg x= -0.000 y= -0.008 u_rw=     9.8 u_bx=   0.02 u_by=   0.05 com_xy= 0.001m
Step 170000: pitch=  0.01deg roll= -0.00deg x= -0.000 y= -0.003 u_rw=     8.8 u_bx=   0.03 u_by=   0.02 com_xy= 0.002m
Step 170100: pitch= -0.01deg roll= -0.00deg x= -0.000 y=  0.001 u_rw=    -2.0 u_bx=  -0.07 u_by=   0.00 com_xy= 0.002m
Step 170200: pitch= -0.05deg roll= -0.00deg x= -0.000 y=  0.003 u_rw=   -12.1 u_bx=  -0.13 u_by=   0.03 com_xy= 0.004m
Step 170300: pitch= -0.05deg roll= -0.00deg x= -0.000 y=  0.006 u_rw=    10.0 u_bx=   0.03 u_by=   0.02 com_xy= 0.005m
Step 170400: pitch= -0.08deg roll= -0.00deg x= -0.000 y=  0.009 u_rw=   -12.0 u_bx=  -0.14 u_by=   0.01 com_xy= 0.008m
Step 170500: pitch= -0.07deg roll= -0.00deg x= -0.000 y=  0.011 u_rw=     6.4 u_bx=   0.01 u_by=   0.03 com_xy= 0.012m
Step 170600: pitch= -0.09deg roll= -0.00deg x=  0.000 y=  0.013 u_rw=    -9.3 u_bx=  -0.07 u_by=  -0.00 com_xy= 0.020m
Step 170700: pitch=  0.04deg roll= -0.00deg x= -0.000 y=  0.014 u_rw=    -0.3 u_bx=  -0.05 u_by=   0.03 com_xy= 0.033m
Step 170800: pitch=  0.09deg roll= -0.00deg x= -0.000 y=  0.016 u_rw=    14.8 u_bx=   0.14 u_by=   0.01 com_xy= 0.052m
Step 170900: pitch=  0.12deg roll=  0.00deg x=  0.000 y=  0.018 u_rw=    -9.8 u_bx=   0.03 u_by=  -0.00 com_xy= 0.085m
Step 171000: pitch=  0.21deg roll=  0.00deg x=  0.000 y=  0.017 u_rw=    -7.3 u_bx=   0.15 u_by=  -0.02 com_xy= 0.136m

CRASH #68 at step 171030: pitch=0.27deg roll=0.00deg com_xy=0.155m reason=com_overload
Step 171100: pitch= -0.03deg roll= -0.00deg x= -0.000 y=  0.000 u_rw=    -6.7 u_bx=  -0.02 u_by=   0.01 com_xy= 0.000m
Step 171200: pitch= -0.04deg roll= -0.00deg x= -0.000 y= -0.000 u_rw=    -4.9 u_bx=  -0.00 u_by=  -0.01 com_xy= 0.000m
Step 171300: pitch= -0.04deg roll= -0.00deg x=  0.000 y= -0.001 u_rw=    -2.2 u_bx=  -0.04 u_by=  -0.02 com_xy= 0.000m
Step 171400: pitch= -0.01deg roll= -0.00deg x= -0.000 y= -0.003 u_rw=   -11.3 u_bx=  -0.04 u_by=   0.01 com_xy= 0.000m
Step 171500: pitch= -0.03deg roll= -0.00deg x=  0.000 y= -0.003 u_rw=    -3.3 u_bx=  -0.00 u_by=  -0.00 com_xy= 0.000m
Step 171600: pitch=  0.02deg roll= -0.00deg x= -0.000 y= -0.004 u_rw=     8.0 u_bx=   0.07 u_by=   0.02 com_xy= 0.000m
Step 171700: pitch= -0.01deg roll= -0.00deg x=  0.000 y= -0.004 u_rw=    -1.0 u_bx=   0.02 u_by=  -0.01 com_xy= 0.000m
Step 171800: pitch= -0.02deg roll= -0.00deg x=  0.000 y= -0.005 u_rw=     2.0 u_bx=   0.09 u_by=  -0.01 com_xy= 0.001m
Step 171900: pitch=  0.03deg roll= -0.00deg x=  0.000 y= -0.007 u_rw=    -6.6 u_bx=  -0.05 u_by=  -0.01 com_xy= 0.000m
Step 172000: pitch=  0.02deg roll= -0.00deg x=  0.000 y= -0.009 u_rw=    14.8 u_bx=   0.17 u_by=  -0.05 com_xy= 0.001m
Step 172100: pitch= -0.05deg roll= -0.00deg x=  0.000 y= -0.014 u_rw=    -0.8 u_bx=  -0.04 u_by=  -0.04 com_xy= 0.000m
Step 172200: pitch= -0.02deg roll= -0.00deg x= -0.000 y= -0.019 u_rw=   -16.3 u_bx=  -0.07 u_by=  -0.06 com_xy= 0.001m
Step 172300: pitch=  0.03deg roll= -0.00deg x=  0.000 y= -0.026 u_rw=     8.4 u_bx=   0.14 u_by=  -0.04 com_xy= 0.000m
Step 172400: pitch=  0.03deg roll= -0.00deg x=  0.000 y= -0.032 u_rw=    -7.1 u_bx=  -0.03 u_by=  -0.03 com_xy= 0.001m
Step 172500: pitch=  0.02deg roll= -0.00deg x=  0.000 y= -0.037 u_rw=    -0.1 u_bx=   0.05 u_by=  -0.00 com_xy= 0.000m
Step 172600: pitch= -0.01deg roll= -0.00deg x=  0.000 y= -0.039 u_rw=   -17.0 u_bx=  -0.00 u_by=  -0.00 com_xy= 0.000m
Step 172700: pitch=  0.06deg roll= -0.00deg x=  0.000 y= -0.039 u_rw=    -1.1 u_bx=   0.08 u_by=  -0.01 com_xy= 0.000m
Step 172800: pitch=  0.09deg roll= -0.00deg x=  0.000 y= -0.040 u_rw=     2.4 u_bx=   0.16 u_by=   0.01 com_xy= 0.001m
Step 172900: pitch=  0.00deg roll= -0.00deg x=  0.000 y= -0.039 u_rw=    -3.6 u_bx=   0.03 u_by=   0.02 com_xy= 0.001m
Step 173000: pitch=  0.02deg roll=  0.00deg x=  0.000 y= -0.038 u_rw=    -0.4 u_bx=   0.07 u_by=  -0.00 com_xy= 0.001m
Step 173100: pitch= -0.01deg roll=  0.00deg x= -0.000 y= -0.037 u_rw=    -7.0 u_bx=   0.02 u_by=   0.00 com_xy= 0.001m
Step 173200: pitch= -0.01deg roll=  0.00deg x=  0.000 y= -0.038 u_rw=    -2.6 u_bx=   0.08 u_by=  -0.02 com_xy= 0.002m
Step 173300: pitch=  0.07deg roll=  0.01deg x=  0.000 y= -0.040 u_rw=     5.9 u_bx=   0.12 u_by=  -0.03 com_xy= 0.003m
Step 173400: pitch=  0.00deg roll=  0.01deg x=  0.000 y= -0.043 u_rw=    -4.3 u_bx=   0.05 u_by=   0.00 com_xy= 0.004m
Step 173500: pitch=  0.02deg roll=  0.02deg x=  0.000 y= -0.044 u_rw=     1.0 u_bx=   0.06 u_by=  -0.00 com_xy= 0.007m
Step 173600: pitch=  0.01deg roll=  0.03deg x=  0.000 y= -0.045 u_rw=   -10.7 u_bx=  -0.01 u_by=  -0.02 com_xy= 0.011m
Step 173700: pitch= -0.00deg roll=  0.05deg x=  0.000 y= -0.047 u_rw=    -6.4 u_bx=  -0.07 u_by=  -0.04 com_xy= 0.017m
Step 173800: pitch=  0.03deg roll=  0.08deg x=  0.000 y= -0.051 u_rw=     6.6 u_bx=   0.09 u_by=  -0.06 com_xy= 0.026m
Step 173900: pitch= -0.01deg roll=  0.12deg x=  0.000 y= -0.059 u_rw=   -11.6 u_bx=   0.01 u_by=  -0.10 com_xy= 0.039m
Step 174000: pitch=  0.07deg roll=  0.16deg x=  0.000 y= -0.072 u_rw=     9.7 u_bx=   0.16 u_by=  -0.09 com_xy= 0.061m
Step 174100: pitch=  0.04deg roll=  0.18deg x=  0.000 y= -0.085 u_rw=     3.9 u_bx=   0.13 u_by=  -0.04 com_xy= 0.093m
Step 174200: pitch=  0.07deg roll=  0.21deg x=  0.000 y= -0.094 u_rw=    11.2 u_bx=   0.20 u_by=  -0.05 com_xy= 0.143m

CRASH #69 at step 174219: pitch=0.09deg roll=0.22deg com_xy=0.154m reason=com_overload
Step 174300: pitch=  0.02deg roll= -0.00deg x=  0.000 y= -0.000 u_rw=     9.2 u_bx=   0.12 u_by=  -0.02 com_xy= 0.000m
Step 174400: pitch=  0.08deg roll= -0.00deg x=  0.000 y= -0.002 u_rw=    -0.9 u_bx=   0.14 u_by=  -0.01 com_xy= 0.001m
Step 174500: pitch=  0.02deg roll= -0.00deg x=  0.000 y= -0.003 u_rw=     8.6 u_bx=   0.15 u_by=  -0.02 com_xy= 0.001m
Step 174600: pitch= -0.03deg roll= -0.00deg x=  0.000 y= -0.006 u_rw=     0.3 u_bx=  -0.04 u_by=  -0.01 com_xy= 0.000m
Step 174700: pitch= -0.07deg roll= -0.00deg x= -0.000 y= -0.008 u_rw=   -14.4 u_bx=  -0.15 u_by=  -0.00 com_xy= 0.001m
Step 174800: pitch=  0.09deg roll= -0.00deg x= -0.000 y= -0.010 u_rw=     9.1 u_bx=   0.06 u_by=  -0.01 com_xy= 0.000m
Step 174900: pitch= -0.03deg roll= -0.00deg x=  0.000 y= -0.013 u_rw=    -7.6 u_bx=  -0.06 u_by=  -0.03 com_xy= 0.001m
Step 175000: pitch= -0.02deg roll= -0.00deg x=  0.000 y= -0.016 u_rw=    -7.4 u_bx=  -0.04 u_by=  -0.02 com_xy= 0.002m
Step 175100: pitch= -0.01deg roll= -0.00deg x= -0.000 y= -0.019 u_rw=    12.4 u_bx=   0.04 u_by=   0.00 com_xy= 0.002m
Step 175200: pitch= -0.12deg roll= -0.00deg x= -0.000 y= -0.020 u_rw=     1.6 u_bx=  -0.17 u_by=   0.00 com_xy= 0.004m
Step 175300: pitch= -0.14deg roll= -0.00deg x= -0.000 y= -0.021 u_rw=   -13.6 u_bx=  -0.20 u_by=  -0.00 com_xy= 0.006m
Step 175400: pitch= -0.06deg roll= -0.00deg x= -0.000 y= -0.021 u_rw=   -13.5 u_bx=  -0.16 u_by=  -0.00 com_xy= 0.008m
Step 175500: pitch=  0.02deg roll= -0.00deg x= -0.000 y= -0.021 u_rw=     0.2 u_bx=  -0.02 u_by=  -0.02 com_xy= 0.012m
Step 175600: pitch=  0.02deg roll= -0.00deg x= -0.000 y= -0.022 u_rw=    19.4 u_bx=   0.10 u_by=  -0.01 com_xy= 0.019m
Step 175700: pitch= -0.07deg roll= -0.00deg x= -0.000 y= -0.023 u_rw=   -11.3 u_bx=  -0.11 u_by=  -0.00 com_xy= 0.031m
Step 175800: pitch=  0.06deg roll= -0.00deg x=  0.000 y= -0.023 u_rw=    15.5 u_bx=   0.12 u_by=   0.00 com_xy= 0.050m
Step 175900: pitch=  0.12deg roll= -0.00deg x=  0.000 y= -0.024 u_rw=     8.2 u_bx=   0.15 u_by=  -0.03 com_xy= 0.082m
Step 176000: pitch=  0.27deg roll= -0.00deg x=  0.000 y= -0.028 u_rw=     9.6 u_bx=   0.28 u_by=  -0.05 com_xy= 0.130m

CRASH #70 at step 176038: pitch=0.25deg roll=-0.00deg com_xy=0.155m reason=com_overload
Step 176100: pitch= -0.03deg roll= -0.00deg x=  0.000 y= -0.000 u_rw=    -6.1 u_bx=  -0.03 u_by=  -0.00 com_xy= 0.000m
Step 176200: pitch= -0.02deg roll= -0.00deg x=  0.000 y=  0.000 u_rw=   -10.7 u_bx=  -0.04 u_by=   0.01 com_xy= 0.000m
Step 176300: pitch= -0.05deg roll= -0.00deg x= -0.000 y=  0.000 u_rw=   -14.2 u_bx=  -0.08 u_by=  -0.01 com_xy= 0.000m
Step 176400: pitch=  0.01deg roll= -0.00deg x= -0.000 y=  0.000 u_rw=    -0.2 u_bx=  -0.04 u_by=   0.01 com_xy= 0.000m
Step 176500: pitch=  0.04deg roll= -0.00deg x= -0.000 y=  0.001 u_rw=    13.5 u_bx=   0.12 u_by=  -0.00 com_xy= 0.001m
Step 176600: pitch= -0.06deg roll= -0.00deg x=  0.000 y=  0.001 u_rw=   -11.9 u_bx=  -0.08 u_by=   0.00 com_xy= 0.000m
Step 176700: pitch= -0.06deg roll= -0.00deg x= -0.000 y=  0.002 u_rw=   -12.3 u_bx=  -0.08 u_by=   0.02 com_xy= 0.001m
Step 176800: pitch= -0.08deg roll= -0.00deg x= -0.000 y=  0.003 u_rw=    -4.4 u_bx=  -0.04 u_by=   0.03 com_xy= 0.001m
Step 176900: pitch= -0.02deg roll= -0.00deg x= -0.000 y=  0.007 u_rw=     8.9 u_bx=   0.05 u_by=   0.03 com_xy= 0.002m
Step 177000: pitch= -0.00deg roll= -0.00deg x=  0.000 y=  0.010 u_rw=     4.7 u_bx=   0.07 u_by=  -0.01 com_xy= 0.003m
Step 177100: pitch= -0.02deg roll= -0.00deg x=  0.000 y=  0.011 u_rw=    -6.0 u_bx=  -0.02 u_by=   0.02 com_xy= 0.004m
Step 177200: pitch=  0.07deg roll= -0.00deg x=  0.000 y=  0.011 u_rw=     2.4 u_bx=   0.05 u_by=  -0.01 com_xy= 0.007m
Step 177300: pitch=  0.08deg roll= -0.00deg x=  0.000 y=  0.011 u_rw=     5.3 u_bx=   0.12 u_by=  -0.00 com_xy= 0.011m
Step 177400: pitch= -0.01deg roll= -0.00deg x=  0.000 y=  0.010 u_rw=    12.7 u_bx=   0.11 u_by=  -0.01 com_xy= 0.017m
Step 177500: pitch= -0.08deg roll= -0.00deg x= -0.000 y=  0.009 u_rw=     0.3 u_bx=  -0.10 u_by=  -0.01 com_xy= 0.027m
Step 177600: pitch= -0.03deg roll=  0.00deg x= -0.000 y=  0.008 u_rw=     6.1 u_bx=  -0.01 u_by=  -0.03 com_xy= 0.044m
Step 177700: pitch= -0.11deg roll=  0.00deg x= -0.000 y=  0.006 u_rw=    14.2 u_bx=  -0.07 u_by=   0.02 com_xy= 0.072m
Step 177800: pitch= -0.22deg roll=  0.00deg x= -0.000 y=  0.008 u_rw=    -6.0 u_bx=  -0.24 u_by=   0.07 com_xy= 0.116m

CRASH #71 at step 177864: pitch=-0.34deg roll=0.00deg com_xy=0.155m reason=com_overload
Step 177900: pitch= -0.00deg roll= -0.00deg x=  0.000 y=  0.000 u_rw=    -0.9 u_bx=   0.03 u_by=   0.00 com_xy= 0.000m
Step 178000: pitch=  0.02deg roll= -0.00deg x= -0.000 y= -0.000 u_rw=     9.9 u_bx=   0.10 u_by=   0.00 com_xy= 0.000m
Step 178100: pitch=  0.05deg roll= -0.00deg x=  0.000 y=  0.000 u_rw=     1.0 u_bx=   0.12 u_by=   0.00 com_xy= 0.000m
Step 178200: pitch=  0.08deg roll= -0.00deg x=  0.000 y= -0.000 u_rw=    19.2 u_bx=   0.15 u_by=  -0.01 com_xy= 0.001m
Step 178300: pitch=  0.02deg roll= -0.00deg x= -0.000 y= -0.001 u_rw=    17.3 u_bx=   0.15 u_by=  -0.01 com_xy= 0.000m
Step 178400: pitch= -0.06deg roll= -0.00deg x= -0.000 y= -0.002 u_rw=     0.3 u_bx=  -0.05 u_by=  -0.00 com_xy= 0.001m
Step 178500: pitch= -0.01deg roll= -0.00deg x= -0.000 y= -0.001 u_rw=   -17.5 u_bx=  -0.13 u_by=  -0.00 com_xy= 0.001m
Step 178600: pitch=  0.04deg roll= -0.00deg x= -0.000 y= -0.001 u_rw=    12.7 u_bx=   0.04 u_by=   0.00 com_xy= 0.001m
Step 178700: pitch=  0.00deg roll= -0.00deg x= -0.000 y= -0.002 u_rw=   -10.3 u_bx=  -0.13 u_by=   0.01 com_xy= 0.002m
Step 178800: pitch=  0.02deg roll= -0.00deg x= -0.000 y= -0.001 u_rw=    -0.8 u_bx=   0.00 u_by=   0.03 com_xy= 0.002m
Step 178900: pitch=  0.02deg roll= -0.00deg x= -0.000 y=  0.002 u_rw=    13.7 u_bx=   0.07 u_by=   0.01 com_xy= 0.002m
Step 179000: pitch= -0.08deg roll= -0.00deg x= -0.000 y=  0.005 u_rw=    -9.3 u_bx=  -0.10 u_by=   0.01 com_xy= 0.004m
Step 179100: pitch= -0.10deg roll= -0.00deg x= -0.000 y=  0.006 u_rw=   -12.6 u_bx=  -0.11 u_by=   0.01 com_xy= 0.005m
Step 179200: pitch= -0.08deg roll= -0.00deg x= -0.000 y=  0.008 u_rw=     0.3 u_bx=  -0.03 u_by=   0.01 com_xy= 0.007m
Step 179300: pitch= -0.02deg roll= -0.00deg x= -0.000 y=  0.010 u_rw=    -2.0 u_bx=  -0.11 u_by=   0.02 com_xy= 0.012m
Step 179400: pitch=  0.01deg roll= -0.00deg x= -0.000 y=  0.012 u_rw=    -0.6 u_bx=   0.02 u_by=   0.02 com_xy= 0.018m
Step 179500: pitch= -0.01deg roll= -0.00deg x= -0.000 y=  0.014 u_rw=    16.7 u_bx=   0.13 u_by=   0.02 com_xy= 0.029m
Step 179600: pitch=  0.03deg roll= -0.00deg x=  0.000 y=  0.016 u_rw=    10.4 u_bx=   0.06 u_by=   0.01 com_xy= 0.048m
Step 179700: pitch=  0.13deg roll= -0.00deg x=  0.000 y=  0.017 u_rw=     4.6 u_bx=   0.13 u_by=  -0.03 com_xy= 0.078m
Step 179800: pitch=  0.20deg roll= -0.00deg x=  0.000 y=  0.016 u_rw=    -8.6 u_bx=   0.11 u_by=  -0.05 com_xy= 0.126m

CRASH #72 at step 179847: pitch=0.23deg roll=-0.00deg com_xy=0.155m reason=com_overload
Step 179900: pitch=  0.01deg roll= -0.00deg x= -0.000 y=  0.000 u_rw=    -1.6 u_bx=   0.01 u_by=   0.01 com_xy= 0.000m
Step 180000: pitch=  0.04deg roll= -0.00deg x= -0.000 y=  0.002 u_rw=     4.6 u_bx=  -0.03 u_by=   0.02 com_xy= 0.000m
Step 180100: pitch= -0.02deg roll= -0.00deg x=  0.000 y=  0.004 u_rw=   -18.8 u_bx=  -0.12 u_by=  -0.01 com_xy= 0.001m
Step 180200: pitch=  0.00deg roll= -0.00deg x=  0.000 y=  0.004 u_rw=   -21.2 u_bx=  -0.05 u_by=  -0.04 com_xy= 0.001m
Step 180300: pitch=  0.06deg roll= -0.00deg x=  0.000 y=  0.002 u_rw=     0.2 u_bx=   0.07 u_by=  -0.00 com_xy= 0.000m
Step 180400: pitch=  0.05deg roll= -0.00deg x=  0.000 y=  0.001 u_rw=    17.5 u_bx=   0.14 u_by=   0.01 com_xy= 0.000m
Step 180500: pitch= -0.05deg roll= -0.00deg x=  0.000 y=  0.002 u_rw=    -0.5 u_bx=  -0.05 u_by=   0.02 com_xy= 0.000m
Step 180600: pitch= -0.09deg roll= -0.00deg x=  0.000 y=  0.004 u_rw=   -16.1 u_bx=  -0.13 u_by=   0.02 com_xy= 0.001m
Step 180700: pitch= -0.01deg roll= -0.00deg x= -0.000 y=  0.007 u_rw=   -15.5 u_bx=  -0.13 u_by=   0.03 com_xy= 0.000m
Step 180800: pitch=  0.04deg roll= -0.00deg x= -0.000 y=  0.011 u_rw=    -0.6 u_bx=   0.01 u_by=   0.02 com_xy= 0.000m
Step 180900: pitch=  0.00deg roll= -0.00deg x= -0.000 y=  0.015 u_rw=     4.8 u_bx=   0.02 u_by=   0.01 com_xy= 0.000m
Step 181000: pitch=  0.00deg roll= -0.00deg x=  0.000 y=  0.016 u_rw=    -1.6 u_bx=   0.06 u_by=   0.00 com_xy= 0.000m
Step 181100: pitch=  0.05deg roll= -0.00deg x= -0.000 y=  0.016 u_rw=    12.2 u_bx=   0.09 u_by=  -0.02 com_xy= 0.000m
Step 181200: pitch=  0.06deg roll= -0.00deg x=  0.000 y=  0.015 u_rw=     7.8 u_bx=   0.10 u_by=  -0.04 com_xy= 0.001m
Step 181300: pitch=  0.06deg roll= -0.00deg x=  0.000 y=  0.012 u_rw=     8.1 u_bx=   0.12 u_by=  -0.05 com_xy= 0.000m
Step 181400: pitch=  0.08deg roll= -0.00deg x=  0.000 y=  0.007 u_rw=    14.2 u_bx=   0.16 u_by=  -0.02 com_xy= 0.000m
Step 181500: pitch= -0.00deg roll= -0.00deg x=  0.000 y=  0.003 u_rw=    -7.9 u_bx=   0.01 u_by=  -0.02 com_xy= 0.000m
Step 181600: pitch=  0.09deg roll= -0.00deg x=  0.000 y= -0.001 u_rw=    18.1 u_bx=   0.22 u_by=  -0.03 com_xy= 0.001m
Step 181700: pitch= -0.01deg roll= -0.00deg x=  0.000 y= -0.006 u_rw=     1.8 u_bx=   0.09 u_by=  -0.04 com_xy= 0.000m
Step 181800: pitch= -0.05deg roll= -0.00deg x=  0.000 y= -0.012 u_rw=    -1.3 u_bx=  -0.07 u_by=  -0.03 com_xy= 0.001m
Step 181900: pitch= -0.04deg roll= -0.00deg x=  0.000 y= -0.017 u_rw=   -17.0 u_bx=  -0.06 u_by=  -0.01 com_xy= 0.001m
Step 182000: pitch= -0.00deg roll= -0.00deg x=  0.000 y= -0.021 u_rw=   -19.5 u_bx=  -0.09 u_by=  -0.03 com_xy= 0.001m
Step 182100: pitch=  0.09deg roll= -0.01deg x=  0.000 y= -0.025 u_rw=    10.8 u_bx=   0.12 u_by=  -0.01 com_xy= 0.002m
Step 182200: pitch=  0.07deg roll= -0.01deg x=  0.000 y= -0.027 u_rw=    19.2 u_bx=   0.17 u_by=  -0.02 com_xy= 0.003m
Step 182300: pitch= -0.00deg roll= -0.01deg x=  0.000 y= -0.031 u_rw=     0.2 u_bx=   0.02 u_by=  -0.02 com_xy= 0.004m
Step 182400: pitch=  0.12deg roll= -0.02deg x=  0.000 y= -0.034 u_rw=     3.3 u_bx=   0.10 u_by=  -0.00 com_xy= 0.006m
Step 182500: pitch=  0.09deg roll= -0.03deg x=  0.000 y= -0.036 u_rw=    13.6 u_bx=   0.20 u_by=  -0.01 com_xy= 0.009m
Step 182600: pitch=  0.04deg roll= -0.04deg x=  0.000 y= -0.037 u_rw=     1.1 u_bx=   0.12 u_by=   0.00 com_xy= 0.014m
Step 182700: pitch=  0.04deg roll= -0.07deg x=  0.000 y= -0.037 u_rw=    -0.1 u_bx=   0.00 u_by=   0.04 com_xy= 0.021m
Step 182800: pitch=  0.09deg roll= -0.10deg x=  0.000 y= -0.034 u_rw=    -1.9 u_bx=   0.03 u_by=   0.03 com_xy= 0.032m
Step 182900: pitch=  0.08deg roll= -0.15deg x=  0.000 y= -0.030 u_rw=    -8.9 u_bx=   0.02 u_by=   0.05 com_xy= 0.050m
Step 183000: pitch=  0.10deg roll= -0.19deg x=  0.000 y= -0.024 u_rw=    -9.1 u_bx=   0.04 u_by=   0.06 com_xy= 0.077m
Step 183100: pitch=  0.14deg roll= -0.22deg x=  0.000 y= -0.016 u_rw=    18.4 u_bx=   0.23 u_by=   0.06 com_xy= 0.117m

CRASH #73 at step 183164: pitch=0.07deg roll=-0.24deg com_xy=0.154m reason=com_overload
Step 183200: pitch= -0.00deg roll= -0.00deg x= -0.000 y= -0.000 u_rw=    -0.9 u_bx=  -0.02 u_by=  -0.01 com_xy= 0.000m
Step 183300: pitch= -0.00deg roll= -0.00deg x=  0.000 y= -0.001 u_rw=     9.7 u_bx=   0.03 u_by=  -0.01 com_xy= 0.000m
Step 183400: pitch=  0.00deg roll= -0.00deg x=  0.000 y= -0.002 u_rw=    -0.8 u_bx=  -0.05 u_by=  -0.03 com_xy= 0.000m
Step 183500: pitch= -0.01deg roll= -0.00deg x= -0.000 y= -0.005 u_rw=    11.8 u_bx=   0.04 u_by=  -0.01 com_xy= 0.000m
Step 183600: pitch=  0.01deg roll= -0.00deg x= -0.000 y= -0.008 u_rw=     4.9 u_bx=  -0.00 u_by=  -0.01 com_xy= 0.000m
Step 183700: pitch= -0.08deg roll= -0.00deg x= -0.000 y= -0.010 u_rw=    -1.9 u_bx=  -0.03 u_by=  -0.02 com_xy= 0.000m
Step 183800: pitch= -0.04deg roll= -0.00deg x=  0.000 y= -0.012 u_rw=   -12.6 u_bx=  -0.08 u_by=   0.00 com_xy= 0.000m
Step 183900: pitch= -0.03deg roll= -0.00deg x= -0.000 y= -0.013 u_rw=    13.4 u_bx=   0.05 u_by=  -0.01 com_xy= 0.002m
Step 184000: pitch=  0.01deg roll= -0.00deg x= -0.000 y= -0.014 u_rw=     8.4 u_bx=   0.03 u_by=   0.02 com_xy= 0.002m
Step 184100: pitch=  0.04deg roll= -0.00deg x= -0.000 y= -0.013 u_rw=     7.3 u_bx=   0.10 u_by=  -0.01 com_xy= 0.004m
Step 184200: pitch=  0.01deg roll= -0.00deg x=  0.000 y= -0.014 u_rw=   -13.1 u_bx=  -0.05 u_by=  -0.02 com_xy= 0.005m
Step 184300: pitch= -0.01deg roll= -0.00deg x=  0.000 y= -0.016 u_rw=   -14.3 u_bx=  -0.09 u_by=   0.01 com_xy= 0.007m
Step 184400: pitch=  0.01deg roll= -0.00deg x=  0.000 y= -0.015 u_rw=    -7.2 u_bx=  -0.07 u_by=   0.02 com_xy= 0.011m
Step 184500: pitch=  0.00deg roll= -0.00deg x= -0.000 y= -0.014 u_rw=     5.5 u_bx=  -0.04 u_by=   0.00 com_xy= 0.018m
Step 184600: pitch= -0.05deg roll= -0.00deg x= -0.000 y= -0.013 u_rw=     7.1 u_bx=   0.00 u_by=  -0.00 com_xy= 0.029m
Step 184700: pitch= -0.01deg roll= -0.00deg x= -0.000 y= -0.013 u_rw=     8.0 u_bx=   0.02 u_by=   0.05 com_xy= 0.047m
Step 184800: pitch= -0.17deg roll= -0.00deg x= -0.000 y= -0.008 u_rw=   -12.2 u_bx=  -0.22 u_by=   0.05 com_xy= 0.076m
Step 184900: pitch= -0.20deg roll= -0.00deg x= -0.000 y= -0.002 u_rw=     6.5 u_bx=  -0.11 u_by=   0.05 com_xy= 0.124m

CRASH #74 at step 184950: pitch=-0.30deg roll=-0.00deg com_xy=0.154m reason=com_overload
Step 185000: pitch= -0.01deg roll= -0.00deg x= -0.000 y= -0.000 u_rw=    -1.4 u_bx=   0.03 u_by=   0.00 com_xy= 0.000m
Step 185100: pitch= -0.04deg roll= -0.00deg x=  0.000 y=  0.000 u_rw=    -8.8 u_bx=  -0.04 u_by=   0.00 com_xy= 0.000m
Step 185200: pitch= -0.01deg roll= -0.00deg x=  0.000 y=  0.000 u_rw=   -13.8 u_bx=  -0.04 u_by=   0.01 com_xy= 0.000m
Step 185300: pitch= -0.05deg roll= -0.00deg x= -0.000 y=  0.001 u_rw=    -4.4 u_bx=  -0.10 u_by=   0.00 com_xy= 0.000m
Step 185400: pitch=  0.04deg roll= -0.00deg x= -0.000 y=  0.002 u_rw=     0.1 u_bx=  -0.02 u_by=   0.01 com_xy= 0.000m
Step 185500: pitch=  0.02deg roll= -0.00deg x= -0.000 y=  0.004 u_rw=    18.5 u_bx=   0.06 u_by=   0.04 com_xy= 0.001m
Step 185600: pitch= -0.07deg roll= -0.00deg x= -0.000 y=  0.007 u_rw=     1.5 u_bx=  -0.02 u_by=   0.02 com_xy= 0.001m
Step 185700: pitch= -0.09deg roll= -0.00deg x= -0.000 y=  0.010 u_rw=     0.7 u_bx=  -0.12 u_by=   0.03 com_xy= 0.002m
Step 185800: pitch=  0.02deg roll= -0.00deg x= -0.000 y=  0.014 u_rw=     9.4 u_bx=  -0.02 u_by=   0.00 com_xy= 0.003m
Step 185900: pitch= -0.05deg roll= -0.00deg x= -0.000 y=  0.016 u_rw=     0.1 u_bx=  -0.08 u_by=   0.00 com_xy= 0.005m
Step 186000: pitch= -0.05deg roll= -0.00deg x= -0.000 y=  0.018 u_rw=   -12.1 u_bx=  -0.13 u_by=  -0.01 com_xy= 0.007m
Step 186100: pitch=  0.02deg roll= -0.00deg x=  0.000 y=  0.017 u_rw=   -13.7 u_bx=  -0.04 u_by=   0.00 com_xy= 0.011m
Step 186200: pitch=  0.02deg roll= -0.00deg x= -0.000 y=  0.017 u_rw=    -0.1 u_bx=  -0.01 u_by=   0.02 com_xy= 0.018m
Step 186300: pitch= -0.04deg roll= -0.00deg x= -0.000 y=  0.020 u_rw=    19.2 u_bx=  -0.04 u_by=   0.05 com_xy= 0.029m
Step 186400: pitch= -0.13deg roll= -0.00deg x= -0.000 y=  0.025 u_rw=     3.4 u_bx=  -0.14 u_by=   0.04 com_xy= 0.048m
Step 186500: pitch= -0.21deg roll= -0.00deg x= -0.000 y=  0.030 u_rw=   -13.0 u_bx=  -0.34 u_by=   0.06 com_xy= 0.077m
Step 186600: pitch= -0.24deg roll=  0.00deg x= -0.000 y=  0.039 u_rw=    12.2 u_bx=  -0.20 u_by=   0.08 com_xy= 0.124m

CRASH #75 at step 186649: pitch=-0.32deg roll=0.00deg com_xy=0.155m reason=com_overload
Step 186700: pitch= -0.02deg roll= -0.00deg x=  0.000 y= -0.000 u_rw=    -8.3 u_bx=  -0.05 u_by=   0.00 com_xy= 0.000m
Step 186800: pitch= -0.01deg roll= -0.00deg x=  0.000 y= -0.000 u_rw=     1.0 u_bx=  -0.00 u_by=  -0.00 com_xy= 0.000m
Step 186900: pitch= -0.01deg roll= -0.00deg x=  0.000 y= -0.000 u_rw=     0.5 u_bx=   0.04 u_by=  -0.02 com_xy= 0.000m
Step 187000: pitch= -0.01deg roll= -0.00deg x=  0.000 y= -0.001 u_rw=    -9.6 u_bx=  -0.00 u_by=  -0.02 com_xy= 0.000m
Step 187100: pitch= -0.04deg roll= -0.00deg x=  0.000 y= -0.003 u_rw=    -5.0 u_bx=  -0.02 u_by=  -0.00 com_xy= 0.000m
Step 187200: pitch= -0.04deg roll= -0.00deg x= -0.000 y= -0.004 u_rw=   -12.1 u_bx=  -0.08 u_by=   0.01 com_xy= 0.000m
Step 187300: pitch= -0.05deg roll= -0.00deg x=  0.000 y= -0.004 u_rw=    -5.8 u_bx=   0.03 u_by=   0.00 com_xy= 0.000m
Step 187400: pitch=  0.05deg roll= -0.00deg x=  0.000 y= -0.004 u_rw=     9.2 u_bx=   0.17 u_by=   0.01 com_xy= 0.001m
Step 187500: pitch=  0.05deg roll= -0.00deg x=  0.000 y= -0.004 u_rw=     2.7 u_bx=   0.09 u_by=  -0.01 com_xy= 0.001m
Step 187600: pitch= -0.04deg roll= -0.00deg x=  0.000 y= -0.005 u_rw=     0.2 u_bx=  -0.06 u_by=   0.02 com_xy= 0.000m
Step 187700: pitch= -0.05deg roll= -0.00deg x=  0.000 y= -0.004 u_rw=   -18.1 u_bx=  -0.10 u_by=  -0.00 com_xy= 0.001m
Step 187800: pitch= -0.03deg roll= -0.00deg x= -0.000 y= -0.003 u_rw=     4.0 u_bx=   0.06 u_by=   0.01 com_xy= 0.000m
Step 187900: pitch= -0.04deg roll= -0.00deg x=  0.000 y= -0.001 u_rw=    -1.9 u_bx=   0.01 u_by=   0.00 com_xy= 0.000m
Step 188000: pitch= -0.04deg roll= -0.00deg x=  0.000 y=  0.001 u_rw=    -1.3 u_bx=  -0.00 u_by=   0.03 com_xy= 0.000m
Step 188100: pitch=  0.01deg roll= -0.00deg x= -0.000 y=  0.003 u_rw=    -3.1 u_bx=  -0.09 u_by=   0.01 com_xy= 0.000m
Step 188200: pitch=  0.05deg roll= -0.00deg x=  0.000 y=  0.005 u_rw=     9.3 u_bx=   0.10 u_by=  -0.00 com_xy= 0.000m
Step 188300: pitch= -0.05deg roll= -0.00deg x= -0.000 y=  0.006 u_rw=    -9.8 u_bx=  -0.09 u_by=   0.03 com_xy= 0.000m
Step 188400: pitch= -0.04deg roll= -0.00deg x= -0.000 y=  0.008 u_rw=   -12.2 u_bx=  -0.11 u_by=   0.05 com_xy= 0.000m
Step 188500: pitch=  0.04deg roll= -0.00deg x= -0.000 y=  0.012 u_rw=    19.2 u_bx=   0.09 u_by=   0.05 com_xy= 0.000m
Step 188600: pitch= -0.03deg roll= -0.00deg x= -0.000 y=  0.018 u_rw=    14.3 u_bx=   0.03 u_by=   0.03 com_xy= 0.000m
Step 188700: pitch= -0.07deg roll= -0.00deg x= -0.000 y=  0.023 u_rw=    -1.7 u_bx=  -0.10 u_by=   0.05 com_xy= 0.000m
Step 188800: pitch=  0.01deg roll= -0.00deg x= -0.000 y=  0.028 u_rw=     5.4 u_bx=  -0.00 u_by=   0.00 com_xy= 0.000m
Step 188900: pitch=  0.00deg roll= -0.00deg x= -0.000 y=  0.031 u_rw=     9.5 u_bx=   0.06 u_by=  -0.01 com_xy= 0.000m
Step 189000: pitch= -0.01deg roll= -0.00deg x= -0.000 y=  0.031 u_rw=     9.2 u_bx=   0.03 u_by=  -0.00 com_xy= 0.000m
Step 189100: pitch= -0.00deg roll= -0.00deg x= -0.000 y=  0.030 u_rw=   -10.9 u_bx=  -0.08 u_by=  -0.03 com_xy= 0.000m
Step 189200: pitch=  0.03deg roll= -0.00deg x= -0.000 y=  0.028 u_rw=    -1.2 u_bx=  -0.02 u_by=  -0.01 com_xy= 0.001m
Step 189300: pitch= -0.05deg roll= -0.00deg x= -0.000 y=  0.026 u_rw=    -5.4 u_bx=  -0.01 u_by=  -0.01 com_xy= 0.001m
Step 189400: pitch=  0.01deg roll=  0.00deg x= -0.000 y=  0.025 u_rw=    19.1 u_bx=   0.08 u_by=   0.01 com_xy= 0.001m
Step 189500: pitch= -0.11deg roll=  0.00deg x= -0.000 y=  0.024 u_rw=     0.4 u_bx=  -0.13 u_by=  -0.00 com_xy= 0.001m
Step 189600: pitch= -0.05deg roll=  0.00deg x= -0.000 y=  0.024 u_rw=    11.2 u_bx=  -0.03 u_by=   0.03 com_xy= 0.001m
Step 189700: pitch= -0.08deg roll=  0.00deg x= -0.000 y=  0.027 u_rw=   -12.6 u_bx=  -0.19 u_by=   0.02 com_xy= 0.002m
Step 189800: pitch= -0.03deg roll=  0.01deg x= -0.000 y=  0.029 u_rw=    -0.8 u_bx=  -0.04 u_by=   0.01 com_xy= 0.003m
Step 189900: pitch= -0.04deg roll=  0.01deg x= -0.000 y=  0.031 u_rw=    19.4 u_bx=   0.04 u_by=   0.02 com_xy= 0.005m
Step 190000: pitch= -0.16deg roll=  0.02deg x= -0.000 y=  0.034 u_rw=    -4.6 u_bx=  -0.21 u_by=   0.02 com_xy= 0.007m
Step 190100: pitch= -0.08deg roll=  0.03deg x= -0.000 y=  0.036 u_rw=    -5.5 u_bx=  -0.17 u_by=   0.01 com_xy= 0.011m
Step 190200: pitch= -0.03deg roll=  0.05deg x= -0.000 y=  0.038 u_rw=     1.2 u_bx=  -0.03 u_by=   0.02 com_xy= 0.017m
Step 190300: pitch= -0.05deg roll=  0.08deg x= -0.000 y=  0.041 u_rw=    19.2 u_bx=  -0.02 u_by=   0.03 com_xy= 0.026m
Step 190400: pitch= -0.10deg roll=  0.12deg x= -0.000 y=  0.045 u_rw=    19.0 u_bx=  -0.05 u_by=   0.02 com_xy= 0.040m
Step 190500: pitch= -0.18deg roll=  0.15deg x= -0.000 y=  0.047 u_rw=    -2.7 u_bx=  -0.21 u_by=  -0.02 com_xy= 0.062m
Step 190600: pitch= -0.07deg roll=  0.18deg x= -0.000 y=  0.046 u_rw=     0.7 u_bx=  -0.10 u_by=  -0.05 com_xy= 0.095m
Step 190700: pitch= -0.11deg roll=  0.21deg x= -0.000 y=  0.042 u_rw=    18.1 u_bx=  -0.05 u_by=  -0.02 com_xy= 0.145m

CRASH #76 at step 190714: pitch=-0.19deg roll=0.21deg com_xy=0.154m reason=com_overload
Step 190800: pitch= -0.04deg roll= -0.00deg x=  0.000 y= -0.000 u_rw=    -6.2 u_bx=  -0.02 u_by=  -0.02 com_xy= 0.000m
Step 190900: pitch= -0.04deg roll= -0.00deg x= -0.000 y= -0.002 u_rw=    -6.7 u_bx=  -0.12 u_by=   0.00 com_xy= 0.000m
Step 191000: pitch=  0.02deg roll= -0.00deg x= -0.000 y= -0.002 u_rw=     4.1 u_bx=  -0.01 u_by=   0.02 com_xy= 0.000m
Step 191100: pitch=  0.01deg roll= -0.00deg x= -0.000 y=  0.000 u_rw=     0.8 u_bx=  -0.02 u_by=   0.03 com_xy= 0.000m
Step 191200: pitch= -0.08deg roll= -0.00deg x= -0.000 y=  0.003 u_rw=    -0.1 u_bx=  -0.13 u_by=   0.02 com_xy= 0.000m
Step 191300: pitch= -0.00deg roll= -0.00deg x=  0.000 y=  0.005 u_rw=   -16.9 u_bx=  -0.07 u_by=  -0.01 com_xy= 0.001m
Step 191400: pitch=  0.05deg roll= -0.00deg x=  0.000 y=  0.005 u_rw=     9.5 u_bx=   0.09 u_by=   0.01 com_xy= 0.000m
Step 191500: pitch= -0.03deg roll= -0.00deg x=  0.000 y=  0.005 u_rw=   -13.3 u_bx=  -0.06 u_by=   0.00 com_xy= 0.001m
Step 191600: pitch= -0.05deg roll= -0.00deg x= -0.000 y=  0.005 u_rw=    -9.3 u_bx=  -0.05 u_by=   0.00 com_xy= 0.000m
Step 191700: pitch= -0.04deg roll= -0.00deg x= -0.000 y=  0.004 u_rw=     6.3 u_bx=   0.02 u_by=   0.01 com_xy= 0.000m
Step 191800: pitch= -0.02deg roll= -0.00deg x=  0.000 y=  0.003 u_rw=   -11.0 u_bx=  -0.08 u_by=  -0.02 com_xy= 0.000m
Step 191900: pitch=  0.04deg roll= -0.00deg x=  0.000 y=  0.002 u_rw=    14.9 u_bx=   0.15 u_by=  -0.02 com_xy= 0.001m
Step 192000: pitch= -0.05deg roll= -0.00deg x=  0.000 y= -0.001 u_rw=   -19.3 u_bx=  -0.12 u_by=  -0.03 com_xy= 0.000m
Step 192100: pitch=  0.02deg roll= -0.00deg x=  0.000 y= -0.004 u_rw=    -4.9 u_bx=  -0.04 u_by=   0.00 com_xy= 0.000m
Step 192200: pitch=  0.01deg roll= -0.00deg x=  0.000 y= -0.005 u_rw=   -11.1 u_bx=  -0.03 u_by=  -0.00 com_xy= 0.000m
Step 192300: pitch=  0.00deg roll= -0.00deg x=  0.000 y= -0.005 u_rw=    10.7 u_bx=   0.08 u_by=   0.00 com_xy= 0.000m
Step 192400: pitch= -0.05deg roll= -0.00deg x= -0.000 y= -0.006 u_rw=    -8.3 u_bx=  -0.10 u_by=   0.00 com_xy= 0.001m
Step 192500: pitch= -0.04deg roll=  0.00deg x= -0.000 y= -0.005 u_rw=    -0.9 u_bx=  -0.06 u_by=   0.03 com_xy= 0.001m
Step 192600: pitch= -0.02deg roll=  0.00deg x= -0.000 y= -0.002 u_rw=    13.3 u_bx=   0.07 u_by=   0.02 com_xy= 0.001m
Step 192700: pitch= -0.10deg roll=  0.00deg x=  0.000 y=  0.001 u_rw=    -4.8 u_bx=  -0.09 u_by=   0.00 com_xy= 0.002m
Step 192800: pitch= -0.10deg roll=  0.01deg x= -0.000 y=  0.002 u_rw=   -19.6 u_bx=  -0.14 u_by=   0.00 com_xy= 0.003m
Step 192900: pitch=  0.00deg roll=  0.01deg x= -0.000 y=  0.002 u_rw=     0.3 u_bx=  -0.02 u_by=   0.01 com_xy= 0.005m
Step 193000: pitch=  0.01deg roll=  0.02deg x= -0.000 y=  0.003 u_rw=     3.0 u_bx=  -0.02 u_by=   0.02 com_xy= 0.007m
Step 193100: pitch=  0.00deg roll=  0.04deg x= -0.000 y=  0.005 u_rw=     4.4 u_bx=  -0.08 u_by=   0.00 com_xy= 0.012m
Step 193200: pitch= -0.05deg roll=  0.05deg x= -0.000 y=  0.006 u_rw=   -11.8 u_bx=  -0.14 u_by=   0.00 com_xy= 0.018m
Step 193300: pitch= -0.05deg roll=  0.09deg x= -0.000 y=  0.007 u_rw=    -5.4 u_bx=  -0.05 u_by=  -0.01 com_xy= 0.028m
Step 193400: pitch= -0.07deg roll=  0.13deg x=  0.000 y=  0.005 u_rw=    -7.8 u_bx=  -0.07 u_by=  -0.05 com_xy= 0.043m
Step 193500: pitch=  0.02deg roll=  0.18deg x=  0.000 y= -0.000 u_rw=     0.7 u_bx=   0.01 u_by=  -0.06 com_xy= 0.066m
Step 193600: pitch= -0.06deg roll=  0.20deg x=  0.000 y= -0.007 u_rw=    -3.4 u_bx=  -0.02 u_by=  -0.06 com_xy= 0.101m
Step 193700: pitch=  0.03deg roll=  0.24deg x=  0.000 y= -0.015 u_rw=    11.2 u_bx=   0.11 u_by=  -0.06 com_xy= 0.154m

CRASH #77 at step 193701: pitch=0.03deg roll=0.24deg com_xy=0.154m reason=com_overload
Step 193800: pitch=  0.03deg roll= -0.00deg x= -0.000 y=  0.001 u_rw=    11.0 u_bx=   0.03 u_by=   0.02 com_xy= 0.000m
Step 193900: pitch=  0.01deg roll= -0.00deg x= -0.000 y=  0.002 u_rw=    -2.6 u_bx=  -0.06 u_by=  -0.01 com_xy= 0.000m
Step 194000: pitch= -0.01deg roll= -0.00deg x= -0.000 y=  0.003 u_rw=    13.2 u_bx=  -0.02 u_by=   0.00 com_xy= 0.000m
Step 194100: pitch= -0.05deg roll= -0.00deg x= -0.000 y=  0.003 u_rw=   -14.7 u_bx=  -0.13 u_by=  -0.01 com_xy= 0.000m
Step 194200: pitch=  0.06deg roll= -0.00deg x= -0.000 y=  0.003 u_rw=     3.1 u_bx=   0.07 u_by=  -0.01 com_xy= 0.001m
Step 194300: pitch= -0.02deg roll= -0.00deg x= -0.000 y=  0.003 u_rw=   -10.9 u_bx=  -0.08 u_by=   0.00 com_xy= 0.000m
Step 194400: pitch= -0.03deg roll= -0.00deg x= -0.000 y=  0.003 u_rw=   -10.4 u_bx=  -0.11 u_by=  -0.01 com_xy= 0.001m
Step 194500: pitch= -0.00deg roll= -0.00deg x= -0.000 y=  0.002 u_rw=    -6.9 u_bx=  -0.03 u_by=  -0.03 com_xy= 0.001m
Step 194600: pitch=  0.02deg roll= -0.00deg x= -0.000 y= -0.001 u_rw=     1.2 u_bx=  -0.02 u_by=  -0.01 com_xy= 0.002m
Step 194700: pitch= -0.02deg roll= -0.00deg x= -0.000 y= -0.002 u_rw=    -5.3 u_bx=  -0.07 u_by=  -0.01 com_xy= 0.002m
Step 194800: pitch=  0.04deg roll= -0.00deg x=  0.000 y= -0.002 u_rw=   -10.5 u_bx=  -0.05 u_by=   0.02 com_xy= 0.003m
Step 194900: pitch=  0.05deg roll= -0.00deg x=  0.000 y= -0.001 u_rw=    -4.2 u_bx=   0.01 u_by=   0.01 com_xy= 0.004m
Step 195000: pitch=  0.04deg roll= -0.00deg x=  0.000 y=  0.001 u_rw=    -9.2 u_bx=   0.04 u_by=  -0.00 com_xy= 0.006m
Step 195100: pitch=  0.07deg roll= -0.00deg x=  0.000 y=  0.001 u_rw=     2.8 u_bx=   0.09 u_by=  -0.02 com_xy= 0.010m
Step 195200: pitch= -0.02deg roll= -0.00deg x=  0.000 y=  0.002 u_rw=   -14.5 u_bx=  -0.08 u_by=   0.03 com_xy= 0.016m
Step 195300: pitch=  0.03deg roll= -0.00deg x= -0.000 y=  0.004 u_rw=    14.8 u_bx=   0.04 u_by=   0.01 com_xy= 0.027m
Step 195400: pitch= -0.01deg roll= -0.00deg x= -0.000 y=  0.005 u_rw=    -1.5 u_bx=  -0.07 u_by=  -0.00 com_xy= 0.043m
Step 195500: pitch= -0.06deg roll= -0.00deg x= -0.000 y=  0.007 u_rw=     6.9 u_bx=  -0.08 u_by=   0.02 com_xy= 0.069m
Step 195600: pitch= -0.23deg roll= -0.00deg x= -0.000 y=  0.010 u_rw=   -14.5 u_bx=  -0.30 u_by=   0.04 com_xy= 0.111m

CRASH #78 at step 195673: pitch=-0.33deg roll=0.00deg com_xy=0.155m reason=com_overload
Step 195700: pitch= -0.01deg roll= -0.00deg x= -0.000 y=  0.000 u_rw=    -1.2 u_bx=  -0.02 u_by=   0.01 com_xy= 0.000m
Step 195800: pitch= -0.04deg roll= -0.00deg x=  0.000 y=  0.000 u_rw=   -13.0 u_bx=  -0.06 u_by=  -0.01 com_xy= 0.000m
Step 195900: pitch= -0.01deg roll= -0.00deg x= -0.000 y= -0.002 u_rw=    -8.0 u_bx=  -0.05 u_by=  -0.02 com_xy= 0.000m
Step 196000: pitch=  0.04deg roll= -0.00deg x=  0.000 y= -0.003 u_rw=     3.4 u_bx=   0.04 u_by=  -0.00 com_xy= 0.000m
Step 196100: pitch=  0.03deg roll= -0.00deg x= -0.000 y= -0.004 u_rw=    19.9 u_bx=   0.09 u_by=   0.01 com_xy= 0.000m
Step 196200: pitch= -0.03deg roll= -0.00deg x= -0.000 y= -0.002 u_rw=   -11.4 u_bx=  -0.08 u_by=   0.03 com_xy= 0.001m
Step 196300: pitch=  0.04deg roll= -0.00deg x=  0.000 y=  0.001 u_rw=    12.7 u_bx=   0.14 u_by=   0.01 com_xy= 0.000m
Step 196400: pitch=  0.06deg roll= -0.00deg x=  0.000 y=  0.002 u_rw=     8.0 u_bx=   0.13 u_by=  -0.00 com_xy= 0.000m
Step 196500: pitch=  0.06deg roll= -0.00deg x=  0.000 y=  0.002 u_rw=     2.7 u_bx=   0.04 u_by=   0.00 com_xy= 0.000m
Step 196600: pitch= -0.01deg roll= -0.00deg x=  0.000 y=  0.002 u_rw=    -8.5 u_bx=  -0.03 u_by=   0.01 com_xy= 0.000m
Step 196700: pitch= -0.03deg roll= -0.00deg x=  0.000 y=  0.002 u_rw=    -5.9 u_bx=  -0.03 u_by=  -0.00 com_xy= 0.000m
Step 196800: pitch= -0.03deg roll= -0.00deg x=  0.000 y=  0.002 u_rw=    -4.6 u_bx=   0.00 u_by=  -0.01 com_xy= 0.000m
Step 196900: pitch=  0.05deg roll= -0.00deg x= -0.000 y=  0.001 u_rw=    19.5 u_bx=   0.07 u_by=   0.02 com_xy= 0.001m
Step 197000: pitch= -0.06deg roll= -0.00deg x=  0.000 y=  0.002 u_rw=    -1.6 u_bx=  -0.10 u_by=  -0.00 com_xy= 0.000m
Step 197100: pitch=  0.02deg roll= -0.00deg x=  0.000 y=  0.002 u_rw=    -5.2 u_bx=  -0.04 u_by=  -0.00 com_xy= 0.000m
Step 197200: pitch= -0.04deg roll= -0.00deg x= -0.000 y=  0.001 u_rw=    -2.3 u_bx=  -0.01 u_by=  -0.01 com_xy= 0.000m
Step 197300: pitch= -0.03deg roll= -0.00deg x=  0.000 y= -0.001 u_rw=     2.3 u_bx=   0.08 u_by=   0.00 com_xy= 0.000m
Step 197400: pitch=  0.06deg roll= -0.00deg x=  0.000 y= -0.002 u_rw=     9.2 u_bx=   0.13 u_by=  -0.01 com_xy= 0.001m
Step 197500: pitch=  0.01deg roll= -0.00deg x=  0.000 y= -0.005 u_rw=    11.9 u_bx=   0.14 u_by=  -0.02 com_xy= 0.001m
Step 197600: pitch= -0.03deg roll=  0.00deg x=  0.000 y= -0.008 u_rw=   -18.2 u_bx=  -0.09 u_by=  -0.02 com_xy= 0.000m
Step 197700: pitch=  0.09deg roll=  0.00deg x=  0.000 y= -0.010 u_rw=     0.8 u_bx=   0.12 u_by=  -0.02 com_xy= 0.001m
Step 197800: pitch= -0.02deg roll=  0.00deg x=  0.000 y= -0.012 u_rw=    -2.1 u_bx=  -0.02 u_by=   0.01 com_xy= 0.001m
Step 197900: pitch=  0.06deg roll=  0.00deg x= -0.000 y= -0.012 u_rw=     3.0 u_bx=   0.02 u_by=   0.00 com_xy= 0.002m
Step 198000: pitch= -0.03deg roll=  0.01deg x=  0.000 y= -0.012 u_rw=   -12.4 u_bx=  -0.08 u_by=  -0.01 com_xy= 0.003m
Step 198100: pitch= -0.01deg roll=  0.01deg x= -0.000 y= -0.014 u_rw=    -8.9 u_bx=  -0.06 u_by=  -0.01 com_xy= 0.004m
Step 198200: pitch=  0.00deg roll=  0.02deg x=  0.000 y= -0.016 u_rw=    -2.6 u_bx=   0.06 u_by=  -0.01 com_xy= 0.006m
Step 198300: pitch=  0.02deg roll=  0.03deg x=  0.000 y= -0.019 u_rw=   -10.0 u_bx=  -0.06 u_by=  -0.01 com_xy= 0.010m
Step 198400: pitch=  0.01deg roll=  0.05deg x= -0.000 y= -0.020 u_rw=   -10.8 u_bx=  -0.10 u_by=  -0.01 com_xy= 0.015m
Step 198500: pitch= -0.02deg roll=  0.07deg x=  0.000 y= -0.022 u_rw=    -6.9 u_bx=  -0.07 u_by=  -0.03 com_xy= 0.023m
Step 198600: pitch=  0.08deg roll=  0.11deg x=  0.000 y= -0.026 u_rw=    -0.1 u_bx=   0.08 u_by=  -0.06 com_xy= 0.036m
Step 198700: pitch=  0.03deg roll=  0.15deg x=  0.000 y= -0.032 u_rw=   -12.3 u_bx=  -0.03 u_by=  -0.06 com_xy= 0.055m
Step 198800: pitch=  0.02deg roll=  0.18deg x=  0.000 y= -0.041 u_rw=     2.7 u_bx=   0.06 u_by=  -0.06 com_xy= 0.084m
Step 198900: pitch=  0.07deg roll=  0.21deg x=  0.000 y= -0.049 u_rw=     6.7 u_bx=   0.07 u_by=  -0.07 com_xy= 0.129m

CRASH #79 at step 198942: pitch=0.04deg roll=0.22deg com_xy=0.154m reason=com_overload
Step 199000: pitch=  0.03deg roll= -0.00deg x=  0.000 y= -0.000 u_rw=     7.6 u_bx=   0.08 u_by=  -0.00 com_xy= 0.000m
Step 199100: pitch=  0.01deg roll= -0.00deg x= -0.000 y=  0.000 u_rw=     8.7 u_bx=   0.08 u_by=   0.02 com_xy= 0.000m
Step 199200: pitch=  0.05deg roll= -0.00deg x=  0.000 y=  0.003 u_rw=     3.3 u_bx=   0.11 u_by=   0.03 com_xy= 0.000m
Step 199300: pitch=  0.05deg roll= -0.00deg x= -0.000 y=  0.006 u_rw=    19.0 u_bx=   0.12 u_by=  -0.02 com_xy= 0.000m
Step 199400: pitch=  0.04deg roll= -0.00deg x= -0.000 y=  0.006 u_rw=    19.8 u_bx=   0.13 u_by=   0.00 com_xy= 0.001m
Step 199500: pitch= -0.05deg roll= -0.00deg x=  0.000 y=  0.005 u_rw=     1.8 u_bx=   0.00 u_by=  -0.01 com_xy= 0.000m
Step 199600: pitch=  0.03deg roll= -0.00deg x=  0.000 y=  0.004 u_rw=    -3.5 u_bx=  -0.02 u_by=  -0.02 com_xy= 0.000m
Step 199700: pitch=  0.03deg roll= -0.00deg x= -0.000 y=  0.002 u_rw=     0.8 u_bx=   0.01 u_by=  -0.01 com_xy= 0.000m
Step 199800: pitch=  0.02deg roll= -0.00deg x= -0.000 y=  0.002 u_rw=   -16.0 u_bx=  -0.11 u_by=   0.00 com_xy= 0.000m
Step 199900: pitch=  0.07deg roll= -0.00deg x= -0.000 y=  0.002 u_rw=     3.7 u_bx=   0.06 u_by=  -0.01 com_xy= 0.000m
Step 200000: pitch=  0.05deg roll= -0.00deg x=  0.000 y=  0.002 u_rw=    16.2 u_bx=   0.11 u_by=  -0.01 com_xy= 0.000m
Step 200100: pitch=  0.05deg roll= -0.00deg x=  0.000 y=  0.001 u_rw=     3.6 u_bx=   0.01 u_by=  -0.01 com_xy= 0.000m
Step 200200: pitch= -0.03deg roll= -0.00deg x=  0.000 y= -0.001 u_rw=    -7.8 u_bx=  -0.06 u_by=  -0.01 com_xy= 0.001m
Step 200300: pitch= -0.02deg roll= -0.00deg x= -0.000 y= -0.002 u_rw=    -5.3 u_bx=  -0.01 u_by=   0.01 com_xy= 0.001m
Step 200400: pitch=  0.05deg roll= -0.00deg x=  0.000 y= -0.001 u_rw=     1.1 u_bx=   0.09 u_by=   0.01 com_xy= 0.000m
Step 200500: pitch=  0.01deg roll= -0.00deg x= -0.000 y= -0.000 u_rw=    17.7 u_bx=   0.08 u_by=   0.03 com_xy= 0.000m
Step 200600: pitch= -0.05deg roll= -0.00deg x=  0.000 y=  0.002 u_rw=   -16.7 u_bx=  -0.08 u_by=   0.02 com_xy= 0.000m
Step 200700: pitch=  0.06deg roll= -0.00deg x=  0.000 y=  0.005 u_rw=    -2.4 u_bx=   0.05 u_by=  -0.01 com_xy= 0.000m
Step 200800: pitch=  0.08deg roll= -0.00deg x=  0.000 y=  0.006 u_rw=     8.0 u_bx=   0.14 u_by=   0.00 com_xy= 0.001m
Step 200900: pitch=  0.06deg roll= -0.00deg x=  0.000 y=  0.006 u_rw=     9.5 u_bx=   0.10 u_by=  -0.01 com_xy= 0.001m
Step 201000: pitch=  0.07deg roll= -0.00deg x=  0.000 y=  0.005 u_rw=     6.5 u_bx=   0.05 u_by=  -0.02 com_xy= 0.001m
Step 201100: pitch=  0.06deg roll= -0.00deg x=  0.000 y=  0.003 u_rw=    -1.9 u_bx=   0.03 u_by=  -0.01 com_xy= 0.000m
Step 201200: pitch=  0.06deg roll= -0.00deg x=  0.000 y=  0.001 u_rw=    -3.7 u_bx=   0.06 u_by=  -0.00 com_xy= 0.000m
Step 201300: pitch= -0.02deg roll=  0.00deg x=  0.000 y=  0.001 u_rw=    -2.0 u_bx=  -0.02 u_by=   0.03 com_xy= 0.001m
Step 201400: pitch= -0.01deg roll=  0.00deg x= -0.000 y=  0.002 u_rw=    -2.3 u_bx=   0.03 u_by=   0.00 com_xy= 0.001m
Step 201500: pitch= -0.00deg roll=  0.00deg x=  0.000 y=  0.003 u_rw=    -5.7 u_bx=   0.03 u_by=  -0.01 com_xy= 0.002m
Step 201600: pitch=  0.01deg roll=  0.01deg x=  0.000 y=  0.002 u_rw=   -15.9 u_bx=  -0.03 u_by=  -0.02 com_xy= 0.003m
Step 201700: pitch=  0.04deg roll=  0.01deg x=  0.000 y=  0.001 u_rw=    -3.5 u_bx=   0.06 u_by=  -0.01 com_xy= 0.004m
Step 201800: pitch=  0.01deg roll=  0.02deg x=  0.000 y= -0.001 u_rw=    -4.8 u_bx=   0.00 u_by=   0.00 com_xy= 0.006m
Step 201900: pitch=  0.05deg roll=  0.03deg x= -0.000 y= -0.002 u_rw=    10.9 u_bx=   0.07 u_by=   0.00 com_xy= 0.009m
Step 202000: pitch=  0.05deg roll=  0.04deg x=  0.000 y= -0.003 u_rw=   -11.2 u_bx=  -0.05 u_by=  -0.03 com_xy= 0.015m
Step 202100: pitch=  0.03deg roll=  0.07deg x=  0.000 y= -0.005 u_rw=    -2.0 u_bx=   0.06 u_by=  -0.04 com_xy= 0.022m
Step 202200: pitch=  0.04deg roll=  0.10deg x=  0.000 y= -0.009 u_rw=    -5.6 u_bx=   0.03 u_by=  -0.04 com_xy= 0.035m
Step 202300: pitch=  0.09deg roll=  0.16deg x=  0.000 y= -0.014 u_rw=     6.8 u_bx=   0.11 u_by=  -0.07 com_xy= 0.053m
Step 202400: pitch=  0.07deg roll=  0.22deg x=  0.000 y= -0.022 u_rw=   -13.1 u_bx=   0.02 u_by=  -0.10 com_xy= 0.082m
Step 202500: pitch=  0.11deg roll=  0.25deg x=  0.000 y= -0.035 u_rw=    -0.3 u_bx=   0.14 u_by=  -0.12 com_xy= 0.125m

CRASH #80 at step 202549: pitch=-0.01deg roll=0.27deg com_xy=0.154m reason=com_overload
Step 202600: pitch= -0.03deg roll= -0.00deg x= -0.000 y=  0.000 u_rw=    -8.7 u_bx=  -0.06 u_by=   0.02 com_xy= 0.000m
Step 202700: pitch= -0.05deg roll= -0.00deg x= -0.000 y=  0.001 u_rw=    -5.9 u_bx=  -0.08 u_by=   0.01 com_xy= 0.000m
Step 202800: pitch= -0.05deg roll= -0.00deg x= -0.000 y=  0.003 u_rw=     1.3 u_bx=  -0.04 u_by=   0.01 com_xy= 0.000m
Step 202900: pitch= -0.00deg roll= -0.00deg x= -0.000 y=  0.005 u_rw=     0.3 u_bx=  -0.05 u_by=   0.02 com_xy= 0.000m
Step 203000: pitch=  0.08deg roll= -0.00deg x= -0.000 y=  0.007 u_rw=    16.8 u_bx=   0.13 u_by=   0.01 com_xy= 0.001m
Step 203100: pitch= -0.04deg roll= -0.00deg x=  0.000 y=  0.008 u_rw=    -2.1 u_bx=   0.06 u_by=   0.00 com_xy= 0.001m
Step 203200: pitch=  0.02deg roll= -0.00deg x=  0.000 y=  0.008 u_rw=    13.0 u_bx=   0.08 u_by=  -0.01 com_xy= 0.001m
Step 203300: pitch=  0.04deg roll= -0.00deg x=  0.000 y=  0.007 u_rw=     6.7 u_bx=   0.13 u_by=  -0.01 com_xy= 0.002m
Step 203400: pitch=  0.02deg roll= -0.00deg x=  0.000 y=  0.007 u_rw=    -2.1 u_bx=  -0.03 u_by=   0.02 com_xy= 0.003m
Step 203500: pitch= -0.01deg roll= -0.00deg x=  0.000 y=  0.007 u_rw=   -11.0 u_bx=  -0.04 u_by=  -0.01 com_xy= 0.004m
Step 203600: pitch=  0.05deg roll= -0.00deg x=  0.000 y=  0.007 u_rw=    12.8 u_bx=   0.08 u_by=  -0.01 com_xy= 0.006m
Step 203700: pitch=  0.08deg roll= -0.00deg x=  0.000 y=  0.006 u_rw=     9.0 u_bx=   0.10 u_by=  -0.02 com_xy= 0.009m
Step 203800: pitch=  0.04deg roll= -0.00deg x=  0.000 y=  0.004 u_rw=     1.5 u_bx=  -0.00 u_by=  -0.01 com_xy= 0.013m
Step 203900: pitch=  0.01deg roll= -0.00deg x= -0.000 y=  0.002 u_rw=    -9.4 u_bx=  -0.11 u_by=   0.00 com_xy= 0.021m
Step 204000: pitch= -0.04deg roll= -0.00deg x= -0.000 y=  0.003 u_rw=   -10.8 u_bx=  -0.07 u_by=  -0.01 com_xy= 0.034m
Step 204100: pitch=  0.00deg roll= -0.00deg x= -0.000 y=  0.003 u_rw=     0.1 u_bx=  -0.04 u_by=  -0.01 com_xy= 0.056m
Step 204200: pitch= -0.09deg roll= -0.00deg x= -0.000 y=  0.002 u_rw=    13.2 u_bx=  -0.02 u_by=   0.01 com_xy= 0.091m
Step 204300: pitch= -0.27deg roll= -0.00deg x= -0.000 y=  0.003 u_rw=    11.4 u_bx=  -0.12 u_by=   0.03 com_xy= 0.145m

CRASH #81 at step 204315: pitch=-0.28deg roll=-0.00deg com_xy=0.154m reason=com_overload
Step 204400: pitch=  0.01deg roll= -0.00deg x=  0.000 y= -0.000 u_rw=    -8.7 u_bx=  -0.03 u_by=   0.00 com_xy= 0.000m
Step 204500: pitch= -0.06deg roll= -0.00deg x=  0.000 y= -0.000 u_rw=    -0.6 u_bx=  -0.03 u_by=   0.01 com_xy= 0.000m
Step 204600: pitch=  0.05deg roll= -0.00deg x=  0.000 y= -0.000 u_rw=   -18.5 u_bx=   0.01 u_by=   0.01 com_xy= 0.000m
Step 204700: pitch=  0.06deg roll= -0.00deg x=  0.000 y=  0.001 u_rw=    -0.0 u_bx=   0.03 u_by=  -0.01 com_xy= 0.001m
Step 204800: pitch=  0.09deg roll= -0.00deg x=  0.000 y=  0.001 u_rw=     1.1 u_bx=   0.18 u_by=  -0.02 com_xy= 0.000m
Step 204900: pitch=  0.07deg roll= -0.00deg x=  0.000 y= -0.001 u_rw=    15.8 u_bx=   0.14 u_by=  -0.01 com_xy= 0.000m
Step 205000: pitch=  0.04deg roll= -0.00deg x=  0.000 y= -0.003 u_rw=    -1.2 u_bx=   0.01 u_by=  -0.03 com_xy= 0.001m
Step 205100: pitch= -0.01deg roll= -0.00deg x=  0.000 y= -0.006 u_rw=   -12.6 u_bx=  -0.04 u_by=  -0.02 com_xy= 0.002m
Step 205200: pitch= -0.04deg roll= -0.00deg x=  0.000 y= -0.009 u_rw=    -6.6 u_bx=  -0.02 u_by=  -0.04 com_xy= 0.002m
Step 205300: pitch= -0.04deg roll= -0.00deg x= -0.000 y= -0.012 u_rw=     9.4 u_bx=   0.08 u_by=  -0.01 com_xy= 0.002m
Step 205400: pitch= -0.04deg roll= -0.00deg x= -0.000 y= -0.014 u_rw=    11.2 u_bx=  -0.01 u_by=   0.01 com_xy= 0.003m
Step 205500: pitch= -0.01deg roll= -0.00deg x= -0.000 y= -0.015 u_rw=    14.4 u_bx=   0.05 u_by=  -0.01 com_xy= 0.003m
Step 205600: pitch= -0.04deg roll= -0.00deg x=  0.000 y= -0.017 u_rw=     6.5 u_bx=   0.06 u_by=   0.00 com_xy= 0.005m
Step 205700: pitch= -0.03deg roll= -0.00deg x= -0.000 y= -0.018 u_rw=    -0.2 u_bx=  -0.05 u_by=  -0.01 com_xy= 0.009m
Step 205800: pitch= -0.01deg roll= -0.00deg x= -0.000 y= -0.018 u_rw=     6.1 u_bx=  -0.02 u_by=   0.01 com_xy= 0.014m
Step 205900: pitch=  0.00deg roll= -0.00deg x= -0.000 y= -0.016 u_rw=     8.3 u_bx=   0.06 u_by=   0.01 com_xy= 0.022m
Step 206000: pitch= -0.01deg roll= -0.00deg x=  0.000 y= -0.014 u_rw=     3.2 u_bx=   0.02 u_by=   0.01 com_xy= 0.037m
Step 206100: pitch=  0.08deg roll= -0.00deg x=  0.000 y= -0.012 u_rw=    14.6 u_bx=   0.15 u_by=   0.01 com_xy= 0.059m
Step 206200: pitch=  0.17deg roll= -0.00deg x=  0.000 y= -0.012 u_rw=     4.1 u_bx=   0.16 u_by=  -0.03 com_xy= 0.096m
Step 206300: pitch=  0.25deg roll= -0.00deg x=  0.000 y= -0.014 u_rw=   -12.6 u_bx=   0.16 u_by=  -0.03 com_xy= 0.153m

CRASH #82 at step 206304: pitch=0.29deg roll=-0.00deg com_xy=0.155m reason=com_overload
Step 206400: pitch= -0.00deg roll= -0.00deg x=  0.000 y= -0.000 u_rw=    -4.9 u_bx=  -0.03 u_by=  -0.01 com_xy= 0.000m
Step 206500: pitch=  0.02deg roll= -0.00deg x=  0.000 y= -0.001 u_rw=     5.9 u_bx=   0.09 u_by=  -0.01 com_xy= 0.000m
Step 206600: pitch=  0.01deg roll= -0.00deg x=  0.000 y= -0.003 u_rw=   -21.0 u_bx=  -0.01 u_by=  -0.03 com_xy= 0.000m
Step 206700: pitch=  0.05deg roll= -0.00deg x=  0.000 y= -0.005 u_rw=    -2.0 u_bx=   0.01 u_by=  -0.03 com_xy= 0.000m
Step 206800: pitch=  0.05deg roll= -0.00deg x=  0.000 y= -0.008 u_rw=    18.6 u_bx=   0.14 u_by=  -0.01 com_xy= 0.000m
Step 206900: pitch=  0.04deg roll= -0.00deg x=  0.000 y= -0.010 u_rw=     5.4 u_bx=   0.02 u_by=  -0.00 com_xy= 0.000m
Step 207000: pitch=  0.02deg roll= -0.00deg x=  0.000 y= -0.011 u_rw=    -1.0 u_bx=  -0.03 u_by=  -0.01 com_xy= 0.001m
Step 207100: pitch=  0.02deg roll= -0.00deg x= -0.000 y= -0.011 u_rw=     9.1 u_bx=  -0.01 u_by=   0.03 com_xy= 0.001m
Step 207200: pitch= -0.04deg roll= -0.00deg x= -0.000 y= -0.008 u_rw=   -14.4 u_bx=  -0.17 u_by=   0.02 com_xy= 0.002m
Step 207300: pitch= -0.02deg roll= -0.00deg x= -0.000 y= -0.005 u_rw=    -2.1 u_bx=  -0.11 u_by=   0.01 com_xy= 0.003m
Step 207400: pitch= -0.00deg roll= -0.00deg x= -0.000 y= -0.002 u_rw=    19.2 u_bx=   0.11 u_by=   0.00 com_xy= 0.002m
Step 207500: pitch= -0.11deg roll= -0.00deg x= -0.000 y= -0.000 u_rw=    -4.8 u_bx=  -0.06 u_by=   0.03 com_xy= 0.004m
Step 207600: pitch= -0.09deg roll= -0.00deg x= -0.000 y=  0.002 u_rw=     6.7 u_bx=  -0.05 u_by=   0.01 com_xy= 0.006m
Step 207700: pitch= -0.02deg roll= -0.00deg x= -0.000 y=  0.005 u_rw=     9.2 u_bx=   0.05 u_by=   0.02 com_xy= 0.009m
Step 207800: pitch= -0.05deg roll= -0.00deg x= -0.000 y=  0.008 u_rw=     4.7 u_bx=  -0.02 u_by=   0.01 com_xy= 0.015m
Step 207900: pitch= -0.03deg roll= -0.00deg x= -0.000 y=  0.010 u_rw=    16.8 u_bx=  -0.03 u_by=   0.01 com_xy= 0.025m
Step 208000: pitch= -0.05deg roll= -0.00deg x= -0.000 y=  0.013 u_rw=     2.8 u_bx=   0.02 u_by=   0.02 com_xy= 0.040m
Step 208100: pitch= -0.04deg roll= -0.00deg x=  0.000 y=  0.016 u_rw=    -8.4 u_bx=  -0.09 u_by=   0.01 com_xy= 0.066m
Step 208200: pitch=  0.15deg roll= -0.00deg x=  0.000 y=  0.016 u_rw=    11.3 u_bx=   0.17 u_by=  -0.02 com_xy= 0.105m

CRASH #83 at step 208285: pitch=0.24deg roll=-0.00deg com_xy=0.155m reason=com_overload
Step 208300: pitch=  0.01deg roll= -0.00deg x=  0.000 y=  0.000 u_rw=    -0.5 u_bx=   0.01 u_by=   0.00 com_xy= 0.000m
Step 208400: pitch= -0.02deg roll= -0.00deg x=  0.000 y= -0.000 u_rw=     6.0 u_bx=   0.07 u_by=  -0.01 com_xy= 0.000m
Step 208500: pitch= -0.06deg roll= -0.00deg x=  0.000 y= -0.002 u_rw=   -18.3 u_bx=  -0.12 u_by=  -0.01 com_xy= 0.000m
Step 208600: pitch=  0.01deg roll= -0.00deg x= -0.000 y= -0.004 u_rw=    12.2 u_bx=   0.05 u_by=  -0.01 com_xy= 0.000m
Step 208700: pitch=  0.02deg roll= -0.00deg x=  0.000 y= -0.005 u_rw=     7.2 u_bx=   0.02 u_by=   0.00 com_xy= 0.000m
Step 208800: pitch= -0.04deg roll= -0.00deg x=  0.000 y= -0.006 u_rw=   -11.3 u_bx=  -0.08 u_by=  -0.01 com_xy= 0.000m
Step 208900: pitch=  0.01deg roll= -0.00deg x=  0.000 y= -0.006 u_rw=     6.4 u_bx=   0.06 u_by=  -0.01 com_xy= 0.000m
Step 209000: pitch=  0.04deg roll= -0.00deg x=  0.000 y= -0.007 u_rw=     7.1 u_bx=   0.06 u_by=  -0.01 com_xy= 0.000m
Step 209100: pitch= -0.07deg roll= -0.00deg x= -0.000 y= -0.007 u_rw=    -4.1 u_bx=  -0.16 u_by=   0.03 com_xy= 0.001m
Step 209200: pitch= -0.00deg roll= -0.00deg x= -0.000 y= -0.005 u_rw=    -1.8 u_bx=  -0.10 u_by=   0.03 com_xy= 0.000m
Step 209300: pitch= -0.07deg roll= -0.00deg x=  0.000 y= -0.002 u_rw=    -2.7 u_bx=  -0.07 u_by=   0.03 com_xy= 0.000m
Step 209400: pitch=  0.00deg roll= -0.00deg x= -0.000 y=  0.002 u_rw=    -5.4 u_bx=  -0.09 u_by=   0.02 com_xy= 0.000m
Step 209500: pitch=  0.04deg roll= -0.00deg x= -0.000 y=  0.005 u_rw=    19.3 u_bx=   0.07 u_by=   0.02 com_xy= 0.001m
Step 209600: pitch= -0.03deg roll= -0.00deg x= -0.000 y=  0.009 u_rw=   -12.3 u_bx=  -0.10 u_by=   0.03 com_xy= 0.000m
Step 209700: pitch= -0.05deg roll= -0.00deg x=  0.000 y=  0.013 u_rw=    -0.8 u_bx=  -0.02 u_by=   0.03 com_xy= 0.000m
Step 209800: pitch=  0.04deg roll= -0.00deg x=  0.000 y=  0.017 u_rw=     9.9 u_bx=   0.09 u_by=   0.00 com_xy= 0.000m
Step 209900: pitch=  0.05deg roll= -0.00deg x=  0.000 y=  0.018 u_rw=     9.7 u_bx=   0.12 u_by=  -0.00 com_xy= 0.000m
Step 210000: pitch=  0.06deg roll= -0.00deg x= -0.000 y=  0.018 u_rw=     3.8 u_bx=   0.04 u_by=   0.01 com_xy= 0.000m
Step 210100: pitch=  0.02deg roll= -0.00deg x=  0.000 y=  0.018 u_rw=    -2.2 u_bx=   0.00 u_by=  -0.03 com_xy= 0.000m
Step 210200: pitch= -0.04deg roll=  0.00deg x=  0.000 y=  0.015 u_rw=   -12.4 u_bx=  -0.03 u_by=  -0.03 com_xy= 0.001m
Step 210300: pitch= -0.03deg roll=  0.00deg x=  0.000 y=  0.011 u_rw=   -16.4 u_bx=  -0.06 u_by=  -0.00 com_xy= 0.001m
Step 210400: pitch=  0.05deg roll=  0.00deg x=  0.000 y=  0.009 u_rw=     6.0 u_bx=   0.09 u_by=  -0.01 com_xy= 0.001m
Step 210500: pitch=  0.02deg roll=  0.00deg x=  0.000 y=  0.008 u_rw=    -6.6 u_bx=   0.03 u_by=  -0.03 com_xy= 0.002m
Step 210600: pitch=  0.01deg roll=  0.01deg x=  0.000 y=  0.005 u_rw=   -10.9 u_bx=  -0.01 u_by=  -0.01 com_xy= 0.003m
Step 210700: pitch=  0.01deg roll=  0.01deg x=  0.000 y=  0.004 u_rw=    -8.8 u_bx=  -0.06 u_by=   0.00 com_xy= 0.004m
Step 210800: pitch= -0.01deg roll=  0.02deg x= -0.000 y=  0.004 u_rw=    -4.6 u_bx=  -0.06 u_by=   0.02 com_xy= 0.006m
Step 210900: pitch= -0.04deg roll=  0.03deg x= -0.000 y=  0.005 u_rw=    -8.1 u_bx=  -0.05 u_by=   0.01 com_xy= 0.010m
Step 211000: pitch= -0.03deg roll=  0.05deg x= -0.000 y=  0.007 u_rw=    -0.3 u_bx=  -0.01 u_by=   0.01 com_xy= 0.015m
Step 211100: pitch=  0.02deg roll=  0.07deg x= -0.000 y=  0.008 u_rw=    13.7 u_bx=   0.04 u_by=  -0.01 com_xy= 0.023m
Step 211200: pitch= -0.02deg roll=  0.11deg x= -0.000 y=  0.008 u_rw=     4.4 u_bx=  -0.01 u_by=  -0.01 com_xy= 0.035m
Step 211300: pitch=  0.01deg roll=  0.16deg x= -0.000 y=  0.007 u_rw=    15.5 u_bx=   0.07 u_by=  -0.05 com_xy= 0.055m
Step 211400: pitch= -0.07deg roll=  0.20deg x=  0.000 y=  0.001 u_rw=     0.6 u_bx=  -0.05 u_by=  -0.08 com_xy= 0.084m
Step 211500: pitch=  0.04deg roll=  0.23deg x=  0.000 y= -0.009 u_rw=     7.8 u_bx=   0.05 u_by=  -0.08 com_xy= 0.128m

CRASH #84 at step 211544: pitch=0.03deg roll=0.24deg com_xy=0.154m reason=com_overload
Step 211600: pitch=  0.02deg roll= -0.00deg x= -0.000 y=  0.000 u_rw=     5.7 u_bx=   0.01 u_by=  -0.00 com_xy= 0.000m
Step 211700: pitch=  0.03deg roll= -0.00deg x=  0.000 y= -0.000 u_rw=     9.3 u_bx=   0.05 u_by=   0.01 com_xy= 0.000m
Step 211800: pitch=  0.05deg roll= -0.00deg x=  0.000 y=  0.000 u_rw=     5.4 u_bx=   0.08 u_by=   0.00 com_xy= 0.000m
Step 211900: pitch=  0.02deg roll= -0.00deg x=  0.000 y=  0.001 u_rw=    12.6 u_bx=   0.07 u_by=  -0.01 com_xy= 0.000m
Step 212000: pitch= -0.07deg roll= -0.00deg x=  0.000 y=  0.000 u_rw=   -19.3 u_bx=  -0.14 u_by=  -0.01 com_xy= 0.001m
Step 212100: pitch=  0.05deg roll= -0.00deg x= -0.000 y= -0.001 u_rw=     0.5 u_bx=   0.02 u_by=   0.01 com_xy= 0.000m
Step 212200: pitch= -0.00deg roll= -0.00deg x= -0.000 y= -0.000 u_rw=    14.4 u_bx=   0.06 u_by=   0.02 com_xy= 0.001m
Step 212300: pitch= -0.03deg roll= -0.00deg x= -0.000 y=  0.000 u_rw=   -14.9 u_bx=  -0.06 u_by=  -0.02 com_xy= 0.001m
Step 212400: pitch= -0.03deg roll= -0.00deg x= -0.000 y= -0.000 u_rw=    -0.2 u_bx=  -0.01 u_by=   0.03 com_xy= 0.001m
Step 212500: pitch= -0.02deg roll= -0.00deg x=  0.000 y=  0.002 u_rw=   -18.7 u_bx=  -0.10 u_by=   0.02 com_xy= 0.001m
Step 212600: pitch=  0.07deg roll= -0.00deg x=  0.000 y=  0.005 u_rw=     3.0 u_bx=   0.03 u_by=   0.00 com_xy= 0.002m
Step 212700: pitch=  0.07deg roll= -0.00deg x=  0.000 y=  0.006 u_rw=     8.7 u_bx=   0.09 u_by=   0.01 com_xy= 0.004m
Step 212800: pitch=  0.05deg roll= -0.00deg x=  0.000 y=  0.007 u_rw=     4.4 u_bx=  -0.01 u_by=   0.01 com_xy= 0.005m
Step 212900: pitch=  0.06deg roll= -0.00deg x= -0.000 y=  0.009 u_rw=     7.4 u_bx=   0.06 u_by=   0.01 com_xy= 0.008m
Step 213000: pitch=  0.03deg roll= -0.00deg x=  0.000 y=  0.010 u_rw=    -7.5 u_bx=  -0.01 u_by=  -0.01 com_xy= 0.013m
Step 213100: pitch=  0.04deg roll= -0.00deg x= -0.000 y=  0.010 u_rw=    -6.6 u_bx=  -0.04 u_by=   0.02 com_xy= 0.020m
Step 213200: pitch=  0.03deg roll= -0.00deg x=  0.000 y=  0.011 u_rw=    17.5 u_bx=   0.10 u_by=  -0.01 com_xy= 0.033m
Step 213300: pitch= -0.09deg roll=  0.00deg x= -0.000 y=  0.011 u_rw=     1.0 u_bx=  -0.02 u_by=   0.01 com_xy= 0.053m
Step 213400: pitch= -0.20deg roll=  0.00deg x= -0.000 y=  0.010 u_rw=    -0.6 u_bx=  -0.20 u_by=  -0.03 com_xy= 0.085m
Step 213500: pitch= -0.30deg roll=  0.00deg x= -0.000 y=  0.009 u_rw=   -17.7 u_bx=  -0.36 u_by=   0.03 com_xy= 0.136m

CRASH #85 at step 213527: pitch=-0.34deg roll=0.00deg com_xy=0.154m reason=com_overload
Step 213600: pitch=  0.02deg roll= -0.00deg x= -0.000 y=  0.000 u_rw=    12.0 u_bx=   0.02 u_by=   0.02 com_xy= 0.000m
Step 213700: pitch=  0.01deg roll= -0.00deg x= -0.000 y=  0.002 u_rw=    -9.7 u_bx=  -0.07 u_by=  -0.01 com_xy= 0.000m
Step 213800: pitch= -0.02deg roll= -0.00deg x= -0.000 y=  0.003 u_rw=    -7.6 u_bx=  -0.06 u_by=  -0.00 com_xy= 0.000m
Step 213900: pitch= -0.01deg roll= -0.00deg x= -0.000 y=  0.003 u_rw=    -5.9 u_bx=  -0.02 u_by=  -0.01 com_xy= 0.000m
Step 214000: pitch= -0.04deg roll= -0.00deg x=  0.000 y=  0.002 u_rw=    -4.6 u_bx=  -0.02 u_by=  -0.01 com_xy= 0.000m
Step 214100: pitch=  0.04deg roll= -0.00deg x= -0.000 y=  0.001 u_rw=    18.0 u_bx=   0.07 u_by=   0.00 com_xy= 0.000m
Step 214200: pitch= -0.06deg roll= -0.00deg x= -0.000 y=  0.001 u_rw=    -7.1 u_bx=  -0.14 u_by=   0.02 com_xy= 0.001m
Step 214300: pitch=  0.02deg roll= -0.00deg x= -0.000 y=  0.001 u_rw=    -8.9 u_bx=  -0.08 u_by=  -0.00 com_xy= 0.001m
Step 214400: pitch=  0.06deg roll= -0.00deg x=  0.000 y=  0.001 u_rw=    11.7 u_bx=   0.09 u_by=   0.01 com_xy= 0.000m
Step 214500: pitch= -0.05deg roll= -0.00deg x= -0.000 y=  0.001 u_rw=    -3.3 u_bx=  -0.02 u_by=  -0.01 com_xy= 0.000m
Step 214600: pitch=  0.03deg roll= -0.00deg x= -0.000 y=  0.001 u_rw=     0.6 u_bx=   0.04 u_by=  -0.01 com_xy= 0.000m
Step 214700: pitch=  0.02deg roll= -0.00deg x= -0.000 y=  0.002 u_rw=    19.6 u_bx=   0.08 u_by=   0.02 com_xy= 0.001m
Step 214800: pitch= -0.06deg roll= -0.00deg x= -0.000 y=  0.004 u_rw=   -13.0 u_bx=  -0.08 u_by=   0.00 com_xy= 0.000m
Step 214900: pitch= -0.04deg roll= -0.00deg x=  0.000 y=  0.004 u_rw=    -5.4 u_bx=   0.02 u_by=  -0.01 com_xy= 0.001m
Step 215000: pitch= -0.01deg roll= -0.00deg x= -0.000 y=  0.004 u_rw=     2.0 u_bx=   0.02 u_by=   0.03 com_xy= 0.001m
Step 215100: pitch=  0.05deg roll= -0.00deg x= -0.000 y=  0.007 u_rw=    12.7 u_bx=   0.07 u_by=   0.03 com_xy= 0.001m
Step 215200: pitch=  0.07deg roll= -0.00deg x=  0.000 y=  0.010 u_rw=     3.8 u_bx=   0.12 u_by=   0.02 com_xy= 0.000m
Step 215300: pitch=  0.05deg roll= -0.00deg x=  0.000 y=  0.012 u_rw=     2.4 u_bx=   0.06 u_by=  -0.00 com_xy= 0.001m
Step 215400: pitch= -0.02deg roll= -0.00deg x=  0.000 y=  0.012 u_rw=   -10.9 u_bx=  -0.03 u_by=  -0.02 com_xy= 0.001m
Step 215500: pitch= -0.02deg roll= -0.00deg x= -0.000 y=  0.011 u_rw=    -9.7 u_bx=  -0.07 u_by=  -0.02 com_xy= 0.001m
Step 215600: pitch= -0.04deg roll= -0.01deg x=  0.000 y=  0.009 u_rw=    -7.1 u_bx=  -0.05 u_by=  -0.00 com_xy= 0.002m
Step 215700: pitch= -0.03deg roll= -0.01deg x=  0.000 y=  0.009 u_rw=    -2.4 u_bx=   0.02 u_by=   0.01 com_xy= 0.003m
Step 215800: pitch= -0.01deg roll= -0.02deg x= -0.000 y=  0.010 u_rw=     7.8 u_bx=   0.03 u_by=   0.03 com_xy= 0.004m
Step 215900: pitch=  0.04deg roll= -0.02deg x=  0.000 y=  0.012 u_rw=     6.2 u_bx=   0.07 u_by=   0.01 com_xy= 0.007m
Step 216000: pitch=  0.04deg roll= -0.04deg x= -0.000 y=  0.014 u_rw=     6.2 u_bx=   0.03 u_by=   0.01 com_xy= 0.010m
Step 216100: pitch=  0.04deg roll= -0.05deg x=  0.000 y=  0.016 u_rw=     1.5 u_bx=  -0.01 u_by=   0.00 com_xy= 0.016m
Step 216200: pitch= -0.03deg roll= -0.08deg x=  0.000 y=  0.018 u_rw=    -7.4 u_bx=  -0.03 u_by=   0.04 com_xy= 0.025m
Step 216300: pitch= -0.03deg roll= -0.12deg x= -0.000 y=  0.022 u_rw=    -1.6 u_bx=  -0.02 u_by=   0.06 com_xy= 0.038m
Step 216400: pitch= -0.04deg roll= -0.17deg x= -0.000 y=  0.029 u_rw=    -8.3 u_bx=  -0.09 u_by=   0.08 com_xy= 0.059m
Step 216500: pitch=  0.05deg roll= -0.21deg x= -0.000 y=  0.039 u_rw=     3.2 u_bx=   0.07 u_by=   0.12 com_xy= 0.090m
Step 216600: pitch= -0.00deg roll= -0.24deg x= -0.000 y=  0.053 u_rw=    -5.4 u_bx=  -0.08 u_by=   0.09 com_xy= 0.137m

CRASH #86 at step 216628: pitch=0.02deg roll=-0.25deg com_xy=0.154m reason=com_overload
Step 216700: pitch= -0.00deg roll= -0.00deg x= -0.000 y=  0.000 u_rw=    -6.0 u_bx=  -0.11 u_by=   0.01 com_xy= 0.000m
Step 216800: pitch=  0.02deg roll= -0.00deg x= -0.000 y=  0.002 u_rw=    -5.9 u_bx=  -0.10 u_by=   0.02 com_xy= 0.000m
Step 216900: pitch= -0.01deg roll= -0.00deg x= -0.000 y=  0.006 u_rw=    -7.7 u_bx=  -0.07 u_by=   0.01 com_xy= 0.000m
Step 217000: pitch= -0.04deg roll= -0.00deg x= -0.000 y=  0.008 u_rw=   -12.2 u_bx=  -0.11 u_by=  -0.01 com_xy= 0.000m
Step 217100: pitch= -0.06deg roll= -0.00deg x= -0.000 y=  0.008 u_rw=    -4.6 u_bx=  -0.02 u_by=   0.01 com_xy= 0.000m
Step 217200: pitch= -0.03deg roll= -0.00deg x= -0.000 y=  0.008 u_rw=     6.8 u_bx=  -0.02 u_by=   0.01 com_xy= 0.000m
Step 217300: pitch=  0.01deg roll= -0.00deg x= -0.000 y=  0.010 u_rw=     7.2 u_bx=   0.02 u_by=   0.01 com_xy= 0.001m
Step 217400: pitch= -0.02deg roll= -0.00deg x= -0.000 y=  0.011 u_rw=    13.1 u_bx=   0.04 u_by=   0.01 com_xy= 0.001m
Step 217500: pitch=  0.01deg roll= -0.00deg x= -0.000 y=  0.013 u_rw=    11.9 u_bx=   0.03 u_by=   0.02 com_xy= 0.001m
Step 217600: pitch= -0.01deg roll= -0.00deg x= -0.000 y=  0.015 u_rw=    -9.8 u_bx=  -0.05 u_by=   0.02 com_xy= 0.001m
Step 217700: pitch=  0.09deg roll= -0.00deg x= -0.000 y=  0.018 u_rw=    10.1 u_bx=   0.11 u_by=   0.01 com_xy= 0.001m
Step 217800: pitch=  0.05deg roll= -0.00deg x= -0.000 y=  0.019 u_rw=    16.6 u_bx=   0.13 u_by=  -0.01 com_xy= 0.001m
Step 217900: pitch= -0.05deg roll= -0.00deg x= -0.000 y=  0.018 u_rw=    -6.0 u_bx=  -0.09 u_by=  -0.02 com_xy= 0.000m
Step 218000: pitch=  0.06deg roll= -0.00deg x=  0.000 y=  0.016 u_rw=     2.1 u_bx=   0.00 u_by=  -0.02 com_xy= 0.000m
Step 218100: pitch=  0.09deg roll= -0.00deg x=  0.000 y=  0.014 u_rw=    15.8 u_bx=   0.12 u_by=   0.00 com_xy= 0.001m
Step 218200: pitch= -0.03deg roll= -0.00deg x=  0.000 y=  0.014 u_rw=    -9.4 u_bx=  -0.10 u_by=  -0.01 com_xy= 0.000m
Step 218300: pitch=  0.01deg roll= -0.00deg x= -0.000 y=  0.013 u_rw=   -14.5 u_bx=  -0.13 u_by=  -0.01 com_xy= 0.000m
Step 218400: pitch=  0.04deg roll= -0.00deg x= -0.000 y=  0.012 u_rw=    13.2 u_bx=   0.04 u_by=  -0.01 com_xy= 0.000m
Step 218500: pitch=  0.05deg roll=  0.00deg x=  0.000 y=  0.010 u_rw=     2.0 u_bx=   0.05 u_by=  -0.01 com_xy= 0.000m
Step 218600: pitch=  0.02deg roll=  0.00deg x=  0.000 y=  0.010 u_rw=    16.1 u_bx=   0.13 u_by=   0.00 com_xy= 0.001m
Step 218700: pitch= -0.03deg roll=  0.00deg x=  0.000 y=  0.009 u_rw=     0.8 u_bx=   0.03 u_by=   0.00 com_xy= 0.001m
Step 218800: pitch= -0.05deg roll=  0.00deg x= -0.000 y=  0.009 u_rw=    -2.8 u_bx=  -0.09 u_by=  -0.02 com_xy= 0.001m
Step 218900: pitch= -0.04deg roll=  0.01deg x= -0.000 y=  0.007 u_rw=   -18.4 u_bx=  -0.12 u_by=  -0.00 com_xy= 0.002m
Step 219000: pitch=  0.09deg roll=  0.01deg x=  0.000 y=  0.007 u_rw=    -1.3 u_bx=   0.05 u_by=   0.03 com_xy= 0.003m
Step 219100: pitch=  0.10deg roll=  0.02deg x=  0.000 y=  0.010 u_rw=    12.5 u_bx=   0.11 u_by=   0.02 com_xy= 0.005m
Step 219200: pitch=  0.06deg roll=  0.02deg x=  0.000 y=  0.012 u_rw=     1.5 u_bx=   0.02 u_by=  -0.02 com_xy= 0.008m
Step 219300: pitch=  0.07deg roll=  0.04deg x=  0.000 y=  0.012 u_rw=    15.0 u_bx=   0.09 u_by=  -0.04 com_xy= 0.012m
Step 219400: pitch=  0.06deg roll=  0.06deg x=  0.000 y=  0.008 u_rw=     0.3 u_bx=  -0.06 u_by=  -0.02 com_xy= 0.018m
Step 219500: pitch=  0.05deg roll=  0.09deg x=  0.000 y=  0.004 u_rw=   -10.0 u_bx=  -0.04 u_by=  -0.04 com_xy= 0.028m
Step 219600: pitch=  0.04deg roll=  0.13deg x=  0.000 y= -0.001 u_rw=     7.9 u_bx=   0.14 u_by=  -0.06 com_xy= 0.043m
Step 219700: pitch=  0.10deg roll=  0.17deg x=  0.000 y= -0.009 u_rw=     1.5 u_bx=   0.11 u_by=  -0.09 com_xy= 0.066m
Step 219800: pitch=  0.03deg roll=  0.19deg x=  0.000 y= -0.019 u_rw=    -8.9 u_bx=   0.03 u_by=  -0.08 com_xy= 0.102m

CRASH #87 at step 219898: pitch=0.05deg roll=0.23deg com_xy=0.154m reason=com_overload
Step 219900: pitch= -0.00deg roll= -0.00deg x= -0.000 y= -0.000 u_rw=     0.0 u_bx=   0.00 u_by=   0.00 com_xy= 0.000m
Step 220000: pitch=  0.01deg roll= -0.00deg x=  0.000 y= -0.000 u_rw=    -6.1 u_bx=  -0.00 u_by=  -0.02 com_xy= 0.000m
Step 220100: pitch=  0.02deg roll= -0.00deg x=  0.000 y= -0.002 u_rw=    -7.9 u_bx=   0.01 u_by=  -0.02 com_xy= 0.000m
Step 220200: pitch=  0.01deg roll= -0.00deg x=  0.000 y= -0.005 u_rw=    -0.9 u_bx=  -0.01 u_by=  -0.00 com_xy= 0.000m
Step 220300: pitch=  0.00deg roll= -0.00deg x= -0.000 y= -0.006 u_rw=   -15.3 u_bx=  -0.08 u_by=   0.03 com_xy= 0.001m
Step 220400: pitch= -0.04deg roll= -0.00deg x=  0.000 y= -0.005 u_rw=    -9.3 u_bx=  -0.03 u_by=   0.01 com_xy= 0.000m
Step 220500: pitch= -0.03deg roll= -0.00deg x=  0.000 y= -0.003 u_rw=   -15.0 u_bx=  -0.06 u_by=   0.01 com_xy= 0.000m
Step 220600: pitch= -0.02deg roll= -0.00deg x= -0.000 y= -0.003 u_rw=     3.8 u_bx=   0.07 u_by=  -0.02 com_xy= 0.000m
Step 220700: pitch=  0.03deg roll= -0.00deg x=  0.000 y= -0.005 u_rw=     4.4 u_bx=   0.03 u_by=  -0.02 com_xy= 0.001m
Step 220800: pitch= -0.00deg roll= -0.00deg x=  0.000 y= -0.008 u_rw=    -0.4 u_bx=   0.07 u_by=  -0.04 com_xy= 0.001m
Step 220900: pitch= -0.03deg roll= -0.00deg x=  0.000 y= -0.013 u_rw=     2.0 u_bx=  -0.05 u_by=  -0.03 com_xy= 0.000m
Step 221000: pitch= -0.01deg roll= -0.00deg x=  0.000 y= -0.018 u_rw=   -19.0 u_bx=   0.01 u_by=  -0.04 com_xy= 0.000m
Step 221100: pitch=  0.07deg roll= -0.00deg x=  0.000 y= -0.023 u_rw=    -6.7 u_bx=  -0.00 u_by=  -0.04 com_xy= 0.000m
Step 221200: pitch=  0.05deg roll= -0.00deg x=  0.000 y= -0.028 u_rw=     0.5 u_bx=   0.12 u_by=  -0.01 com_xy= 0.000m
Step 221300: pitch=  0.09deg roll= -0.00deg x=  0.000 y= -0.031 u_rw=     3.9 u_bx=   0.13 u_by=  -0.03 com_xy= 0.000m
Step 221400: pitch=  0.04deg roll= -0.00deg x=  0.000 y= -0.035 u_rw=     6.9 u_bx=   0.10 u_by=  -0.02 com_xy= 0.000m
Step 221500: pitch=  0.01deg roll= -0.00deg x=  0.000 y= -0.037 u_rw=     6.6 u_bx=   0.14 u_by=  -0.01 com_xy= 0.000m
Step 221600: pitch=  0.07deg roll= -0.00deg x=  0.000 y= -0.039 u_rw=    17.7 u_bx=   0.19 u_by=  -0.00 com_xy= 0.001m
Step 221700: pitch=  0.01deg roll= -0.00deg x=  0.000 y= -0.040 u_rw=   -12.3 u_bx=   0.03 u_by=  -0.02 com_xy= 0.000m
Step 221800: pitch=  0.02deg roll= -0.00deg x=  0.000 y= -0.043 u_rw=    -9.6 u_bx=   0.06 u_by=  -0.04 com_xy= 0.001m
Step 221900: pitch=  0.10deg roll= -0.00deg x=  0.000 y= -0.048 u_rw=    14.7 u_bx=   0.23 u_by=  -0.01 com_xy= 0.001m
Step 222000: pitch=  0.08deg roll= -0.00deg x=  0.000 y= -0.051 u_rw=    13.0 u_bx=   0.18 u_by=   0.00 com_xy= 0.001m
Step 222100: pitch=  0.13deg roll= -0.00deg x=  0.000 y= -0.053 u_rw=     6.1 u_bx=   0.21 u_by=  -0.05 com_xy= 0.001m
Step 222200: pitch=  0.12deg roll=  0.00deg x=  0.000 y= -0.058 u_rw=    -5.0 u_bx=   0.10 u_by=  -0.07 com_xy= 0.001m
Step 222300: pitch=  0.13deg roll=  0.00deg x=  0.000 y= -0.065 u_rw=    -5.9 u_bx=   0.14 u_by=  -0.04 com_xy= 0.001m
Step 222400: pitch=  0.13deg roll=  0.00deg x=  0.000 y= -0.072 u_rw=    -0.7 u_bx=   0.10 u_by=  -0.05 com_xy= 0.002m
Step 222500: pitch=  0.11deg roll=  0.01deg x=  0.000 y= -0.077 u_rw=    -5.0 u_bx=   0.01 u_by=  -0.02 com_xy= 0.003m
Step 222600: pitch=  0.08deg roll=  0.01deg x=  0.000 y= -0.082 u_rw=   -15.1 u_bx=   0.01 u_by=  -0.02 com_xy= 0.004m
Step 222700: pitch=  0.11deg roll=  0.02deg x=  0.000 y= -0.085 u_rw=     2.4 u_bx=   0.19 u_by=  -0.02 com_xy= 0.006m
Step 222800: pitch=  0.18deg roll=  0.03deg x=  0.000 y= -0.088 u_rw=    11.9 u_bx=   0.26 u_by=  -0.01 com_xy= 0.010m
Step 222900: pitch=  0.11deg roll=  0.04deg x=  0.000 y= -0.091 u_rw=    -5.0 u_bx=   0.10 u_by=  -0.01 com_xy= 0.015m
Step 223000: pitch=  0.14deg roll=  0.07deg x=  0.000 y= -0.093 u_rw=    -2.8 u_bx=   0.25 u_by=  -0.03 com_xy= 0.023m
Step 223100: pitch=  0.22deg roll=  0.10deg x=  0.000 y= -0.097 u_rw=    11.3 u_bx=   0.31 u_by=  -0.03 com_xy= 0.036m
Step 223200: pitch=  0.10deg roll=  0.15deg x=  0.000 y= -0.101 u_rw=    -1.0 u_bx=   0.12 u_by=  -0.04 com_xy= 0.056m
Step 223300: pitch=  0.15deg roll=  0.19deg x=  0.000 y= -0.106 u_rw=   -19.4 u_bx=   0.11 u_by=  -0.04 com_xy= 0.085m
Step 223400: pitch=  0.24deg roll=  0.22deg x=  0.000 y= -0.112 u_rw=    -0.9 u_bx=   0.25 u_by=  -0.06 com_xy= 0.131m

CRASH #88 at step 223440: pitch=0.23deg roll=0.23deg com_xy=0.154m reason=com_overload
Step 223500: pitch=  0.01deg roll= -0.00deg x=  0.000 y= -0.000 u_rw=     8.7 u_bx=   0.02 u_by=   0.00 com_xy= 0.000m
Step 223600: pitch= -0.01deg roll= -0.00deg x= -0.000 y=  0.000 u_rw=     2.0 u_bx=   0.06 u_by=   0.00 com_xy= 0.000m
Step 223700: pitch= -0.04deg roll= -0.00deg x= -0.000 y=  0.001 u_rw=    -4.4 u_bx=  -0.05 u_by=  -0.00 com_xy= 0.000m
Step 223800: pitch=  0.05deg roll= -0.00deg x= -0.000 y=  0.002 u_rw=     1.0 u_bx=   0.07 u_by=  -0.00 com_xy= 0.000m
Step 223900: pitch=  0.03deg roll= -0.00deg x= -0.000 y=  0.002 u_rw=    18.8 u_bx=   0.09 u_by=   0.01 com_xy= 0.001m
Step 224000: pitch=  0.02deg roll= -0.00deg x= -0.000 y=  0.002 u_rw=     2.9 u_bx=  -0.01 u_by=  -0.02 com_xy= 0.000m
Step 224100: pitch= -0.03deg roll= -0.00deg x=  0.000 y= -0.000 u_rw=   -11.0 u_bx=  -0.07 u_by=  -0.02 com_xy= 0.000m
Step 224200: pitch= -0.04deg roll= -0.00deg x=  0.000 y= -0.003 u_rw=    -3.2 u_bx=   0.02 u_by=   0.00 com_xy= 0.001m
Step 224300: pitch= -0.03deg roll= -0.00deg x=  0.000 y= -0.005 u_rw=   -13.2 u_bx=  -0.06 u_by=  -0.01 com_xy= 0.001m
Step 224400: pitch= -0.01deg roll= -0.00deg x= -0.000 y= -0.005 u_rw=    -4.5 u_bx=  -0.04 u_by=  -0.01 com_xy= 0.001m
Step 224500: pitch=  0.00deg roll= -0.00deg x=  0.000 y= -0.006 u_rw=    -6.4 u_bx=   0.02 u_by=  -0.01 com_xy= 0.001m
Step 224600: pitch=  0.03deg roll= -0.00deg x=  0.000 y= -0.008 u_rw=     7.6 u_bx=   0.08 u_by=  -0.01 com_xy= 0.002m
Step 224700: pitch=  0.03deg roll= -0.00deg x=  0.000 y= -0.010 u_rw=     9.8 u_bx=   0.11 u_by=  -0.02 com_xy= 0.003m
Step 224800: pitch=  0.07deg roll= -0.00deg x=  0.000 y= -0.013 u_rw=    11.5 u_bx=   0.10 u_by=  -0.03 com_xy= 0.004m
Step 224900: pitch=  0.08deg roll= -0.00deg x=  0.000 y= -0.017 u_rw=     9.6 u_bx=   0.12 u_by=  -0.03 com_xy= 0.005m
Step 225000: pitch=  0.10deg roll= -0.00deg x=  0.000 y= -0.022 u_rw=     8.0 u_bx=   0.17 u_by=  -0.03 com_xy= 0.008m
Step 225100: pitch=  0.03deg roll= -0.00deg x=  0.000 y= -0.026 u_rw=    -8.9 u_bx=   0.06 u_by=  -0.05 com_xy= 0.013m
Step 225200: pitch= -0.01deg roll= -0.00deg x=  0.000 y= -0.032 u_rw=    -4.5 u_bx=  -0.05 u_by=  -0.02 com_xy= 0.020m
Step 225300: pitch= -0.03deg roll= -0.00deg x=  0.000 y= -0.036 u_rw=   -19.8 u_bx=  -0.05 u_by=  -0.05 com_xy= 0.032m
Step 225400: pitch=  0.00deg roll= -0.00deg x=  0.000 y= -0.041 u_rw=     1.7 u_bx=  -0.04 u_by=  -0.05 com_xy= 0.053m
Step 225500: pitch= -0.13deg roll= -0.00deg x= -0.000 y= -0.046 u_rw=   -12.4 u_bx=  -0.15 u_by=  -0.03 com_xy= 0.085m
Step 225600: pitch= -0.25deg roll= -0.00deg x= -0.000 y= -0.049 u_rw=    -7.5 u_bx=  -0.23 u_by=   0.02 com_xy= 0.136m

CRASH #89 at step 225628: pitch=-0.31deg roll=-0.00deg com_xy=0.154m reason=com_overload
Step 225700: pitch=  0.02deg roll= -0.00deg x= -0.000 y=  0.000 u_rw=     1.2 u_bx=  -0.02 u_by=   0.02 com_xy= 0.000m
Step 225800: pitch=  0.03deg roll= -0.00deg x= -0.000 y=  0.001 u_rw=    11.8 u_bx=   0.04 u_by=   0.02 com_xy= 0.000m
Step 225900: pitch= -0.07deg roll= -0.00deg x= -0.000 y=  0.004 u_rw=   -19.4 u_bx=  -0.15 u_by=   0.02 com_xy= 0.001m
Step 226000: pitch=  0.01deg roll= -0.00deg x= -0.000 y=  0.006 u_rw=    16.0 u_bx=   0.02 u_by=   0.02 com_xy= 0.000m
Step 226100: pitch= -0.04deg roll= -0.00deg x= -0.000 y=  0.009 u_rw=   -12.7 u_bx=  -0.13 u_by=   0.03 com_xy= 0.000m
Step 226200: pitch= -0.02deg roll= -0.00deg x= -0.000 y=  0.012 u_rw=    -8.3 u_bx=  -0.10 u_by=   0.00 com_xy= 0.000m
Step 226300: pitch= -0.03deg roll= -0.00deg x= -0.000 y=  0.014 u_rw=     0.7 u_bx=   0.03 u_by=   0.01 com_xy= 0.000m
Step 226400: pitch= -0.01deg roll= -0.00deg x= -0.000 y=  0.015 u_rw=    14.1 u_bx=   0.03 u_by=   0.03 com_xy= 0.001m
Step 226500: pitch=  0.04deg roll= -0.00deg x= -0.000 y=  0.018 u_rw=     2.8 u_bx=   0.04 u_by=   0.02 com_xy= 0.001m
Step 226600: pitch= -0.01deg roll= -0.00deg x=  0.000 y=  0.021 u_rw=    -6.7 u_bx=  -0.02 u_by=   0.02 com_xy= 0.000m
Step 226700: pitch= -0.00deg roll= -0.00deg x=  0.000 y=  0.024 u_rw=    -5.5 u_bx=  -0.01 u_by=   0.03 com_xy= 0.000m
Step 226800: pitch= -0.01deg roll= -0.00deg x= -0.000 y=  0.027 u_rw=     1.1 u_bx=   0.00 u_by=   0.01 com_xy= 0.000m
Step 226900: pitch=  0.03deg roll= -0.00deg x= -0.000 y=  0.030 u_rw=    11.7 u_bx=  -0.04 u_by=   0.01 com_xy= 0.001m
Step 227000: pitch=  0.00deg roll= -0.00deg x= -0.000 y=  0.032 u_rw=     2.2 u_bx=  -0.03 u_by=   0.04 com_xy= 0.001m
Step 227100: pitch= -0.02deg roll= -0.00deg x= -0.000 y=  0.034 u_rw=   -10.5 u_bx=  -0.09 u_by=   0.00 com_xy= 0.002m
Step 227200: pitch= -0.06deg roll= -0.00deg x= -0.000 y=  0.036 u_rw=    -8.7 u_bx=  -0.11 u_by=   0.00 com_xy= 0.003m
Step 227300: pitch=  0.04deg roll= -0.00deg x= -0.000 y=  0.038 u_rw=     1.0 u_bx=   0.05 u_by=   0.03 com_xy= 0.003m
Step 227400: pitch=  0.03deg roll= -0.00deg x= -0.000 y=  0.041 u_rw=    16.8 u_bx=   0.08 u_by=   0.02 com_xy= 0.004m
Step 227500: pitch= -0.02deg roll= -0.00deg x= -0.000 y=  0.043 u_rw=    -5.8 u_bx=  -0.06 u_by=  -0.01 com_xy= 0.007m
Step 227600: pitch=  0.01deg roll= -0.00deg x= -0.000 y=  0.044 u_rw=    20.1 u_bx=   0.09 u_by=   0.02 com_xy= 0.010m
Step 227700: pitch= -0.09deg roll= -0.00deg x= -0.000 y=  0.046 u_rw=    -0.2 u_bx=  -0.09 u_by=   0.02 com_xy= 0.018m
Step 227800: pitch= -0.00deg roll= -0.00deg x= -0.000 y=  0.048 u_rw=     5.6 u_bx=   0.02 u_by=   0.01 com_xy= 0.029m
Step 227900: pitch=  0.00deg roll= -0.00deg x=  0.000 y=  0.049 u_rw=     4.7 u_bx=  -0.00 u_by=  -0.01 com_xy= 0.046m
Step 228000: pitch=  0.13deg roll= -0.00deg x= -0.000 y=  0.049 u_rw=    13.0 u_bx=   0.08 u_by=   0.01 com_xy= 0.075m
Step 228100: pitch=  0.23deg roll= -0.00deg x=  0.000 y=  0.050 u_rw=    14.2 u_bx=   0.14 u_by=  -0.03 com_xy= 0.121m

CRASH #90 at step 228153: pitch=0.27deg roll=-0.00deg com_xy=0.154m reason=com_overload
Step 228200: pitch= -0.00deg roll= -0.00deg x= -0.000 y=  0.000 u_rw=    -5.2 u_bx=  -0.02 u_by=   0.01 com_xy= 0.000m
Step 228300: pitch=  0.04deg roll= -0.00deg x= -0.000 y=  0.001 u_rw=     7.2 u_bx=   0.02 u_by=   0.01 com_xy= 0.000m
Step 228400: pitch= -0.01deg roll= -0.00deg x=  0.000 y=  0.001 u_rw=     0.1 u_bx=  -0.07 u_by=  -0.01 com_xy= 0.000m
Step 228500: pitch= -0.00deg roll= -0.00deg x= -0.000 y= -0.001 u_rw=   -15.5 u_bx=  -0.11 u_by=  -0.04 com_xy= 0.000m
Step 228600: pitch=  0.07deg roll= -0.00deg x= -0.000 y= -0.004 u_rw=    10.7 u_bx=   0.04 u_by=  -0.02 com_xy= 0.000m
Step 228700: pitch=  0.04deg roll= -0.00deg x= -0.000 y= -0.006 u_rw=    11.8 u_bx=   0.02 u_by=  -0.01 com_xy= 0.000m
Step 228800: pitch=  0.04deg roll= -0.00deg x= -0.000 y= -0.007 u_rw=    12.6 u_bx=   0.07 u_by=   0.00 com_xy= 0.000m
Step 228900: pitch=  0.04deg roll= -0.00deg x= -0.000 y= -0.008 u_rw=    11.8 u_bx=   0.05 u_by=  -0.00 com_xy= 0.001m
Step 229000: pitch=  0.03deg roll= -0.00deg x=  0.000 y= -0.009 u_rw=     5.9 u_bx=   0.06 u_by=  -0.01 com_xy= 0.001m
Step 229100: pitch= -0.01deg roll= -0.00deg x= -0.000 y= -0.010 u_rw=    10.0 u_bx=   0.04 u_by=   0.01 com_xy= 0.001m
Step 229200: pitch= -0.05deg roll= -0.00deg x= -0.000 y= -0.010 u_rw=     1.4 u_bx=   0.02 u_by=   0.01 com_xy= 0.001m
Step 229300: pitch= -0.05deg roll= -0.00deg x= -0.000 y= -0.009 u_rw=    10.5 u_bx=   0.01 u_by=   0.01 com_xy= 0.001m
Step 229400: pitch= -0.05deg roll= -0.00deg x= -0.000 y= -0.008 u_rw=    10.6 u_bx=   0.05 u_by=  -0.00 com_xy= 0.001m
Step 229500: pitch= -0.01deg roll= -0.00deg x= -0.000 y= -0.007 u_rw=     1.1 u_bx=   0.00 u_by=  -0.00 com_xy= 0.002m
Step 229600: pitch= -0.11deg roll= -0.00deg x=  0.000 y= -0.007 u_rw=    -4.7 u_bx=  -0.09 u_by=  -0.00 com_xy= 0.002m
Step 229700: pitch= -0.04deg roll= -0.00deg x= -0.000 y= -0.006 u_rw=    11.3 u_bx=   0.03 u_by=   0.00 com_xy= 0.003m
Step 229800: pitch= -0.06deg roll= -0.00deg x= -0.000 y= -0.005 u_rw=     5.4 u_bx=  -0.03 u_by=   0.01 com_xy= 0.004m
Step 229900: pitch= -0.08deg roll= -0.00deg x= -0.000 y= -0.002 u_rw=    -3.2 u_bx=  -0.06 u_by=   0.00 com_xy= 0.006m
Step 230000: pitch= -0.09deg roll= -0.00deg x= -0.000 y=  0.000 u_rw=    -4.6 u_bx=  -0.14 u_by=   0.04 com_xy= 0.010m
Step 230100: pitch= -0.15deg roll=  0.00deg x= -0.000 y=  0.005 u_rw=   -11.0 u_bx=  -0.24 u_by=   0.05 com_xy= 0.016m
Step 230200: pitch= -0.12deg roll=  0.00deg x= -0.000 y=  0.011 u_rw=    -7.0 u_bx=  -0.17 u_by=   0.04 com_xy= 0.026m
Step 230300: pitch= -0.01deg roll=  0.00deg x= -0.000 y=  0.016 u_rw=     7.9 u_bx=   0.00 u_by=   0.02 com_xy= 0.042m
Step 230400: pitch= -0.00deg roll=  0.00deg x= -0.000 y=  0.020 u_rw=   -13.5 u_bx=  -0.07 u_by=   0.01 com_xy= 0.068m
Step 230500: pitch=  0.09deg roll=  0.01deg x=  0.000 y=  0.023 u_rw=   -15.4 u_bx=   0.04 u_by=  -0.03 com_xy= 0.109m

CRASH #91 at step 230577: pitch=0.19deg roll=0.01deg com_xy=0.155m reason=com_overload
Step 230600: pitch= -0.00deg roll= -0.00deg x=  0.000 y= -0.000 u_rw=    -2.9 u_bx=   0.01 u_by=  -0.02 com_xy= 0.000m
Step 230700: pitch= -0.06deg roll= -0.00deg x=  0.000 y= -0.001 u_rw=    -0.8 u_bx=   0.01 u_by=  -0.02 com_xy= 0.000m
Step 230800: pitch=  0.04deg roll= -0.00deg x= -0.000 y= -0.003 u_rw=     5.1 u_bx=   0.03 u_by=  -0.01 com_xy= 0.000m
Step 230900: pitch=  0.01deg roll= -0.00deg x=  0.000 y= -0.005 u_rw=   -10.2 u_bx=  -0.00 u_by=  -0.02 com_xy= 0.000m
Step 231000: pitch=  0.01deg roll= -0.00deg x=  0.000 y= -0.007 u_rw=     9.8 u_bx=   0.06 u_by=   0.00 com_xy= 0.000m
Step 231100: pitch=  0.01deg roll= -0.00deg x= -0.000 y= -0.007 u_rw=    -7.7 u_bx=  -0.06 u_by=   0.03 com_xy= 0.000m
Step 231200: pitch=  0.01deg roll= -0.00deg x= -0.000 y= -0.005 u_rw=     8.8 u_bx=   0.05 u_by=   0.03 com_xy= 0.000m
Step 231300: pitch= -0.02deg roll= -0.00deg x=  0.000 y= -0.001 u_rw=     9.0 u_bx=   0.06 u_by=   0.01 com_xy= 0.000m
Step 231400: pitch= -0.00deg roll= -0.00deg x=  0.000 y=  0.001 u_rw=    -8.4 u_bx=  -0.09 u_by=   0.01 com_xy= 0.000m
Step 231500: pitch= -0.05deg roll= -0.00deg x= -0.000 y=  0.002 u_rw=    -4.0 u_bx=  -0.02 u_by=   0.01 com_xy= 0.000m
Step 231600: pitch=  0.03deg roll= -0.00deg x= -0.000 y=  0.004 u_rw=    -0.6 u_bx=   0.01 u_by=   0.02 com_xy= 0.000m
Step 231700: pitch=  0.06deg roll= -0.00deg x= -0.000 y=  0.007 u_rw=    18.3 u_bx=   0.13 u_by=  -0.01 com_xy= 0.001m
Step 231800: pitch= -0.05deg roll= -0.00deg x= -0.000 y=  0.007 u_rw=     0.2 u_bx=  -0.05 u_by=   0.01 com_xy= 0.000m
Step 231900: pitch= -0.08deg roll= -0.00deg x= -0.000 y=  0.007 u_rw=   -13.4 u_bx=  -0.16 u_by=   0.00 com_xy= 0.000m
Step 232000: pitch= -0.01deg roll= -0.00deg x= -0.000 y=  0.007 u_rw=   -16.5 u_bx=  -0.16 u_by=  -0.01 com_xy= 0.001m
Step 232100: pitch=  0.06deg roll= -0.00deg x=  0.000 y=  0.007 u_rw=    -1.0 u_bx=  -0.03 u_by=   0.02 com_xy= 0.001m
Step 232200: pitch=  0.09deg roll= -0.00deg x=  0.000 y=  0.008 u_rw=     9.2 u_bx=   0.09 u_by=   0.01 com_xy= 0.002m
Step 232300: pitch=  0.01deg roll= -0.00deg x= -0.000 y=  0.010 u_rw=    -4.4 u_bx=   0.02 u_by=   0.02 com_xy= 0.002m
Step 232400: pitch=  0.09deg roll=  0.00deg x=  0.000 y=  0.012 u_rw=    -0.2 u_bx=   0.04 u_by=   0.00 com_xy= 0.003m
Step 232500: pitch=  0.02deg roll=  0.00deg x=  0.000 y=  0.014 u_rw=     2.2 u_bx=   0.03 u_by=  -0.01 com_xy= 0.004m
Step 232600: pitch=  0.05deg roll=  0.00deg x=  0.000 y=  0.013 u_rw=   -12.0 u_bx=  -0.02 u_by=  -0.02 com_xy= 0.006m
Step 232700: pitch=  0.06deg roll=  0.01deg x=  0.000 y=  0.011 u_rw=     6.5 u_bx=   0.22 u_by=  -0.02 com_xy= 0.010m
Step 232800: pitch=  0.01deg roll=  0.01deg x=  0.000 y=  0.008 u_rw=    -5.9 u_bx=   0.07 u_by=  -0.06 com_xy= 0.015m
Step 232900: pitch=  0.06deg roll=  0.02deg x=  0.000 y=  0.002 u_rw=    -4.1 u_bx=   0.04 u_by=  -0.05 com_xy= 0.024m
Step 233000: pitch= -0.02deg roll=  0.03deg x=  0.000 y= -0.004 u_rw=    -0.2 u_bx=   0.11 u_by=  -0.04 com_xy= 0.039m
Step 233100: pitch= -0.09deg roll=  0.05deg x=  0.000 y= -0.010 u_rw=    -9.0 u_bx=  -0.11 u_by=  -0.05 com_xy= 0.063m
Step 233200: pitch= -0.12deg roll=  0.09deg x= -0.000 y= -0.015 u_rw=    12.2 u_bx=  -0.09 u_by=  -0.01 com_xy= 0.101m

CRASH #92 at step 233293: pitch=-0.21deg roll=0.13deg com_xy=0.155m reason=com_overload
Step 233300: pitch=  0.00deg roll= -0.00deg x=  0.000 y= -0.000 u_rw=    -0.5 u_bx=   0.00 u_by=  -0.00 com_xy= 0.000m
Step 233400: pitch= -0.04deg roll= -0.00deg x=  0.000 y= -0.002 u_rw=    -5.9 u_bx=  -0.03 u_by=  -0.03 com_xy= 0.000m
Step 233500: pitch= -0.01deg roll= -0.00deg x= -0.000 y= -0.005 u_rw=     8.2 u_bx=  -0.02 u_by=   0.01 com_xy= 0.000m
Step 233600: pitch= -0.06deg roll= -0.00deg x= -0.000 y= -0.005 u_rw=     0.8 u_bx=  -0.18 u_by=   0.03 com_xy= 0.000m
Step 233700: pitch= -0.06deg roll= -0.00deg x= -0.000 y= -0.003 u_rw=   -19.5 u_bx=  -0.17 u_by=   0.02 com_xy= 0.001m
Step 233800: pitch= -0.03deg roll= -0.00deg x= -0.000 y= -0.001 u_rw=   -16.4 u_bx=  -0.14 u_by=  -0.02 com_xy= 0.001m
Step 233900: pitch=  0.07deg roll= -0.00deg x= -0.000 y= -0.001 u_rw=     2.3 u_bx=   0.11 u_by=   0.01 com_xy= 0.000m
Step 234000: pitch= -0.03deg roll= -0.00deg x= -0.000 y= -0.001 u_rw=     6.7 u_bx=   0.06 u_by=   0.01 com_xy= 0.000m
Step 234100: pitch= -0.06deg roll= -0.00deg x=  0.000 y=  0.001 u_rw=   -17.0 u_bx=  -0.06 u_by=  -0.00 com_xy= 0.000m
Step 234200: pitch=  0.04deg roll= -0.00deg x= -0.000 y=  0.002 u_rw=     1.5 u_bx=   0.02 u_by=  -0.03 com_xy= 0.000m
Step 234300: pitch=  0.01deg roll= -0.00deg x=  0.000 y=  0.001 u_rw=    -7.8 u_bx=  -0.03 u_by=  -0.02 com_xy= 0.000m
Step 234400: pitch= -0.01deg roll= -0.00deg x=  0.000 y= -0.001 u_rw=     5.8 u_bx=   0.06 u_by=  -0.02 com_xy= 0.000m
Step 234500: pitch= -0.07deg roll= -0.00deg x=  0.000 y= -0.003 u_rw=    -6.8 u_bx=  -0.07 u_by=  -0.03 com_xy= 0.001m
Step 234600: pitch=  0.05deg roll= -0.00deg x=  0.000 y= -0.006 u_rw=     7.3 u_bx=   0.09 u_by=   0.01 com_xy= 0.000m
Step 234700: pitch=  0.03deg roll= -0.00deg x= -0.000 y= -0.006 u_rw=     7.2 u_bx=  -0.00 u_by=   0.02 com_xy= 0.000m
Step 234800: pitch= -0.07deg roll= -0.00deg x=  0.000 y= -0.003 u_rw=    -2.6 u_bx=  -0.09 u_by=   0.03 com_xy= 0.000m
Step 234900: pitch= -0.05deg roll= -0.00deg x= -0.000 y= -0.000 u_rw=   -19.1 u_bx=  -0.11 u_by=   0.02 com_xy= 0.000m
Step 235000: pitch=  0.05deg roll= -0.00deg x=  0.000 y=  0.002 u_rw=     0.8 u_bx=   0.05 u_by=  -0.00 com_xy= 0.001m
Step 235100: pitch=  0.02deg roll= -0.00deg x=  0.000 y=  0.003 u_rw=    15.2 u_bx=   0.13 u_by=   0.00 com_xy= 0.001m
Step 235200: pitch= -0.03deg roll= -0.00deg x= -0.000 y=  0.003 u_rw=     0.9 u_bx=   0.01 u_by=   0.01 com_xy= 0.001m
Step 235300: pitch= -0.01deg roll= -0.01deg x=  0.000 y=  0.005 u_rw=   -14.1 u_bx=  -0.06 u_by=   0.01 com_xy= 0.002m
Step 235400: pitch=  0.00deg roll= -0.01deg x=  0.000 y=  0.007 u_rw=    -4.8 u_bx=  -0.02 u_by=  -0.00 com_xy= 0.003m
Step 235500: pitch= -0.00deg roll= -0.01deg x=  0.000 y=  0.007 u_rw=    -6.9 u_bx=  -0.01 u_by=  -0.03 com_xy= 0.004m
Step 235600: pitch=  0.01deg roll= -0.02deg x=  0.000 y=  0.005 u_rw=     5.1 u_bx=   0.09 u_by=  -0.04 com_xy= 0.006m
Step 235700: pitch=  0.08deg roll= -0.03deg x=  0.000 y=  0.002 u_rw=     7.1 u_bx=   0.10 u_by=  -0.01 com_xy= 0.010m
Step 235800: pitch=  0.07deg roll= -0.05deg x=  0.000 y= -0.000 u_rw=     5.2 u_bx=   0.07 u_by=   0.01 com_xy= 0.015m
Step 235900: pitch=  0.07deg roll= -0.07deg x=  0.000 y= -0.001 u_rw=    10.4 u_bx=   0.16 u_by=  -0.00 com_xy= 0.023m
Step 236000: pitch=  0.09deg roll= -0.11deg x=  0.000 y= -0.001 u_rw=     6.1 u_bx=   0.10 u_by=   0.02 com_xy= 0.036m
Step 236100: pitch=  0.02deg roll= -0.16deg x=  0.000 y=  0.001 u_rw=   -16.2 u_bx=  -0.03 u_by=   0.02 com_xy= 0.055m
Step 236200: pitch=  0.05deg roll= -0.20deg x=  0.000 y=  0.003 u_rw=     2.9 u_bx=   0.10 u_by=   0.04 com_xy= 0.085m
Step 236300: pitch=  0.06deg roll= -0.23deg x=  0.000 y=  0.007 u_rw=    10.7 u_bx=   0.08 u_by=   0.07 com_xy= 0.130m

CRASH #93 at step 236341: pitch=0.04deg roll=-0.25deg com_xy=0.154m reason=com_overload
Step 236400: pitch=  0.03deg roll= -0.00deg x=  0.000 y= -0.000 u_rw=    -1.9 u_bx=  -0.03 u_by=   0.00 com_xy= 0.000m
Step 236500: pitch=  0.01deg roll= -0.00deg x= -0.000 y= -0.000 u_rw=   -11.8 u_bx=  -0.06 u_by=   0.00 com_xy= 0.000m
Step 236600: pitch= -0.04deg roll= -0.00deg x= -0.000 y=  0.001 u_rw=    -6.2 u_bx=  -0.04 u_by=   0.02 com_xy= 0.000m
Step 236700: pitch= -0.01deg roll= -0.00deg x=  0.000 y=  0.003 u_rw=    -3.3 u_bx=   0.02 u_by=   0.00 com_xy= 0.000m
Step 236800: pitch= -0.01deg roll= -0.00deg x=  0.000 y=  0.004 u_rw=   -12.9 u_bx=  -0.05 u_by=  -0.03 com_xy= 0.001m
Step 236900: pitch=  0.07deg roll= -0.00deg x=  0.000 y=  0.002 u_rw=     0.1 u_bx=   0.11 u_by=  -0.01 com_xy= 0.000m
Step 237000: pitch= -0.04deg roll= -0.00deg x=  0.000 y=  0.000 u_rw=    -6.6 u_bx=  -0.00 u_by=  -0.01 com_xy= 0.001m
Step 237100: pitch= -0.01deg roll= -0.00deg x= -0.000 y= -0.000 u_rw=     3.6 u_bx=   0.02 u_by=   0.02 com_xy= 0.002m
Step 237200: pitch=  0.03deg roll= -0.00deg x=  0.000 y=  0.000 u_rw=     5.0 u_bx=   0.07 u_by=   0.00 com_xy= 0.002m
Step 237300: pitch= -0.01deg roll= -0.00deg x= -0.000 y=  0.000 u_rw=     2.8 u_bx=  -0.04 u_by=  -0.01 com_xy= 0.004m
Step 237400: pitch= -0.03deg roll= -0.00deg x= -0.000 y= -0.001 u_rw=    10.1 u_bx=  -0.02 u_by=  -0.00 com_xy= 0.005m
Step 237500: pitch= -0.02deg roll= -0.00deg x= -0.000 y= -0.001 u_rw=    15.6 u_bx=  -0.00 u_by=   0.00 com_xy= 0.008m
Step 237600: pitch= -0.02deg roll= -0.00deg x= -0.000 y= -0.001 u_rw=    -8.0 u_bx=  -0.13 u_by=   0.00 com_xy= 0.014m
Step 237700: pitch=  0.03deg roll= -0.00deg x= -0.000 y=  0.001 u_rw=    14.6 u_bx=   0.05 u_by=   0.01 com_xy= 0.022m
Step 237800: pitch= -0.03deg roll= -0.00deg x= -0.000 y=  0.002 u_rw=    -3.3 u_bx=  -0.01 u_by=   0.02 com_xy= 0.036m
Step 237900: pitch=  0.06deg roll= -0.00deg x=  0.000 y=  0.002 u_rw=    -9.9 u_bx=  -0.01 u_by=  -0.00 com_xy= 0.058m
Step 238000: pitch=  0.18deg roll= -0.00deg x=  0.000 y=  0.002 u_rw=    18.8 u_bx=   0.23 u_by=  -0.01 com_xy= 0.093m
Step 238100: pitch=  0.21deg roll= -0.00deg x=  0.000 y=  0.000 u_rw=   -17.1 u_bx=   0.13 u_by=  -0.03 com_xy= 0.149m

CRASH #94 at step 238109: pitch=0.32deg roll=-0.00deg com_xy=0.155m reason=com_overload
Step 238200: pitch=  0.03deg roll= -0.00deg x=  0.000 y= -0.001 u_rw=     7.3 u_bx=   0.03 u_by=  -0.00 com_xy= 0.000m
Step 238300: pitch=  0.02deg roll= -0.00deg x=  0.000 y= -0.002 u_rw=     8.6 u_bx=   0.06 u_by=  -0.01 com_xy= 0.000m
Step 238400: pitch=  0.05deg roll= -0.00deg x=  0.000 y= -0.004 u_rw=     3.9 u_bx=   0.05 u_by=  -0.00 com_xy= 0.000m
Step 238500: pitch=  0.02deg roll= -0.00deg x=  0.000 y= -0.004 u_rw=     8.2 u_bx=   0.02 u_by=  -0.00 com_xy= 0.000m
Step 238600: pitch=  0.02deg roll= -0.00deg x= -0.000 y= -0.004 u_rw=     7.8 u_bx=   0.04 u_by=  -0.00 com_xy= 0.000m
Step 238700: pitch=  0.03deg roll= -0.00deg x= -0.000 y= -0.004 u_rw=    11.8 u_bx=   0.01 u_by=   0.02 com_xy= 0.000m
Step 238800: pitch=  0.03deg roll= -0.00deg x= -0.000 y= -0.003 u_rw=     0.7 u_bx=   0.00 u_by=   0.00 com_xy= 0.000m
Step 238900: pitch=  0.00deg roll= -0.00deg x= -0.000 y= -0.003 u_rw=    -5.1 u_bx=  -0.03 u_by=   0.00 com_xy= 0.000m
Step 239000: pitch=  0.04deg roll= -0.00deg x=  0.000 y= -0.003 u_rw=     6.6 u_bx=   0.04 u_by=  -0.01 com_xy= 0.000m
Step 239100: pitch=  0.03deg roll= -0.00deg x=  0.000 y= -0.004 u_rw=    -4.9 u_bx=  -0.03 u_by=  -0.01 com_xy= 0.000m
Step 239200: pitch= -0.01deg roll= -0.00deg x=  0.000 y= -0.006 u_rw=   -15.9 u_bx=  -0.01 u_by=   0.01 com_xy= 0.000m
Step 239300: pitch=  0.07deg roll= -0.00deg x=  0.000 y= -0.005 u_rw=    -0.2 u_bx=   0.07 u_by=  -0.01 com_xy= 0.000m
Step 239400: pitch= -0.01deg roll= -0.00deg x=  0.000 y= -0.004 u_rw=   -12.9 u_bx=  -0.03 u_by=  -0.00 com_xy= 0.001m
Step 239500: pitch= -0.04deg roll= -0.00deg x=  0.000 y= -0.003 u_rw=    -3.4 u_bx=  -0.09 u_by=   0.00 com_xy= 0.001m
Step 239600: pitch= -0.03deg roll= -0.00deg x= -0.000 y= -0.002 u_rw=    -6.0 u_bx=  -0.05 u_by=  -0.00 com_xy= 0.000m
Step 239700: pitch= -0.02deg roll= -0.00deg x= -0.000 y= -0.002 u_rw=    -3.3 u_bx=  -0.01 u_by=  -0.00 com_xy= 0.000m
Step 239800: pitch=  0.06deg roll= -0.00deg x=  0.000 y= -0.004 u_rw=    12.8 u_bx=   0.10 u_by=  -0.03 com_xy= 0.001m
Step 239900: pitch=  0.05deg roll= -0.00deg x= -0.000 y= -0.007 u_rw=    10.9 u_bx=   0.05 u_by=  -0.01 com_xy= 0.001m
Step 240000: pitch=  0.02deg roll= -0.01deg x=  0.000 y= -0.010 u_rw=     6.0 u_bx=   0.07 u_by=  -0.03 com_xy= 0.002m
Step 240100: pitch= -0.00deg roll= -0.01deg x=  0.000 y= -0.013 u_rw=    -7.8 u_bx=  -0.01 u_by=  -0.02 com_xy= 0.002m
Step 240200: pitch=  0.04deg roll= -0.01deg x=  0.000 y= -0.017 u_rw=    15.5 u_bx=   0.20 u_by=  -0.03 com_xy= 0.004m
Step 240300: pitch=  0.06deg roll= -0.02deg x=  0.000 y= -0.021 u_rw=     6.1 u_bx=   0.09 u_by=  -0.01 com_xy= 0.006m
Step 240400: pitch=  0.04deg roll= -0.03deg x=  0.000 y= -0.024 u_rw=    -0.3 u_bx=   0.02 u_by=  -0.01 com_xy= 0.009m
Step 240500: pitch=  0.01deg roll= -0.05deg x=  0.000 y= -0.024 u_rw=    -7.0 u_bx=  -0.03 u_by=  -0.01 com_xy= 0.014m
Step 240600: pitch= -0.01deg roll= -0.07deg x=  0.000 y= -0.025 u_rw=   -11.7 u_bx=  -0.07 u_by=   0.02 com_xy= 0.021m
Step 240700: pitch=  0.03deg roll= -0.11deg x=  0.000 y= -0.023 u_rw=    16.5 u_bx=   0.11 u_by=   0.01 com_xy= 0.033m
Step 240800: pitch= -0.04deg roll= -0.15deg x= -0.000 y= -0.020 u_rw=     1.5 u_bx=  -0.03 u_by=   0.07 com_xy= 0.051m
Step 240900: pitch= -0.07deg roll= -0.19deg x=  0.000 y= -0.013 u_rw=    -1.1 u_bx=  -0.07 u_by=   0.06 com_xy= 0.078m
Step 241000: pitch= -0.05deg roll= -0.22deg x= -0.000 y= -0.004 u_rw=   -19.4 u_bx=  -0.18 u_by=   0.09 com_xy= 0.120m

CRASH #95 at step 241060: pitch=-0.06deg roll=-0.24deg com_xy=0.154m reason=com_overload
Step 241100: pitch=  0.01deg roll= -0.00deg x= -0.000 y=  0.000 u_rw=     4.6 u_bx=   0.01 u_by=   0.00 com_xy= 0.000m
Step 241200: pitch= -0.04deg roll= -0.00deg x= -0.000 y=  0.001 u_rw=    -6.9 u_bx=  -0.09 u_by=   0.02 com_xy= 0.000m
Step 241300: pitch= -0.02deg roll= -0.00deg x= -0.000 y=  0.003 u_rw=    -5.0 u_bx=  -0.03 u_by=   0.00 com_xy= 0.000m
Step 241400: pitch= -0.04deg roll= -0.00deg x=  0.000 y=  0.003 u_rw=    -5.8 u_bx=  -0.05 u_by=  -0.01 com_xy= 0.000m
Step 241500: pitch=  0.04deg roll= -0.00deg x= -0.000 y=  0.002 u_rw=     3.7 u_bx=   0.09 u_by=  -0.01 com_xy= 0.000m
Step 241600: pitch= -0.06deg roll= -0.00deg x=  0.000 y=  0.001 u_rw=    -4.2 u_bx=  -0.04 u_by=  -0.02 com_xy= 0.000m
Step 241700: pitch= -0.06deg roll= -0.00deg x=  0.000 y= -0.002 u_rw=    -5.0 u_bx=  -0.03 u_by=  -0.01 com_xy= 0.000m
Step 241800: pitch=  0.01deg roll= -0.00deg x= -0.000 y= -0.005 u_rw=    14.6 u_bx=   0.14 u_by=  -0.01 com_xy= 0.001m
Step 241900: pitch= -0.09deg roll= -0.00deg x=  0.000 y= -0.007 u_rw=     2.4 u_bx=  -0.11 u_by=   0.01 com_xy= 0.001m
Step 242000: pitch= -0.03deg roll= -0.00deg x=  0.000 y= -0.007 u_rw=   -19.1 u_bx=  -0.06 u_by=  -0.00 com_xy= 0.001m
Step 242100: pitch=  0.04deg roll= -0.00deg x=  0.000 y= -0.008 u_rw=   -14.1 u_bx=  -0.01 u_by=  -0.01 com_xy= 0.001m
Step 242200: pitch=  0.07deg roll= -0.00deg x=  0.000 y= -0.010 u_rw=    -1.4 u_bx=   0.00 u_by=  -0.02 com_xy= 0.002m
Step 242300: pitch=  0.08deg roll= -0.00deg x=  0.000 y= -0.013 u_rw=    17.4 u_bx=   0.15 u_by=  -0.01 com_xy= 0.004m
Step 242400: pitch=  0.06deg roll= -0.00deg x=  0.000 y= -0.016 u_rw=    -3.9 u_bx=   0.04 u_by=  -0.02 com_xy= 0.005m
Step 242500: pitch=  0.03deg roll= -0.00deg x=  0.000 y= -0.017 u_rw=   -11.0 u_bx=  -0.01 u_by=  -0.02 com_xy= 0.008m
Step 242600: pitch=  0.08deg roll= -0.00deg x=  0.000 y= -0.019 u_rw=    17.2 u_bx=   0.17 u_by=   0.01 com_xy= 0.013m
Step 242700: pitch=  0.04deg roll= -0.00deg x=  0.000 y= -0.019 u_rw=    -9.9 u_bx=  -0.05 u_by=   0.03 com_xy= 0.020m
Step 242800: pitch= -0.03deg roll= -0.00deg x=  0.000 y= -0.017 u_rw=    -8.5 u_bx=   0.00 u_by=   0.03 com_xy= 0.033m
Step 242900: pitch= -0.05deg roll= -0.00deg x=  0.000 y= -0.014 u_rw=     2.4 u_bx=   0.07 u_by=   0.02 com_xy= 0.053m
Step 243000: pitch= -0.09deg roll= -0.00deg x= -0.000 y= -0.011 u_rw=    12.3 u_bx=  -0.06 u_by=   0.02 com_xy= 0.086m
Step 243100: pitch= -0.18deg roll= -0.00deg x= -0.000 y= -0.007 u_rw=     2.8 u_bx=  -0.16 u_by=   0.05 com_xy= 0.137m

CRASH #96 at step 243127: pitch=-0.22deg roll=-0.00deg com_xy=0.155m reason=com_overload
Step 243200: pitch=  0.00deg roll= -0.00deg x=  0.000 y=  0.000 u_rw=     4.7 u_bx=   0.11 u_by=  -0.01 com_xy= 0.000m
Step 243300: pitch= -0.04deg roll= -0.00deg x=  0.000 y= -0.001 u_rw=    -4.5 u_bx=   0.04 u_by=  -0.02 com_xy= 0.000m
Step 243400: pitch=  0.01deg roll= -0.00deg x=  0.000 y= -0.003 u_rw=     4.1 u_bx=   0.07 u_by=  -0.03 com_xy= 0.000m
Step 243500: pitch= -0.02deg roll= -0.00deg x=  0.000 y= -0.005 u_rw=   -20.2 u_bx=  -0.09 u_by=  -0.03 com_xy= 0.000m
Step 243600: pitch=  0.06deg roll= -0.00deg x=  0.000 y= -0.007 u_rw=    -4.7 u_bx=   0.03 u_by=  -0.01 com_xy= 0.000m
Step 243700: pitch=  0.08deg roll= -0.00deg x=  0.000 y= -0.008 u_rw=    10.5 u_bx=   0.15 u_by=  -0.02 com_xy= 0.000m
Step 243800: pitch=  0.05deg roll= -0.00deg x=  0.000 y= -0.010 u_rw=    -7.1 u_bx=   0.03 u_by=   0.00 com_xy= 0.001m
Step 243900: pitch=  0.03deg roll= -0.00deg x=  0.000 y= -0.010 u_rw=    12.0 u_bx=   0.09 u_by=  -0.00 com_xy= 0.001m
Step 244000: pitch= -0.04deg roll= -0.00deg x= -0.000 y= -0.010 u_rw=   -18.7 u_bx=  -0.13 u_by=  -0.01 com_xy= 0.003m
Step 244100: pitch= -0.01deg roll= -0.00deg x= -0.000 y= -0.011 u_rw=   -13.9 u_bx=  -0.15 u_by=   0.01 com_xy= 0.004m
Step 244200: pitch=  0.02deg roll= -0.00deg x= -0.000 y= -0.010 u_rw=    -0.7 u_bx=  -0.11 u_by=   0.02 com_xy= 0.005m
Step 244300: pitch= -0.03deg roll= -0.00deg x= -0.000 y= -0.007 u_rw=     2.5 u_bx=  -0.04 u_by=   0.04 com_xy= 0.007m
Step 244400: pitch=  0.07deg roll= -0.00deg x= -0.000 y= -0.002 u_rw=     9.4 u_bx=   0.09 u_by=   0.00 com_xy= 0.011m
Step 244500: pitch= -0.03deg roll= -0.00deg x= -0.000 y=  0.000 u_rw=    -1.9 u_bx=  -0.02 u_by=   0.02 com_xy= 0.019m
Step 244600: pitch= -0.03deg roll= -0.00deg x=  0.000 y=  0.002 u_rw=    -7.8 u_bx=  -0.04 u_by=  -0.00 com_xy= 0.030m
Step 244700: pitch=  0.05deg roll= -0.00deg x=  0.000 y=  0.001 u_rw=   -16.5 u_bx=  -0.02 u_by=  -0.04 com_xy= 0.049m
Step 244800: pitch=  0.20deg roll= -0.00deg x=  0.000 y= -0.002 u_rw=     7.1 u_bx=   0.25 u_by=  -0.06 com_xy= 0.079m
Step 244900: pitch=  0.27deg roll= -0.00deg x=  0.000 y= -0.008 u_rw=    16.5 u_bx=   0.38 u_by=  -0.07 com_xy= 0.126m

CRASH #97 at step 244945: pitch=0.32deg roll=-0.00deg com_xy=0.155m reason=com_overload
Step 245000: pitch=  0.00deg roll= -0.00deg x=  0.000 y= -0.000 u_rw=     5.4 u_bx=   0.02 u_by=  -0.01 com_xy= 0.000m
Step 245100: pitch= -0.05deg roll= -0.00deg x= -0.000 y= -0.001 u_rw=    -4.4 u_bx=  -0.01 u_by=  -0.02 com_xy= 0.000m
Step 245200: pitch= -0.03deg roll= -0.00deg x=  0.000 y= -0.003 u_rw=     1.1 u_bx=  -0.03 u_by=   0.00 com_xy= 0.000m
Step 245300: pitch=  0.03deg roll= -0.00deg x= -0.000 y= -0.004 u_rw=     2.7 u_bx=   0.01 u_by=  -0.02 com_xy= 0.000m
Step 245400: pitch= -0.03deg roll= -0.00deg x=  0.000 y= -0.007 u_rw=    -0.6 u_bx=   0.02 u_by=   0.00 com_xy= 0.000m
Step 245500: pitch= -0.05deg roll= -0.00deg x=  0.000 y= -0.007 u_rw=   -22.4 u_bx=  -0.07 u_by=   0.01 com_xy= 0.001m
Step 245600: pitch=  0.05deg roll= -0.00deg x=  0.000 y= -0.007 u_rw=    -0.8 u_bx=  -0.06 u_by=   0.01 com_xy= 0.001m
Step 245700: pitch=  0.10deg roll= -0.00deg x= -0.000 y= -0.005 u_rw=    12.5 u_bx=   0.09 u_by=   0.03 com_xy= 0.000m
Step 245800: pitch=  0.03deg roll= -0.00deg x= -0.000 y= -0.001 u_rw=    14.5 u_bx=   0.07 u_by=   0.03 com_xy= 0.001m
Step 245900: pitch= -0.00deg roll= -0.00deg x= -0.000 y=  0.004 u_rw=     1.1 u_bx=  -0.08 u_by=   0.03 com_xy= 0.002m
Step 246000: pitch=  0.00deg roll= -0.00deg x=  0.000 y=  0.009 u_rw=     7.0 u_bx=   0.03 u_by=   0.00 com_xy= 0.003m
Step 246100: pitch=  0.02deg roll= -0.00deg x= -0.000 y=  0.011 u_rw=     5.3 u_bx=   0.03 u_by=   0.02 com_xy= 0.004m
Step 246200: pitch= -0.05deg roll= -0.00deg x= -0.000 y=  0.013 u_rw=    -8.2 u_bx=  -0.08 u_by=   0.03 com_xy= 0.006m
Step 246300: pitch= -0.04deg roll= -0.00deg x= -0.000 y=  0.016 u_rw=   -10.3 u_bx=  -0.09 u_by=   0.00 com_xy= 0.010m
Step 246400: pitch= -0.01deg roll= -0.00deg x= -0.000 y=  0.017 u_rw=   -10.9 u_bx=  -0.07 u_by=  -0.00 com_xy= 0.015m
Step 246500: pitch= -0.04deg roll= -0.00deg x= -0.000 y=  0.018 u_rw=    -2.9 u_bx=  -0.03 u_by=  -0.01 com_xy= 0.025m
Step 246600: pitch=  0.01deg roll= -0.00deg x=  0.000 y=  0.018 u_rw=   -14.8 u_bx=  -0.11 u_by=  -0.01 com_xy= 0.040m
Step 246700: pitch=  0.15deg roll= -0.00deg x=  0.000 y=  0.018 u_rw=     9.9 u_bx=   0.20 u_by=  -0.03 com_xy= 0.065m
Step 246800: pitch=  0.16deg roll= -0.00deg x=  0.000 y=  0.016 u_rw=     6.8 u_bx=   0.23 u_by=  -0.03 com_xy= 0.104m

CRASH #98 at step 246885: pitch=0.38deg roll=-0.01deg com_xy=0.153m reason=com_overload
Step 246900: pitch=  0.01deg roll= -0.00deg x=  0.000 y= -0.000 u_rw=     0.9 u_bx=   0.02 u_by=  -0.01 com_xy= 0.000m
Step 247000: pitch=  0.02deg roll= -0.00deg x= -0.000 y= -0.000 u_rw=     7.1 u_bx=   0.03 u_by=   0.02 com_xy= 0.000m
Step 247100: pitch=  0.03deg roll= -0.00deg x= -0.000 y=  0.001 u_rw=    16.7 u_bx=   0.08 u_by=   0.00 com_xy= 0.000m
Step 247200: pitch=  0.00deg roll= -0.00deg x= -0.000 y=  0.002 u_rw=    15.2 u_bx=   0.08 u_by=   0.01 com_xy= 0.001m
Step 247300: pitch= -0.04deg roll= -0.00deg x= -0.000 y=  0.004 u_rw=     1.0 u_bx=  -0.00 u_by=   0.01 com_xy= 0.000m
Step 247400: pitch= -0.07deg roll= -0.00deg x= -0.000 y=  0.005 u_rw=    -0.5 u_bx=  -0.08 u_by=   0.00 com_xy= 0.000m
Step 247500: pitch= -0.04deg roll= -0.00deg x= -0.000 y=  0.005 u_rw=   -19.0 u_bx=  -0.14 u_by=  -0.01 com_xy= 0.001m
Step 247600: pitch=  0.07deg roll= -0.00deg x= -0.000 y=  0.005 u_rw=    -0.3 u_bx=   0.02 u_by=   0.00 com_xy= 0.001m
Step 247700: pitch=  0.07deg roll= -0.00deg x= -0.000 y=  0.005 u_rw=    19.7 u_bx=   0.08 u_by=   0.00 com_xy= 0.000m
Step 247800: pitch= -0.05deg roll= -0.00deg x= -0.000 y=  0.004 u_rw=     3.5 u_bx=   0.00 u_by=   0.00 com_xy= 0.002m
Step 247900: pitch= -0.10deg roll= -0.00deg x= -0.000 y=  0.004 u_rw=   -16.9 u_bx=  -0.18 u_by=  -0.00 com_xy= 0.003m
Step 248000: pitch= -0.01deg roll= -0.00deg x= -0.000 y=  0.004 u_rw=    -0.2 u_bx=  -0.05 u_by=   0.01 com_xy= 0.003m
Step 248100: pitch= -0.00deg roll= -0.00deg x= -0.000 y=  0.005 u_rw=    19.1 u_bx=   0.04 u_by=   0.01 com_xy= 0.003m
Step 248200: pitch= -0.06deg roll= -0.00deg x= -0.000 y=  0.006 u_rw=    14.1 u_bx=  -0.01 u_by=   0.01 com_xy= 0.005m
Step 248300: pitch= -0.10deg roll= -0.00deg x= -0.000 y=  0.006 u_rw=     6.0 u_bx=  -0.08 u_by=   0.03 com_xy= 0.009m
Step 248400: pitch= -0.14deg roll= -0.00deg x= -0.000 y=  0.009 u_rw=    -0.9 u_bx=  -0.23 u_by=   0.04 com_xy= 0.015m
Step 248500: pitch= -0.03deg roll= -0.00deg x= -0.000 y=  0.013 u_rw=     4.5 u_bx=  -0.09 u_by=   0.06 com_xy= 0.023m
Step 248600: pitch=  0.02deg roll= -0.00deg x= -0.000 y=  0.020 u_rw=     0.5 u_bx=  -0.06 u_by=   0.05 com_xy= 0.038m
Step 248700: pitch=  0.10deg roll= -0.00deg x= -0.000 y=  0.026 u_rw=     6.1 u_bx=   0.10 u_by=   0.02 com_xy= 0.061m
Step 248800: pitch=  0.08deg roll= -0.00deg x=  0.000 y=  0.029 u_rw=    -6.4 u_bx=   0.01 u_by=  -0.00 com_xy= 0.099m

CRASH #99 at step 248897: pitch=0.24deg roll=-0.00deg com_xy=0.154m reason=com_overload
Step 248900: pitch= -0.00deg roll= -0.00deg x= -0.000 y= -0.000 u_rw=     0.0 u_bx=   0.00 u_by=   0.00 com_xy= 0.000m
Step 249000: pitch=  0.00deg roll= -0.00deg x=  0.000 y= -0.000 u_rw=    -2.8 u_bx=  -0.02 u_by=  -0.00 com_xy= 0.000m
Step 249100: pitch=  0.03deg roll= -0.00deg x=  0.000 y= -0.000 u_rw=     1.7 u_bx=   0.02 u_by=  -0.01 com_xy= 0.000m
Step 249200: pitch= -0.00deg roll= -0.00deg x=  0.000 y= -0.000 u_rw=    -6.9 u_bx=  -0.07 u_by=   0.02 com_xy= 0.000m
Step 249300: pitch=  0.05deg roll= -0.00deg x= -0.000 y=  0.002 u_rw=    12.9 u_bx=   0.09 u_by=   0.01 com_xy= 0.000m
Step 249400: pitch=  0.04deg roll= -0.00deg x= -0.000 y=  0.004 u_rw=     7.5 u_bx=   0.01 u_by=   0.00 com_xy= 0.000m
Step 249500: pitch=  0.02deg roll= -0.00deg x=  0.000 y=  0.005 u_rw=     8.7 u_bx=   0.10 u_by=   0.01 com_xy= 0.001m
Step 249600: pitch=  0.02deg roll= -0.00deg x= -0.000 y=  0.006 u_rw=    13.5 u_bx=   0.01 u_by=   0.02 com_xy= 0.001m
Step 249700: pitch=  0.03deg roll= -0.00deg x= -0.000 y=  0.008 u_rw=     3.3 u_bx=  -0.04 u_by=   0.01 com_xy= 0.001m
Step 249800: pitch=  0.04deg roll= -0.00deg x= -0.000 y=  0.009 u_rw=    -9.1 u_bx=  -0.04 u_by=   0.00 com_xy= 0.001m
Step 249900: pitch=  0.11deg roll= -0.00deg x=  0.000 y=  0.010 u_rw=     3.3 u_bx=   0.13 u_by=  -0.01 com_xy= 0.002m
Step 250000: pitch=  0.04deg roll= -0.00deg x=  0.000 y=  0.009 u_rw=    -8.5 u_bx=   0.05 u_by=  -0.02 com_xy= 0.001m
Step 250100: pitch=  0.01deg roll= -0.00deg x=  0.000 y=  0.006 u_rw=    -2.9 u_bx=   0.04 u_by=  -0.04 com_xy= 0.002m
Step 250200: pitch=  0.08deg roll= -0.00deg x=  0.000 y=  0.001 u_rw=    13.6 u_bx=   0.15 u_by=  -0.03 com_xy= 0.003m
Step 250300: pitch=  0.01deg roll= -0.00deg x=  0.000 y= -0.004 u_rw=    -3.7 u_bx=  -0.06 u_by=  -0.03 com_xy= 0.004m
Step 250400: pitch=  0.13deg roll= -0.00deg x=  0.000 y= -0.008 u_rw=     4.2 u_bx=   0.12 u_by=  -0.04 com_xy= 0.007m
Step 250500: pitch=  0.11deg roll= -0.00deg x=  0.000 y= -0.013 u_rw=     2.5 u_bx=   0.02 u_by=  -0.03 com_xy= 0.011m
Step 250600: pitch=  0.11deg roll= -0.00deg x=  0.000 y= -0.018 u_rw=     5.1 u_bx=   0.07 u_by=  -0.03 com_xy= 0.017m
Step 250700: pitch=  0.03deg roll= -0.00deg x=  0.000 y= -0.022 u_rw=   -15.8 u_bx=  -0.03 u_by=  -0.01 com_xy= 0.027m
Step 250800: pitch= -0.01deg roll= -0.00deg x=  0.000 y= -0.024 u_rw=    -7.3 u_bx=   0.01 u_by=  -0.03 com_xy= 0.044m
Step 250900: pitch= -0.01deg roll= -0.00deg x=  0.000 y= -0.027 u_rw=    20.1 u_bx=   0.11 u_by=  -0.01 com_xy= 0.073m
Step 251000: pitch= -0.19deg roll= -0.00deg x= -0.000 y= -0.029 u_rw=    -0.3 u_bx=  -0.06 u_by=   0.00 com_xy= 0.117m

CRASH #100 at step 251062: pitch=-0.27deg roll=-0.00deg com_xy=0.154m reason=com_overload
Step 251100: pitch= -0.02deg roll= -0.00deg x= -0.000 y=  0.000 u_rw=    -2.5 u_bx=  -0.03 u_by=   0.01 com_xy= 0.000m
Step 251200: pitch= -0.05deg roll= -0.00deg x= -0.000 y=  0.001 u_rw=    -6.0 u_bx=  -0.10 u_by=   0.04 com_xy= 0.000m
Step 251300: pitch=  0.03deg roll= -0.00deg x= -0.000 y=  0.003 u_rw=    15.5 u_bx=   0.08 u_by=   0.01 com_xy= 0.000m
Step 251400: pitch=  0.01deg roll= -0.00deg x=  0.000 y=  0.005 u_rw=    -9.0 u_bx=  -0.02 u_by=   0.02 com_xy= 0.000m
Step 251500: pitch=  0.05deg roll= -0.00deg x=  0.000 y=  0.008 u_rw=    19.9 u_bx=   0.14 u_by=   0.00 com_xy= 0.001m
Step 251600: pitch= -0.03deg roll= -0.00deg x=  0.000 y=  0.009 u_rw=     8.8 u_bx=   0.11 u_by=   0.01 com_xy= 0.000m
Step 251700: pitch= -0.00deg roll= -0.00deg x=  0.000 y=  0.008 u_rw=   -17.9 u_bx=  -0.04 u_by=  -0.02 com_xy= 0.000m
Step 251800: pitch=  0.05deg roll= -0.00deg x=  0.000 y=  0.007 u_rw=     1.4 u_bx=   0.05 u_by=  -0.01 com_xy= 0.000m
Step 251900: pitch=  0.02deg roll= -0.00deg x= -0.000 y=  0.006 u_rw=    19.4 u_bx=   0.11 u_by=   0.01 com_xy= 0.000m
Step 252000: pitch= -0.05deg roll= -0.00deg x= -0.000 y=  0.007 u_rw=     0.3 u_bx=  -0.04 u_by=  -0.00 com_xy= 0.000m
Step 252100: pitch= -0.06deg roll= -0.00deg x=  0.000 y=  0.006 u_rw=     0.1 u_bx=  -0.04 u_by=  -0.02 com_xy= 0.000m
Step 252200: pitch= -0.03deg roll= -0.00deg x=  0.000 y=  0.005 u_rw=   -19.5 u_bx=  -0.04 u_by=  -0.02 com_xy= 0.000m
Step 252300: pitch=  0.04deg roll= -0.00deg x=  0.000 y=  0.003 u_rw=    -0.9 u_bx=   0.05 u_by=  -0.04 com_xy= 0.001m
Step 252400: pitch=  0.08deg roll= -0.00deg x=  0.000 y= -0.001 u_rw=     3.1 u_bx=   0.13 u_by=  -0.00 com_xy= 0.001m
Step 252500: pitch=  0.10deg roll= -0.00deg x=  0.000 y= -0.002 u_rw=    19.7 u_bx=   0.18 u_by=  -0.02 com_xy= 0.002m
Step 252600: pitch=  0.08deg roll= -0.00deg x=  0.000 y= -0.006 u_rw=    18.4 u_bx=   0.20 u_by=  -0.05 com_xy= 0.002m
Step 252700: pitch= -0.01deg roll= -0.00deg x=  0.000 y= -0.011 u_rw=    -2.2 u_bx=   0.01 u_by=  -0.05 com_xy= 0.001m
Step 252800: pitch=  0.04deg roll= -0.00deg x=  0.000 y= -0.018 u_rw=   -19.0 u_bx=  -0.03 u_by=  -0.05 com_xy= 0.002m
Step 252900: pitch=  0.13deg roll= -0.00deg x=  0.000 y= -0.024 u_rw=    -0.9 u_bx=   0.08 u_by=  -0.04 com_xy= 0.003m
Step 253000: pitch=  0.15deg roll= -0.00deg x=  0.000 y= -0.030 u_rw=     3.8 u_bx=   0.17 u_by=  -0.02 com_xy= 0.005m
Step 253100: pitch=  0.04deg roll= -0.00deg x=  0.000 y= -0.034 u_rw=    -3.8 u_bx=   0.01 u_by=  -0.02 com_xy= 0.007m
Step 253200: pitch=  0.12deg roll= -0.00deg x=  0.000 y= -0.039 u_rw=    -1.9 u_bx=   0.06 u_by=  -0.04 com_xy= 0.011m
Step 253300: pitch=  0.16deg roll= -0.01deg x=  0.000 y= -0.044 u_rw=     7.0 u_bx=   0.22 u_by=  -0.05 com_xy= 0.017m
Step 253400: pitch=  0.08deg roll= -0.01deg x=  0.000 y= -0.049 u_rw=    12.2 u_bx=   0.16 u_by=  -0.00 com_xy= 0.027m
Step 253500: pitch= -0.03deg roll= -0.01deg x=  0.000 y= -0.052 u_rw=     1.2 u_bx=  -0.03 u_by=  -0.03 com_xy= 0.043m
Step 253600: pitch= -0.09deg roll= -0.02deg x=  0.000 y= -0.054 u_rw=   -16.8 u_bx=  -0.12 u_by=   0.02 com_xy= 0.070m
Step 253700: pitch= -0.08deg roll= -0.03deg x= -0.000 y= -0.054 u_rw=     1.0 u_bx=  -0.04 u_by=   0.02 com_xy= 0.113m

CRASH #101 at step 253769: pitch=-0.17deg roll=-0.04deg com_xy=0.155m reason=com_overload
Step 253800: pitch= -0.00deg roll= -0.00deg x= -0.000 y=  0.000 u_rw=     0.1 u_bx=  -0.07 u_by=   0.03 com_xy= 0.000m
Step 253900: pitch=  0.03deg roll= -0.00deg x=  0.000 y=  0.002 u_rw=     7.7 u_bx=   0.10 u_by=   0.01 com_xy= 0.000m
Step 254000: pitch= -0.06deg roll= -0.00deg x= -0.000 y=  0.004 u_rw=   -19.5 u_bx=  -0.14 u_by=   0.04 com_xy= 0.001m
Step 254100: pitch=  0.00deg roll= -0.00deg x= -0.000 y=  0.009 u_rw=     6.6 u_bx=  -0.02 u_by=   0.06 com_xy= 0.000m
Step 254200: pitch= -0.06deg roll= -0.00deg x= -0.000 y=  0.016 u_rw=     1.3 u_bx=  -0.08 u_by=   0.05 com_xy= 0.000m
Step 254300: pitch= -0.08deg roll= -0.00deg x=  0.000 y=  0.023 u_rw=   -11.2 u_bx=  -0.12 u_by=   0.03 com_xy= 0.000m
Step 254400: pitch= -0.04deg roll= -0.00deg x= -0.000 y=  0.027 u_rw=   -19.6 u_bx=  -0.15 u_by=  -0.01 com_xy= 0.000m
Step 254500: pitch=  0.05deg roll= -0.00deg x= -0.000 y=  0.029 u_rw=    -1.3 u_bx=  -0.04 u_by=   0.00 com_xy= 0.000m
Step 254600: pitch=  0.07deg roll= -0.00deg x= -0.000 y=  0.030 u_rw=     0.4 u_bx=   0.05 u_by=   0.03 com_xy= 0.001m
Step 254700: pitch=  0.08deg roll= -0.00deg x= -0.000 y=  0.034 u_rw=    18.4 u_bx=   0.10 u_by=   0.02 com_xy= 0.001m
Step 254800: pitch=  0.03deg roll= -0.00deg x=  0.000 y=  0.035 u_rw=     7.9 u_bx=   0.11 u_by=  -0.00 com_xy= 0.001m
Step 254900: pitch=  0.00deg roll= -0.00deg x=  0.000 y=  0.035 u_rw=    -5.5 u_bx=  -0.01 u_by=  -0.04 com_xy= 0.001m
Step 255000: pitch=  0.10deg roll= -0.00deg x=  0.000 y=  0.032 u_rw=    18.0 u_bx=   0.19 u_by=  -0.04 com_xy= 0.002m
Step 255100: pitch=  0.06deg roll= -0.00deg x=  0.000 y=  0.029 u_rw=   -10.8 u_bx=   0.02 u_by=  -0.03 com_xy= 0.001m
Step 255200: pitch=  0.06deg roll= -0.00deg x=  0.000 y=  0.025 u_rw=   -13.5 u_bx=   0.00 u_by=  -0.06 com_xy= 0.001m
Step 255300: pitch=  0.12deg roll= -0.00deg x=  0.000 y=  0.020 u_rw=    13.3 u_bx=   0.15 u_by=  -0.05 com_xy= 0.002m
Step 255400: pitch=  0.04deg roll= -0.00deg x=  0.000 y=  0.013 u_rw=    -4.2 u_bx=   0.03 u_by=  -0.07 com_xy= 0.002m
Step 255500: pitch=  0.07deg roll= -0.00deg x=  0.000 y=  0.005 u_rw=   -17.9 u_bx=   0.01 u_by=  -0.06 com_xy= 0.002m
Step 255600: pitch=  0.16deg roll= -0.00deg x=  0.000 y= -0.003 u_rw=    -6.0 u_bx=   0.06 u_by=  -0.04 com_xy= 0.004m
Step 255700: pitch=  0.21deg roll= -0.00deg x=  0.000 y= -0.009 u_rw=     7.6 u_bx=   0.29 u_by=  -0.06 com_xy= 0.006m
Step 255800: pitch=  0.10deg roll= -0.00deg x=  0.000 y= -0.016 u_rw=    -1.3 u_bx=   0.17 u_by=  -0.04 com_xy= 0.009m
Step 255900: pitch=  0.10deg roll=  0.00deg x=  0.000 y= -0.021 u_rw=   -17.2 u_bx=   0.04 u_by=  -0.03 com_xy= 0.014m
Step 256000: pitch=  0.19deg roll=  0.00deg x=  0.000 y= -0.026 u_rw=     1.2 u_bx=   0.16 u_by=  -0.03 com_xy= 0.023m
Step 256100: pitch=  0.08deg roll=  0.00deg x=  0.000 y= -0.029 u_rw=    -9.2 u_bx=   0.01 u_by=  -0.01 com_xy= 0.036m
Step 256200: pitch=  0.05deg roll=  0.00deg x=  0.000 y= -0.031 u_rw=     0.2 u_bx=   0.09 u_by=  -0.00 com_xy= 0.059m
Step 256300: pitch=  0.02deg roll=  0.01deg x=  0.000 y= -0.033 u_rw=    10.7 u_bx=   0.11 u_by=  -0.02 com_xy= 0.096m
Step 256400: pitch= -0.13deg roll=  0.01deg x= -0.000 y= -0.036 u_rw=     3.3 u_bx=  -0.10 u_by=   0.00 com_xy= 0.151m

CRASH #102 at step 256405: pitch=-0.14deg roll=0.01deg com_xy=0.155m reason=com_overload
Step 256500: pitch=  0.02deg roll= -0.00deg x=  0.000 y= -0.000 u_rw=    -1.0 u_bx=  -0.01 u_by=   0.01 com_xy= 0.000m
Step 256600: pitch= -0.02deg roll= -0.00deg x= -0.000 y=  0.001 u_rw=    -0.8 u_bx=   0.05 u_by=   0.02 com_xy= 0.000m
Step 256700: pitch=  0.03deg roll= -0.00deg x=  0.000 y=  0.002 u_rw=    -9.0 u_bx=   0.02 u_by=  -0.03 com_xy= 0.000m
Step 256800: pitch=  0.02deg roll= -0.00deg x=  0.000 y= -0.000 u_rw=    -7.8 u_bx=   0.01 u_by=  -0.05 com_xy= 0.000m
Step 256900: pitch=  0.04deg roll= -0.00deg x=  0.000 y= -0.004 u_rw=    -2.8 u_bx=  -0.04 u_by=  -0.01 com_xy= 0.000m
Step 257000: pitch= -0.02deg roll= -0.00deg x= -0.000 y= -0.007 u_rw=   -11.1 u_bx=  -0.07 u_by=  -0.01 com_xy= 0.001m
Step 257100: pitch= -0.04deg roll= -0.00deg x=  0.000 y= -0.008 u_rw=    -1.4 u_bx=  -0.05 u_by=   0.01 com_xy= 0.001m
Step 257200: pitch=  0.01deg roll= -0.00deg x= -0.000 y= -0.009 u_rw=     4.1 u_bx=   0.02 u_by=  -0.03 com_xy= 0.001m
Step 257300: pitch= -0.02deg roll= -0.00deg x=  0.000 y= -0.012 u_rw=    -3.3 u_bx=   0.04 u_by=  -0.00 com_xy= 0.001m
Step 257400: pitch= -0.05deg roll= -0.00deg x=  0.000 y= -0.013 u_rw=    -6.8 u_bx=  -0.00 u_by=   0.01 com_xy= 0.002m
Step 257500: pitch= -0.06deg roll= -0.00deg x= -0.000 y= -0.013 u_rw=     1.2 u_bx=   0.03 u_by=   0.01 com_xy= 0.002m
Step 257600: pitch= -0.01deg roll= -0.00deg x= -0.000 y= -0.012 u_rw=    10.0 u_bx=   0.02 u_by=   0.02 com_xy= 0.002m
Step 257700: pitch= -0.06deg roll= -0.00deg x= -0.000 y= -0.009 u_rw=   -13.3 u_bx=  -0.08 u_by=   0.02 com_xy= 0.003m
Step 257800: pitch= -0.07deg roll= -0.00deg x= -0.000 y= -0.006 u_rw=   -12.0 u_bx=  -0.09 u_by=   0.02 com_xy= 0.005m
Step 257900: pitch= -0.08deg roll= -0.00deg x= -0.000 y= -0.003 u_rw=     0.2 u_bx=   0.02 u_by=   0.02 com_xy= 0.007m
Step 258000: pitch= -0.02deg roll= -0.00deg x= -0.000 y= -0.000 u_rw=     2.8 u_bx=  -0.02 u_by=   0.02 com_xy= 0.012m
Step 258100: pitch= -0.01deg roll= -0.00deg x= -0.000 y=  0.003 u_rw=     6.0 u_bx=  -0.05 u_by=   0.02 com_xy= 0.019m
Step 258200: pitch= -0.02deg roll= -0.00deg x= -0.000 y=  0.006 u_rw=    -7.5 u_bx=  -0.12 u_by=   0.02 com_xy= 0.030m
Step 258300: pitch=  0.08deg roll= -0.00deg x= -0.000 y=  0.009 u_rw=    12.5 u_bx=   0.07 u_by=   0.02 com_xy= 0.048m
Step 258400: pitch=  0.10deg roll= -0.00deg x=  0.000 y=  0.011 u_rw=    14.3 u_bx=   0.17 u_by=   0.01 com_xy= 0.079m
Step 258500: pitch=  0.14deg roll=  0.00deg x=  0.000 y=  0.011 u_rw=     0.7 u_bx=   0.18 u_by=  -0.04 com_xy= 0.126m

CRASH #103 at step 258545: pitch=0.28deg roll=0.00deg com_xy=0.155m reason=com_overload
Step 258600: pitch= -0.01deg roll= -0.00deg x= -0.000 y=  0.000 u_rw=     6.3 u_bx=   0.02 u_by=   0.01 com_xy= 0.000m
Step 258700: pitch= -0.03deg roll= -0.00deg x= -0.000 y=  0.002 u_rw=    -7.4 u_bx=  -0.04 u_by=   0.01 com_xy= 0.000m
Step 258800: pitch= -0.05deg roll= -0.00deg x= -0.000 y=  0.003 u_rw=   -10.2 u_bx=  -0.06 u_by=   0.02 com_xy= 0.000m
Step 258900: pitch= -0.04deg roll= -0.00deg x= -0.000 y=  0.006 u_rw=   -14.9 u_bx=  -0.11 u_by=   0.01 com_xy= 0.000m
Step 259000: pitch= -0.01deg roll=  0.00deg x= -0.000 y=  0.008 u_rw=    -7.2 u_bx=  -0.08 u_by=  -0.01 com_xy= 0.000m
Step 259100: pitch=  0.03deg roll=  0.00deg x= -0.000 y=  0.008 u_rw=    -5.3 u_bx=   0.01 u_by=  -0.02 com_xy= 0.000m
Step 259200: pitch= -0.03deg roll=  0.00deg x=  0.000 y=  0.007 u_rw=   -17.7 u_bx=  -0.09 u_by=   0.01 com_xy= 0.000m
Step 259300: pitch=  0.06deg roll=  0.00deg x= -0.000 y=  0.007 u_rw=    12.3 u_bx=   0.09 u_by=   0.00 com_xy= 0.000m
Step 259400: pitch= -0.01deg roll=  0.00deg x= -0.000 y=  0.007 u_rw=    -5.6 u_bx=  -0.09 u_by=   0.00 com_xy= 0.001m
Step 259500: pitch=  0.00deg roll=  0.00deg x= -0.000 y=  0.006 u_rw=     5.6 u_bx=   0.03 u_by=  -0.01 com_xy= 0.000m
Step 259600: pitch= -0.05deg roll= -0.00deg x=  0.000 y=  0.005 u_rw=   -19.8 u_bx=  -0.08 u_by=  -0.01 com_xy= 0.000m
Step 259700: pitch=  0.05deg roll= -0.00deg x= -0.000 y=  0.004 u_rw=    -1.1 u_bx=   0.02 u_by=  -0.01 com_xy= 0.000m
Step 259800: pitch=  0.07deg roll= -0.00deg x= -0.000 y=  0.002 u_rw=    13.0 u_bx=   0.13 u_by=   0.00 com_xy= 0.001m
Step 259900: pitch=  0.01deg roll= -0.00deg x= -0.000 y=  0.002 u_rw=    13.1 u_bx=   0.08 u_by=   0.02 com_xy= 0.001m
Step 260000: pitch=  0.03deg roll= -0.00deg x= -0.000 y=  0.004 u_rw=     2.2 u_bx=   0.01 u_by=  -0.01 com_xy= 0.000m
Step 260100: pitch= -0.05deg roll= -0.00deg x=  0.000 y=  0.004 u_rw=   -10.5 u_bx=  -0.07 u_by=  -0.02 com_xy= 0.000m
Step 260200: pitch=  0.03deg roll= -0.00deg x=  0.000 y=  0.001 u_rw=    14.6 u_bx=   0.11 u_by=  -0.03 com_xy= 0.001m
Step 260300: pitch= -0.01deg roll= -0.00deg x=  0.000 y= -0.002 u_rw=   -15.3 u_bx=  -0.03 u_by=  -0.03 com_xy= 0.001m
Step 260400: pitch= -0.00deg roll= -0.01deg x=  0.000 y= -0.007 u_rw=    -2.1 u_bx=   0.10 u_by=  -0.02 com_xy= 0.001m
Step 260500: pitch=  0.03deg roll= -0.01deg x=  0.000 y= -0.010 u_rw=     3.6 u_bx=   0.16 u_by=  -0.02 com_xy= 0.002m
Step 260600: pitch=  0.06deg roll= -0.01deg x=  0.000 y= -0.013 u_rw=    13.9 u_bx=   0.15 u_by=  -0.01 com_xy= 0.004m
Step 260700: pitch=  0.03deg roll= -0.02deg x=  0.000 y= -0.016 u_rw=    13.2 u_bx=   0.11 u_by=  -0.01 com_xy= 0.005m
Step 260800: pitch= -0.01deg roll= -0.03deg x=  0.000 y= -0.018 u_rw=    -1.2 u_bx=   0.02 u_by=   0.00 com_xy= 0.008m
Step 260900: pitch=  0.04deg roll= -0.04deg x= -0.000 y= -0.020 u_rw=     8.2 u_bx=   0.07 u_by=  -0.01 com_xy= 0.013m
Step 261000: pitch= -0.01deg roll= -0.06deg x=  0.000 y= -0.021 u_rw=     4.1 u_bx=   0.01 u_by=  -0.00 com_xy= 0.020m
Step 261100: pitch= -0.00deg roll= -0.10deg x=  0.000 y= -0.022 u_rw=    -4.7 u_bx=   0.02 u_by=   0.02 com_xy= 0.031m
Step 261200: pitch= -0.04deg roll= -0.14deg x= -0.000 y= -0.019 u_rw=    -5.5 u_bx=  -0.11 u_by=   0.08 com_xy= 0.048m
Step 261300: pitch=  0.04deg roll= -0.20deg x= -0.000 y= -0.012 u_rw=    13.7 u_bx=   0.10 u_by=   0.08 com_xy= 0.073m
Step 261400: pitch= -0.07deg roll= -0.22deg x=  0.000 y= -0.001 u_rw=     0.4 u_bx=  -0.07 u_by=   0.10 com_xy= 0.112m

CRASH #104 at step 261476: pitch=0.07deg roll=-0.25deg com_xy=0.154m reason=com_overload
Step 261500: pitch=  0.01deg roll= -0.00deg x=  0.000 y= -0.000 u_rw=     2.0 u_bx=   0.04 u_by=  -0.02 com_xy= 0.000m
Step 261600: pitch= -0.00deg roll= -0.00deg x=  0.000 y= -0.002 u_rw=     7.4 u_bx=   0.09 u_by=  -0.02 com_xy= 0.000m
Step 261700: pitch=  0.04deg roll= -0.00deg x=  0.000 y= -0.005 u_rw=     7.2 u_bx=   0.10 u_by=  -0.01 com_xy= 0.000m
Step 261800: pitch= -0.02deg roll= -0.00deg x=  0.000 y= -0.008 u_rw=     0.7 u_bx=   0.03 u_by=  -0.03 com_xy= 0.000m
Step 261900: pitch=  0.03deg roll= -0.00deg x=  0.000 y= -0.011 u_rw=     4.8 u_bx=   0.05 u_by=  -0.01 com_xy= 0.000m
Step 262000: pitch=  0.04deg roll= -0.00deg x=  0.000 y= -0.013 u_rw=     4.6 u_bx=  -0.01 u_by=  -0.01 com_xy= 0.000m
Step 262100: pitch= -0.04deg roll= -0.00deg x= -0.000 y= -0.016 u_rw=   -13.8 u_bx=  -0.10 u_by=  -0.00 com_xy= 0.001m
Step 262200: pitch=  0.07deg roll= -0.00deg x= -0.000 y= -0.017 u_rw=     1.7 u_bx=   0.13 u_by=  -0.02 com_xy= 0.000m
Step 262300: pitch=  0.06deg roll= -0.00deg x=  0.000 y= -0.018 u_rw=    18.8 u_bx=   0.12 u_by=   0.02 com_xy= 0.000m
Step 262400: pitch=  0.00deg roll= -0.00deg x=  0.000 y= -0.017 u_rw=    19.3 u_bx=   0.10 u_by=   0.02 com_xy= 0.000m
Step 262500: pitch= -0.05deg roll= -0.00deg x=  0.000 y= -0.014 u_rw=     0.7 u_bx=   0.05 u_by=   0.03 com_xy= 0.000m
Step 262600: pitch= -0.06deg roll= -0.00deg x= -0.000 y= -0.009 u_rw=    -2.1 u_bx=  -0.07 u_by=   0.04 com_xy= 0.000m
Step 262700: pitch=  0.00deg roll= -0.00deg x= -0.000 y= -0.004 u_rw=    -9.6 u_bx=  -0.10 u_by=   0.03 com_xy= 0.001m
Step 262800: pitch=  0.02deg roll= -0.00deg x= -0.000 y=  0.001 u_rw=    15.4 u_bx=   0.07 u_by=   0.04 com_xy= 0.000m
Step 262900: pitch=  0.00deg roll= -0.00deg x= -0.000 y=  0.005 u_rw=     4.4 u_bx=  -0.00 u_by=   0.03 com_xy= 0.000m
Step 263000: pitch= -0.03deg roll= -0.00deg x= -0.000 y=  0.010 u_rw=     0.8 u_bx=  -0.12 u_by=   0.04 com_xy= 0.000m
Step 263100: pitch= -0.08deg roll= -0.00deg x= -0.000 y=  0.014 u_rw=    -7.0 u_bx=  -0.11 u_by=   0.02 com_xy= 0.000m
Step 263200: pitch= -0.01deg roll= -0.00deg x= -0.000 y=  0.018 u_rw=    15.5 u_bx=   0.08 u_by=   0.04 com_xy= 0.001m
Step 263300: pitch= -0.07deg roll= -0.00deg x= -0.000 y=  0.023 u_rw=    -4.2 u_bx=  -0.10 u_by=   0.03 com_xy= 0.000m
Step 263400: pitch= -0.00deg roll= -0.00deg x= -0.000 y=  0.027 u_rw=   -11.1 u_bx=  -0.06 u_by=  -0.01 com_xy= 0.000m
Step 263500: pitch= -0.04deg roll=  0.00deg x= -0.000 y=  0.029 u_rw=    -4.3 u_bx=  -0.07 u_by=   0.02 com_xy= 0.000m
Step 263600: pitch=  0.02deg roll=  0.00deg x= -0.000 y=  0.030 u_rw=     9.8 u_bx=   0.09 u_by=   0.01 com_xy= 0.001m
Step 263700: pitch=  0.04deg roll=  0.00deg x= -0.000 y=  0.032 u_rw=     4.0 u_bx=  -0.01 u_by=  -0.01 com_xy= 0.001m
Step 263800: pitch=  0.05deg roll=  0.00deg x= -0.000 y=  0.032 u_rw=    19.9 u_bx=   0.14 u_by=  -0.00 com_xy= 0.002m
Step 263900: pitch= -0.09deg roll=  0.01deg x= -0.000 y=  0.031 u_rw=    -1.1 u_bx=  -0.08 u_by=   0.00 com_xy= 0.003m
Step 264000: pitch= -0.10deg roll=  0.01deg x=  0.000 y=  0.031 u_rw=   -13.7 u_bx=  -0.14 u_by=  -0.01 com_xy= 0.004m
Step 264100: pitch= -0.08deg roll=  0.02deg x= -0.000 y=  0.031 u_rw=   -17.7 u_bx=  -0.18 u_by=   0.01 com_xy= 0.006m
Step 264200: pitch= -0.09deg roll=  0.03deg x= -0.000 y=  0.032 u_rw=    -3.9 u_bx=  -0.06 u_by=   0.00 com_xy= 0.009m
Step 264300: pitch= -0.08deg roll=  0.04deg x= -0.000 y=  0.034 u_rw=    -2.5 u_bx=  -0.10 u_by=   0.03 com_xy= 0.014m
Step 264400: pitch= -0.09deg roll=  0.07deg x= -0.000 y=  0.035 u_rw=   -14.1 u_bx=  -0.12 u_by=  -0.02 com_xy= 0.021m
Step 264500: pitch= -0.01deg roll=  0.10deg x=  0.000 y=  0.033 u_rw=    15.1 u_bx=   0.08 u_by=  -0.06 com_xy= 0.033m
Step 264600: pitch= -0.08deg roll=  0.15deg x= -0.000 y=  0.026 u_rw=     4.4 u_bx=   0.01 u_by=  -0.06 com_xy= 0.051m
Step 264700: pitch= -0.12deg roll=  0.18deg x= -0.000 y=  0.017 u_rw=   -12.2 u_bx=  -0.17 u_by=  -0.05 com_xy= 0.078m
Step 264800: pitch=  0.01deg roll=  0.20deg x= -0.000 y=  0.009 u_rw=     1.9 u_bx=  -0.02 u_by=  -0.07 com_xy= 0.119m

CRASH #105 at step 264860: pitch=0.04deg roll=0.23deg com_xy=0.154m reason=com_overload
Step 264900: pitch=  0.00deg roll= -0.00deg x=  0.000 y=  0.000 u_rw=     5.9 u_bx=   0.01 u_by=   0.02 com_xy= 0.000m
Step 265000: pitch= -0.02deg roll= -0.00deg x= -0.000 y=  0.001 u_rw=     6.5 u_bx=   0.01 u_by=   0.01 com_xy= 0.000m
Step 265100: pitch= -0.01deg roll= -0.00deg x= -0.000 y=  0.002 u_rw=     1.6 u_bx=   0.00 u_by=   0.02 com_xy= 0.000m
Step 265200: pitch= -0.01deg roll= -0.00deg x=  0.000 y=  0.004 u_rw=   -17.8 u_bx=  -0.09 u_by=   0.01 com_xy= 0.000m
Step 265300: pitch=  0.06deg roll= -0.00deg x=  0.000 y=  0.007 u_rw=    -0.4 u_bx=   0.05 u_by=  -0.02 com_xy= 0.000m
Step 265400: pitch=  0.09deg roll= -0.00deg x=  0.000 y=  0.008 u_rw=     8.3 u_bx=   0.14 u_by=  -0.01 com_xy= 0.001m
Step 265500: pitch= -0.01deg roll= -0.00deg x=  0.000 y=  0.007 u_rw=   -10.7 u_bx=  -0.01 u_by=  -0.02 com_xy= 0.000m
Step 265600: pitch= -0.02deg roll= -0.00deg x=  0.000 y=  0.005 u_rw=   -11.8 u_bx=  -0.02 u_by=  -0.01 com_xy= 0.000m
Step 265700: pitch=  0.04deg roll= -0.00deg x=  0.000 y=  0.003 u_rw=    -4.9 u_bx=   0.03 u_by=  -0.02 com_xy= 0.001m
Step 265800: pitch=  0.09deg roll= -0.00deg x=  0.000 y=  0.001 u_rw=     3.5 u_bx=   0.14 u_by=  -0.02 com_xy= 0.002m
Step 265900: pitch=  0.08deg roll= -0.00deg x=  0.000 y= -0.002 u_rw=    12.7 u_bx=   0.21 u_by=  -0.02 com_xy= 0.002m
Step 266000: pitch=  0.04deg roll= -0.00deg x=  0.000 y= -0.005 u_rw=   -14.6 u_bx=   0.01 u_by=  -0.03 com_xy= 0.002m
Step 266100: pitch=  0.13deg roll= -0.00deg x=  0.000 y= -0.010 u_rw=    19.3 u_bx=   0.15 u_by=  -0.03 com_xy= 0.003m
Step 266200: pitch=  0.03deg roll= -0.00deg x=  0.000 y= -0.013 u_rw=    -0.9 u_bx=   0.06 u_by=  -0.00 com_xy= 0.004m
Step 266300: pitch=  0.04deg roll= -0.00deg x=  0.000 y= -0.016 u_rw=     0.4 u_bx=   0.03 u_by=  -0.03 com_xy= 0.006m
Step 266400: pitch=  0.07deg roll= -0.00deg x=  0.000 y= -0.019 u_rw=   -18.3 u_bx=   0.02 u_by=  -0.03 com_xy= 0.008m
Step 266500: pitch=  0.14deg roll= -0.00deg x=  0.000 y= -0.022 u_rw=     1.3 u_bx=   0.06 u_by=  -0.02 com_xy= 0.013m
Step 266600: pitch=  0.10deg roll= -0.00deg x=  0.000 y= -0.025 u_rw=    13.0 u_bx=   0.25 u_by=  -0.05 com_xy= 0.022m
Step 266700: pitch= -0.00deg roll= -0.00deg x=  0.000 y= -0.031 u_rw=    -4.5 u_bx=  -0.03 u_by=  -0.05 com_xy= 0.034m
Step 266800: pitch=  0.04deg roll= -0.00deg x=  0.000 y= -0.038 u_rw=    -8.2 u_bx=   0.04 u_by=  -0.08 com_xy= 0.056m
Step 266900: pitch= -0.09deg roll= -0.00deg x=  0.000 y= -0.048 u_rw=    -5.8 u_bx=   0.00 u_by=  -0.03 com_xy= 0.090m
Step 267000: pitch= -0.19deg roll= -0.00deg x= -0.000 y= -0.054 u_rw=     7.0 u_bx=  -0.01 u_by=   0.00 com_xy= 0.144m

CRASH #106 at step 267016: pitch=-0.17deg roll=-0.00deg com_xy=0.155m reason=com_overload
Step 267100: pitch=  0.03deg roll= -0.00deg x=  0.000 y= -0.000 u_rw=     3.2 u_bx=   0.06 u_by=  -0.03 com_xy= 0.000m
Step 267200: pitch= -0.02deg roll= -0.00deg x=  0.000 y= -0.002 u_rw=   -13.9 u_bx=  -0.05 u_by=  -0.01 com_xy= 0.000m
Step 267300: pitch=  0.04deg roll= -0.00deg x= -0.000 y= -0.005 u_rw=     0.4 u_bx=   0.10 u_by=  -0.04 com_xy= 0.000m
Step 267400: pitch=  0.04deg roll= -0.00deg x= -0.000 y= -0.009 u_rw=    19.2 u_bx=   0.09 u_by=  -0.02 com_xy= 0.000m
Step 267500: pitch=  0.01deg roll= -0.00deg x= -0.000 y= -0.012 u_rw=    16.3 u_bx=   0.08 u_by=   0.01 com_xy= 0.000m
Step 267600: pitch= -0.06deg roll= -0.00deg x=  0.000 y= -0.013 u_rw=    -9.9 u_bx=  -0.09 u_by=   0.00 com_xy= 0.001m
Step 267700: pitch= -0.04deg roll= -0.00deg x= -0.000 y= -0.011 u_rw=    -7.0 u_bx=  -0.05 u_by=  -0.00 com_xy= 0.001m
Step 267800: pitch=  0.02deg roll= -0.00deg x= -0.000 y= -0.010 u_rw=    13.8 u_bx=  -0.00 u_by=   0.02 com_xy= 0.001m
Step 267900: pitch=  0.02deg roll= -0.00deg x= -0.000 y= -0.009 u_rw=     7.9 u_bx=  -0.00 u_by=   0.01 com_xy= 0.001m
Step 268000: pitch=  0.00deg roll= -0.00deg x= -0.000 y= -0.008 u_rw=     5.5 u_bx=   0.00 u_by=   0.00 com_xy= 0.001m
Step 268100: pitch= -0.08deg roll= -0.00deg x= -0.000 y= -0.007 u_rw=   -19.4 u_bx=  -0.17 u_by=  -0.00 com_xy= 0.003m
Step 268200: pitch=  0.00deg roll= -0.00deg x= -0.000 y= -0.007 u_rw=    -0.1 u_bx=  -0.04 u_by=   0.01 com_xy= 0.003m
Step 268300: pitch=  0.02deg roll= -0.00deg x= -0.000 y= -0.006 u_rw=    17.0 u_bx=   0.09 u_by=   0.00 com_xy= 0.003m
Step 268400: pitch= -0.09deg roll= -0.00deg x= -0.000 y= -0.005 u_rw=    -0.5 u_bx=   0.00 u_by=   0.02 com_xy= 0.006m
Step 268500: pitch= -0.06deg roll= -0.00deg x= -0.000 y= -0.003 u_rw=     8.6 u_bx=   0.01 u_by=   0.01 com_xy= 0.009m
Step 268600: pitch= -0.01deg roll= -0.00deg x= -0.000 y= -0.002 u_rw=     2.1 u_bx=  -0.02 u_by=   0.01 com_xy= 0.014m
Step 268700: pitch= -0.07deg roll= -0.00deg x= -0.000 y=  0.000 u_rw=   -10.4 u_bx=  -0.10 u_by=   0.00 com_xy= 0.023m
Step 268800: pitch= -0.08deg roll= -0.00deg x= -0.000 y=  0.001 u_rw=    -8.2 u_bx=  -0.17 u_by=   0.02 com_xy= 0.038m
Step 268900: pitch=  0.01deg roll= -0.00deg x= -0.000 y=  0.004 u_rw=   -14.3 u_bx=  -0.16 u_by=   0.02 com_xy= 0.061m
Step 269000: pitch=  0.14deg roll= -0.00deg x=  0.000 y=  0.008 u_rw=    12.4 u_bx=   0.12 u_by=   0.02 com_xy= 0.097m
Step 269100: pitch=  0.29deg roll= -0.00deg x=  0.000 y=  0.010 u_rw=     7.2 u_bx=   0.25 u_by=  -0.04 com_xy= 0.154m

CRASH #107 at step 269101: pitch=0.29deg roll=-0.00deg com_xy=0.155m reason=com_overload
Step 269200: pitch=  0.01deg roll= -0.00deg x=  0.000 y= -0.000 u_rw=     6.0 u_bx=   0.04 u_by=  -0.01 com_xy= 0.000m
Step 269300: pitch= -0.04deg roll= -0.00deg x=  0.000 y= -0.001 u_rw=    -5.7 u_bx=   0.01 u_by=   0.00 com_xy= 0.000m
Step 269400: pitch= -0.04deg roll= -0.00deg x=  0.000 y= -0.002 u_rw=    -4.2 u_bx=  -0.06 u_by=   0.00 com_xy= 0.000m
Step 269500: pitch= -0.02deg roll= -0.00deg x= -0.000 y= -0.003 u_rw=    -6.6 u_bx=  -0.05 u_by=  -0.01 com_xy= 0.000m
Step 269600: pitch= -0.02deg roll= -0.00deg x= -0.000 y= -0.004 u_rw=     5.2 u_bx=  -0.00 u_by=   0.01 com_xy= 0.000m
Step 269700: pitch=  0.01deg roll= -0.00deg x=  0.000 y= -0.003 u_rw=    11.3 u_bx=   0.10 u_by=   0.00 com_xy= 0.001m
Step 269800: pitch= -0.07deg roll= -0.00deg x=  0.000 y= -0.004 u_rw=    -9.2 u_bx=  -0.04 u_by=  -0.01 com_xy= 0.000m
Step 269900: pitch= -0.01deg roll= -0.00deg x=  0.000 y= -0.005 u_rw=    10.3 u_bx=   0.12 u_by=   0.01 com_xy= 0.001m
Step 270000: pitch=  0.01deg roll= -0.00deg x=  0.000 y= -0.004 u_rw=     5.6 u_bx=   0.07 u_by=   0.03 com_xy= 0.001m
Step 270100: pitch=  0.07deg roll= -0.00deg x=  0.000 y= -0.001 u_rw=     4.1 u_bx=   0.08 u_by=   0.04 com_xy= 0.000m
Step 270200: pitch=  0.04deg roll= -0.00deg x=  0.000 y=  0.003 u_rw=    -7.9 u_bx=   0.00 u_by=   0.01 com_xy= 0.000m
Step 270300: pitch=  0.10deg roll= -0.00deg x=  0.000 y=  0.005 u_rw=    11.1 u_bx=   0.15 u_by=  -0.01 com_xy= 0.000m
Step 270400: pitch=  0.05deg roll= -0.00deg x=  0.000 y=  0.003 u_rw=    14.7 u_bx=   0.15 u_by=  -0.01 com_xy= 0.000m
Step 270500: pitch=  0.05deg roll= -0.00deg x= -0.000 y=  0.002 u_rw=     5.1 u_bx=  -0.00 u_by=  -0.00 com_xy= 0.001m
Step 270600: pitch= -0.07deg roll= -0.00deg x= -0.000 y=  0.002 u_rw=   -13.1 u_bx=  -0.13 u_by=   0.01 com_xy= 0.001m
Step 270700: pitch=  0.02deg roll= -0.00deg x=  0.000 y=  0.003 u_rw=     3.1 u_bx=   0.04 u_by=  -0.00 com_xy= 0.001m
Step 270800: pitch= -0.00deg roll= -0.00deg x=  0.000 y=  0.003 u_rw=    19.7 u_bx=   0.12 u_by=   0.01 com_xy= 0.000m
Step 270900: pitch= -0.06deg roll= -0.00deg x=  0.000 y=  0.004 u_rw=   -11.3 u_bx=  -0.07 u_by=  -0.02 com_xy= 0.000m
Step 271000: pitch= -0.06deg roll= -0.00deg x= -0.000 y=  0.003 u_rw=    -8.5 u_bx=  -0.10 u_by=   0.00 com_xy= 0.000m
Step 271100: pitch= -0.00deg roll= -0.00deg x= -0.000 y=  0.002 u_rw=    -2.7 u_bx=  -0.05 u_by=  -0.02 com_xy= 0.000m
Step 271200: pitch= -0.06deg roll= -0.00deg x=  0.000 y=  0.000 u_rw=    -5.7 u_bx=  -0.05 u_by=   0.01 com_xy= 0.000m
Step 271300: pitch= -0.06deg roll= -0.00deg x= -0.000 y=  0.001 u_rw=    -5.3 u_bx=  -0.00 u_by=   0.02 com_xy= 0.000m
Step 271400: pitch= -0.06deg roll= -0.00deg x= -0.000 y=  0.003 u_rw=    -3.9 u_bx=  -0.07 u_by=   0.00 com_xy= 0.000m
Step 271500: pitch=  0.03deg roll= -0.00deg x= -0.000 y=  0.004 u_rw=     5.3 u_bx=   0.04 u_by=   0.02 com_xy= 0.000m
Step 271600: pitch=  0.00deg roll= -0.00deg x= -0.000 y=  0.006 u_rw=    18.1 u_bx=   0.08 u_by=   0.03 com_xy= 0.000m
Step 271700: pitch= -0.09deg roll= -0.00deg x= -0.000 y=  0.009 u_rw=    -3.1 u_bx=  -0.10 u_by=   0.04 com_xy= 0.001m
Step 271800: pitch= -0.04deg roll=  0.00deg x= -0.000 y=  0.013 u_rw=    10.7 u_bx=   0.01 u_by=   0.03 com_xy= 0.001m
Step 271900: pitch= -0.05deg roll=  0.00deg x= -0.000 y=  0.018 u_rw=    10.0 u_bx=  -0.01 u_by=   0.01 com_xy= 0.001m
Step 272000: pitch= -0.13deg roll=  0.00deg x= -0.000 y=  0.020 u_rw=   -19.7 u_bx=  -0.17 u_by=  -0.03 com_xy= 0.002m
Step 272100: pitch= -0.10deg roll=  0.01deg x= -0.000 y=  0.019 u_rw=   -19.2 u_bx=  -0.18 u_by=  -0.00 com_xy= 0.002m
Step 272200: pitch= -0.04deg roll=  0.01deg x= -0.000 y=  0.020 u_rw=    -1.1 u_bx=  -0.12 u_by=   0.00 com_xy= 0.003m
Step 272300: pitch= -0.03deg roll=  0.01deg x= -0.000 y=  0.022 u_rw=     9.5 u_bx=  -0.05 u_by=   0.03 com_xy= 0.005m
Step 272400: pitch= -0.13deg roll=  0.02deg x= -0.000 y=  0.025 u_rw=    -2.8 u_bx=  -0.09 u_by=  -0.00 com_xy= 0.008m
Step 272500: pitch= -0.16deg roll=  0.04deg x= -0.000 y=  0.027 u_rw=    -5.0 u_bx=  -0.18 u_by=   0.03 com_xy= 0.012m
Step 272600: pitch= -0.14deg roll=  0.05deg x= -0.000 y=  0.029 u_rw=     8.5 u_bx=  -0.15 u_by=   0.04 com_xy= 0.018m
Step 272700: pitch= -0.18deg roll=  0.08deg x= -0.000 y=  0.032 u_rw=    -3.8 u_bx=  -0.20 u_by=   0.01 com_xy= 0.028m
Step 272800: pitch= -0.12deg roll=  0.13deg x= -0.000 y=  0.035 u_rw=    11.9 u_bx=  -0.13 u_by=  -0.00 com_xy= 0.044m
Step 272900: pitch= -0.10deg roll=  0.18deg x= -0.000 y=  0.035 u_rw=     8.8 u_bx=  -0.06 u_by=  -0.03 com_xy= 0.067m
Step 273000: pitch= -0.13deg roll=  0.20deg x= -0.000 y=  0.032 u_rw=     9.0 u_bx=  -0.10 u_by=  -0.03 com_xy= 0.103m

CRASH #108 at step 273096: pitch=-0.10deg roll=0.24deg com_xy=0.154m reason=com_overload
Step 273100: pitch=  0.00deg roll= -0.00deg x= -0.000 y= -0.000 u_rw=     0.0 u_bx=   0.00 u_by=   0.00 com_xy= 0.000m
Step 273200: pitch=  0.03deg roll= -0.00deg x=  0.000 y= -0.000 u_rw=    -5.1 u_bx=  -0.05 u_by=  -0.02 com_xy= 0.000m
Step 273300: pitch=  0.06deg roll= -0.00deg x=  0.000 y= -0.002 u_rw=    11.5 u_bx=   0.13 u_by=  -0.02 com_xy= 0.000m
Step 273400: pitch=  0.04deg roll= -0.00deg x=  0.000 y= -0.004 u_rw=    -7.0 u_bx=   0.03 u_by=  -0.02 com_xy= 0.000m
Step 273500: pitch= -0.01deg roll= -0.00deg x= -0.000 y= -0.006 u_rw=    -6.9 u_bx=  -0.10 u_by=   0.01 com_xy= 0.000m
Step 273600: pitch=  0.01deg roll= -0.00deg x= -0.000 y= -0.006 u_rw=     0.5 u_bx=  -0.03 u_by=   0.00 com_xy= 0.000m
Step 273700: pitch=  0.01deg roll= -0.00deg x= -0.000 y= -0.005 u_rw=    -1.9 u_bx=  -0.09 u_by=  -0.01 com_xy= 0.000m
Step 273800: pitch= -0.07deg roll= -0.00deg x= -0.000 y= -0.005 u_rw=    -2.9 u_bx=  -0.09 u_by=   0.00 com_xy= 0.001m
Step 273900: pitch= -0.02deg roll= -0.00deg x= -0.000 y= -0.005 u_rw=     4.6 u_bx=   0.00 u_by=   0.01 com_xy= 0.001m
Step 274000: pitch=  0.04deg roll= -0.00deg x=  0.000 y= -0.005 u_rw=    13.9 u_bx=   0.08 u_by=  -0.00 com_xy= 0.002m
Step 274100: pitch=  0.08deg roll= -0.00deg x=  0.000 y= -0.005 u_rw=     5.8 u_bx=   0.07 u_by=  -0.01 com_xy= 0.003m
Step 274200: pitch=  0.06deg roll= -0.00deg x=  0.000 y= -0.005 u_rw=    10.0 u_bx=   0.06 u_by=   0.01 com_xy= 0.004m
Step 274300: pitch=  0.09deg roll= -0.00deg x=  0.000 y= -0.004 u_rw=     6.3 u_bx=   0.10 u_by=   0.01 com_xy= 0.005m
Step 274400: pitch=  0.05deg roll= -0.00deg x=  0.000 y= -0.004 u_rw=    -6.0 u_bx=   0.02 u_by=  -0.02 com_xy= 0.008m
Step 274500: pitch=  0.03deg roll= -0.00deg x=  0.000 y= -0.005 u_rw=   -12.3 u_bx=  -0.02 u_by=  -0.02 com_xy= 0.012m
Step 274600: pitch=  0.06deg roll= -0.00deg x=  0.000 y= -0.006 u_rw=     6.5 u_bx=   0.10 u_by=  -0.02 com_xy= 0.020m
Step 274700: pitch=  0.06deg roll= -0.00deg x=  0.000 y= -0.009 u_rw=     9.7 u_bx=   0.09 u_by=  -0.02 com_xy= 0.032m
Step 274800: pitch=  0.01deg roll= -0.00deg x=  0.000 y= -0.013 u_rw=     7.4 u_bx=   0.10 u_by=  -0.03 com_xy= 0.053m
Step 274900: pitch= -0.14deg roll= -0.00deg x= -0.000 y= -0.018 u_rw=    -0.3 u_bx=  -0.02 u_by=  -0.04 com_xy= 0.085m
Step 275000: pitch= -0.19deg roll= -0.00deg x= -0.000 y= -0.023 u_rw=     2.0 u_bx=  -0.15 u_by=  -0.00 com_xy= 0.135m

CRASH #109 at step 275030: pitch=-0.22deg roll=-0.00deg com_xy=0.155m reason=com_overload
Step 275100: pitch= -0.00deg roll= -0.00deg x= -0.000 y= -0.000 u_rw=     1.6 u_bx=   0.01 u_by=   0.00 com_xy= 0.000m
Step 275200: pitch=  0.02deg roll= -0.00deg x=  0.000 y= -0.001 u_rw=    -3.8 u_bx=  -0.02 u_by=  -0.01 com_xy= 0.000m
Step 275300: pitch=  0.03deg roll= -0.00deg x=  0.000 y= -0.003 u_rw=     1.6 u_bx=   0.05 u_by=  -0.03 com_xy= 0.000m
Step 275400: pitch= -0.01deg roll= -0.00deg x= -0.000 y= -0.005 u_rw=    -2.5 u_bx=  -0.05 u_by=  -0.01 com_xy= 0.000m
Step 275500: pitch= -0.09deg roll= -0.00deg x= -0.000 y= -0.005 u_rw=     1.5 u_bx=  -0.12 u_by=   0.04 com_xy= 0.000m
Step 275600: pitch= -0.09deg roll= -0.00deg x= -0.000 y= -0.003 u_rw=   -17.8 u_bx=  -0.14 u_by=   0.02 com_xy= 0.000m
Step 275700: pitch= -0.06deg roll= -0.00deg x= -0.000 y= -0.000 u_rw=    -2.0 u_bx=  -0.04 u_by=   0.01 com_xy= 0.001m
Step 275800: pitch=  0.03deg roll= -0.00deg x= -0.000 y=  0.001 u_rw=     9.2 u_bx=   0.07 u_by=   0.01 com_xy= 0.002m
Step 275900: pitch= -0.07deg roll= -0.00deg x= -0.000 y=  0.002 u_rw=    -5.3 u_bx=  -0.09 u_by=   0.03 com_xy= 0.002m
Step 276000: pitch=  0.04deg roll= -0.00deg x= -0.000 y=  0.005 u_rw=    -0.3 u_bx=  -0.02 u_by=   0.03 com_xy= 0.004m
Step 276100: pitch=  0.08deg roll= -0.00deg x=  0.000 y=  0.008 u_rw=     4.0 u_bx=   0.11 u_by=   0.01 com_xy= 0.006m
Step 276200: pitch= -0.01deg roll= -0.00deg x=  0.000 y=  0.009 u_rw=     8.8 u_bx=   0.11 u_by=  -0.01 com_xy= 0.009m
Step 276300: pitch= -0.05deg roll= -0.00deg x=  0.000 y=  0.008 u_rw=   -12.4 u_bx=  -0.05 u_by=   0.00 com_xy= 0.014m
Step 276400: pitch= -0.03deg roll= -0.00deg x=  0.000 y=  0.006 u_rw=     0.6 u_bx=  -0.04 u_by=  -0.02 com_xy= 0.023m
Step 276500: pitch= -0.06deg roll= -0.00deg x= -0.000 y=  0.005 u_rw=    -7.4 u_bx=  -0.12 u_by=  -0.01 com_xy= 0.038m
Step 276600: pitch= -0.16deg roll= -0.00deg x= -0.000 y=  0.003 u_rw=    -5.0 u_bx=  -0.12 u_by=  -0.01 com_xy= 0.062m
Step 276700: pitch= -0.22deg roll= -0.00deg x= -0.000 y=  0.003 u_rw=     8.8 u_bx=  -0.11 u_by=   0.05 com_xy= 0.100m

CRASH #110 at step 276794: pitch=-0.30deg roll=-0.00deg com_xy=0.155m reason=com_overload
Step 276800: pitch=  0.00deg roll= -0.00deg x= -0.000 y= -0.000 u_rw=    -0.5 u_bx=  -0.00 u_by=  -0.00 com_xy= 0.000m
Step 276900: pitch=  0.00deg roll= -0.00deg x=  0.000 y= -0.001 u_rw=    -4.2 u_bx=   0.00 u_by=  -0.02 com_xy= 0.000m
Step 277000: pitch= -0.03deg roll= -0.00deg x=  0.000 y= -0.004 u_rw=   -12.4 u_bx=  -0.06 u_by=   0.02 com_xy= 0.000m
Step 277100: pitch= -0.03deg roll= -0.00deg x=  0.000 y= -0.005 u_rw=    -0.8 u_bx=   0.02 u_by=   0.01 com_xy= 0.000m
Step 277200: pitch= -0.04deg roll= -0.00deg x= -0.000 y= -0.005 u_rw=    -3.4 u_bx=  -0.08 u_by=  -0.01 com_xy= 0.000m
Step 277300: pitch= -0.07deg roll= -0.00deg x=  0.000 y= -0.007 u_rw=   -18.6 u_bx=  -0.13 u_by=  -0.03 com_xy= 0.001m
Step 277400: pitch=  0.00deg roll= -0.00deg x=  0.000 y= -0.008 u_rw=    -9.5 u_bx=  -0.09 u_by=   0.00 com_xy= 0.001m
Step 277500: pitch= -0.04deg roll= -0.00deg x= -0.000 y= -0.007 u_rw=    -8.0 u_bx=  -0.06 u_by=  -0.01 com_xy= 0.001m
Step 277600: pitch= -0.01deg roll= -0.00deg x= -0.000 y= -0.006 u_rw=     6.0 u_bx=   0.03 u_by=   0.00 com_xy= 0.001m
Step 277700: pitch=  0.01deg roll= -0.00deg x= -0.000 y= -0.005 u_rw=     4.7 u_bx=  -0.01 u_by=   0.03 com_xy= 0.002m
Step 277800: pitch= -0.11deg roll= -0.00deg x= -0.000 y= -0.002 u_rw=    -0.2 u_bx=  -0.11 u_by=  -0.01 com_xy= 0.002m
Step 277900: pitch= -0.05deg roll= -0.00deg x= -0.000 y= -0.001 u_rw=    -9.6 u_bx=  -0.14 u_by=   0.03 com_xy= 0.003m
Step 278000: pitch= -0.09deg roll= -0.00deg x= -0.000 y=  0.002 u_rw=    -2.8 u_bx=  -0.06 u_by=   0.02 com_xy= 0.003m
Step 278100: pitch= -0.06deg roll= -0.00deg x= -0.000 y=  0.005 u_rw=     6.4 u_bx=  -0.01 u_by=   0.04 com_xy= 0.005m
Step 278200: pitch= -0.01deg roll= -0.00deg x= -0.000 y=  0.009 u_rw=    17.7 u_bx=   0.04 u_by=   0.04 com_xy= 0.008m
Step 278300: pitch= -0.05deg roll= -0.00deg x= -0.000 y=  0.014 u_rw=    16.0 u_bx=   0.08 u_by=   0.01 com_xy= 0.013m
Step 278400: pitch= -0.07deg roll= -0.00deg x= -0.000 y=  0.016 u_rw=     3.7 u_bx=   0.02 u_by=  -0.00 com_xy= 0.021m
Step 278500: pitch=  0.01deg roll= -0.00deg x= -0.000 y=  0.017 u_rw=     5.3 u_bx=  -0.00 u_by=   0.01 com_xy= 0.034m
Step 278600: pitch= -0.01deg roll= -0.00deg x= -0.000 y=  0.018 u_rw=    -7.1 u_bx=  -0.04 u_by=   0.02 com_xy= 0.055m
Step 278700: pitch=  0.07deg roll= -0.00deg x=  0.000 y=  0.021 u_rw=    -5.8 u_bx=   0.03 u_by=   0.01 com_xy= 0.089m
Step 278800: pitch=  0.27deg roll= -0.00deg x=  0.000 y=  0.023 u_rw=    14.7 u_bx=   0.24 u_by=  -0.02 com_xy= 0.142m

CRASH #111 at step 278819: pitch=0.28deg roll=-0.00deg com_xy=0.155m reason=com_overload
Step 278900: pitch=  0.01deg roll= -0.00deg x= -0.000 y=  0.000 u_rw=     1.4 u_bx=   0.03 u_by=  -0.00 com_xy= 0.000m
Step 279000: pitch=  0.04deg roll= -0.00deg x= -0.000 y=  0.000 u_rw=    14.2 u_bx=   0.05 u_by=  -0.01 com_xy= 0.000m
Step 279100: pitch=  0.02deg roll= -0.00deg x= -0.000 y= -0.000 u_rw=     5.9 u_bx=   0.09 u_by=  -0.02 com_xy= 0.000m
Step 279200: pitch=  0.03deg roll= -0.00deg x=  0.000 y= -0.002 u_rw=    -2.8 u_bx=   0.02 u_by=  -0.02 com_xy= 0.000m
Step 279300: pitch= -0.00deg roll= -0.00deg x=  0.000 y= -0.004 u_rw=    -5.9 u_bx=   0.04 u_by=  -0.02 com_xy= 0.000m
Step 279400: pitch= -0.01deg roll= -0.00deg x=  0.000 y= -0.006 u_rw=   -13.4 u_bx=   0.02 u_by=  -0.03 com_xy= 0.000m
Step 279500: pitch= -0.01deg roll= -0.00deg x=  0.000 y= -0.008 u_rw=   -12.2 u_bx=  -0.02 u_by=   0.01 com_xy= 0.001m
Step 279600: pitch=  0.02deg roll= -0.00deg x= -0.000 y= -0.008 u_rw=   -11.2 u_bx=  -0.07 u_by=   0.01 com_xy= 0.001m
Step 279700: pitch= -0.01deg roll= -0.00deg x=  0.000 y= -0.007 u_rw=   -10.9 u_bx=  -0.02 u_by=  -0.01 com_xy= 0.002m
Step 279800: pitch= -0.07deg roll= -0.00deg x= -0.000 y= -0.007 u_rw=    -5.3 u_bx=  -0.09 u_by=   0.03 com_xy= 0.002m
Step 279900: pitch= -0.02deg roll= -0.00deg x=  0.000 y= -0.006 u_rw=    -6.1 u_bx=  -0.07 u_by=  -0.00 com_xy= 0.002m
Step 280000: pitch= -0.08deg roll= -0.00deg x= -0.000 y= -0.005 u_rw=    -7.3 u_bx=  -0.07 u_by=   0.00 com_xy= 0.003m
Step 280100: pitch= -0.07deg roll= -0.00deg x= -0.000 y= -0.005 u_rw=    -0.8 u_bx=  -0.04 u_by=   0.02 com_xy= 0.004m
Step 280200: pitch= -0.06deg roll= -0.00deg x= -0.000 y= -0.004 u_rw=    -5.6 u_bx=  -0.03 u_by=  -0.01 com_xy= 0.007m
Step 280300: pitch= -0.05deg roll= -0.00deg x= -0.000 y= -0.005 u_rw=     8.8 u_bx=   0.03 u_by=  -0.02 com_xy= 0.010m
Step 280400: pitch= -0.00deg roll= -0.00deg x= -0.000 y= -0.006 u_rw=     5.2 u_bx=   0.01 u_by=  -0.00 com_xy= 0.017m
Step 280500: pitch= -0.04deg roll= -0.00deg x= -0.000 y= -0.007 u_rw=   -16.6 u_bx=  -0.12 u_by=  -0.02 com_xy= 0.028m
Step 280600: pitch=  0.06deg roll= -0.00deg x= -0.000 y= -0.007 u_rw=    -1.5 u_bx=   0.01 u_by=   0.00 com_xy= 0.044m
Step 280700: pitch=  0.13deg roll= -0.00deg x=  0.000 y= -0.007 u_rw=    19.1 u_bx=   0.18 u_by=   0.01 com_xy= 0.070m
Step 280800: pitch=  0.13deg roll= -0.00deg x=  0.000 y= -0.007 u_rw=    -0.2 u_bx=   0.09 u_by=  -0.01 com_xy= 0.114m

CRASH #112 at step 280868: pitch=0.21deg roll=-0.00deg com_xy=0.156m reason=com_overload
Step 280900: pitch=  0.01deg roll= -0.00deg x=  0.000 y= -0.000 u_rw=    -2.6 u_bx=   0.03 u_by=  -0.01 com_xy= 0.000m
Step 281000: pitch= -0.05deg roll= -0.00deg x=  0.000 y= -0.001 u_rw=   -10.6 u_bx=  -0.06 u_by=  -0.01 com_xy= 0.000m
Step 281100: pitch= -0.02deg roll= -0.00deg x=  0.000 y= -0.003 u_rw=    -4.4 u_bx=   0.03 u_by=   0.01 com_xy= 0.000m
Step 281200: pitch= -0.01deg roll= -0.00deg x=  0.000 y= -0.003 u_rw=     2.8 u_bx=   0.02 u_by=   0.01 com_xy= 0.000m
Step 281300: pitch=  0.05deg roll= -0.00deg x= -0.000 y= -0.003 u_rw=     9.5 u_bx=   0.12 u_by=   0.00 com_xy= 0.000m
Step 281400: pitch= -0.05deg roll= -0.00deg x=  0.000 y= -0.002 u_rw=    -5.3 u_bx=   0.02 u_by=  -0.02 com_xy= 0.000m
Step 281500: pitch= -0.06deg roll= -0.00deg x=  0.000 y= -0.002 u_rw=    -1.9 u_bx=   0.00 u_by=   0.00 com_xy= 0.000m
Step 281600: pitch= -0.04deg roll= -0.00deg x= -0.000 y= -0.001 u_rw=     2.7 u_bx=   0.02 u_by=   0.02 com_xy= 0.001m
Step 281700: pitch= -0.06deg roll= -0.00deg x= -0.000 y=  0.001 u_rw=    -5.0 u_bx=  -0.03 u_by=   0.01 com_xy= 0.001m
Step 281800: pitch= -0.01deg roll= -0.00deg x=  0.000 y=  0.002 u_rw=    -4.7 u_bx=   0.01 u_by=  -0.00 com_xy= 0.002m
Step 281900: pitch= -0.02deg roll= -0.00deg x=  0.000 y=  0.003 u_rw=    -2.2 u_bx=  -0.06 u_by=   0.00 com_xy= 0.002m
Step 282000: pitch=  0.04deg roll= -0.00deg x=  0.000 y=  0.003 u_rw=     8.2 u_bx=   0.09 u_by=   0.00 com_xy= 0.003m
Step 282100: pitch=  0.04deg roll= -0.00deg x=  0.000 y=  0.002 u_rw=     9.3 u_bx=   0.14 u_by=  -0.03 com_xy= 0.005m
Step 282200: pitch=  0.06deg roll= -0.00deg x=  0.000 y=  0.000 u_rw=     3.2 u_bx=   0.05 u_by=   0.00 com_xy= 0.007m
Step 282300: pitch=  0.04deg roll= -0.00deg x=  0.000 y= -0.001 u_rw=    14.0 u_bx=   0.18 u_by=  -0.01 com_xy= 0.013m
Step 282400: pitch= -0.03deg roll= -0.00deg x=  0.000 y= -0.001 u_rw=    -7.1 u_bx=  -0.07 u_by=  -0.01 com_xy= 0.019m
Step 282500: pitch=  0.04deg roll= -0.00deg x=  0.000 y= -0.003 u_rw=     4.0 u_bx=   0.04 u_by=  -0.03 com_xy= 0.032m
Step 282600: pitch= -0.02deg roll= -0.00deg x= -0.000 y= -0.006 u_rw=     2.3 u_bx=  -0.04 u_by=  -0.00 com_xy= 0.051m
Step 282700: pitch= -0.09deg roll= -0.00deg x= -0.000 y= -0.007 u_rw=     6.6 u_bx=  -0.04 u_by=   0.02 com_xy= 0.083m
Step 282800: pitch= -0.30deg roll= -0.00deg x= -0.000 y= -0.005 u_rw=   -20.2 u_bx=  -0.28 u_by=   0.02 com_xy= 0.132m

CRASH #113 at step 282833: pitch=-0.32deg roll=-0.00deg com_xy=0.154m reason=com_overload
Step 282900: pitch=  0.02deg roll= -0.00deg x=  0.000 y= -0.000 u_rw=     3.6 u_bx=   0.04 u_by=  -0.00 com_xy= 0.000m
Step 283000: pitch=  0.03deg roll= -0.00deg x= -0.000 y= -0.000 u_rw=    13.1 u_bx=   0.04 u_by=   0.01 com_xy= 0.000m
Step 283100: pitch=  0.03deg roll= -0.00deg x=  0.000 y=  0.001 u_rw=    12.2 u_bx=   0.08 u_by=   0.00 com_xy= 0.000m
Step 283200: pitch= -0.01deg roll= -0.00deg x=  0.000 y=  0.001 u_rw=   -21.1 u_bx=   0.00 u_by=  -0.05 com_xy= 0.000m
Step 283300: pitch=  0.02deg roll= -0.00deg x=  0.000 y= -0.002 u_rw=   -14.4 u_bx=  -0.03 u_by=  -0.04 com_xy= 0.000m
Step 283400: pitch=  0.11deg roll= -0.00deg x=  0.000 y= -0.006 u_rw=     1.9 u_bx=   0.18 u_by=  -0.03 com_xy= 0.000m
Step 283500: pitch=  0.08deg roll= -0.00deg x=  0.000 y= -0.009 u_rw=    17.9 u_bx=   0.25 u_by=  -0.02 com_xy= 0.000m
Step 283600: pitch=  0.01deg roll= -0.00deg x=  0.000 y= -0.012 u_rw=    -8.7 u_bx=  -0.01 u_by=  -0.01 com_xy= 0.002m
Step 283700: pitch=  0.10deg roll= -0.00deg x=  0.000 y= -0.014 u_rw=     7.6 u_bx=   0.13 u_by=  -0.02 com_xy= 0.003m
Step 283800: pitch= -0.02deg roll= -0.00deg x=  0.000 y= -0.016 u_rw=    -1.4 u_bx=   0.03 u_by=   0.00 com_xy= 0.005m
Step 283900: pitch= -0.04deg roll= -0.00deg x=  0.000 y= -0.018 u_rw=    -9.2 u_bx=  -0.05 u_by=  -0.01 com_xy= 0.008m
Step 284000: pitch=  0.04deg roll= -0.00deg x=  0.000 y= -0.019 u_rw=    -9.5 u_bx=  -0.02 u_by=  -0.02 com_xy= 0.013m
Step 284100: pitch=  0.09deg roll= -0.00deg x=  0.000 y= -0.020 u_rw=    11.7 u_bx=   0.10 u_by=   0.00 com_xy= 0.020m
Step 284200: pitch=  0.07deg roll= -0.00deg x=  0.000 y= -0.021 u_rw=     4.4 u_bx=   0.07 u_by=  -0.01 com_xy= 0.032m
Step 284300: pitch=  0.17deg roll= -0.00deg x=  0.000 y= -0.023 u_rw=    17.3 u_bx=   0.21 u_by=  -0.04 com_xy= 0.052m
Step 284400: pitch=  0.19deg roll= -0.00deg x=  0.000 y= -0.028 u_rw=   -15.7 u_bx=   0.13 u_by=  -0.06 com_xy= 0.086m
Step 284500: pitch=  0.35deg roll=  0.00deg x=  0.000 y= -0.036 u_rw=    16.3 u_bx=   0.38 u_by=  -0.07 com_xy= 0.137m

CRASH #114 at step 284527: pitch=0.41deg roll=0.00deg com_xy=0.154m reason=com_overload
Step 284600: pitch= -0.02deg roll= -0.00deg x=  0.000 y=  0.000 u_rw=     6.2 u_bx=   0.04 u_by=  -0.01 com_xy= 0.000m
Step 284700: pitch=  0.01deg roll= -0.00deg x= -0.000 y= -0.000 u_rw=    14.6 u_bx=   0.03 u_by=   0.02 com_xy= 0.000m
Step 284800: pitch= -0.01deg roll= -0.00deg x= -0.000 y=  0.000 u_rw=    -1.1 u_bx=  -0.05 u_by=  -0.00 com_xy= 0.000m
Step 284900: pitch= -0.01deg roll= -0.00deg x= -0.000 y=  0.002 u_rw=    -6.2 u_bx=  -0.11 u_by=   0.03 com_xy= 0.000m
Step 285000: pitch= -0.06deg roll= -0.00deg x= -0.000 y=  0.005 u_rw=    -9.7 u_bx=  -0.14 u_by=   0.02 com_xy= 0.000m
Step 285100: pitch= -0.05deg roll= -0.00deg x= -0.000 y=  0.008 u_rw=    -8.6 u_bx=  -0.10 u_by=   0.01 com_xy= 0.000m
Step 285200: pitch= -0.05deg roll= -0.00deg x= -0.000 y=  0.011 u_rw=    -2.9 u_bx=  -0.07 u_by=   0.01 com_xy= 0.000m
Step 285300: pitch= -0.03deg roll= -0.00deg x= -0.000 y=  0.012 u_rw=     7.2 u_bx=  -0.02 u_by=   0.02 com_xy= 0.001m
Step 285400: pitch=  0.02deg roll= -0.00deg x= -0.000 y=  0.014 u_rw=    10.0 u_bx=   0.01 u_by=   0.02 com_xy= 0.001m
Step 285500: pitch=  0.07deg roll= -0.00deg x=  0.000 y=  0.016 u_rw=     9.5 u_bx=   0.08 u_by=   0.02 com_xy= 0.001m
Step 285600: pitch=  0.04deg roll= -0.00deg x= -0.000 y=  0.019 u_rw=    -0.7 u_bx=  -0.03 u_by=   0.02 com_xy= 0.000m
Step 285700: pitch=  0.03deg roll= -0.00deg x= -0.000 y=  0.021 u_rw=    -5.9 u_bx=  -0.09 u_by=   0.03 com_xy= 0.000m
Step 285800: pitch= -0.04deg roll= -0.00deg x=  0.000 y=  0.024 u_rw=    -1.3 u_bx=   0.00 u_by=   0.02 com_xy= 0.000m
Step 285900: pitch= -0.04deg roll= -0.00deg x= -0.000 y=  0.027 u_rw=   -15.8 u_bx=  -0.12 u_by=   0.01 com_xy= 0.001m
Step 286000: pitch=  0.00deg roll= -0.00deg x=  0.000 y=  0.029 u_rw=    -9.4 u_bx=  -0.07 u_by=   0.00 com_xy= 0.001m
Step 286100: pitch= -0.03deg roll= -0.00deg x= -0.000 y=  0.030 u_rw=     5.9 u_bx=   0.06 u_by=  -0.00 com_xy= 0.000m
Step 286200: pitch= -0.09deg roll= -0.00deg x= -0.000 y=  0.029 u_rw=     1.4 u_bx=  -0.10 u_by=   0.00 com_xy= 0.000m
Step 286300: pitch= -0.07deg roll= -0.00deg x=  0.000 y=  0.028 u_rw=   -19.0 u_bx=  -0.12 u_by=  -0.02 com_xy= 0.001m
Step 286400: pitch=  0.03deg roll= -0.00deg x= -0.000 y=  0.027 u_rw=    -0.8 u_bx=  -0.03 u_by=   0.02 com_xy= 0.001m
Step 286500: pitch=  0.04deg roll= -0.00deg x= -0.000 y=  0.028 u_rw=    13.4 u_bx=   0.05 u_by=   0.02 com_xy= 0.001m
Step 286600: pitch= -0.05deg roll= -0.01deg x= -0.000 y=  0.030 u_rw=    -3.3 u_bx=  -0.03 u_by=   0.00 com_xy= 0.001m
Step 286700: pitch= -0.03deg roll= -0.01deg x= -0.000 y=  0.032 u_rw=     5.4 u_bx=   0.01 u_by=   0.04 com_xy= 0.002m
Step 286800: pitch= -0.04deg roll= -0.01deg x= -0.000 y=  0.037 u_rw=    -8.4 u_bx=  -0.09 u_by=   0.05 com_xy= 0.004m
Step 286900: pitch= -0.05deg roll= -0.02deg x= -0.000 y=  0.043 u_rw=   -12.8 u_bx=  -0.11 u_by=   0.02 com_xy= 0.005m
Step 287000: pitch= -0.06deg roll= -0.03deg x= -0.000 y=  0.048 u_rw=   -10.4 u_bx=  -0.15 u_by=   0.04 com_xy= 0.008m
Step 287100: pitch= -0.05deg roll= -0.04deg x= -0.000 y=  0.053 u_rw=    -5.9 u_bx=  -0.08 u_by=   0.05 com_xy= 0.013m
Step 287200: pitch= -0.05deg roll= -0.07deg x= -0.000 y=  0.058 u_rw=    -8.9 u_bx=  -0.12 u_by=   0.04 com_xy= 0.020m
Step 287300: pitch= -0.07deg roll= -0.10deg x= -0.000 y=  0.064 u_rw=   -11.2 u_bx=  -0.17 u_by=   0.06 com_xy= 0.031m
Step 287400: pitch= -0.07deg roll= -0.14deg x= -0.000 y=  0.072 u_rw=   -15.4 u_bx=  -0.12 u_by=   0.06 com_xy= 0.047m
Step 287500: pitch= -0.06deg roll= -0.20deg x= -0.000 y=  0.081 u_rw=    -1.9 u_bx=  -0.09 u_by=   0.04 com_xy= 0.073m
Step 287600: pitch= -0.04deg roll= -0.22deg x= -0.000 y=  0.089 u_rw=    -6.3 u_bx=  -0.11 u_by=   0.04 com_xy= 0.112m

CRASH #115 at step 287677: pitch=-0.01deg roll=-0.25deg com_xy=0.154m reason=com_overload
Step 287700: pitch= -0.00deg roll= -0.00deg x=  0.000 y= -0.000 u_rw=     1.2 u_bx=  -0.00 u_by=  -0.01 com_xy= 0.000m
Step 287800: pitch=  0.00deg roll= -0.00deg x=  0.000 y= -0.001 u_rw=     7.0 u_bx=   0.12 u_by=  -0.02 com_xy= 0.000m
Step 287900: pitch= -0.02deg roll= -0.00deg x= -0.000 y= -0.001 u_rw=     9.2 u_bx=   0.01 u_by=   0.01 com_xy= 0.000m
Step 288000: pitch=  0.00deg roll= -0.00deg x= -0.000 y= -0.002 u_rw=    10.3 u_bx=   0.05 u_by=   0.01 com_xy= 0.000m
Step 288100: pitch=  0.03deg roll= -0.00deg x= -0.000 y= -0.000 u_rw=     4.9 u_bx=   0.01 u_by=   0.03 com_xy= 0.000m
Step 288200: pitch= -0.02deg roll= -0.00deg x= -0.000 y=  0.002 u_rw=   -13.4 u_bx=  -0.11 u_by=   0.01 com_xy= 0.001m
Step 288300: pitch=  0.03deg roll= -0.00deg x= -0.000 y=  0.003 u_rw=    16.2 u_bx=   0.10 u_by=   0.00 com_xy= 0.000m
Step 288400: pitch=  0.06deg roll= -0.00deg x=  0.000 y=  0.003 u_rw=     1.0 u_bx=   0.02 u_by=   0.01 com_xy= 0.001m
Step 288500: pitch=  0.05deg roll= -0.00deg x=  0.000 y=  0.004 u_rw=    17.9 u_bx=   0.16 u_by=  -0.01 com_xy= 0.000m
Step 288600: pitch= -0.07deg roll= -0.00deg x=  0.000 y=  0.003 u_rw=     0.5 u_bx=   0.04 u_by=  -0.01 com_xy= 0.001m
Step 288700: pitch= -0.11deg roll= -0.00deg x=  0.000 y=  0.002 u_rw=    -5.4 u_bx=  -0.07 u_by=   0.01 com_xy= 0.001m
Step 288800: pitch= -0.03deg roll= -0.00deg x= -0.000 y=  0.003 u_rw=    -4.0 u_bx=  -0.07 u_by=   0.02 com_xy= 0.001m
Step 288900: pitch= -0.10deg roll= -0.00deg x= -0.000 y=  0.005 u_rw=    -7.3 u_bx=  -0.11 u_by=   0.03 com_xy= 0.001m
Step 289000: pitch= -0.06deg roll= -0.00deg x= -0.000 y=  0.009 u_rw=    -8.8 u_bx=  -0.07 u_by=   0.02 com_xy= 0.001m
Step 289100: pitch= -0.04deg roll= -0.00deg x= -0.000 y=  0.011 u_rw=    18.8 u_bx=   0.05 u_by=   0.02 com_xy= 0.000m
Step 289200: pitch= -0.05deg roll= -0.00deg x= -0.000 y=  0.012 u_rw=     1.9 u_bx=  -0.01 u_by=  -0.02 com_xy= 0.000m
Step 289300: pitch= -0.03deg roll= -0.00deg x= -0.000 y=  0.012 u_rw=    19.1 u_bx=   0.10 u_by=  -0.01 com_xy= 0.000m
Step 289400: pitch= -0.11deg roll= -0.00deg x= -0.000 y=  0.011 u_rw=     6.5 u_bx=   0.01 u_by=   0.01 com_xy= 0.000m
Step 289500: pitch= -0.16deg roll= -0.00deg x= -0.000 y=  0.011 u_rw=    -2.2 u_bx=  -0.22 u_by=   0.02 com_xy= 0.001m
Step 289600: pitch= -0.14deg roll= -0.00deg x= -0.000 y=  0.012 u_rw=   -19.0 u_bx=  -0.26 u_by=   0.04 com_xy= 0.002m
Step 289700: pitch= -0.10deg roll= -0.00deg x= -0.000 y=  0.016 u_rw=    -6.0 u_bx=  -0.18 u_by=   0.03 com_xy= 0.002m
Step 289800: pitch= -0.06deg roll= -0.00deg x= -0.000 y=  0.021 u_rw=     5.1 u_bx=  -0.06 u_by=   0.05 com_xy= 0.002m
Step 289900: pitch= -0.14deg roll= -0.01deg x= -0.000 y=  0.028 u_rw=    15.1 u_bx=  -0.03 u_by=   0.03 com_xy= 0.002m
Step 290000: pitch= -0.21deg roll= -0.01deg x= -0.000 y=  0.034 u_rw=    -2.4 u_bx=  -0.18 u_by=   0.03 com_xy= 0.003m
Step 290100: pitch= -0.11deg roll= -0.01deg x= -0.000 y=  0.039 u_rw=     9.1 u_bx=  -0.03 u_by=   0.04 com_xy= 0.005m
Step 290200: pitch= -0.20deg roll= -0.02deg x= -0.000 y=  0.046 u_rw=    12.0 u_bx=  -0.11 u_by=   0.06 com_xy= 0.007m
Step 290300: pitch= -0.24deg roll= -0.03deg x= -0.000 y=  0.054 u_rw=   -10.5 u_bx=  -0.31 u_by=   0.08 com_xy= 0.011m
Step 290400: pitch= -0.22deg roll= -0.05deg x= -0.000 y=  0.065 u_rw=     2.6 u_bx=  -0.19 u_by=   0.10 com_xy= 0.017m
Step 290500: pitch= -0.25deg roll= -0.08deg x= -0.000 y=  0.077 u_rw=     0.3 u_bx=  -0.23 u_by=   0.08 com_xy= 0.026m
Step 290600: pitch= -0.23deg roll= -0.12deg x= -0.000 y=  0.088 u_rw=     6.6 u_bx=  -0.22 u_by=   0.05 com_xy= 0.041m
Step 290700: pitch= -0.25deg roll= -0.17deg x= -0.000 y=  0.096 u_rw=    -1.1 u_bx=  -0.24 u_by=   0.05 com_xy= 0.063m
Step 290800: pitch= -0.15deg roll= -0.23deg x= -0.000 y=  0.104 u_rw=    11.3 u_bx=  -0.18 u_by=   0.07 com_xy= 0.097m
Step 290900: pitch= -0.09deg roll= -0.27deg x= -0.000 y=  0.112 u_rw=     9.6 u_bx=  -0.13 u_by=   0.07 com_xy= 0.148m

CRASH #116 at step 290909: pitch=-0.14deg roll=-0.27deg com_xy=0.154m reason=com_overload
Step 291000: pitch= -0.04deg roll= -0.00deg x= -0.000 y= -0.000 u_rw=    -7.8 u_bx=  -0.07 u_by=  -0.02 com_xy= 0.000m
Step 291100: pitch=  0.06deg roll= -0.00deg x=  0.000 y= -0.002 u_rw=     1.3 u_bx=   0.05 u_by=  -0.03 com_xy= 0.000m
Step 291200: pitch= -0.00deg roll= -0.00deg x= -0.000 y= -0.005 u_rw=    12.2 u_bx=   0.09 u_by=  -0.01 com_xy= 0.000m
Step 291300: pitch=  0.02deg roll= -0.00deg x= -0.000 y= -0.007 u_rw=     7.7 u_bx=   0.06 u_by=   0.00 com_xy= 0.000m
Step 291400: pitch= -0.04deg roll= -0.00deg x= -0.000 y= -0.007 u_rw=   -12.8 u_bx=  -0.11 u_by=   0.02 com_xy= 0.000m
Step 291500: pitch= -0.00deg roll= -0.00deg x= -0.000 y= -0.005 u_rw=   -11.4 u_bx=  -0.05 u_by=   0.01 com_xy= 0.000m
Step 291600: pitch=  0.03deg roll= -0.00deg x=  0.000 y= -0.002 u_rw=     5.4 u_bx=   0.03 u_by=   0.01 com_xy= 0.000m
Step 291700: pitch=  0.02deg roll= -0.00deg x=  0.000 y= -0.001 u_rw=    10.1 u_bx=   0.07 u_by=   0.02 com_xy= 0.001m
Step 291800: pitch=  0.07deg roll= -0.00deg x=  0.000 y=  0.000 u_rw=    13.1 u_bx=   0.13 u_by=  -0.01 com_xy= 0.001m
Step 291900: pitch= -0.00deg roll= -0.00deg x=  0.000 y= -0.001 u_rw=   -17.1 u_bx=  -0.03 u_by=  -0.03 com_xy= 0.000m
Step 292000: pitch=  0.07deg roll= -0.00deg x= -0.000 y= -0.004 u_rw=    -0.6 u_bx=   0.02 u_by=  -0.02 com_xy= 0.000m
Step 292100: pitch=  0.06deg roll= -0.00deg x= -0.000 y= -0.006 u_rw=    19.3 u_bx=   0.06 u_by=   0.03 com_xy= 0.000m
Step 292200: pitch= -0.03deg roll= -0.00deg x= -0.000 y= -0.006 u_rw=    -1.4 u_bx=  -0.03 u_by=   0.02 com_xy= 0.001m
Step 292300: pitch= -0.06deg roll= -0.00deg x= -0.000 y= -0.005 u_rw=    -6.8 u_bx=  -0.09 u_by=  -0.01 com_xy= 0.001m
Step 292400: pitch= -0.08deg roll= -0.00deg x= -0.000 y= -0.005 u_rw=   -19.4 u_bx=  -0.16 u_by=  -0.01 com_xy= 0.002m
Step 292500: pitch= -0.06deg roll= -0.00deg x= -0.000 y= -0.006 u_rw=   -17.0 u_bx=  -0.16 u_by=  -0.00 com_xy= 0.002m
Step 292600: pitch= -0.03deg roll= -0.00deg x= -0.000 y= -0.006 u_rw=     8.6 u_bx=   0.04 u_by=   0.01 com_xy= 0.002m
Step 292700: pitch= -0.00deg roll= -0.00deg x= -0.000 y= -0.006 u_rw=     9.7 u_bx=   0.03 u_by=   0.02 com_xy= 0.003m
Step 292800: pitch= -0.04deg roll= -0.00deg x= -0.000 y= -0.004 u_rw=    -4.9 u_bx=  -0.08 u_by=   0.01 com_xy= 0.005m
Step 292900: pitch= -0.08deg roll= -0.00deg x= -0.000 y= -0.003 u_rw=     4.6 u_bx=  -0.05 u_by=   0.01 com_xy= 0.007m
Step 293000: pitch= -0.05deg roll= -0.00deg x= -0.000 y= -0.002 u_rw=    13.9 u_bx=   0.00 u_by=   0.01 com_xy= 0.011m
Step 293100: pitch= -0.06deg roll= -0.01deg x= -0.000 y= -0.001 u_rw=     4.5 u_bx=  -0.02 u_by=  -0.00 com_xy= 0.018m
Step 293200: pitch= -0.06deg roll= -0.01deg x= -0.000 y= -0.001 u_rw=    -4.2 u_bx=  -0.03 u_by=   0.01 com_xy= 0.029m
Step 293300: pitch=  0.02deg roll= -0.01deg x= -0.000 y= -0.000 u_rw=    14.4 u_bx=   0.06 u_by=   0.03 com_xy= 0.046m
Step 293400: pitch=  0.11deg roll= -0.02deg x=  0.000 y=  0.003 u_rw=     5.2 u_bx=   0.06 u_by=   0.02 com_xy= 0.075m
Step 293500: pitch=  0.20deg roll= -0.03deg x=  0.000 y=  0.006 u_rw=     0.4 u_bx=   0.11 u_by=   0.01 com_xy= 0.121m

CRASH #117 at step 293554: pitch=0.30deg roll=-0.03deg com_xy=0.154m reason=com_overload
Step 293600: pitch=  0.00deg roll= -0.00deg x=  0.000 y= -0.000 u_rw=     4.9 u_bx=   0.06 u_by=  -0.00 com_xy= 0.000m
Step 293700: pitch=  0.00deg roll= -0.00deg x= -0.000 y=  0.000 u_rw=     6.4 u_bx=   0.01 u_by=   0.01 com_xy= 0.000m
Step 293800: pitch= -0.02deg roll= -0.00deg x= -0.000 y=  0.000 u_rw=     6.4 u_bx=  -0.03 u_by=  -0.00 com_xy= 0.000m
Step 293900: pitch=  0.02deg roll= -0.00deg x= -0.000 y=  0.000 u_rw=     6.0 u_bx=   0.03 u_by=  -0.01 com_xy= 0.000m
Step 294000: pitch=  0.02deg roll= -0.00deg x= -0.000 y= -0.000 u_rw=    11.7 u_bx=   0.06 u_by=  -0.01 com_xy= 0.000m
Step 294100: pitch=  0.01deg roll= -0.00deg x= -0.000 y= -0.001 u_rw=    10.4 u_bx=   0.06 u_by=   0.01 com_xy= 0.000m
Step 294200: pitch=  0.03deg roll= -0.00deg x= -0.000 y= -0.001 u_rw=    11.8 u_bx=   0.07 u_by=  -0.01 com_xy= 0.000m
Step 294300: pitch=  0.03deg roll= -0.00deg x= -0.000 y= -0.002 u_rw=     3.8 u_bx=  -0.06 u_by=   0.01 com_xy= 0.000m
Step 294400: pitch= -0.04deg roll= -0.00deg x= -0.000 y= -0.001 u_rw=   -14.1 u_bx=  -0.10 u_by=   0.01 com_xy= 0.001m
Step 294500: pitch= -0.04deg roll= -0.00deg x= -0.000 y=  0.001 u_rw=     0.8 u_bx=  -0.13 u_by=   0.03 com_xy= 0.000m
Step 294600: pitch= -0.01deg roll= -0.00deg x= -0.000 y=  0.004 u_rw=    11.9 u_bx=   0.01 u_by=   0.03 com_xy= 0.000m
Step 294700: pitch= -0.00deg roll= -0.00deg x= -0.000 y=  0.009 u_rw=    13.4 u_bx=   0.02 u_by=   0.03 com_xy= 0.000m
Step 294800: pitch= -0.00deg roll= -0.00deg x= -0.000 y=  0.014 u_rw=    -7.1 u_bx=  -0.08 u_by=   0.01 com_xy= 0.000m
Step 294900: pitch= -0.02deg roll= -0.00deg x= -0.000 y=  0.018 u_rw=    -9.0 u_bx=  -0.11 u_by=   0.02 com_xy= 0.000m
Step 295000: pitch=  0.01deg roll= -0.00deg x= -0.000 y=  0.021 u_rw=    -5.5 u_bx=  -0.05 u_by=   0.02 com_xy= 0.001m
Step 295100: pitch=  0.03deg roll= -0.00deg x= -0.000 y=  0.023 u_rw=    -6.4 u_bx=  -0.06 u_by=  -0.00 com_xy= 0.001m
Step 295200: pitch=  0.05deg roll= -0.00deg x=  0.000 y=  0.023 u_rw=     4.0 u_bx=   0.05 u_by=  -0.01 com_xy= 0.001m
Step 295300: pitch=  0.01deg roll= -0.00deg x= -0.000 y=  0.023 u_rw=    -2.3 u_bx=  -0.03 u_by=   0.00 com_xy= 0.000m
Step 295400: pitch=  0.01deg roll= -0.00deg x= -0.000 y=  0.024 u_rw=    -2.5 u_bx=  -0.03 u_by=   0.03 com_xy= 0.000m
Step 295500: pitch=  0.05deg roll= -0.00deg x=  0.000 y=  0.025 u_rw=    12.5 u_bx=   0.08 u_by=   0.01 com_xy= 0.000m
Step 295600: pitch=  0.06deg roll= -0.00deg x=  0.000 y=  0.027 u_rw=     2.5 u_bx=   0.00 u_by=  -0.01 com_xy= 0.000m
Step 295700: pitch=  0.04deg roll= -0.00deg x=  0.000 y=  0.026 u_rw=    12.6 u_bx=   0.05 u_by=  -0.02 com_xy= 0.000m
Step 295800: pitch=  0.06deg roll= -0.00deg x=  0.000 y=  0.024 u_rw=     9.4 u_bx=   0.07 u_by=  -0.04 com_xy= 0.000m
Step 295900: pitch=  0.05deg roll= -0.00deg x=  0.000 y=  0.020 u_rw=    -2.5 u_bx=   0.00 u_by=  -0.05 com_xy= 0.000m
Step 296000: pitch=  0.01deg roll= -0.00deg x=  0.000 y=  0.015 u_rw=   -12.1 u_bx=  -0.04 u_by=  -0.03 com_xy= 0.001m
Step 296100: pitch= -0.00deg roll=  0.00deg x=  0.000 y=  0.010 u_rw=    -5.3 u_bx=  -0.02 u_by=  -0.00 com_xy= 0.001m
Step 296200: pitch= -0.00deg roll=  0.00deg x=  0.000 y=  0.007 u_rw=    -5.1 u_bx=   0.02 u_by=  -0.03 com_xy= 0.001m
Step 296300: pitch=  0.06deg roll=  0.00deg x=  0.000 y=  0.004 u_rw=     9.3 u_bx=   0.17 u_by=  -0.06 com_xy= 0.002m
Step 296400: pitch=  0.11deg roll=  0.01deg x=  0.000 y= -0.002 u_rw=     8.8 u_bx=   0.16 u_by=  -0.03 com_xy= 0.003m
Step 296500: pitch=  0.12deg roll=  0.01deg x=  0.000 y= -0.006 u_rw=     4.7 u_bx=   0.12 u_by=  -0.02 com_xy= 0.004m
Step 296600: pitch=  0.08deg roll=  0.02deg x=  0.000 y= -0.009 u_rw=     9.8 u_bx=   0.16 u_by=  -0.01 com_xy= 0.006m
Step 296700: pitch=  0.03deg roll=  0.03deg x=  0.000 y= -0.012 u_rw=    -6.2 u_bx=   0.01 u_by=  -0.03 com_xy= 0.010m
Step 296800: pitch=  0.14deg roll=  0.05deg x=  0.000 y= -0.015 u_rw=     4.8 u_bx=   0.10 u_by=  -0.06 com_xy= 0.015m
Step 296900: pitch=  0.09deg roll=  0.07deg x=  0.000 y= -0.022 u_rw=     7.0 u_bx=   0.17 u_by=  -0.07 com_xy= 0.023m
Step 297000: pitch=  0.08deg roll=  0.11deg x=  0.000 y= -0.032 u_rw=   -18.3 u_bx=   0.04 u_by=  -0.08 com_xy= 0.036m
Step 297100: pitch=  0.13deg roll=  0.16deg x=  0.000 y= -0.044 u_rw=    13.8 u_bx=   0.24 u_by=  -0.10 com_xy= 0.056m
Step 297200: pitch=  0.16deg roll=  0.19deg x=  0.000 y= -0.058 u_rw=     6.2 u_bx=   0.19 u_by=  -0.12 com_xy= 0.085m
Step 297300: pitch=  0.15deg roll=  0.22deg x=  0.000 y= -0.074 u_rw=     2.5 u_bx=   0.20 u_by=  -0.14 com_xy= 0.131m

CRASH #118 at step 297340: pitch=0.08deg roll=0.24deg com_xy=0.154m reason=com_overload
Step 297400: pitch= -0.01deg roll= -0.00deg x= -0.000 y=  0.000 u_rw=     1.2 u_bx=   0.00 u_by=  -0.01 com_xy= 0.000m
Step 297500: pitch= -0.03deg roll= -0.00deg x=  0.000 y= -0.000 u_rw=    -4.7 u_bx=   0.02 u_by=  -0.01 com_xy= 0.000m
Step 297600: pitch= -0.02deg roll= -0.00deg x=  0.000 y= -0.001 u_rw=    -7.3 u_bx=  -0.04 u_by=  -0.01 com_xy= 0.000m
Step 297700: pitch=  0.01deg roll= -0.00deg x=  0.000 y= -0.003 u_rw=    11.1 u_bx=   0.09 u_by=  -0.02 com_xy= 0.000m
Step 297800: pitch=  0.01deg roll= -0.00deg x= -0.000 y= -0.005 u_rw=     5.0 u_bx=  -0.02 u_by=  -0.01 com_xy= 0.000m
Step 297900: pitch= -0.02deg roll= -0.00deg x= -0.000 y= -0.005 u_rw=    -4.1 u_bx=  -0.04 u_by=   0.03 com_xy= 0.000m
Step 298000: pitch= -0.06deg roll= -0.00deg x= -0.000 y= -0.003 u_rw=   -14.6 u_bx=  -0.10 u_by=   0.01 com_xy= 0.000m
Step 298100: pitch= -0.07deg roll= -0.00deg x= -0.000 y= -0.002 u_rw=    -3.7 u_bx=  -0.06 u_by=  -0.01 com_xy= 0.000m
Step 298200: pitch= -0.05deg roll= -0.00deg x= -0.000 y= -0.002 u_rw=   -19.0 u_bx=  -0.16 u_by=  -0.00 com_xy= 0.000m
Step 298300: pitch=  0.04deg roll= -0.00deg x= -0.000 y= -0.002 u_rw=     9.5 u_bx=   0.04 u_by=  -0.01 com_xy= 0.000m
Step 298400: pitch= -0.06deg roll= -0.00deg x= -0.000 y= -0.004 u_rw=    -7.1 u_bx=  -0.14 u_by=   0.01 com_xy= 0.000m
Step 298500: pitch=  0.05deg roll= -0.00deg x= -0.000 y= -0.005 u_rw=     3.0 u_bx=   0.02 u_by=   0.00 com_xy= 0.000m
Step 298600: pitch= -0.06deg roll= -0.00deg x= -0.000 y= -0.004 u_rw=    -2.4 u_bx=  -0.14 u_by=   0.04 com_xy= 0.000m
Step 298700: pitch=  0.02deg roll= -0.00deg x= -0.000 y= -0.002 u_rw=    17.6 u_bx=   0.08 u_by=   0.00 com_xy= 0.000m
Step 298800: pitch=  0.02deg roll= -0.00deg x=  0.000 y= -0.001 u_rw=     6.7 u_bx=   0.04 u_by=   0.00 com_xy= 0.000m
Step 298900: pitch= -0.00deg roll= -0.00deg x=  0.000 y=  0.000 u_rw=    -1.0 u_bx=   0.00 u_by=  -0.02 com_xy= 0.000m
Step 299000: pitch=  0.00deg roll= -0.00deg x=  0.000 y=  0.000 u_rw=    -7.5 u_bx=  -0.02 u_by=   0.01 com_xy= 0.000m
Step 299100: pitch= -0.04deg roll= -0.00deg x=  0.000 y=  0.002 u_rw=    -2.3 u_bx=  -0.02 u_by=   0.01 com_xy= 0.000m
Step 299200: pitch=  0.01deg roll= -0.00deg x=  0.000 y=  0.004 u_rw=    12.2 u_bx=   0.11 u_by=   0.00 com_xy= 0.000m
Step 299300: pitch=  0.02deg roll= -0.00deg x=  0.000 y=  0.004 u_rw=    10.4 u_bx=   0.12 u_by=   0.00 com_xy= 0.000m
Step 299400: pitch=  0.00deg roll= -0.00deg x= -0.000 y=  0.005 u_rw=    12.4 u_bx=   0.06 u_by=   0.01 com_xy= 0.001m
Step 299500: pitch=  0.01deg roll= -0.00deg x= -0.000 y=  0.007 u_rw=    10.0 u_bx=   0.06 u_by=  -0.01 com_xy= 0.001m
Step 299600: pitch=  0.01deg roll= -0.01deg x= -0.000 y=  0.007 u_rw=    11.2 u_bx=   0.05 u_by=   0.00 com_xy= 0.001m
Step 299700: pitch= -0.00deg roll= -0.01deg x= -0.000 y=  0.006 u_rw=    13.3 u_bx=   0.01 u_by=   0.00 com_xy= 0.002m
Step 299800: pitch= -0.03deg roll= -0.01deg x= -0.000 y=  0.006 u_rw=    -9.1 u_bx=  -0.10 u_by=   0.01 com_xy= 0.003m
Step 299900: pitch= -0.03deg roll= -0.02deg x= -0.000 y=  0.007 u_rw=    10.4 u_bx=   0.02 u_by=   0.01 com_xy= 0.005m
Step 300000: pitch= -0.00deg roll= -0.02deg x= -0.000 y=  0.008 u_rw=    11.0 u_bx=   0.01 u_by=   0.02 com_xy= 0.007m
Step 300100: pitch= -0.01deg roll= -0.04deg x= -0.000 y=  0.010 u_rw=    15.6 u_bx=   0.03 u_by=   0.02 com_xy= 0.011m
Step 300200: pitch= -0.02deg roll= -0.06deg x= -0.000 y=  0.013 u_rw=     5.2 u_bx=  -0.05 u_by=   0.03 com_xy= 0.017m
Step 300300: pitch= -0.06deg roll= -0.08deg x= -0.000 y=  0.017 u_rw=   -10.0 u_bx=  -0.09 u_by=   0.02 com_xy= 0.027m
Step 300400: pitch= -0.09deg roll= -0.12deg x= -0.000 y=  0.021 u_rw=   -13.9 u_bx=  -0.14 u_by=   0.06 com_xy= 0.042m
Step 300500: pitch=  0.01deg roll= -0.18deg x= -0.000 y=  0.029 u_rw=    18.6 u_bx=   0.09 u_by=   0.09 com_xy= 0.064m
Step 300600: pitch= -0.07deg roll= -0.20deg x= -0.000 y=  0.040 u_rw=     3.1 u_bx=  -0.01 u_by=   0.11 com_xy= 0.098m
Step 300700: pitch= -0.11deg roll= -0.24deg x= -0.000 y=  0.055 u_rw=   -12.8 u_bx=  -0.15 u_by=   0.12 com_xy= 0.150m

CRASH #119 at step 300706: pitch=-0.04deg roll=-0.24deg com_xy=0.154m reason=com_overload
Step 300800: pitch=  0.04deg roll= -0.00deg x= -0.000 y=  0.000 u_rw=     5.5 u_bx=  -0.04 u_by=   0.02 com_xy= 0.000m
Step 300900: pitch=  0.00deg roll= -0.00deg x= -0.000 y=  0.002 u_rw=     8.4 u_bx=   0.04 u_by=   0.00 com_xy= 0.000m
Step 301000: pitch=  0.01deg roll= -0.00deg x= -0.000 y=  0.002 u_rw=    15.3 u_bx=   0.07 u_by=  -0.03 com_xy= 0.000m
Step 301100: pitch=  0.02deg roll= -0.00deg x= -0.000 y=  0.000 u_rw=     5.1 u_bx=  -0.01 u_by=  -0.01 com_xy= 0.000m
Step 301200: pitch= -0.06deg roll= -0.00deg x=  0.000 y= -0.001 u_rw=     1.5 u_bx=  -0.02 u_by=  -0.02 com_xy= 0.000m
Step 301300: pitch= -0.07deg roll= -0.00deg x=  0.000 y= -0.003 u_rw=     1.1 u_bx=  -0.06 u_by=  -0.02 com_xy= 0.000m
Step 301400: pitch=  0.07deg roll= -0.00deg x=  0.000 y= -0.005 u_rw=    -0.4 u_bx=   0.09 u_by=  -0.00 com_xy= 0.000m
Step 301500: pitch=  0.07deg roll= -0.00deg x= -0.000 y= -0.005 u_rw=    17.2 u_bx=   0.13 u_by=   0.01 com_xy= 0.001m
Step 301600: pitch= -0.01deg roll= -0.00deg x=  0.000 y= -0.004 u_rw=    -2.2 u_bx=   0.01 u_by=   0.04 com_xy= 0.000m
Step 301700: pitch= -0.03deg roll= -0.00deg x= -0.000 y= -0.001 u_rw=   -14.3 u_bx=  -0.07 u_by=   0.01 com_xy= 0.000m
Step 301800: pitch=  0.05deg roll= -0.00deg x= -0.000 y=  0.001 u_rw=    -3.4 u_bx=  -0.05 u_by=   0.01 com_xy= 0.000m
Step 301900: pitch=  0.08deg roll= -0.00deg x=  0.000 y=  0.003 u_rw=    16.9 u_bx=   0.12 u_by=   0.01 com_xy= 0.000m
Step 302000: pitch= -0.00deg roll= -0.00deg x=  0.000 y=  0.005 u_rw=   -10.8 u_bx=  -0.02 u_by=  -0.00 com_xy= 0.000m
Step 302100: pitch= -0.02deg roll= -0.00deg x=  0.000 y=  0.006 u_rw=    -1.0 u_bx=   0.02 u_by=   0.01 com_xy= 0.000m
Step 302200: pitch= -0.04deg roll= -0.00deg x= -0.000 y=  0.006 u_rw=   -13.4 u_bx=  -0.09 u_by=  -0.01 com_xy= 0.000m
Step 302300: pitch=  0.02deg roll= -0.00deg x= -0.000 y=  0.006 u_rw=    -5.4 u_bx=  -0.09 u_by=   0.00 com_xy= 0.000m
Step 302400: pitch=  0.04deg roll= -0.00deg x= -0.000 y=  0.006 u_rw=     1.4 u_bx=  -0.01 u_by=   0.01 com_xy= 0.000m
Step 302500: pitch=  0.03deg roll= -0.00deg x= -0.000 y=  0.007 u_rw=    16.6 u_bx=   0.10 u_by=   0.00 com_xy= 0.001m
Step 302600: pitch= -0.02deg roll= -0.00deg x=  0.000 y=  0.007 u_rw=     0.8 u_bx=   0.02 u_by=   0.00 com_xy= 0.000m
Step 302700: pitch= -0.03deg roll= -0.00deg x=  0.000 y=  0.006 u_rw=    -0.0 u_bx=  -0.05 u_by=  -0.04 com_xy= 0.000m
Step 302800: pitch= -0.00deg roll=  0.00deg x=  0.000 y=  0.003 u_rw=   -19.8 u_bx=  -0.05 u_by=  -0.02 com_xy= 0.001m
Step 302900: pitch=  0.09deg roll=  0.00deg x=  0.000 y= -0.001 u_rw=     4.9 u_bx=   0.10 u_by=  -0.01 com_xy= 0.001m
Step 303000: pitch=  0.02deg roll=  0.00deg x= -0.000 y= -0.002 u_rw=     6.0 u_bx=   0.05 u_by=  -0.01 com_xy= 0.001m
Step 303100: pitch= -0.03deg roll=  0.01deg x=  0.000 y= -0.003 u_rw=     1.2 u_bx=  -0.05 u_by=  -0.00 com_xy= 0.002m
Step 303200: pitch= -0.01deg roll=  0.01deg x=  0.000 y= -0.003 u_rw=   -19.4 u_bx=  -0.06 u_by=  -0.01 com_xy= 0.003m
Step 303300: pitch=  0.07deg roll=  0.02deg x=  0.000 y= -0.005 u_rw=     9.3 u_bx=   0.11 u_by=  -0.03 com_xy= 0.005m
Step 303400: pitch=  0.04deg roll=  0.02deg x=  0.000 y= -0.009 u_rw=     6.9 u_bx=   0.13 u_by=  -0.04 com_xy= 0.008m
Step 303500: pitch=  0.05deg roll=  0.04deg x=  0.000 y= -0.015 u_rw=     6.6 u_bx=   0.17 u_by=  -0.05 com_xy= 0.012m
Step 303600: pitch=  0.07deg roll=  0.06deg x=  0.000 y= -0.022 u_rw=    -0.0 u_bx=   0.06 u_by=  -0.04 com_xy= 0.019m
Step 303700: pitch= -0.00deg roll=  0.09deg x=  0.000 y= -0.029 u_rw=   -12.3 u_bx=  -0.02 u_by=  -0.07 com_xy= 0.029m
Step 303800: pitch=  0.08deg roll=  0.13deg x=  0.000 y= -0.038 u_rw=    -0.8 u_bx=  -0.00 u_by=  -0.08 com_xy= 0.045m
Step 303900: pitch=  0.04deg roll=  0.17deg x=  0.000 y= -0.048 u_rw=     6.6 u_bx=   0.15 u_by=  -0.08 com_xy= 0.069m
Step 304000: pitch=  0.08deg roll=  0.20deg x=  0.000 y= -0.061 u_rw=     3.3 u_bx=   0.06 u_by=  -0.10 com_xy= 0.105m

CRASH #120 at step 304090: pitch=0.01deg roll=0.23deg com_xy=0.154m reason=com_overload
Step 304100: pitch=  0.00deg roll= -0.00deg x=  0.000 y= -0.000 u_rw=     2.8 u_bx=  -0.01 u_by=  -0.00 com_xy= 0.000m
Step 304200: pitch=  0.06deg roll= -0.00deg x=  0.000 y=  0.000 u_rw=    11.7 u_bx=   0.07 u_by=   0.01 com_xy= 0.000m
Step 304300: pitch= -0.02deg roll= -0.00deg x= -0.000 y=  0.001 u_rw=   -11.9 u_bx=  -0.10 u_by=   0.01 com_xy= 0.000m
Step 304400: pitch=  0.02deg roll= -0.00deg x= -0.000 y=  0.002 u_rw=     0.9 u_bx=   0.00 u_by=   0.00 com_xy= 0.000m
Step 304500: pitch= -0.05deg roll= -0.00deg x=  0.000 y=  0.003 u_rw=    -0.5 u_bx=  -0.03 u_by=   0.02 com_xy= 0.000m
Step 304600: pitch= -0.10deg roll= -0.00deg x= -0.000 y=  0.005 u_rw=   -19.6 u_bx=  -0.20 u_by=   0.02 com_xy= 0.001m
Step 304700: pitch= -0.01deg roll= -0.00deg x=  0.000 y=  0.006 u_rw=     8.8 u_bx=   0.05 u_by=   0.01 com_xy= 0.000m
Step 304800: pitch=  0.03deg roll= -0.00deg x= -0.000 y=  0.007 u_rw=     8.6 u_bx=   0.07 u_by=   0.01 com_xy= 0.000m
Step 304900: pitch= -0.09deg roll= -0.00deg x= -0.000 y=  0.009 u_rw=    -1.4 u_bx=  -0.11 u_by=   0.02 com_xy= 0.001m
Step 305000: pitch= -0.09deg roll= -0.00deg x= -0.000 y=  0.011 u_rw=   -19.4 u_bx=  -0.15 u_by=   0.00 com_xy= 0.001m
Step 305100: pitch= -0.05deg roll= -0.00deg x=  0.000 y=  0.012 u_rw=   -15.0 u_bx=  -0.10 u_by=  -0.03 com_xy= 0.001m
Step 305200: pitch=  0.03deg roll= -0.00deg x=  0.000 y=  0.011 u_rw=    -0.1 u_bx=   0.01 u_by=  -0.03 com_xy= 0.000m
Step 305300: pitch=  0.05deg roll= -0.00deg x= -0.000 y=  0.007 u_rw=     0.9 u_bx=   0.11 u_by=  -0.02 com_xy= 0.000m
Step 305400: pitch= -0.02deg roll= -0.00deg x= -0.000 y=  0.004 u_rw=    18.5 u_bx=   0.03 u_by=   0.00 com_xy= 0.000m
Step 305500: pitch= -0.08deg roll= -0.00deg x= -0.000 y=  0.003 u_rw=     0.8 u_bx=  -0.08 u_by=   0.04 com_xy= 0.000m
Step 305600: pitch= -0.10deg roll= -0.00deg x= -0.000 y=  0.006 u_rw=    -0.2 u_bx=  -0.14 u_by=   0.04 com_xy= 0.000m
Step 305700: pitch= -0.01deg roll= -0.00deg x= -0.000 y=  0.011 u_rw=     6.3 u_bx=  -0.08 u_by=   0.05 com_xy= 0.000m
Step 305800: pitch= -0.04deg roll= -0.00deg x= -0.000 y=  0.017 u_rw=    -5.1 u_bx=  -0.14 u_by=   0.03 com_xy= 0.001m
Step 305900: pitch= -0.06deg roll= -0.00deg x= -0.000 y=  0.024 u_rw=    -7.0 u_bx=  -0.15 u_by=   0.05 com_xy= 0.001m
Step 306000: pitch= -0.09deg roll= -0.00deg x= -0.000 y=  0.031 u_rw=   -12.4 u_bx=  -0.14 u_by=   0.06 com_xy= 0.001m
Step 306100: pitch= -0.08deg roll= -0.00deg x= -0.000 y=  0.038 u_rw=   -10.2 u_bx=  -0.14 u_by=   0.05 com_xy= 0.001m
Step 306200: pitch= -0.07deg roll= -0.00deg x= -0.000 y=  0.044 u_rw=    -9.5 u_bx=  -0.12 u_by=   0.03 com_xy= 0.001m
Step 306300: pitch= -0.09deg roll= -0.00deg x= -0.000 y=  0.049 u_rw=    -6.2 u_bx=  -0.08 u_by=   0.03 com_xy= 0.001m
Step 306400: pitch= -0.03deg roll= -0.01deg x= -0.000 y=  0.054 u_rw=    13.9 u_bx=  -0.02 u_by=   0.04 com_xy= 0.001m
Step 306500: pitch= -0.06deg roll= -0.01deg x= -0.000 y=  0.059 u_rw=     1.1 u_bx=  -0.12 u_by=   0.02 com_xy= 0.002m
Step 306600: pitch= -0.13deg roll= -0.01deg x= -0.000 y=  0.063 u_rw=   -11.0 u_bx=  -0.18 u_by=   0.02 com_xy= 0.003m
Step 306700: pitch= -0.09deg roll= -0.02deg x= -0.000 y=  0.067 u_rw=    -2.8 u_bx=  -0.18 u_by=   0.05 com_xy= 0.005m
Step 306800: pitch= -0.10deg roll= -0.02deg x= -0.000 y=  0.073 u_rw=    -0.7 u_bx=  -0.17 u_by=   0.07 com_xy= 0.008m
Step 306900: pitch= -0.12deg roll= -0.04deg x= -0.000 y=  0.082 u_rw=     9.2 u_bx=  -0.18 u_by=   0.03 com_xy= 0.012m
Step 307000: pitch= -0.15deg roll= -0.06deg x= -0.000 y=  0.088 u_rw=   -10.9 u_bx=  -0.28 u_by=   0.03 com_xy= 0.018m
Step 307100: pitch= -0.15deg roll= -0.09deg x= -0.000 y=  0.092 u_rw=    -7.2 u_bx=  -0.24 u_by=   0.03 com_xy= 0.028m
Step 307200: pitch= -0.13deg roll= -0.13deg x= -0.000 y=  0.097 u_rw=    -3.7 u_bx=  -0.21 u_by=   0.03 com_xy= 0.043m
Step 307300: pitch= -0.19deg roll= -0.18deg x= -0.000 y=  0.103 u_rw=   -13.7 u_bx=  -0.22 u_by=   0.03 com_xy= 0.066m
Step 307400: pitch= -0.19deg roll= -0.20deg x= -0.000 y=  0.108 u_rw=   -12.6 u_bx=  -0.29 u_by=   0.04 com_xy= 0.102m

CRASH #121 at step 307498: pitch=-0.20deg roll=-0.24deg com_xy=0.154m reason=com_overload
Step 307500: pitch= -0.00deg roll= -0.00deg x= -0.000 y= -0.000 u_rw=     0.0 u_bx=   0.00 u_by=   0.00 com_xy= 0.000m
Step 307600: pitch= -0.01deg roll= -0.00deg x=  0.000 y= -0.000 u_rw=    -9.7 u_bx=  -0.05 u_by=  -0.01 com_xy= 0.000m
Step 307700: pitch= -0.04deg roll= -0.00deg x= -0.000 y= -0.000 u_rw=    -5.8 u_bx=  -0.06 u_by=  -0.01 com_xy= 0.000m
Step 307800: pitch= -0.03deg roll= -0.00deg x= -0.000 y= -0.000 u_rw=   -15.8 u_bx=  -0.14 u_by=   0.01 com_xy= 0.000m
Step 307900: pitch= -0.02deg roll= -0.00deg x= -0.000 y=  0.001 u_rw=    -5.3 u_bx=   0.02 u_by=   0.01 com_xy= 0.000m
Step 308000: pitch= -0.01deg roll= -0.00deg x=  0.000 y=  0.003 u_rw=     0.1 u_bx=   0.03 u_by=   0.02 com_xy= 0.000m
Step 308100: pitch=  0.01deg roll= -0.00deg x=  0.000 y=  0.005 u_rw=    10.8 u_bx=   0.05 u_by=   0.00 com_xy= 0.000m
Step 308200: pitch=  0.02deg roll= -0.00deg x=  0.000 y=  0.006 u_rw=    12.6 u_bx=   0.06 u_by=   0.01 com_xy= 0.000m
Step 308300: pitch=  0.04deg roll= -0.00deg x=  0.000 y=  0.007 u_rw=     3.0 u_bx=   0.03 u_by=  -0.01 com_xy= 0.000m
Step 308400: pitch= -0.02deg roll= -0.00deg x=  0.000 y=  0.007 u_rw=    -0.1 u_bx=   0.02 u_by=  -0.01 com_xy= 0.000m
Step 308500: pitch=  0.01deg roll= -0.00deg x=  0.000 y=  0.006 u_rw=    -9.4 u_bx=  -0.07 u_by=  -0.01 com_xy= 0.001m
Step 308600: pitch=  0.09deg roll= -0.00deg x=  0.000 y=  0.005 u_rw=    -2.1 u_bx=   0.21 u_by=  -0.04 com_xy= 0.000m
Step 308700: pitch=  0.07deg roll= -0.00deg x=  0.000 y=  0.002 u_rw=    10.2 u_bx=   0.20 u_by=  -0.03 com_xy= 0.001m
Step 308800: pitch=  0.01deg roll= -0.00deg x=  0.000 y= -0.001 u_rw=    -8.1 u_bx=   0.01 u_by=   0.00 com_xy= 0.000m
Step 308900: pitch= -0.03deg roll= -0.00deg x=  0.000 y= -0.002 u_rw=   -10.7 u_bx=  -0.08 u_by=   0.00 com_xy= 0.000m
Step 309000: pitch=  0.00deg roll= -0.00deg x=  0.000 y= -0.002 u_rw=     2.5 u_bx=   0.07 u_by=   0.01 com_xy= 0.001m
Step 309100: pitch= -0.02deg roll= -0.00deg x=  0.000 y= -0.001 u_rw=    -4.5 u_bx=  -0.03 u_by=   0.00 com_xy= 0.000m
Step 309200: pitch= -0.01deg roll= -0.00deg x=  0.000 y= -0.002 u_rw=   -18.8 u_bx=   0.01 u_by=  -0.04 com_xy= 0.001m
Step 309300: pitch=  0.12deg roll= -0.00deg x=  0.000 y= -0.006 u_rw=     1.1 u_bx=   0.15 u_by=  -0.05 com_xy= 0.001m
Step 309400: pitch=  0.14deg roll= -0.00deg x=  0.000 y= -0.012 u_rw=    16.5 u_bx=   0.23 u_by=  -0.04 com_xy= 0.001m
Step 309500: pitch=  0.08deg roll= -0.01deg x=  0.000 y= -0.019 u_rw=    14.8 u_bx=   0.18 u_by=  -0.06 com_xy= 0.002m
Step 309600: pitch=  0.04deg roll= -0.01deg x=  0.000 y= -0.026 u_rw=     0.9 u_bx=   0.10 u_by=  -0.04 com_xy= 0.003m
Step 309700: pitch=  0.05deg roll= -0.01deg x=  0.000 y= -0.033 u_rw=   -17.4 u_bx=  -0.01 u_by=  -0.04 com_xy= 0.004m
Step 309800: pitch=  0.10deg roll= -0.02deg x=  0.000 y= -0.038 u_rw=    12.1 u_bx=   0.13 u_by=  -0.01 com_xy= 0.007m
Step 309900: pitch=  0.11deg roll= -0.03deg x=  0.000 y= -0.042 u_rw=     5.3 u_bx=   0.08 u_by=   0.00 com_xy= 0.010m
Step 310000: pitch=  0.11deg roll= -0.05deg x=  0.000 y= -0.043 u_rw=     8.9 u_bx=   0.21 u_by=   0.00 com_xy= 0.016m
Step 310100: pitch=  0.11deg roll= -0.08deg x=  0.000 y= -0.044 u_rw=     5.3 u_bx=   0.20 u_by=   0.00 com_xy= 0.025m
Step 310200: pitch=  0.18deg roll= -0.12deg x=  0.000 y= -0.045 u_rw=    -1.1 u_bx=   0.21 u_by=  -0.03 com_xy= 0.038m
Step 310300: pitch=  0.15deg roll= -0.17deg x=  0.000 y= -0.046 u_rw=    20.0 u_bx=   0.22 u_by=   0.04 com_xy= 0.059m
Step 310400: pitch=  0.08deg roll= -0.19deg x=  0.000 y= -0.045 u_rw=    -9.0 u_bx=   0.10 u_by=   0.00 com_xy= 0.090m
Step 310500: pitch=  0.11deg roll= -0.23deg x=  0.000 y= -0.044 u_rw=    -4.6 u_bx=   0.23 u_by=   0.02 com_xy= 0.138m

CRASH #122 at step 310526: pitch=0.11deg roll=-0.24deg com_xy=0.154m reason=com_overload
Step 310600: pitch= -0.03deg roll= -0.00deg x=  0.000 y= -0.000 u_rw=   -13.6 u_bx=  -0.05 u_by=  -0.02 com_xy= 0.000m
Step 310700: pitch= -0.04deg roll= -0.00deg x=  0.000 y= -0.003 u_rw=    -5.9 u_bx=   0.03 u_by=  -0.04 com_xy= 0.000m
Step 310800: pitch=  0.02deg roll= -0.00deg x=  0.000 y= -0.008 u_rw=     8.4 u_bx=   0.10 u_by=  -0.02 com_xy= 0.000m
Step 310900: pitch=  0.03deg roll= -0.00deg x=  0.000 y= -0.011 u_rw=    13.9 u_bx=   0.08 u_by=   0.00 com_xy= 0.000m
Step 311000: pitch= -0.01deg roll= -0.00deg x= -0.000 y= -0.012 u_rw=     8.6 u_bx=   0.06 u_by=   0.01 com_xy= 0.000m
Step 311100: pitch=  0.04deg roll= -0.00deg x=  0.000 y= -0.012 u_rw=    19.5 u_bx=   0.18 u_by=  -0.00 com_xy= 0.001m
Step 311200: pitch= -0.08deg roll= -0.00deg x= -0.000 y= -0.011 u_rw=     1.1 u_bx=  -0.04 u_by=   0.02 com_xy= 0.000m
Step 311300: pitch= -0.08deg roll= -0.00deg x= -0.000 y= -0.010 u_rw=    -0.2 u_bx=  -0.14 u_by=   0.00 com_xy= 0.000m
Step 311400: pitch= -0.04deg roll= -0.00deg x= -0.000 y= -0.009 u_rw=   -20.5 u_bx=  -0.11 u_by=  -0.02 com_xy= 0.000m
Step 311500: pitch=  0.02deg roll= -0.00deg x=  0.000 y= -0.011 u_rw=     9.9 u_bx=   0.09 u_by=  -0.03 com_xy= 0.001m
Step 311600: pitch= -0.01deg roll= -0.00deg x=  0.000 y= -0.014 u_rw=    -0.4 u_bx=  -0.01 u_by=  -0.01 com_xy= 0.000m
Step 311700: pitch=  0.11deg roll= -0.00deg x=  0.000 y= -0.016 u_rw=    10.0 u_bx=   0.16 u_by=  -0.02 com_xy= 0.001m
Step 311800: pitch=  0.02deg roll= -0.00deg x=  0.000 y= -0.018 u_rw=     1.3 u_bx=   0.09 u_by=   0.00 com_xy= 0.000m
Step 311900: pitch=  0.03deg roll= -0.00deg x=  0.000 y= -0.019 u_rw=   -14.7 u_bx=  -0.04 u_by=   0.01 com_xy= 0.001m
Step 312000: pitch=  0.00deg roll= -0.00deg x=  0.000 y= -0.020 u_rw=   -11.2 u_bx=   0.01 u_by=  -0.03 com_xy= 0.001m
Step 312100: pitch= -0.02deg roll=  0.00deg x=  0.000 y= -0.024 u_rw=    -8.2 u_bx=   0.03 u_by=  -0.04 com_xy= 0.002m
Step 312200: pitch= -0.03deg roll=  0.00deg x=  0.000 y= -0.028 u_rw=    -4.7 u_bx=   0.05 u_by=  -0.02 com_xy= 0.002m
Step 312300: pitch= -0.05deg roll=  0.01deg x=  0.000 y= -0.032 u_rw=    -5.1 u_bx=   0.03 u_by=  -0.03 com_xy= 0.003m
Step 312400: pitch=  0.02deg roll=  0.01deg x=  0.000 y= -0.035 u_rw=     7.0 u_bx=   0.12 u_by=  -0.03 com_xy= 0.004m
Step 312500: pitch=  0.01deg roll=  0.02deg x=  0.000 y= -0.039 u_rw=     8.4 u_bx=   0.09 u_by=  -0.04 com_xy= 0.006m
Step 312600: pitch= -0.03deg roll=  0.03deg x=  0.000 y= -0.044 u_rw=    -3.7 u_bx=  -0.01 u_by=  -0.03 com_xy= 0.010m
Step 312700: pitch= -0.03deg roll=  0.04deg x= -0.000 y= -0.046 u_rw=     3.6 u_bx=  -0.06 u_by=   0.01 com_xy= 0.015m
Step 312800: pitch= -0.03deg roll=  0.06deg x= -0.000 y= -0.046 u_rw=     2.2 u_bx=  -0.09 u_by=   0.01 com_xy= 0.023m
Step 312900: pitch= -0.11deg roll=  0.10deg x=  0.000 y= -0.046 u_rw=     0.8 u_bx=  -0.00 u_by=  -0.02 com_xy= 0.035m
Step 313000: pitch= -0.11deg roll=  0.14deg x= -0.000 y= -0.048 u_rw=   -11.0 u_bx=  -0.14 u_by=  -0.03 com_xy= 0.054m
Step 313100: pitch= -0.02deg roll=  0.19deg x= -0.000 y= -0.052 u_rw=     8.0 u_bx=   0.07 u_by=  -0.06 com_xy= 0.083m
Step 313200: pitch=  0.05deg roll=  0.22deg x=  0.000 y= -0.060 u_rw=    12.2 u_bx=   0.08 u_by=  -0.08 com_xy= 0.128m

CRASH #123 at step 313245: pitch=0.11deg roll=0.24deg com_xy=0.154m reason=com_overload
Step 313300: pitch=  0.00deg roll= -0.00deg x=  0.000 y= -0.000 u_rw=    -7.2 u_bx=  -0.01 u_by=  -0.01 com_xy= 0.000m
Step 313400: pitch= -0.03deg roll= -0.00deg x=  0.000 y= -0.001 u_rw=   -12.3 u_bx=  -0.03 u_by=  -0.01 com_xy= 0.000m
Step 313500: pitch= -0.01deg roll= -0.00deg x=  0.000 y= -0.002 u_rw=    -7.7 u_bx=   0.02 u_by=   0.00 com_xy= 0.000m
Step 313600: pitch=  0.00deg roll= -0.00deg x=  0.000 y= -0.002 u_rw=   -14.4 u_bx=  -0.08 u_by=  -0.01 com_xy= 0.001m
Step 313700: pitch=  0.03deg roll= -0.00deg x= -0.000 y= -0.003 u_rw=    -1.2 u_bx=  -0.04 u_by=   0.00 com_xy= 0.000m
Step 313800: pitch=  0.08deg roll= -0.00deg x=  0.000 y= -0.004 u_rw=     1.3 u_bx=   0.12 u_by=  -0.01 com_xy= 0.001m
Step 313900: pitch= -0.07deg roll= -0.00deg x=  0.000 y= -0.004 u_rw=    -7.8 u_bx=  -0.08 u_by=   0.00 com_xy= 0.000m
Step 314000: pitch= -0.07deg roll= -0.00deg x= -0.000 y= -0.002 u_rw=   -11.6 u_bx=  -0.18 u_by=   0.05 com_xy= 0.000m
Step 314100: pitch= -0.03deg roll= -0.00deg x= -0.000 y=  0.001 u_rw=   -10.6 u_bx=  -0.08 u_by=   0.02 com_xy= 0.001m
Step 314200: pitch= -0.00deg roll= -0.00deg x= -0.000 y=  0.005 u_rw=    -6.7 u_bx=  -0.01 u_by=   0.00 com_xy= 0.001m
Step 314300: pitch=  0.05deg roll= -0.00deg x=  0.000 y=  0.007 u_rw=     1.2 u_bx=   0.01 u_by=   0.00 com_xy= 0.001m
Step 314400: pitch=  0.04deg roll= -0.00deg x=  0.000 y=  0.007 u_rw=    -0.5 u_bx=  -0.07 u_by=   0.01 com_xy= 0.001m
Step 314500: pitch=  0.04deg roll= -0.00deg x=  0.000 y=  0.008 u_rw=     8.4 u_bx=   0.10 u_by=  -0.01 com_xy= 0.002m
Step 314600: pitch= -0.02deg roll= -0.00deg x=  0.000 y=  0.006 u_rw=    -7.6 u_bx=  -0.06 u_by=  -0.01 com_xy= 0.001m
Step 314700: pitch=  0.04deg roll= -0.00deg x=  0.000 y=  0.005 u_rw=   -18.4 u_bx=  -0.04 u_by=  -0.04 com_xy= 0.001m
Step 314800: pitch=  0.10deg roll= -0.00deg x=  0.000 y=  0.001 u_rw=    -0.3 u_bx=   0.01 u_by=  -0.04 com_xy= 0.002m
Step 314900: pitch=  0.05deg roll= -0.00deg x=  0.000 y= -0.004 u_rw=    -4.2 u_bx=   0.10 u_by=  -0.05 com_xy= 0.003m
Step 315000: pitch=  0.12deg roll= -0.00deg x=  0.000 y= -0.011 u_rw=    11.8 u_bx=   0.22 u_by=  -0.05 com_xy= 0.005m
Step 315100: pitch=  0.12deg roll= -0.00deg x=  0.000 y= -0.018 u_rw=    14.3 u_bx=   0.23 u_by=  -0.05 com_xy= 0.007m
Step 315200: pitch=  0.14deg roll= -0.00deg x=  0.000 y= -0.025 u_rw=     6.7 u_bx=   0.19 u_by=  -0.04 com_xy= 0.011m
Step 315300: pitch=  0.14deg roll= -0.00deg x=  0.000 y= -0.030 u_rw=     5.8 u_bx=   0.19 u_by=  -0.01 com_xy= 0.017m
Step 315400: pitch=  0.09deg roll= -0.00deg x=  0.000 y= -0.032 u_rw=    18.3 u_bx=   0.17 u_by=   0.01 com_xy= 0.027m
Step 315500: pitch=  0.02deg roll= -0.00deg x=  0.000 y= -0.033 u_rw=    -3.0 u_bx=   0.06 u_by=  -0.04 com_xy= 0.043m
Step 315600: pitch= -0.02deg roll= -0.00deg x=  0.000 y= -0.038 u_rw=   -15.5 u_bx=  -0.09 u_by=  -0.03 com_xy= 0.069m
Step 315700: pitch= -0.12deg roll= -0.00deg x= -0.000 y= -0.042 u_rw=     1.2 u_bx=  -0.08 u_by=   0.00 com_xy= 0.111m

CRASH #124 at step 315773: pitch=-0.16deg roll=-0.00deg com_xy=0.155m reason=com_overload
Step 315800: pitch= -0.01deg roll= -0.00deg x= -0.000 y=  0.000 u_rw=     0.2 u_bx=  -0.02 u_by=   0.00 com_xy= 0.000m
Step 315900: pitch=  0.02deg roll= -0.00deg x= -0.000 y=  0.001 u_rw=    -3.2 u_bx=  -0.04 u_by=   0.01 com_xy= 0.000m
Step 316000: pitch= -0.00deg roll= -0.00deg x= -0.000 y=  0.003 u_rw=    -8.7 u_bx=  -0.04 u_by=   0.02 com_xy= 0.000m
Step 316100: pitch=  0.03deg roll= -0.00deg x=  0.000 y=  0.006 u_rw=     4.8 u_bx=   0.02 u_by=   0.01 com_xy= 0.000m
Step 316200: pitch=  0.03deg roll= -0.00deg x= -0.000 y=  0.008 u_rw=     3.9 u_bx=  -0.02 u_by=   0.00 com_xy= 0.000m
Step 316300: pitch=  0.04deg roll= -0.00deg x= -0.000 y=  0.008 u_rw=     6.2 u_bx=  -0.03 u_by=   0.01 com_xy= 0.000m
Step 316400: pitch= -0.07deg roll= -0.00deg x= -0.000 y=  0.010 u_rw=    -8.2 u_bx=  -0.15 u_by=   0.00 com_xy= 0.001m
Step 316500: pitch=  0.07deg roll= -0.00deg x= -0.000 y=  0.011 u_rw=     2.6 u_bx=   0.07 u_by=   0.00 com_xy= 0.000m
Step 316600: pitch= -0.03deg roll= -0.00deg x= -0.000 y=  0.012 u_rw=    -9.6 u_bx=  -0.10 u_by=   0.03 com_xy= 0.001m
Step 316700: pitch= -0.04deg roll= -0.00deg x= -0.000 y=  0.013 u_rw=    -4.7 u_bx=  -0.05 u_by=  -0.00 com_xy= 0.001m
Step 316800: pitch= -0.06deg roll= -0.00deg x= -0.000 y=  0.013 u_rw=    -8.8 u_bx=  -0.09 u_by=   0.00 com_xy= 0.001m
Step 316900: pitch= -0.05deg roll= -0.00deg x= -0.000 y=  0.014 u_rw=    -9.0 u_bx=  -0.11 u_by=   0.01 com_xy= 0.002m
Step 317000: pitch= -0.02deg roll= -0.00deg x= -0.000 y=  0.014 u_rw=     3.7 u_bx=  -0.05 u_by=   0.01 com_xy= 0.002m
Step 317100: pitch= -0.00deg roll= -0.00deg x= -0.000 y=  0.016 u_rw=     6.5 u_bx=   0.02 u_by=   0.02 com_xy= 0.003m
Step 317200: pitch= -0.08deg roll= -0.00deg x= -0.000 y=  0.018 u_rw=   -15.6 u_bx=  -0.12 u_by=   0.01 com_xy= 0.004m
Step 317300: pitch= -0.04deg roll= -0.00deg x= -0.000 y=  0.021 u_rw=    11.1 u_bx=  -0.04 u_by=   0.03 com_xy= 0.006m
Step 317400: pitch= -0.13deg roll= -0.00deg x= -0.000 y=  0.024 u_rw=     1.2 u_bx=  -0.11 u_by=   0.03 com_xy= 0.010m
Step 317500: pitch= -0.13deg roll= -0.00deg x= -0.000 y=  0.028 u_rw=   -19.0 u_bx=  -0.25 u_by=   0.04 com_xy= 0.017m
Step 317600: pitch= -0.05deg roll= -0.00deg x= -0.000 y=  0.034 u_rw=    -8.9 u_bx=  -0.25 u_by=   0.05 com_xy= 0.026m
Step 317700: pitch= -0.01deg roll= -0.00deg x= -0.000 y=  0.040 u_rw=    12.7 u_bx=  -0.05 u_by=   0.04 com_xy= 0.042m
Step 317800: pitch=  0.02deg roll= -0.00deg x= -0.000 y=  0.045 u_rw=    -1.4 u_bx=   0.00 u_by=   0.01 com_xy= 0.068m
Step 317900: pitch=  0.15deg roll= -0.01deg x=  0.000 y=  0.047 u_rw=     9.2 u_bx=   0.13 u_by=  -0.00 com_xy= 0.109m

CRASH #125 at step 317976: pitch=0.22deg roll=-0.01deg com_xy=0.155m reason=com_overload
Step 318000: pitch=  0.01deg roll= -0.00deg x= -0.000 y= -0.000 u_rw=     1.0 u_bx=  -0.02 u_by=  -0.01 com_xy= 0.000m
Step 318100: pitch= -0.05deg roll= -0.00deg x=  0.000 y=  0.001 u_rw=    -7.9 u_bx=  -0.06 u_by=  -0.00 com_xy= 0.000m
Step 318200: pitch=  0.03deg roll= -0.00deg x=  0.000 y=  0.001 u_rw=    15.1 u_bx=   0.07 u_by=   0.02 com_xy= 0.000m
Step 318300: pitch= -0.00deg roll= -0.00deg x= -0.000 y=  0.002 u_rw=     5.5 u_bx=  -0.05 u_by=   0.03 com_xy= 0.000m
Step 318400: pitch= -0.07deg roll= -0.00deg x= -0.000 y=  0.005 u_rw=   -20.3 u_bx=  -0.16 u_by=   0.03 com_xy= 0.001m
Step 318500: pitch= -0.02deg roll= -0.00deg x= -0.000 y=  0.009 u_rw=   -15.6 u_bx=  -0.10 u_by=   0.02 com_xy= 0.000m
Step 318600: pitch=  0.04deg roll= -0.00deg x= -0.000 y=  0.012 u_rw=     4.5 u_bx=   0.06 u_by=   0.00 com_xy= 0.000m
Step 318700: pitch= -0.07deg roll= -0.00deg x= -0.000 y=  0.015 u_rw=    -2.0 u_bx=  -0.11 u_by=   0.03 com_xy= 0.001m
Step 318800: pitch= -0.05deg roll= -0.00deg x= -0.000 y=  0.018 u_rw=   -10.8 u_bx=  -0.08 u_by=   0.01 com_xy= 0.000m
Step 318900: pitch= -0.02deg roll= -0.00deg x=  0.000 y=  0.019 u_rw=    -1.7 u_bx=   0.08 u_by=  -0.02 com_xy= 0.000m
Step 319000: pitch=  0.02deg roll= -0.00deg x=  0.000 y=  0.018 u_rw=    -3.5 u_bx=  -0.04 u_by=  -0.03 com_xy= 0.000m
Step 319100: pitch=  0.03deg roll= -0.00deg x= -0.000 y=  0.016 u_rw=    20.0 u_bx=   0.12 u_by=  -0.00 com_xy= 0.000m
Step 319200: pitch= -0.04deg roll= -0.00deg x= -0.000 y=  0.015 u_rw=     2.2 u_bx=   0.01 u_by=   0.00 com_xy= 0.001m
Step 319300: pitch=  0.02deg roll= -0.00deg x= -0.000 y=  0.015 u_rw=     0.7 u_bx=  -0.05 u_by=  -0.00 com_xy= 0.002m
Step 319400: pitch= -0.04deg roll= -0.00deg x= -0.000 y=  0.014 u_rw=     5.9 u_bx=   0.05 u_by=  -0.02 com_xy= 0.002m
Step 319500: pitch= -0.11deg roll= -0.00deg x= -0.000 y=  0.013 u_rw=     1.3 u_bx=  -0.15 u_by=  -0.01 com_xy= 0.004m
Step 319600: pitch= -0.10deg roll= -0.00deg x=  0.000 y=  0.012 u_rw=   -16.9 u_bx=  -0.15 u_by=  -0.01 com_xy= 0.005m
Step 319700: pitch= -0.02deg roll=  0.00deg x= -0.000 y=  0.012 u_rw=    13.4 u_bx=   0.05 u_by=  -0.00 com_xy= 0.007m
Step 319800: pitch= -0.01deg roll=  0.00deg x= -0.000 y=  0.012 u_rw=    -0.1 u_bx=  -0.01 u_by=  -0.02 com_xy= 0.011m
Step 319900: pitch=  0.03deg roll=  0.00deg x= -0.000 y=  0.011 u_rw=    16.2 u_bx=   0.11 u_by=  -0.01 com_xy= 0.017m
Step 320000: pitch= -0.06deg roll=  0.00deg x= -0.000 y=  0.010 u_rw=    -7.4 u_bx=  -0.11 u_by=   0.01 com_xy= 0.029m
Step 320100: pitch= -0.03deg roll=  0.01deg x=  0.000 y=  0.011 u_rw=    -8.1 u_bx=  -0.08 u_by=   0.01 com_xy= 0.048m
Step 320200: pitch=  0.05deg roll=  0.01deg x=  0.000 y=  0.012 u_rw=    -7.1 u_bx=   0.00 u_by=  -0.02 com_xy= 0.077m
Step 320300: pitch=  0.18deg roll=  0.02deg x=  0.000 y=  0.012 u_rw=   -12.1 u_bx=   0.07 u_by=  -0.01 com_xy= 0.124m

CRASH #126 at step 320350: pitch=0.23deg roll=0.03deg com_xy=0.155m reason=com_overload
Step 320400: pitch= -0.01deg roll= -0.00deg x=  0.000 y= -0.000 u_rw=     5.2 u_bx=   0.02 u_by=   0.02 com_xy= 0.000m
Step 320500: pitch=  0.05deg roll= -0.00deg x=  0.000 y=  0.000 u_rw=    14.1 u_bx=   0.12 u_by=  -0.00 com_xy= 0.000m
Step 320600: pitch=  0.01deg roll= -0.00deg x=  0.000 y= -0.000 u_rw=    -4.1 u_bx=  -0.02 u_by=  -0.02 com_xy= 0.000m
Step 320700: pitch=  0.02deg roll= -0.00deg x=  0.000 y= -0.003 u_rw=     5.0 u_bx=   0.08 u_by=  -0.01 com_xy= 0.000m
Step 320800: pitch=  0.02deg roll= -0.00deg x=  0.000 y= -0.005 u_rw=     8.4 u_bx=   0.08 u_by=   0.03 com_xy= 0.000m
Step 320900: pitch= -0.01deg roll= -0.00deg x=  0.000 y= -0.004 u_rw=     3.3 u_bx=   0.04 u_by=   0.02 com_xy= 0.000m
Step 321000: pitch=  0.06deg roll= -0.00deg x=  0.000 y= -0.002 u_rw=     3.7 u_bx=   0.09 u_by=  -0.00 com_xy= 0.000m
Step 321100: pitch=  0.02deg roll= -0.00deg x=  0.000 y= -0.001 u_rw=    13.0 u_bx=   0.09 u_by=   0.02 com_xy= 0.001m
Step 321200: pitch= -0.05deg roll= -0.00deg x=  0.000 y=  0.000 u_rw=    -2.6 u_bx=  -0.10 u_by=   0.01 com_xy= 0.000m
Step 321300: pitch=  0.01deg roll= -0.00deg x=  0.000 y=  0.001 u_rw=   -15.0 u_bx=  -0.09 u_by=  -0.01 com_xy= 0.000m
Step 321400: pitch=  0.09deg roll= -0.00deg x=  0.000 y=  0.001 u_rw=    -1.3 u_bx=   0.07 u_by=  -0.00 com_xy= 0.000m
Step 321500: pitch=  0.11deg roll= -0.00deg x=  0.000 y=  0.001 u_rw=     0.2 u_bx=   0.14 u_by=  -0.02 com_xy= 0.000m
Step 321600: pitch=  0.09deg roll= -0.00deg x=  0.000 y=  0.000 u_rw=    19.6 u_bx=   0.19 u_by=   0.02 com_xy= 0.001m
Step 321700: pitch=  0.05deg roll= -0.00deg x=  0.000 y= -0.000 u_rw=    18.6 u_bx=   0.19 u_by=  -0.02 com_xy= 0.001m
Step 321800: pitch= -0.02deg roll= -0.00deg x=  0.000 y= -0.003 u_rw=     0.8 u_bx=   0.05 u_by=  -0.02 com_xy= 0.000m
Step 321900: pitch= -0.04deg roll= -0.00deg x=  0.000 y= -0.005 u_rw=     0.3 u_bx=  -0.04 u_by=  -0.02 com_xy= 0.000m
Step 322000: pitch= -0.04deg roll= -0.00deg x=  0.000 y= -0.009 u_rw=   -19.4 u_bx=  -0.09 u_by=  -0.01 com_xy= 0.000m
Step 322100: pitch=  0.06deg roll= -0.00deg x=  0.000 y= -0.011 u_rw=    -3.6 u_bx=   0.02 u_by=  -0.03 com_xy= 0.000m
Step 322200: pitch= -0.01deg roll= -0.00deg x=  0.000 y= -0.012 u_rw=    -2.4 u_bx=  -0.02 u_by=  -0.02 com_xy= 0.000m
Step 322300: pitch=  0.05deg roll= -0.00deg x=  0.000 y= -0.015 u_rw=     6.6 u_bx=   0.08 u_by=  -0.02 com_xy= 0.001m
Step 322400: pitch=  0.13deg roll= -0.00deg x=  0.000 y= -0.019 u_rw=    -0.6 u_bx=   0.15 u_by=   0.00 com_xy= 0.001m
Step 322500: pitch=  0.13deg roll=  0.00deg x=  0.000 y= -0.020 u_rw=    19.7 u_bx=   0.15 u_by=   0.02 com_xy= 0.001m
Step 322600: pitch=  0.07deg roll=  0.00deg x= -0.000 y= -0.019 u_rw=    14.8 u_bx=   0.15 u_by=   0.02 com_xy= 0.001m
Step 322700: pitch=  0.02deg roll=  0.00deg x=  0.000 y= -0.018 u_rw=   -12.4 u_bx=   0.00 u_by=   0.02 com_xy= 0.001m
Step 322800: pitch= -0.00deg roll=  0.01deg x=  0.000 y= -0.016 u_rw=    -2.0 u_bx=  -0.05 u_by=   0.03 com_xy= 0.002m
Step 322900: pitch=  0.05deg roll=  0.01deg x=  0.000 y= -0.014 u_rw=     5.7 u_bx=   0.10 u_by=  -0.02 com_xy= 0.003m
Step 323000: pitch=  0.05deg roll=  0.01deg x=  0.000 y= -0.015 u_rw=    -7.0 u_bx=   0.04 u_by=  -0.00 com_xy= 0.005m
Step 323100: pitch=  0.07deg roll=  0.02deg x=  0.000 y= -0.016 u_rw=    -5.2 u_bx=   0.13 u_by=  -0.04 com_xy= 0.008m
Step 323200: pitch=  0.08deg roll=  0.04deg x=  0.000 y= -0.021 u_rw=   -12.5 u_bx=   0.07 u_by=  -0.05 com_xy= 0.012m
Step 323300: pitch=  0.08deg roll=  0.06deg x=  0.000 y= -0.027 u_rw=    -5.2 u_bx=   0.14 u_by=  -0.07 com_xy= 0.019m
Step 323400: pitch=  0.11deg roll=  0.09deg x=  0.000 y= -0.035 u_rw=     2.7 u_bx=   0.17 u_by=  -0.08 com_xy= 0.029m
Step 323500: pitch=  0.10deg roll=  0.13deg x=  0.000 y= -0.045 u_rw=    -1.6 u_bx=   0.15 u_by=  -0.10 com_xy= 0.045m
Step 323600: pitch=  0.12deg roll=  0.19deg x=  0.000 y= -0.057 u_rw=     9.6 u_bx=   0.23 u_by=  -0.12 com_xy= 0.070m
Step 323700: pitch=  0.17deg roll=  0.21deg x=  0.000 y= -0.072 u_rw=     9.3 u_bx=   0.22 u_by=  -0.10 com_xy= 0.107m

CRASH #127 at step 323786: pitch=0.13deg roll=0.24deg com_xy=0.154m reason=com_overload
Step 323800: pitch= -0.01deg roll= -0.00deg x= -0.000 y=  0.000 u_rw=    -0.3 u_bx=  -0.02 u_by=   0.00 com_xy= 0.000m
Step 323900: pitch= -0.01deg roll= -0.00deg x= -0.000 y=  0.000 u_rw=    -8.6 u_bx=  -0.02 u_by=  -0.02 com_xy= 0.000m
Step 324000: pitch= -0.03deg roll= -0.00deg x=  0.000 y= -0.002 u_rw=    -2.0 u_bx=   0.03 u_by=  -0.02 com_xy= 0.000m
Step 324100: pitch=  0.01deg roll= -0.00deg x=  0.000 y= -0.004 u_rw=   -18.4 u_bx=  -0.09 u_by=   0.00 com_xy= 0.001m
Step 324200: pitch=  0.04deg roll= -0.00deg x= -0.000 y= -0.005 u_rw=    11.5 u_bx=   0.07 u_by=   0.02 com_xy= 0.000m
Step 324300: pitch=  0.02deg roll=  0.00deg x= -0.000 y= -0.003 u_rw=    -4.1 u_bx=  -0.05 u_by=  -0.01 com_xy= 0.000m
Step 324400: pitch= -0.05deg roll=  0.00deg x= -0.000 y= -0.003 u_rw=    -4.1 u_bx=  -0.07 u_by=  -0.01 com_xy= 0.001m
Step 324500: pitch= -0.03deg roll=  0.00deg x= -0.000 y= -0.004 u_rw=     0.5 u_bx=  -0.02 u_by=   0.00 com_xy= 0.000m
Step 324600: pitch=  0.01deg roll=  0.00deg x= -0.000 y= -0.004 u_rw=    15.5 u_bx=  -0.01 u_by=   0.00 com_xy= 0.000m
Step 324700: pitch= -0.03deg roll=  0.00deg x= -0.000 y= -0.004 u_rw=   -10.0 u_bx=  -0.12 u_by=   0.02 com_xy= 0.001m
Step 324800: pitch= -0.03deg roll= -0.00deg x= -0.000 y= -0.001 u_rw=    15.1 u_bx=   0.04 u_by=   0.03 com_xy= 0.000m
Step 324900: pitch= -0.11deg roll= -0.00deg x=  0.000 y=  0.002 u_rw=     1.6 u_bx=  -0.11 u_by=   0.03 com_xy= 0.000m
Step 325000: pitch= -0.01deg roll= -0.00deg x= -0.000 y=  0.005 u_rw=     4.7 u_bx=  -0.07 u_by=   0.04 com_xy= 0.000m
Step 325100: pitch= -0.01deg roll= -0.00deg x= -0.000 y=  0.010 u_rw=     7.5 u_bx=  -0.04 u_by=   0.02 com_xy= 0.000m
Step 325200: pitch=  0.03deg roll= -0.00deg x= -0.000 y=  0.012 u_rw=     2.7 u_bx=   0.00 u_by=  -0.00 com_xy= 0.001m
Step 325300: pitch= -0.03deg roll= -0.00deg x= -0.000 y=  0.013 u_rw=     0.3 u_bx=  -0.01 u_by=  -0.01 com_xy= 0.001m
Step 325400: pitch=  0.00deg roll= -0.00deg x= -0.000 y=  0.011 u_rw=    -8.2 u_bx=  -0.10 u_by=  -0.03 com_xy= 0.000m
Step 325500: pitch=  0.07deg roll= -0.00deg x= -0.000 y=  0.008 u_rw=    10.5 u_bx=   0.10 u_by=   0.01 com_xy= 0.001m
Step 325600: pitch=  0.03deg roll= -0.00deg x=  0.000 y=  0.008 u_rw=    17.7 u_bx=   0.15 u_by=   0.02 com_xy= 0.001m
Step 325700: pitch= -0.04deg roll= -0.01deg x=  0.000 y=  0.009 u_rw=    -0.1 u_bx=   0.08 u_by=  -0.00 com_xy= 0.002m
Step 325800: pitch=  0.01deg roll= -0.01deg x=  0.000 y=  0.009 u_rw=    -9.8 u_bx=   0.00 u_by=  -0.01 com_xy= 0.003m
Step 325900: pitch=  0.02deg roll= -0.01deg x=  0.000 y=  0.008 u_rw=    -3.8 u_bx=  -0.05 u_by=  -0.00 com_xy= 0.004m
Step 326000: pitch= -0.03deg roll= -0.02deg x=  0.000 y=  0.007 u_rw=   -14.7 u_bx=  -0.07 u_by=  -0.01 com_xy= 0.006m
Step 326100: pitch=  0.02deg roll= -0.03deg x= -0.000 y=  0.007 u_rw=    11.4 u_bx=   0.06 u_by=   0.01 com_xy= 0.010m
Step 326200: pitch= -0.00deg roll= -0.05deg x=  0.000 y=  0.007 u_rw=     7.1 u_bx=   0.10 u_by=   0.02 com_xy= 0.015m
Step 326300: pitch=  0.01deg roll= -0.08deg x=  0.000 y=  0.009 u_rw=     8.7 u_bx=   0.11 u_by=   0.01 com_xy= 0.024m
Step 326400: pitch=  0.02deg roll= -0.11deg x=  0.000 y=  0.011 u_rw=     8.9 u_bx=   0.07 u_by=   0.05 com_xy= 0.037m
Step 326500: pitch=  0.04deg roll= -0.17deg x=  0.000 y=  0.016 u_rw=     5.9 u_bx=   0.03 u_by=   0.06 com_xy= 0.057m
Step 326600: pitch=  0.05deg roll= -0.20deg x=  0.000 y=  0.023 u_rw=     6.4 u_bx=   0.04 u_by=   0.08 com_xy= 0.087m
Step 326700: pitch=  0.06deg roll= -0.23deg x=  0.000 y=  0.034 u_rw=     4.4 u_bx=   0.03 u_by=   0.08 com_xy= 0.133m

CRASH #128 at step 326736: pitch=0.03deg roll=-0.25deg com_xy=0.154m reason=com_overload
Step 326800: pitch=  0.02deg roll= -0.00deg x= -0.000 y=  0.000 u_rw=     9.8 u_bx=   0.03 u_by=   0.02 com_xy= 0.000m
Step 326900: pitch=  0.02deg roll= -0.00deg x=  0.000 y=  0.000 u_rw=    -5.0 u_bx=  -0.07 u_by=  -0.02 com_xy= 0.000m
Step 327000: pitch=  0.07deg roll= -0.00deg x= -0.000 y= -0.000 u_rw=    -0.8 u_bx=   0.04 u_by=   0.02 com_xy= 0.000m
Step 327100: pitch=  0.03deg roll= -0.00deg x= -0.000 y=  0.000 u_rw=    18.0 u_bx=   0.08 u_by=   0.02 com_xy= 0.000m
Step 327200: pitch= -0.04deg roll= -0.00deg x=  0.000 y=  0.002 u_rw=     0.6 u_bx=   0.00 u_by=  -0.01 com_xy= 0.000m
Step 327300: pitch= -0.06deg roll= -0.00deg x=  0.000 y=  0.002 u_rw=   -12.1 u_bx=  -0.10 u_by=  -0.00 com_xy= 0.000m
Step 327400: pitch= -0.03deg roll= -0.00deg x=  0.000 y=  0.001 u_rw=    -1.6 u_bx=   0.01 u_by=  -0.02 com_xy= 0.001m
Step 327500: pitch=  0.00deg roll= -0.00deg x= -0.000 y= -0.001 u_rw=   -11.2 u_bx=  -0.10 u_by=  -0.02 com_xy= 0.000m
Step 327600: pitch=  0.07deg roll= -0.00deg x= -0.000 y= -0.004 u_rw=    13.7 u_bx=   0.13 u_by=  -0.01 com_xy= 0.001m
Step 327700: pitch=  0.03deg roll= -0.00deg x=  0.000 y= -0.005 u_rw=     8.2 u_bx=   0.17 u_by=  -0.03 com_xy= 0.002m
Step 327800: pitch=  0.03deg roll= -0.00deg x=  0.000 y= -0.009 u_rw=   -17.8 u_bx=  -0.02 u_by=  -0.04 com_xy= 0.001m
Step 327900: pitch=  0.13deg roll= -0.00deg x=  0.000 y= -0.012 u_rw=    -0.5 u_bx=   0.05 u_by=  -0.00 com_xy= 0.002m
Step 328000: pitch=  0.04deg roll= -0.00deg x= -0.000 y= -0.014 u_rw=     2.2 u_bx=   0.04 u_by=   0.02 com_xy= 0.002m
Step 328100: pitch=  0.04deg roll= -0.00deg x=  0.000 y= -0.014 u_rw=   -17.5 u_bx=  -0.03 u_by=  -0.02 com_xy= 0.003m
Step 328200: pitch=  0.05deg roll= -0.00deg x=  0.000 y= -0.016 u_rw=    -6.3 u_bx=   0.09 u_by=  -0.06 com_xy= 0.005m
Step 328300: pitch=  0.08deg roll= -0.00deg x=  0.000 y= -0.021 u_rw=    -4.1 u_bx=   0.17 u_by=  -0.06 com_xy= 0.009m
Step 328400: pitch=  0.13deg roll= -0.00deg x=  0.000 y= -0.029 u_rw=    13.9 u_bx=   0.18 u_by=  -0.05 com_xy= 0.014m
Step 328500: pitch=  0.13deg roll= -0.00deg x=  0.000 y= -0.036 u_rw=     9.5 u_bx=   0.24 u_by=  -0.07 com_xy= 0.022m
Step 328600: pitch=  0.07deg roll= -0.00deg x=  0.000 y= -0.044 u_rw=   -11.0 u_bx=   0.08 u_by=  -0.06 com_xy= 0.035m
Step 328700: pitch= -0.02deg roll= -0.00deg x=  0.000 y= -0.052 u_rw=   -18.2 u_bx=   0.04 u_by=  -0.06 com_xy= 0.056m
Step 328800: pitch= -0.05deg roll= -0.01deg x=  0.000 y= -0.060 u_rw=    17.0 u_bx=   0.07 u_by=  -0.04 com_xy= 0.092m
Step 328900: pitch= -0.21deg roll= -0.01deg x= -0.000 y= -0.065 u_rw=   -10.4 u_bx=  -0.19 u_by=   0.00 com_xy= 0.146m

CRASH #129 at step 328913: pitch=-0.21deg roll=-0.01deg com_xy=0.155m reason=com_overload
Step 329000: pitch=  0.03deg roll= -0.00deg x= -0.000 y=  0.000 u_rw=     7.1 u_bx=   0.03 u_by=   0.02 com_xy= 0.000m
Step 329100: pitch=  0.02deg roll= -0.00deg x=  0.000 y=  0.001 u_rw=    10.2 u_bx=   0.11 u_by=  -0.01 com_xy= 0.000m
Step 329200: pitch=  0.06deg roll= -0.00deg x=  0.000 y= -0.000 u_rw=    -0.7 u_bx=   0.05 u_by=  -0.02 com_xy= 0.000m
Step 329300: pitch= -0.02deg roll= -0.00deg x= -0.000 y= -0.003 u_rw=     5.2 u_bx=   0.02 u_by=  -0.01 com_xy= 0.000m
Step 329400: pitch= -0.01deg roll= -0.00deg x= -0.000 y= -0.004 u_rw=    -8.8 u_bx=  -0.07 u_by=  -0.03 com_xy= 0.000m
Step 329500: pitch=  0.03deg roll= -0.00deg x= -0.000 y= -0.008 u_rw=    18.9 u_bx=   0.11 u_by=  -0.04 com_xy= 0.001m
Step 329600: pitch= -0.06deg roll= -0.00deg x=  0.000 y= -0.012 u_rw=   -17.9 u_bx=  -0.05 u_by=  -0.02 com_xy= 0.001m
Step 329700: pitch=  0.02deg roll= -0.00deg x=  0.000 y= -0.014 u_rw=    -1.1 u_bx=  -0.05 u_by=   0.00 com_xy= 0.001m
Step 329800: pitch=  0.05deg roll= -0.00deg x= -0.000 y= -0.014 u_rw=    16.5 u_bx=   0.07 u_by=   0.02 com_xy= 0.003m
Step 329900: pitch= -0.04deg roll= -0.00deg x= -0.000 y= -0.011 u_rw=    -1.1 u_bx=  -0.10 u_by=   0.03 com_xy= 0.003m
Step 330000: pitch= -0.03deg roll= -0.00deg x=  0.000 y= -0.007 u_rw=   -15.1 u_bx=  -0.13 u_by=   0.03 com_xy= 0.005m
Step 330100: pitch= -0.01deg roll= -0.00deg x= -0.000 y= -0.003 u_rw=     3.5 u_bx=   0.02 u_by=   0.01 com_xy= 0.008m
Step 330200: pitch=  0.03deg roll= -0.00deg x= -0.000 y= -0.002 u_rw=     8.4 u_bx=   0.00 u_by=   0.01 com_xy= 0.012m
Step 330300: pitch=  0.02deg roll= -0.00deg x= -0.000 y= -0.000 u_rw=     6.0 u_bx=  -0.10 u_by=   0.02 com_xy= 0.019m
Step 330400: pitch=  0.00deg roll= -0.00deg x= -0.000 y=  0.002 u_rw=    11.0 u_bx=   0.01 u_by=   0.02 com_xy= 0.032m
Step 330500: pitch= -0.06deg roll= -0.00deg x= -0.000 y=  0.004 u_rw=    10.5 u_bx=   0.00 u_by=   0.02 com_xy= 0.051m
Step 330600: pitch= -0.09deg roll= -0.00deg x= -0.000 y=  0.006 u_rw=     3.9 u_bx=  -0.01 u_by=   0.03 com_xy= 0.084m
Step 330700: pitch= -0.25deg roll= -0.00deg x= -0.000 y=  0.011 u_rw=     0.3 u_bx=  -0.26 u_by=   0.07 com_xy= 0.133m

CRASH #130 at step 330734: pitch=-0.32deg roll=-0.00deg com_xy=0.155m reason=com_overload
Step 330800: pitch=  0.04deg roll= -0.00deg x= -0.000 y= -0.000 u_rw=     2.9 u_bx=  -0.00 u_by=  -0.03 com_xy= 0.000m
Step 330900: pitch= -0.00deg roll= -0.00deg x=  0.000 y= -0.001 u_rw=   -11.8 u_bx=  -0.01 u_by=  -0.01 com_xy= 0.000m
Step 331000: pitch= -0.03deg roll= -0.00deg x= -0.000 y= -0.002 u_rw=   -15.0 u_bx=  -0.06 u_by=   0.02 com_xy= 0.000m
Step 331100: pitch=  0.04deg roll= -0.00deg x=  0.000 y= -0.000 u_rw=    15.2 u_bx=   0.12 u_by=   0.01 com_xy= 0.000m
Step 331200: pitch= -0.01deg roll= -0.00deg x=  0.000 y=  0.002 u_rw=     4.3 u_bx=   0.08 u_by=   0.03 com_xy= 0.001m
Step 331300: pitch= -0.03deg roll= -0.00deg x=  0.000 y=  0.004 u_rw=    -3.0 u_bx=   0.05 u_by=   0.02 com_xy= 0.000m
Step 331400: pitch= -0.04deg roll= -0.00deg x= -0.000 y=  0.006 u_rw=    -4.5 u_bx=  -0.03 u_by=   0.01 com_xy= 0.000m
Step 331500: pitch= -0.02deg roll= -0.00deg x=  0.000 y=  0.007 u_rw=     3.0 u_bx=   0.06 u_by=  -0.00 com_xy= 0.001m
Step 331600: pitch=  0.02deg roll= -0.00deg x=  0.000 y=  0.006 u_rw=     7.7 u_bx=   0.10 u_by=  -0.01 com_xy= 0.001m
Step 331700: pitch=  0.06deg roll= -0.00deg x=  0.000 y=  0.005 u_rw=     9.8 u_bx=   0.07 u_by=  -0.01 com_xy= 0.001m
Step 331800: pitch=  0.10deg roll= -0.00deg x= -0.000 y=  0.004 u_rw=     4.2 u_bx=   0.04 u_by=   0.00 com_xy= 0.000m
Step 331900: pitch=  0.11deg roll= -0.00deg x=  0.000 y=  0.002 u_rw=     1.8 u_bx=   0.07 u_by=  -0.01 com_xy= 0.000m
Step 332000: pitch=  0.03deg roll= -0.00deg x=  0.000 y=  0.001 u_rw=   -14.3 u_bx=  -0.01 u_by=  -0.03 com_xy= 0.000m
Step 332100: pitch=  0.02deg roll= -0.00deg x=  0.000 y= -0.002 u_rw=    -9.4 u_bx=  -0.02 u_by=  -0.03 com_xy= 0.001m
Step 332200: pitch=  0.10deg roll= -0.00deg x=  0.000 y= -0.007 u_rw=     3.9 u_bx=   0.16 u_by=  -0.04 com_xy= 0.000m
Step 332300: pitch=  0.07deg roll= -0.00deg x=  0.000 y= -0.013 u_rw=    19.4 u_bx=   0.15 u_by=  -0.04 com_xy= 0.000m
Step 332400: pitch= -0.05deg roll= -0.00deg x= -0.000 y= -0.018 u_rw=     0.8 u_bx=  -0.03 u_by=  -0.00 com_xy= 0.000m
Step 332500: pitch=  0.03deg roll= -0.00deg x=  0.000 y= -0.022 u_rw=    -5.5 u_bx=  -0.01 u_by=  -0.01 com_xy= 0.000m
Step 332600: pitch=  0.06deg roll= -0.00deg x=  0.000 y= -0.024 u_rw=    17.3 u_bx=   0.15 u_by=  -0.02 com_xy= 0.001m
Step 332700: pitch= -0.01deg roll= -0.00deg x=  0.000 y= -0.028 u_rw=    -6.0 u_bx=  -0.03 u_by=  -0.02 com_xy= 0.000m
Step 332800: pitch= -0.00deg roll= -0.00deg x=  0.000 y= -0.030 u_rw=    -2.0 u_bx=   0.04 u_by=  -0.00 com_xy= 0.001m
Step 332900: pitch=  0.11deg roll= -0.00deg x=  0.000 y= -0.032 u_rw=     3.2 u_bx=   0.15 u_by=  -0.01 com_xy= 0.001m
Step 333000: pitch=  0.03deg roll= -0.00deg x=  0.000 y= -0.034 u_rw=     1.4 u_bx=   0.11 u_by=  -0.02 com_xy= 0.001m
Step 333100: pitch=  0.02deg roll= -0.00deg x=  0.000 y= -0.036 u_rw=   -12.8 u_bx=  -0.04 u_by=  -0.01 com_xy= 0.001m
Step 333200: pitch=  0.14deg roll= -0.00deg x=  0.000 y= -0.038 u_rw=     0.9 u_bx=   0.14 u_by=  -0.02 com_xy= 0.001m
Step 333300: pitch=  0.10deg roll= -0.01deg x=  0.000 y= -0.041 u_rw=    -8.5 u_bx=   0.09 u_by=  -0.04 com_xy= 0.002m
Step 333400: pitch=  0.09deg roll= -0.01deg x=  0.000 y= -0.046 u_rw=    -9.1 u_bx=   0.10 u_by=  -0.03 com_xy= 0.002m
Step 333500: pitch=  0.08deg roll= -0.01deg x=  0.000 y= -0.050 u_rw=    -7.2 u_bx=   0.11 u_by=  -0.02 com_xy= 0.004m
Step 333600: pitch=  0.08deg roll= -0.02deg x=  0.000 y= -0.054 u_rw=   -11.7 u_bx=   0.06 u_by=  -0.02 com_xy= 0.006m
Step 333700: pitch=  0.09deg roll= -0.03deg x=  0.000 y= -0.057 u_rw=    -5.9 u_bx=   0.14 u_by=  -0.03 com_xy= 0.009m
Step 333800: pitch=  0.10deg roll= -0.04deg x=  0.000 y= -0.061 u_rw=    -8.7 u_bx=   0.12 u_by=  -0.05 com_xy= 0.013m
Step 333900: pitch=  0.20deg roll= -0.07deg x=  0.000 y= -0.067 u_rw=    -0.8 u_bx=   0.19 u_by=  -0.05 com_xy= 0.020m
Step 334000: pitch=  0.21deg roll= -0.10deg x=  0.000 y= -0.072 u_rw=    -0.2 u_bx=   0.25 u_by=  -0.00 com_xy= 0.031m
Step 334100: pitch=  0.22deg roll= -0.14deg x=  0.000 y= -0.075 u_rw=    17.4 u_bx=   0.30 u_by=  -0.01 com_xy= 0.048m
Step 334200: pitch=  0.14deg roll= -0.16deg x=  0.000 y= -0.077 u_rw=     5.3 u_bx=   0.24 u_by=   0.01 com_xy= 0.074m
Step 334300: pitch=  0.16deg roll= -0.19deg x=  0.000 y= -0.077 u_rw=   -12.3 u_bx=   0.18 u_by=  -0.00 com_xy= 0.115m

CRASH #131 at step 334370: pitch=0.16deg roll=-0.21deg com_xy=0.154m reason=com_overload
Step 334400: pitch= -0.01deg roll= -0.00deg x=  0.000 y= -0.000 u_rw=    -5.0 u_bx=  -0.01 u_by=   0.00 com_xy= 0.000m
Step 334500: pitch=  0.04deg roll= -0.00deg x=  0.000 y=  0.000 u_rw=     7.3 u_bx=   0.06 u_by=  -0.01 com_xy= 0.000m
Step 334600: pitch=  0.04deg roll= -0.00deg x= -0.000 y=  0.000 u_rw=    -1.3 u_bx=  -0.03 u_by=  -0.00 com_xy= 0.000m
Step 334700: pitch=  0.02deg roll= -0.00deg x=  0.000 y= -0.001 u_rw=   -13.0 u_bx=  -0.04 u_by=  -0.02 com_xy= 0.000m
Step 334800: pitch=  0.03deg roll= -0.00deg x= -0.000 y= -0.002 u_rw=     8.3 u_bx=   0.08 u_by=  -0.03 com_xy= 0.000m
Step 334900: pitch= -0.04deg roll= -0.00deg x= -0.000 y= -0.005 u_rw=   -13.5 u_bx=  -0.08 u_by=  -0.01 com_xy= 0.000m
Step 335000: pitch= -0.02deg roll= -0.00deg x=  0.000 y= -0.008 u_rw=    -6.4 u_bx=  -0.05 u_by=  -0.02 com_xy= 0.000m
Step 335100: pitch= -0.02deg roll= -0.00deg x=  0.000 y= -0.010 u_rw=   -11.1 u_bx=  -0.11 u_by=   0.00 com_xy= 0.000m
Step 335200: pitch= -0.04deg roll= -0.00deg x= -0.000 y= -0.011 u_rw=    -1.6 u_bx=  -0.04 u_by=   0.03 com_xy= 0.001m
Step 335300: pitch=  0.02deg roll= -0.00deg x= -0.000 y= -0.008 u_rw=     9.0 u_bx=   0.05 u_by=   0.03 com_xy= 0.002m
Step 335400: pitch=  0.06deg roll= -0.00deg x=  0.000 y= -0.006 u_rw=    11.5 u_bx=   0.07 u_by=   0.01 com_xy= 0.002m
Step 335500: pitch=  0.07deg roll= -0.00deg x=  0.000 y= -0.005 u_rw=     6.2 u_bx=   0.07 u_by=  -0.03 com_xy= 0.002m
Step 335600: pitch=  0.02deg roll= -0.00deg x=  0.000 y= -0.006 u_rw=    -0.9 u_bx=   0.04 u_by=  -0.01 com_xy= 0.003m
Step 335700: pitch=  0.01deg roll= -0.00deg x=  0.000 y= -0.008 u_rw=    -3.8 u_bx=   0.03 u_by=  -0.01 com_xy= 0.005m
Step 335800: pitch=  0.03deg roll= -0.00deg x=  0.000 y= -0.010 u_rw=   -10.1 u_bx=  -0.01 u_by=  -0.01 com_xy= 0.008m
Step 335900: pitch=  0.03deg roll= -0.00deg x=  0.000 y= -0.012 u_rw=   -13.5 u_bx=   0.00 u_by=  -0.01 com_xy= 0.012m
Step 336000: pitch= -0.03deg roll= -0.00deg x=  0.000 y= -0.013 u_rw=   -12.9 u_bx=  -0.03 u_by=  -0.01 com_xy= 0.020m
Step 336100: pitch= -0.01deg roll= -0.00deg x=  0.000 y= -0.015 u_rw=   -15.0 u_bx=  -0.06 u_by=  -0.02 com_xy= 0.033m
Step 336200: pitch= -0.00deg roll=  0.00deg x=  0.000 y= -0.016 u_rw=     1.1 u_bx=  -0.08 u_by=   0.01 com_xy= 0.053m
Step 336300: pitch= -0.13deg roll=  0.00deg x= -0.000 y= -0.015 u_rw=     4.6 u_bx=  -0.03 u_by=   0.04 com_xy= 0.086m
Step 336400: pitch= -0.24deg roll=  0.00deg x= -0.000 y= -0.011 u_rw=    -5.0 u_bx=  -0.23 u_by=   0.07 com_xy= 0.137m

CRASH #132 at step 336427: pitch=-0.24deg roll=0.00deg com_xy=0.155m reason=com_overload
Step 336500: pitch=  0.01deg roll= -0.00deg x= -0.000 y=  0.000 u_rw=    -4.5 u_bx=  -0.02 u_by=   0.00 com_xy= 0.000m
Step 336600: pitch= -0.02deg roll= -0.00deg x=  0.000 y=  0.000 u_rw=   -10.2 u_bx=  -0.07 u_by=  -0.00 com_xy= 0.000m
Step 336700: pitch= -0.03deg roll= -0.00deg x=  0.000 y=  0.000 u_rw=    -2.1 u_bx=  -0.03 u_by=   0.00 com_xy= 0.000m
Step 336800: pitch=  0.02deg roll= -0.00deg x=  0.000 y= -0.000 u_rw=    -8.4 u_bx=  -0.04 u_by=  -0.00 com_xy= 0.000m
Step 336900: pitch=  0.08deg roll= -0.00deg x= -0.000 y= -0.001 u_rw=     7.5 u_bx=   0.13 u_by=  -0.02 com_xy= 0.000m
Step 337000: pitch=  0.05deg roll= -0.00deg x= -0.000 y= -0.003 u_rw=    18.2 u_bx=   0.07 u_by=   0.01 com_xy= 0.000m
Step 337100: pitch=  0.02deg roll= -0.00deg x= -0.000 y= -0.003 u_rw=   -11.6 u_bx=  -0.08 u_by=   0.01 com_xy= 0.001m
Step 337200: pitch=  0.01deg roll= -0.00deg x= -0.000 y= -0.002 u_rw=   -13.5 u_bx=  -0.08 u_by=  -0.02 com_xy= 0.001m
Step 337300: pitch= -0.01deg roll= -0.00deg x=  0.000 y= -0.003 u_rw=    -4.5 u_bx=   0.02 u_by=  -0.01 com_xy= 0.002m
Step 337400: pitch=  0.03deg roll= -0.00deg x= -0.000 y= -0.005 u_rw=    17.9 u_bx=   0.09 u_by=  -0.03 com_xy= 0.002m
Step 337500: pitch= -0.07deg roll= -0.00deg x=  0.000 y= -0.008 u_rw=     1.0 u_bx=  -0.06 u_by=   0.00 com_xy= 0.003m
Step 337600: pitch=  0.02deg roll= -0.00deg x= -0.000 y= -0.009 u_rw=     2.5 u_bx=   0.02 u_by=   0.00 com_xy= 0.004m
Step 337700: pitch=  0.03deg roll= -0.00deg x= -0.000 y= -0.008 u_rw=    -0.1 u_bx=  -0.02 u_by=   0.02 com_xy= 0.006m
Step 337800: pitch= -0.00deg roll= -0.00deg x= -0.000 y= -0.005 u_rw=    -7.0 u_bx=  -0.03 u_by=   0.01 com_xy= 0.011m
Step 337900: pitch=  0.03deg roll= -0.00deg x=  0.000 y= -0.003 u_rw=    -0.4 u_bx=  -0.02 u_by=   0.01 com_xy= 0.017m
Step 338000: pitch=  0.06deg roll= -0.00deg x=  0.000 y= -0.002 u_rw=    18.7 u_bx=   0.15 u_by=  -0.00 com_xy= 0.027m
Step 338100: pitch= -0.01deg roll= -0.00deg x=  0.000 y= -0.002 u_rw=     1.2 u_bx=   0.08 u_by=   0.01 com_xy= 0.044m
Step 338200: pitch=  0.04deg roll= -0.00deg x=  0.000 y= -0.003 u_rw=    -7.3 u_bx=   0.06 u_by=  -0.02 com_xy= 0.072m
Step 338300: pitch=  0.26deg roll= -0.00deg x=  0.000 y= -0.005 u_rw=    18.1 u_bx=   0.32 u_by=  -0.02 com_xy= 0.114m

CRASH #133 at step 338365: pitch=0.32deg roll=-0.00deg com_xy=0.154m reason=com_overload
Step 338400: pitch=  0.01deg roll= -0.00deg x=  0.000 y= -0.000 u_rw=    -1.7 u_bx=   0.05 u_by=  -0.02 com_xy= 0.000m
Step 338500: pitch=  0.03deg roll= -0.00deg x=  0.000 y= -0.002 u_rw=     7.4 u_bx=   0.05 u_by=  -0.04 com_xy= 0.000m
Step 338600: pitch=  0.04deg roll= -0.00deg x=  0.000 y= -0.006 u_rw=     5.2 u_bx=   0.10 u_by=  -0.01 com_xy= 0.000m
Step 338700: pitch=  0.00deg roll= -0.00deg x=  0.000 y= -0.009 u_rw=   -16.5 u_bx=   0.01 u_by=  -0.02 com_xy= 0.000m
Step 338800: pitch= -0.01deg roll= -0.00deg x=  0.000 y= -0.012 u_rw=    -5.1 u_bx=   0.06 u_by=  -0.01 com_xy= 0.000m
Step 338900: pitch=  0.08deg roll= -0.00deg x=  0.000 y= -0.014 u_rw=     1.3 u_bx=   0.11 u_by=  -0.00 com_xy= 0.000m
Step 339000: pitch=  0.08deg roll= -0.00deg x=  0.000 y= -0.015 u_rw=    19.0 u_bx=   0.16 u_by=   0.03 com_xy= 0.000m
Step 339100: pitch=  0.04deg roll= -0.00deg x=  0.000 y= -0.013 u_rw=    -2.2 u_bx=  -0.03 u_by=   0.00 com_xy= 0.001m
Step 339200: pitch=  0.03deg roll= -0.00deg x= -0.000 y= -0.012 u_rw=    -8.1 u_bx=  -0.03 u_by=   0.00 com_xy= 0.002m
Step 339300: pitch=  0.06deg roll= -0.00deg x= -0.000 y= -0.012 u_rw=    -1.5 u_bx=   0.10 u_by=  -0.01 com_xy= 0.002m
Step 339400: pitch=  0.04deg roll= -0.00deg x= -0.000 y= -0.012 u_rw=    19.5 u_bx=   0.09 u_by=   0.02 com_xy= 0.002m
Step 339500: pitch= -0.01deg roll= -0.00deg x= -0.000 y= -0.010 u_rw=    18.8 u_bx=   0.09 u_by=   0.02 com_xy= 0.003m
Step 339600: pitch= -0.08deg roll= -0.00deg x= -0.000 y= -0.008 u_rw=    -1.4 u_bx=  -0.05 u_by=   0.01 com_xy= 0.006m
Step 339700: pitch= -0.04deg roll= -0.00deg x= -0.000 y= -0.005 u_rw=   -16.1 u_bx=  -0.13 u_by=   0.02 com_xy= 0.010m
Step 339800: pitch=  0.03deg roll= -0.00deg x=  0.000 y= -0.002 u_rw=     0.1 u_bx=   0.04 u_by=  -0.02 com_xy= 0.014m
Step 339900: pitch=  0.03deg roll= -0.00deg x=  0.000 y= -0.002 u_rw=    20.3 u_bx=   0.13 u_by=  -0.02 com_xy= 0.022m
Step 340000: pitch=  0.00deg roll= -0.00deg x= -0.000 y= -0.004 u_rw=    15.1 u_bx=   0.13 u_by=  -0.00 com_xy= 0.036m
Step 340100: pitch=  0.01deg roll= -0.00deg x=  0.000 y= -0.004 u_rw=    -0.8 u_bx=   0.06 u_by=   0.02 com_xy= 0.060m
Step 340200: pitch=  0.07deg roll= -0.00deg x=  0.000 y= -0.003 u_rw=     1.6 u_bx=   0.04 u_by=  -0.01 com_xy= 0.096m
Step 340300: pitch=  0.27deg roll= -0.00deg x=  0.000 y= -0.004 u_rw=   -10.5 u_bx=   0.18 u_by=  -0.06 com_xy= 0.152m

CRASH #134 at step 340304: pitch=0.31deg roll=-0.00deg com_xy=0.154m reason=com_overload
Step 340400: pitch= -0.03deg roll= -0.00deg x= -0.000 y=  0.001 u_rw=     2.4 u_bx=   0.01 u_by=   0.01 com_xy= 0.000m
Step 340500: pitch= -0.01deg roll= -0.00deg x=  0.000 y=  0.002 u_rw=   -13.3 u_bx=  -0.09 u_by=  -0.03 com_xy= 0.001m
Step 340600: pitch=  0.06deg roll= -0.00deg x= -0.000 y=  0.001 u_rw=     6.8 u_bx=   0.12 u_by=  -0.01 com_xy= 0.000m
Step 340700: pitch=  0.06deg roll= -0.00deg x= -0.000 y=  0.000 u_rw=    19.2 u_bx=   0.13 u_by=  -0.01 com_xy= 0.001m
Step 340800: pitch=  0.02deg roll= -0.00deg x= -0.000 y= -0.001 u_rw=    19.3 u_bx=   0.13 u_by=  -0.01 com_xy= 0.001m
Step 340900: pitch= -0.07deg roll= -0.00deg x= -0.000 y= -0.002 u_rw=   -18.1 u_bx=  -0.17 u_by=   0.01 com_xy= 0.000m
Step 341000: pitch=  0.02deg roll= -0.00deg x= -0.000 y= -0.001 u_rw=    13.2 u_bx=  -0.01 u_by=   0.02 com_xy= 0.000m
Step 341100: pitch= -0.01deg roll= -0.00deg x= -0.000 y=  0.000 u_rw=    10.2 u_bx=  -0.00 u_by=   0.00 com_xy= 0.001m
Step 341200: pitch=  0.00deg roll= -0.00deg x=  0.000 y=  0.001 u_rw=     4.9 u_bx=   0.06 u_by=  -0.00 com_xy= 0.001m
Step 341300: pitch=  0.08deg roll= -0.00deg x=  0.000 y=  0.001 u_rw=     0.8 u_bx=   0.03 u_by=   0.01 com_xy= 0.000m
Step 341400: pitch= -0.01deg roll= -0.00deg x=  0.000 y=  0.002 u_rw=    -0.4 u_bx=  -0.03 u_by=   0.01 com_xy= 0.000m
Step 341500: pitch=  0.06deg roll= -0.00deg x= -0.000 y=  0.002 u_rw=    10.0 u_bx=   0.07 u_by=  -0.01 com_xy= 0.000m
Step 341600: pitch=  0.06deg roll= -0.00deg x= -0.000 y=  0.002 u_rw=     7.6 u_bx=  -0.04 u_by=   0.01 com_xy= 0.001m
Step 341700: pitch=  0.06deg roll= -0.00deg x= -0.000 y=  0.003 u_rw=     2.4 u_bx=  -0.01 u_by=   0.00 com_xy= 0.002m
Step 341800: pitch= -0.04deg roll= -0.00deg x= -0.000 y=  0.004 u_rw=    -5.7 u_bx=  -0.11 u_by=   0.01 com_xy= 0.002m
Step 341900: pitch= -0.05deg roll= -0.00deg x= -0.000 y=  0.005 u_rw=    -7.4 u_bx=  -0.10 u_by=   0.01 com_xy= 0.003m
Step 342000: pitch= -0.03deg roll= -0.00deg x= -0.000 y=  0.006 u_rw=     1.4 u_bx=  -0.03 u_by=   0.02 com_xy= 0.004m
Step 342100: pitch= -0.04deg roll= -0.00deg x= -0.000 y=  0.007 u_rw=     4.8 u_bx=  -0.02 u_by=   0.03 com_xy= 0.006m
Step 342200: pitch= -0.01deg roll= -0.00deg x= -0.000 y=  0.009 u_rw=    10.3 u_bx=  -0.02 u_by=   0.03 com_xy= 0.010m
Step 342300: pitch=  0.03deg roll= -0.00deg x= -0.000 y=  0.011 u_rw=     8.2 u_bx=   0.05 u_by=   0.00 com_xy= 0.015m
Step 342400: pitch=  0.03deg roll= -0.00deg x=  0.000 y=  0.011 u_rw=    10.2 u_bx=   0.09 u_by=  -0.02 com_xy= 0.025m
Step 342500: pitch=  0.04deg roll= -0.00deg x=  0.000 y=  0.009 u_rw=     5.9 u_bx=   0.06 u_by=  -0.01 com_xy= 0.041m
Step 342600: pitch=  0.07deg roll= -0.01deg x=  0.000 y=  0.007 u_rw=    -6.7 u_bx=   0.04 u_by=  -0.01 com_xy= 0.066m
Step 342700: pitch=  0.19deg roll= -0.01deg x=  0.000 y=  0.005 u_rw=     2.1 u_bx=   0.21 u_by=  -0.04 com_xy= 0.106m

CRASH #135 at step 342782: pitch=0.28deg roll=-0.01deg com_xy=0.155m reason=com_overload
Step 342800: pitch=  0.00deg roll= -0.00deg x= -0.000 y=  0.000 u_rw=    -1.5 u_bx=   0.00 u_by=  -0.00 com_xy= 0.000m
Step 342900: pitch=  0.02deg roll= -0.00deg x=  0.000 y= -0.000 u_rw=    -0.9 u_bx=  -0.02 u_by=   0.01 com_xy= 0.000m
Step 343000: pitch= -0.02deg roll= -0.00deg x=  0.000 y= -0.000 u_rw=   -20.9 u_bx=  -0.06 u_by=   0.00 com_xy= 0.000m
Step 343100: pitch=  0.05deg roll= -0.00deg x=  0.000 y= -0.000 u_rw=    -0.6 u_bx=   0.01 u_by=   0.00 com_xy= 0.000m
Step 343200: pitch=  0.07deg roll= -0.00deg x= -0.000 y=  0.000 u_rw=     8.8 u_bx=   0.09 u_by=  -0.02 com_xy= 0.000m
Step 343300: pitch= -0.01deg roll= -0.00deg x= -0.000 y= -0.001 u_rw=    -4.1 u_bx=   0.04 u_by=  -0.01 com_xy= 0.000m
Step 343400: pitch=  0.01deg roll= -0.00deg x=  0.000 y= -0.002 u_rw=   -14.8 u_bx=  -0.08 u_by=  -0.01 com_xy= 0.001m
Step 343500: pitch=  0.07deg roll= -0.00deg x=  0.000 y= -0.004 u_rw=     6.3 u_bx=   0.11 u_by=  -0.03 com_xy= 0.000m
Step 343600: pitch=  0.04deg roll= -0.00deg x=  0.000 y= -0.006 u_rw=     3.0 u_bx=   0.06 u_by=  -0.02 com_xy= 0.001m
Step 343700: pitch=  0.00deg roll= -0.00deg x=  0.000 y= -0.008 u_rw=   -10.2 u_bx=  -0.04 u_by=  -0.01 com_xy= 0.001m
Step 343800: pitch= -0.00deg roll= -0.00deg x=  0.000 y= -0.010 u_rw=    13.2 u_bx=   0.06 u_by=  -0.01 com_xy= 0.001m
Step 343900: pitch= -0.07deg roll= -0.00deg x=  0.000 y= -0.012 u_rw=   -17.8 u_bx=  -0.14 u_by=  -0.01 com_xy= 0.002m
Step 344000: pitch= -0.05deg roll= -0.00deg x=  0.000 y= -0.014 u_rw=     8.2 u_bx=   0.04 u_by=   0.01 com_xy= 0.001m
Step 344100: pitch= -0.04deg roll= -0.00deg x= -0.000 y= -0.014 u_rw=    10.0 u_bx=   0.05 u_by=   0.01 com_xy= 0.002m
Step 344200: pitch= -0.02deg roll= -0.00deg x= -0.000 y= -0.013 u_rw=    10.1 u_bx=   0.02 u_by=   0.02 com_xy= 0.003m
Step 344300: pitch= -0.01deg roll= -0.00deg x= -0.000 y= -0.010 u_rw=     2.6 u_bx=   0.03 u_by=   0.01 com_xy= 0.005m
Step 344400: pitch= -0.10deg roll= -0.00deg x= -0.000 y= -0.008 u_rw=   -20.9 u_bx=  -0.12 u_by=   0.01 com_xy= 0.009m
Step 344500: pitch=  0.00deg roll= -0.00deg x= -0.000 y= -0.007 u_rw=     7.2 u_bx=   0.06 u_by=   0.02 com_xy= 0.012m
Step 344600: pitch= -0.09deg roll= -0.00deg x= -0.000 y= -0.004 u_rw=    -3.4 u_bx=  -0.12 u_by=   0.04 com_xy= 0.021m
Step 344700: pitch= -0.01deg roll= -0.00deg x= -0.000 y=  0.001 u_rw=    11.2 u_bx=   0.00 u_by=   0.04 com_xy= 0.034m
Step 344800: pitch=  0.03deg roll= -0.00deg x= -0.000 y=  0.007 u_rw=    -5.4 u_bx=  -0.14 u_by=   0.05 com_xy= 0.055m
Step 344900: pitch=  0.08deg roll= -0.00deg x= -0.000 y=  0.014 u_rw=    -2.6 u_bx=   0.05 u_by=   0.03 com_xy= 0.089m
Step 345000: pitch=  0.20deg roll= -0.00deg x=  0.000 y=  0.018 u_rw=     3.9 u_bx=   0.17 u_by=   0.01 com_xy= 0.141m

CRASH #136 at step 345019: pitch=0.31deg roll=-0.01deg com_xy=0.154m reason=com_overload
Step 345100: pitch= -0.01deg roll= -0.00deg x= -0.000 y= -0.000 u_rw=     2.1 u_bx=  -0.03 u_by=   0.01 com_xy= 0.000m
Step 345200: pitch=  0.04deg roll= -0.00deg x=  0.000 y= -0.000 u_rw=    11.4 u_bx=   0.11 u_by=  -0.01 com_xy= 0.001m
Step 345300: pitch=  0.05deg roll= -0.00deg x=  0.000 y= -0.001 u_rw=    15.9 u_bx=   0.12 u_by=  -0.01 com_xy= 0.000m
Step 345400: pitch=  0.01deg roll= -0.00deg x= -0.000 y= -0.003 u_rw=    -4.2 u_bx=  -0.04 u_by=  -0.02 com_xy= 0.000m
Step 345500: pitch= -0.05deg roll= -0.00deg x= -0.000 y= -0.004 u_rw=   -18.4 u_bx=  -0.15 u_by=   0.00 com_xy= 0.001m
Step 345600: pitch=  0.01deg roll= -0.00deg x= -0.000 y= -0.005 u_rw=     4.8 u_bx=   0.04 u_by=  -0.02 com_xy= 0.000m
Step 345700: pitch= -0.06deg roll= -0.00deg x= -0.000 y= -0.006 u_rw=   -14.9 u_bx=  -0.10 u_by=   0.01 com_xy= 0.000m
Step 345800: pitch= -0.05deg roll= -0.00deg x= -0.000 y= -0.005 u_rw=    -9.8 u_bx=  -0.07 u_by=   0.01 com_xy= 0.000m
Step 345900: pitch= -0.02deg roll= -0.00deg x= -0.000 y= -0.004 u_rw=     8.5 u_bx=   0.04 u_by=  -0.01 com_xy= 0.001m
Step 346000: pitch=  0.05deg roll= -0.00deg x= -0.000 y= -0.004 u_rw=     3.2 u_bx=   0.00 u_by=   0.02 com_xy= 0.001m
Step 346100: pitch=  0.00deg roll= -0.00deg x=  0.000 y= -0.003 u_rw=    -7.6 u_bx=   0.02 u_by=  -0.03 com_xy= 0.001m
Step 346200: pitch=  0.01deg roll= -0.00deg x=  0.000 y= -0.005 u_rw=     7.3 u_bx=   0.10 u_by=  -0.01 com_xy= 0.001m
Step 346300: pitch=  0.06deg roll= -0.00deg x=  0.000 y= -0.007 u_rw=    -0.3 u_bx=   0.05 u_by=  -0.00 com_xy= 0.001m
Step 346400: pitch=  0.00deg roll= -0.00deg x=  0.000 y= -0.007 u_rw=    -4.1 u_bx=   0.07 u_by=  -0.02 com_xy= 0.001m
Step 346500: pitch=  0.03deg roll= -0.00deg x=  0.000 y= -0.009 u_rw=    -7.9 u_bx=   0.09 u_by=  -0.02 com_xy= 0.001m
Step 346600: pitch=  0.10deg roll= -0.00deg x=  0.000 y= -0.011 u_rw=    18.9 u_bx=   0.14 u_by=  -0.00 com_xy= 0.001m
Step 346700: pitch=  0.07deg roll= -0.00deg x=  0.000 y= -0.012 u_rw=   -11.7 u_bx=  -0.00 u_by=  -0.02 com_xy= 0.000m
Step 346800: pitch=  0.04deg roll= -0.00deg x=  0.000 y= -0.014 u_rw=    -1.7 u_bx=   0.10 u_by=  -0.05 com_xy= 0.001m
Step 346900: pitch=  0.12deg roll= -0.00deg x=  0.000 y= -0.021 u_rw=    12.8 u_bx=   0.23 u_by=  -0.09 com_xy= 0.001m
Step 347000: pitch=  0.11deg roll= -0.00deg x=  0.000 y= -0.030 u_rw=    -7.7 u_bx=   0.07 u_by=  -0.06 com_xy= 0.001m
Step 347100: pitch=  0.16deg roll= -0.01deg x=  0.000 y= -0.038 u_rw=     4.2 u_bx=   0.20 u_by=  -0.04 com_xy= 0.001m
Step 347200: pitch=  0.06deg roll= -0.01deg x=  0.000 y= -0.045 u_rw=    -3.3 u_bx=   0.18 u_by=  -0.03 com_xy= 0.002m
Step 347300: pitch=  0.13deg roll= -0.01deg x=  0.000 y= -0.051 u_rw=     2.7 u_bx=   0.11 u_by=  -0.03 com_xy= 0.003m
Step 347400: pitch=  0.13deg roll= -0.02deg x=  0.000 y= -0.056 u_rw=    11.3 u_bx=   0.17 u_by=  -0.03 com_xy= 0.005m
Step 347500: pitch=  0.14deg roll= -0.02deg x=  0.000 y= -0.061 u_rw=    -5.2 u_bx=   0.19 u_by=  -0.06 com_xy= 0.007m
Step 347600: pitch=  0.13deg roll= -0.04deg x=  0.000 y= -0.068 u_rw=    -5.5 u_bx=   0.10 u_by=  -0.05 com_xy= 0.011m
Step 347700: pitch=  0.13deg roll= -0.05deg x=  0.000 y= -0.074 u_rw=    -9.4 u_bx=   0.13 u_by=  -0.05 com_xy= 0.017m
Step 347800: pitch=  0.11deg roll= -0.08deg x=  0.000 y= -0.080 u_rw=    -7.2 u_bx=   0.12 u_by=  -0.01 com_xy= 0.027m
Step 347900: pitch=  0.13deg roll= -0.12deg x=  0.000 y= -0.083 u_rw=    -6.2 u_bx=   0.13 u_by=   0.00 com_xy= 0.041m
Step 348000: pitch=  0.20deg roll= -0.17deg x=  0.000 y= -0.083 u_rw=    14.0 u_bx=   0.29 u_by=  -0.00 com_xy= 0.064m
Step 348100: pitch=  0.19deg roll= -0.20deg x=  0.000 y= -0.083 u_rw=     6.3 u_bx=   0.13 u_by=   0.02 com_xy= 0.097m
Step 348200: pitch=  0.19deg roll= -0.23deg x=  0.000 y= -0.081 u_rw=    12.2 u_bx=   0.28 u_by=   0.02 com_xy= 0.149m

CRASH #137 at step 348208: pitch=0.14deg roll=-0.23deg com_xy=0.154m reason=com_overload
Step 348300: pitch= -0.05deg roll= -0.00deg x=  0.000 y= -0.000 u_rw=   -16.3 u_bx=  -0.08 u_by=  -0.01 com_xy= 0.000m
Step 348400: pitch= -0.05deg roll= -0.00deg x=  0.000 y= -0.002 u_rw=    -2.9 u_bx=   0.01 u_by=  -0.02 com_xy= 0.000m
Step 348500: pitch=  0.04deg roll= -0.00deg x=  0.000 y= -0.005 u_rw=     9.8 u_bx=   0.13 u_by=  -0.04 com_xy= 0.000m
Step 348600: pitch=  0.03deg roll= -0.00deg x= -0.000 y= -0.009 u_rw=     9.3 u_bx=   0.03 u_by=  -0.01 com_xy= 0.000m
Step 348700: pitch=  0.01deg roll= -0.00deg x= -0.000 y= -0.011 u_rw=    -6.8 u_bx=  -0.06 u_by=   0.00 com_xy= 0.000m
Step 348800: pitch= -0.04deg roll= -0.00deg x=  0.000 y= -0.011 u_rw=    -0.3 u_bx=   0.05 u_by=  -0.01 com_xy= 0.001m
Step 348900: pitch= -0.04deg roll= -0.00deg x=  0.000 y= -0.013 u_rw=   -17.3 u_bx=  -0.07 u_by=  -0.01 com_xy= 0.001m
Step 349000: pitch= -0.02deg roll= -0.00deg x=  0.000 y= -0.015 u_rw=     6.1 u_bx=   0.08 u_by=  -0.02 com_xy= 0.002m
Step 349100: pitch=  0.02deg roll= -0.00deg x=  0.000 y= -0.018 u_rw=     6.5 u_bx=   0.10 u_by=  -0.00 com_xy= 0.003m
Step 349200: pitch=  0.06deg roll= -0.00deg x=  0.000 y= -0.020 u_rw=     8.2 u_bx=   0.15 u_by=  -0.02 com_xy= 0.004m
Step 349300: pitch=  0.02deg roll= -0.00deg x=  0.000 y= -0.023 u_rw=    -6.0 u_bx=   0.06 u_by=  -0.03 com_xy= 0.006m
Step 349400: pitch=  0.02deg roll= -0.00deg x=  0.000 y= -0.026 u_rw=   -12.9 u_bx=  -0.02 u_by=   0.00 com_xy= 0.008m
Step 349500: pitch=  0.06deg roll= -0.00deg x=  0.000 y= -0.028 u_rw=    15.7 u_bx=   0.19 u_by=   0.00 com_xy= 0.014m
Step 349600: pitch=  0.04deg roll= -0.00deg x=  0.000 y= -0.028 u_rw=    12.1 u_bx=   0.06 u_by=  -0.00 com_xy= 0.022m
Step 349700: pitch=  0.01deg roll= -0.00deg x=  0.000 y= -0.029 u_rw=     1.2 u_bx=  -0.02 u_by=  -0.02 com_xy= 0.035m
Step 349800: pitch= -0.02deg roll= -0.00deg x= -0.000 y= -0.030 u_rw=     5.2 u_bx=  -0.05 u_by=   0.02 com_xy= 0.057m
Step 349900: pitch= -0.10deg roll= -0.00deg x= -0.000 y= -0.028 u_rw=     8.4 u_bx=  -0.08 u_by=   0.03 com_xy= 0.093m
Step 350000: pitch= -0.23deg roll= -0.00deg x= -0.000 y= -0.025 u_rw=     8.5 u_bx=  -0.13 u_by=   0.02 com_xy= 0.148m

CRASH #138 at step 350011: pitch=-0.31deg roll=-0.00deg com_xy=0.155m reason=com_overload
Step 350100: pitch=  0.06deg roll= -0.00deg x=  0.000 y= -0.000 u_rw=     4.4 u_bx=   0.06 u_by=  -0.01 com_xy= 0.000m
Step 350200: pitch= -0.06deg roll= -0.00deg x= -0.000 y= -0.001 u_rw=    -0.6 u_bx=  -0.06 u_by=   0.02 com_xy= 0.000m
Step 350300: pitch=  0.03deg roll= -0.00deg x=  0.000 y=  0.000 u_rw=     2.6 u_bx=   0.07 u_by=   0.00 com_xy= 0.000m
Step 350400: pitch=  0.04deg roll= -0.00deg x=  0.000 y= -0.001 u_rw=    12.4 u_bx=   0.12 u_by=  -0.01 com_xy= 0.000m
Step 350500: pitch=  0.02deg roll= -0.00deg x=  0.000 y= -0.003 u_rw=    10.5 u_bx=   0.10 u_by=   0.00 com_xy= 0.000m
Step 350600: pitch=  0.01deg roll= -0.00deg x= -0.000 y= -0.003 u_rw=    -9.0 u_bx=  -0.11 u_by=   0.00 com_xy= 0.001m
Step 350700: pitch=  0.09deg roll= -0.00deg x= -0.000 y= -0.002 u_rw=    -0.8 u_bx=   0.06 u_by=   0.02 com_xy= 0.000m
Step 350800: pitch=  0.05deg roll= -0.00deg x= -0.000 y= -0.000 u_rw=    18.7 u_bx=   0.14 u_by=   0.02 com_xy= 0.000m
Step 350900: pitch= -0.05deg roll= -0.00deg x=  0.000 y=  0.003 u_rw=    -0.1 u_bx=   0.02 u_by=   0.02 com_xy= 0.001m
Step 351000: pitch= -0.09deg roll= -0.00deg x=  0.000 y=  0.005 u_rw=   -12.1 u_bx=  -0.11 u_by=   0.02 com_xy= 0.001m
Step 351100: pitch= -0.03deg roll= -0.00deg x= -0.000 y=  0.006 u_rw=   -10.0 u_bx=  -0.13 u_by=  -0.01 com_xy= 0.001m
Step 351200: pitch=  0.05deg roll= -0.00deg x=  0.000 y=  0.007 u_rw=     3.5 u_bx=   0.12 u_by=   0.00 com_xy= 0.000m
Step 351300: pitch= -0.00deg roll= -0.00deg x= -0.000 y=  0.006 u_rw=    16.2 u_bx=   0.06 u_by=   0.01 com_xy= 0.000m
Step 351400: pitch= -0.07deg roll= -0.00deg x= -0.000 y=  0.005 u_rw=    -2.7 u_bx=  -0.06 u_by=   0.02 com_xy= 0.000m
Step 351500: pitch= -0.04deg roll= -0.00deg x= -0.000 y=  0.007 u_rw=     0.3 u_bx=   0.02 u_by=   0.02 com_xy= 0.000m
Step 351600: pitch= -0.05deg roll= -0.00deg x= -0.000 y=  0.009 u_rw=   -13.3 u_bx=  -0.09 u_by=   0.02 com_xy= 0.000m
Step 351700: pitch= -0.03deg roll= -0.00deg x= -0.000 y=  0.011 u_rw=   -10.0 u_bx=  -0.05 u_by=  -0.02 com_xy= 0.000m
Step 351800: pitch= -0.03deg roll= -0.00deg x=  0.000 y=  0.011 u_rw=    11.8 u_bx=   0.06 u_by=   0.01 com_xy= 0.000m
Step 351900: pitch= -0.07deg roll= -0.00deg x= -0.000 y=  0.011 u_rw=   -13.3 u_bx=  -0.14 u_by=   0.01 com_xy= 0.001m
Step 352000: pitch= -0.08deg roll= -0.00deg x= -0.000 y=  0.013 u_rw=    -3.6 u_bx=  -0.04 u_by=   0.03 com_xy= 0.000m
Step 352100: pitch= -0.06deg roll= -0.00deg x= -0.000 y=  0.015 u_rw=     5.5 u_bx=  -0.03 u_by=   0.04 com_xy= 0.000m
Step 352200: pitch= -0.07deg roll= -0.00deg x= -0.000 y=  0.019 u_rw=     6.6 u_bx=  -0.01 u_by=   0.02 com_xy= 0.000m
Step 352300: pitch= -0.09deg roll= -0.00deg x= -0.000 y=  0.023 u_rw=     0.2 u_bx=  -0.02 u_by=   0.00 com_xy= 0.000m
Step 352400: pitch= -0.01deg roll= -0.00deg x= -0.000 y=  0.024 u_rw=     2.2 u_bx=  -0.03 u_by=   0.01 com_xy= 0.000m
Step 352500: pitch= -0.06deg roll= -0.00deg x= -0.000 y=  0.026 u_rw=     8.1 u_bx=   0.03 u_by=   0.00 com_xy= 0.000m
Step 352600: pitch= -0.04deg roll= -0.00deg x= -0.000 y=  0.026 u_rw=    -8.6 u_bx=  -0.08 u_by=  -0.01 com_xy= 0.001m
Step 352700: pitch= -0.02deg roll= -0.00deg x= -0.000 y=  0.025 u_rw=    14.2 u_bx=  -0.00 u_by=   0.01 com_xy= 0.001m
Step 352800: pitch= -0.08deg roll= -0.01deg x= -0.000 y=  0.026 u_rw=    -0.0 u_bx=  -0.06 u_by=   0.01 com_xy= 0.001m
Step 352900: pitch= -0.11deg roll= -0.01deg x= -0.000 y=  0.027 u_rw=    -8.8 u_bx=  -0.20 u_by=   0.03 com_xy= 0.002m
Step 353000: pitch= -0.04deg roll= -0.01deg x= -0.000 y=  0.030 u_rw=    15.5 u_bx=  -0.00 u_by=   0.04 com_xy= 0.003m
Step 353100: pitch= -0.10deg roll= -0.02deg x= -0.000 y=  0.035 u_rw=   -10.4 u_bx=  -0.15 u_by=   0.04 com_xy= 0.004m
Step 353200: pitch= -0.15deg roll= -0.02deg x= -0.000 y=  0.040 u_rw=    -4.0 u_bx=  -0.14 u_by=   0.03 com_xy= 0.007m
Step 353300: pitch= -0.10deg roll= -0.04deg x= -0.000 y=  0.045 u_rw=   -14.7 u_bx=  -0.18 u_by=   0.03 com_xy= 0.011m
Step 353400: pitch= -0.06deg roll= -0.05deg x= -0.000 y=  0.050 u_rw=    -1.1 u_bx=  -0.15 u_by=   0.03 com_xy= 0.016m
Step 353500: pitch= -0.04deg roll= -0.08deg x= -0.000 y=  0.055 u_rw=     6.7 u_bx=  -0.02 u_by=   0.05 com_xy= 0.025m
Step 353600: pitch= -0.14deg roll= -0.12deg x= -0.000 y=  0.062 u_rw=    -7.2 u_bx=  -0.20 u_by=   0.07 com_xy= 0.039m
Step 353700: pitch= -0.12deg roll= -0.16deg x= -0.000 y=  0.071 u_rw=     1.0 u_bx=  -0.23 u_by=   0.09 com_xy= 0.060m
Step 353800: pitch= -0.22deg roll= -0.20deg x= -0.000 y=  0.084 u_rw=   -12.3 u_bx=  -0.38 u_by=   0.06 com_xy= 0.092m
Step 353900: pitch= -0.09deg roll= -0.23deg x= -0.000 y=  0.094 u_rw=     0.4 u_bx=  -0.21 u_by=   0.05 com_xy= 0.140m

CRASH #139 at step 353923: pitch=-0.19deg roll=-0.24deg com_xy=0.154m reason=com_overload
Step 354000: pitch= -0.03deg roll= -0.00deg x=  0.000 y= -0.000 u_rw=    -6.6 u_bx=   0.01 u_by=  -0.01 com_xy= 0.000m
Step 354100: pitch= -0.03deg roll= -0.00deg x=  0.000 y= -0.002 u_rw=   -10.4 u_bx=  -0.07 u_by=  -0.01 com_xy= 0.000m
Step 354200: pitch= -0.01deg roll= -0.00deg x= -0.000 y= -0.003 u_rw=    14.8 u_bx=   0.06 u_by=   0.01 com_xy= 0.000m
Step 354300: pitch= -0.06deg roll= -0.00deg x=  0.000 y= -0.004 u_rw=    -9.8 u_bx=  -0.11 u_by=  -0.00 com_xy= 0.000m
Step 354400: pitch= -0.04deg roll= -0.00deg x= -0.000 y= -0.004 u_rw=   -17.9 u_bx=  -0.13 u_by=   0.00 com_xy= 0.001m
Step 354500: pitch=  0.03deg roll= -0.00deg x= -0.000 y= -0.004 u_rw=     0.3 u_bx=  -0.01 u_by=   0.02 com_xy= 0.000m
Step 354600: pitch= -0.02deg roll= -0.00deg x= -0.000 y= -0.002 u_rw=    -9.1 u_bx=  -0.08 u_by=  -0.01 com_xy= 0.001m
Step 354700: pitch=  0.01deg roll= -0.00deg x= -0.000 y= -0.001 u_rw=    -0.2 u_bx=  -0.03 u_by=   0.01 com_xy= 0.001m
Step 354800: pitch= -0.04deg roll= -0.00deg x= -0.000 y= -0.000 u_rw=   -13.2 u_bx=  -0.06 u_by=   0.01 com_xy= 0.001m
Step 354900: pitch= -0.02deg roll= -0.00deg x=  0.000 y=  0.001 u_rw=    14.0 u_bx=   0.06 u_by=   0.01 com_xy= 0.000m
Step 355000: pitch= -0.01deg roll= -0.00deg x=  0.000 y=  0.002 u_rw=    11.6 u_bx=   0.06 u_by=  -0.00 com_xy= 0.000m
Step 355100: pitch=  0.00deg roll= -0.00deg x= -0.000 y=  0.002 u_rw=     8.3 u_bx=   0.04 u_by=   0.01 com_xy= 0.000m
Step 355200: pitch= -0.01deg roll= -0.00deg x= -0.000 y=  0.004 u_rw=     6.1 u_bx=   0.01 u_by=   0.04 com_xy= 0.000m
Step 355300: pitch= -0.04deg roll= -0.00deg x= -0.000 y=  0.009 u_rw=   -14.2 u_bx=  -0.12 u_by=   0.04 com_xy= 0.000m
Step 355400: pitch=  0.03deg roll= -0.00deg x= -0.000 y=  0.014 u_rw=    13.9 u_bx=  -0.01 u_by=   0.05 com_xy= 0.000m
Step 355500: pitch=  0.00deg roll= -0.00deg x= -0.000 y=  0.019 u_rw=     0.6 u_bx=  -0.08 u_by=   0.03 com_xy= 0.000m
Step 355600: pitch= -0.06deg roll= -0.00deg x= -0.000 y=  0.023 u_rw=    -3.1 u_bx=  -0.04 u_by=   0.03 com_xy= 0.000m
Step 355700: pitch= -0.01deg roll= -0.00deg x= -0.000 y=  0.026 u_rw=    13.5 u_bx=   0.01 u_by=   0.01 com_xy= 0.000m
Step 355800: pitch= -0.04deg roll= -0.00deg x= -0.000 y=  0.027 u_rw=    12.1 u_bx=  -0.03 u_by=   0.02 com_xy= 0.000m
Step 355900: pitch= -0.08deg roll= -0.00deg x= -0.000 y=  0.030 u_rw=   -15.7 u_bx=  -0.25 u_by=   0.03 com_xy= 0.001m
Step 356000: pitch= -0.02deg roll= -0.00deg x= -0.000 y=  0.034 u_rw=    -1.1 u_bx=  -0.06 u_by=   0.02 com_xy= 0.000m
Step 356100: pitch= -0.01deg roll= -0.00deg x= -0.000 y=  0.037 u_rw=    19.3 u_bx=   0.06 u_by=   0.06 com_xy= 0.000m
Step 356200: pitch= -0.10deg roll=  0.00deg x= -0.000 y=  0.042 u_rw=     1.1 u_bx=  -0.03 u_by=   0.03 com_xy= 0.001m
Step 356300: pitch= -0.12deg roll=  0.00deg x= -0.000 y=  0.045 u_rw=    -0.1 u_bx=  -0.16 u_by=   0.00 com_xy= 0.001m
Step 356400: pitch= -0.11deg roll=  0.00deg x= -0.000 y=  0.047 u_rw=   -18.8 u_bx=  -0.18 u_by=   0.00 com_xy= 0.001m
Step 356500: pitch= -0.04deg roll=  0.00deg x= -0.000 y=  0.049 u_rw=   -10.5 u_bx=  -0.14 u_by=  -0.00 com_xy= 0.002m
Step 356600: pitch=  0.01deg roll=  0.01deg x= -0.000 y=  0.050 u_rw=     0.1 u_bx=  -0.03 u_by=   0.01 com_xy= 0.003m
Step 356700: pitch= -0.00deg roll=  0.01deg x= -0.000 y=  0.051 u_rw=    19.2 u_bx=   0.05 u_by=   0.00 com_xy= 0.004m
Step 356800: pitch= -0.11deg roll=  0.02deg x= -0.000 y=  0.051 u_rw=     4.9 u_bx=  -0.03 u_by=   0.01 com_xy= 0.007m
Step 356900: pitch= -0.16deg roll=  0.03deg x= -0.000 y=  0.051 u_rw=    -8.7 u_bx=  -0.22 u_by=   0.00 com_xy= 0.011m
Step 357000: pitch= -0.08deg roll=  0.05deg x= -0.000 y=  0.052 u_rw=    12.5 u_bx=  -0.06 u_by=   0.02 com_xy= 0.016m
Step 357100: pitch= -0.11deg roll=  0.08deg x= -0.000 y=  0.053 u_rw=     6.9 u_bx=  -0.09 u_by=   0.02 com_xy= 0.025m
Step 357200: pitch= -0.13deg roll=  0.12deg x= -0.000 y=  0.056 u_rw=   -16.3 u_bx=  -0.27 u_by=  -0.01 com_xy= 0.039m
Step 357300: pitch= -0.07deg roll=  0.17deg x= -0.000 y=  0.056 u_rw=     0.8 u_bx=  -0.16 u_by=  -0.02 com_xy= 0.060m
Step 357400: pitch= -0.13deg roll=  0.20deg x= -0.000 y=  0.055 u_rw=    14.4 u_bx=  -0.09 u_by=  -0.04 com_xy= 0.092m
Step 357500: pitch= -0.14deg roll=  0.23deg x= -0.000 y=  0.051 u_rw=     7.0 u_bx=  -0.11 u_by=  -0.03 com_xy= 0.140m

CRASH #140 at step 357522: pitch=-0.05deg roll=0.24deg com_xy=0.154m reason=com_overload
Step 357600: pitch= -0.04deg roll= -0.00deg x=  0.000 y= -0.000 u_rw=    -6.2 u_bx=   0.00 u_by=  -0.01 com_xy= 0.000m
Step 357700: pitch= -0.05deg roll= -0.00deg x=  0.000 y= -0.002 u_rw=    -7.3 u_bx=  -0.07 u_by=   0.01 com_xy= 0.000m
Step 357800: pitch= -0.03deg roll= -0.00deg x= -0.000 y= -0.002 u_rw=    -5.4 u_bx=   0.00 u_by=   0.02 com_xy= 0.000m
Step 357900: pitch= -0.03deg roll= -0.00deg x= -0.000 y= -0.000 u_rw=   -11.2 u_bx=  -0.08 u_by=   0.02 com_xy= 0.000m
Step 358000: pitch= -0.08deg roll= -0.00deg x= -0.000 y=  0.003 u_rw=     1.5 u_bx=  -0.12 u_by=   0.04 com_xy= 0.000m
Step 358100: pitch= -0.05deg roll= -0.00deg x= -0.000 y=  0.007 u_rw=   -13.3 u_bx=  -0.16 u_by=   0.03 com_xy= 0.001m
Step 358200: pitch= -0.00deg roll= -0.00deg x= -0.000 y=  0.012 u_rw=    15.2 u_bx=  -0.01 u_by=   0.06 com_xy= 0.000m
Step 358300: pitch= -0.00deg roll= -0.00deg x=  0.000 y=  0.018 u_rw=    -4.2 u_bx=  -0.01 u_by=  -0.00 com_xy= 0.000m
Step 358400: pitch= -0.03deg roll= -0.00deg x= -0.000 y=  0.020 u_rw=   -14.0 u_bx=  -0.07 u_by=   0.01 com_xy= 0.000m
Step 358500: pitch=  0.04deg roll= -0.00deg x= -0.000 y=  0.022 u_rw=    -0.6 u_bx=   0.01 u_by=   0.01 com_xy= 0.000m
Step 358600: pitch= -0.01deg roll= -0.00deg x= -0.000 y=  0.024 u_rw=    11.0 u_bx=   0.07 u_by=   0.01 com_xy= 0.000m
Step 358700: pitch=  0.01deg roll= -0.00deg x=  0.000 y=  0.024 u_rw=     7.8 u_bx=   0.05 u_by=  -0.01 com_xy= 0.000m
Step 358800: pitch= -0.01deg roll= -0.00deg x= -0.000 y=  0.023 u_rw=     9.7 u_bx=  -0.01 u_by=  -0.00 com_xy= 0.000m
Step 358900: pitch= -0.03deg roll= -0.00deg x= -0.000 y=  0.023 u_rw=    -9.0 u_bx=  -0.04 u_by=  -0.01 com_xy= 0.000m
Step 359000: pitch= -0.03deg roll= -0.00deg x=  0.000 y=  0.020 u_rw=   -10.7 u_bx=  -0.09 u_by=  -0.02 com_xy= 0.000m
Step 359100: pitch= -0.06deg roll= -0.00deg x= -0.000 y=  0.019 u_rw=    -7.5 u_bx=  -0.13 u_by=   0.02 com_xy= 0.001m
Step 359200: pitch= -0.03deg roll= -0.00deg x= -0.000 y=  0.020 u_rw=    -5.1 u_bx=  -0.13 u_by=   0.02 com_xy= 0.000m
Step 359300: pitch= -0.05deg roll= -0.00deg x= -0.000 y=  0.023 u_rw=   -10.3 u_bx=  -0.08 u_by=   0.01 com_xy= 0.000m
Step 359400: pitch= -0.01deg roll= -0.00deg x= -0.000 y=  0.024 u_rw=     5.1 u_bx=   0.01 u_by=   0.00 com_xy= 0.000m
Step 359500: pitch= -0.06deg roll= -0.00deg x= -0.000 y=  0.025 u_rw=    -8.6 u_bx=  -0.14 u_by=   0.01 com_xy= 0.001m
Step 359600: pitch= -0.09deg roll= -0.00deg x= -0.000 y=  0.027 u_rw=    -8.3 u_bx=  -0.14 u_by=   0.03 com_xy= 0.001m
Step 359700: pitch= -0.06deg roll= -0.00deg x= -0.000 y=  0.031 u_rw=    -6.4 u_bx=  -0.17 u_by=   0.06 com_xy= 0.001m
Step 359800: pitch= -0.08deg roll= -0.00deg x= -0.000 y=  0.038 u_rw=    13.4 u_bx=  -0.03 u_by=   0.04 com_xy= 0.000m
Step 359900: pitch= -0.12deg roll= -0.00deg x= -0.000 y=  0.043 u_rw=   -13.4 u_bx=  -0.14 u_by=   0.02 com_xy= 0.000m
Step 360000: pitch= -0.11deg roll= -0.00deg x= -0.000 y=  0.047 u_rw=   -12.1 u_bx=  -0.18 u_by=   0.03 com_xy= 0.001m
Step 360100: pitch= -0.09deg roll= -0.00deg x= -0.000 y=  0.051 u_rw=     2.1 u_bx=  -0.05 u_by=   0.03 com_xy= 0.000m
Step 360200: pitch= -0.03deg roll=  0.00deg x= -0.000 y=  0.056 u_rw=     6.0 u_bx=  -0.02 u_by=   0.04 com_xy= 0.001m
Step 360300: pitch= -0.13deg roll=  0.00deg x= -0.000 y=  0.061 u_rw=   -18.6 u_bx=  -0.25 u_by=   0.06 com_xy= 0.002m
Step 360400: pitch= -0.07deg roll=  0.00deg x= -0.000 y=  0.068 u_rw=     7.5 u_bx=  -0.07 u_by=   0.04 com_xy= 0.001m
Step 360500: pitch= -0.09deg roll=  0.00deg x= -0.000 y=  0.073 u_rw=     9.8 u_bx=  -0.10 u_by=   0.04 com_xy= 0.002m
Step 360600: pitch= -0.10deg roll=  0.01deg x= -0.000 y=  0.078 u_rw=    11.8 u_bx=  -0.07 u_by=   0.05 com_xy= 0.003m
Step 360700: pitch= -0.11deg roll=  0.01deg x= -0.000 y=  0.083 u_rw=    15.1 u_bx=  -0.11 u_by=   0.01 com_xy= 0.005m
Step 360800: pitch= -0.21deg roll=  0.02deg x= -0.000 y=  0.087 u_rw=    -3.5 u_bx=  -0.33 u_by=   0.02 com_xy= 0.008m
Step 360900: pitch= -0.19deg roll=  0.03deg x= -0.000 y=  0.090 u_rw=   -17.2 u_bx=  -0.29 u_by=   0.01 com_xy= 0.012m
Step 361000: pitch= -0.20deg roll=  0.05deg x= -0.000 y=  0.092 u_rw=   -10.0 u_bx=  -0.23 u_by=   0.01 com_xy= 0.018m
Step 361100: pitch= -0.19deg roll=  0.08deg x= -0.000 y=  0.094 u_rw=     2.9 u_bx=  -0.15 u_by=   0.02 com_xy= 0.027m
Step 361200: pitch= -0.17deg roll=  0.12deg x= -0.000 y=  0.096 u_rw=    12.4 u_bx=  -0.15 u_by=   0.01 com_xy= 0.042m
Step 361300: pitch= -0.15deg roll=  0.17deg x= -0.000 y=  0.097 u_rw=     4.6 u_bx=  -0.20 u_by=   0.00 com_xy= 0.065m
Step 361400: pitch= -0.14deg roll=  0.22deg x= -0.000 y=  0.097 u_rw=    -2.2 u_bx=  -0.24 u_by=  -0.03 com_xy= 0.099m
Step 361500: pitch= -0.12deg roll=  0.26deg x= -0.000 y=  0.095 u_rw=     4.9 u_bx=  -0.09 u_by=  -0.05 com_xy= 0.151m

CRASH #141 at step 361505: pitch=-0.15deg roll=0.26deg com_xy=0.154m reason=com_overload
Step 361600: pitch=  0.03deg roll= -0.00deg x=  0.000 y=  0.000 u_rw=    10.3 u_bx=   0.07 u_by=  -0.02 com_xy= 0.000m
Step 361700: pitch=  0.02deg roll= -0.00deg x=  0.000 y= -0.001 u_rw=     8.1 u_bx=   0.10 u_by=   0.00 com_xy= 0.000m
Step 361800: pitch=  0.01deg roll= -0.00deg x=  0.000 y= -0.001 u_rw=     0.6 u_bx=   0.00 u_by=   0.02 com_xy= 0.000m
Step 361900: pitch= -0.03deg roll= -0.00deg x= -0.000 y=  0.002 u_rw=    -5.0 u_bx=  -0.04 u_by=   0.01 com_xy= 0.000m
Step 362000: pitch= -0.06deg roll= -0.00deg x= -0.000 y=  0.005 u_rw=   -13.4 u_bx=  -0.12 u_by=   0.03 com_xy= 0.000m
Step 362100: pitch= -0.01deg roll= -0.00deg x= -0.000 y=  0.008 u_rw=    10.6 u_bx=  -0.01 u_by=   0.04 com_xy= 0.000m
Step 362200: pitch= -0.07deg roll= -0.00deg x= -0.000 y=  0.013 u_rw=   -15.2 u_bx=  -0.14 u_by=   0.01 com_xy= 0.000m
Step 362300: pitch= -0.00deg roll= -0.00deg x= -0.000 y=  0.016 u_rw=    12.9 u_bx=   0.05 u_by=   0.01 com_xy= 0.001m
Step 362400: pitch=  0.07deg roll= -0.00deg x=  0.000 y=  0.018 u_rw=     8.1 u_bx=   0.08 u_by=   0.00 com_xy= 0.002m
Step 362500: pitch=  0.02deg roll= -0.00deg x=  0.000 y=  0.018 u_rw=    -5.9 u_bx=  -0.00 u_by=  -0.01 com_xy= 0.001m
Step 362600: pitch=  0.07deg roll= -0.00deg x=  0.000 y=  0.017 u_rw=    12.7 u_bx=   0.13 u_by=  -0.03 com_xy= 0.002m
Step 362700: pitch=  0.12deg roll= -0.00deg x=  0.000 y=  0.014 u_rw=     3.0 u_bx=   0.13 u_by=  -0.04 com_xy= 0.002m
Step 362800: pitch=  0.03deg roll= -0.00deg x=  0.000 y=  0.009 u_rw=    -2.9 u_bx=   0.05 u_by=  -0.04 com_xy= 0.002m
Step 362900: pitch=  0.09deg roll= -0.00deg x=  0.000 y=  0.003 u_rw=    -5.7 u_bx=  -0.02 u_by=  -0.03 com_xy= 0.003m
Step 363000: pitch=  0.11deg roll= -0.00deg x=  0.000 y= -0.002 u_rw=     0.8 u_bx=   0.04 u_by=  -0.04 com_xy= 0.004m
Step 363100: pitch=  0.06deg roll= -0.00deg x= -0.000 y= -0.007 u_rw=   -15.2 u_bx=  -0.09 u_by=  -0.01 com_xy= 0.006m
Step 363200: pitch=  0.08deg roll= -0.00deg x=  0.000 y= -0.010 u_rw=    -7.1 u_bx=   0.07 u_by=  -0.05 com_xy= 0.009m
Step 363300: pitch=  0.08deg roll= -0.00deg x=  0.000 y= -0.015 u_rw=    -8.3 u_bx=   0.07 u_by=  -0.06 com_xy= 0.015m
Step 363400: pitch=  0.13deg roll= -0.00deg x=  0.000 y= -0.022 u_rw=    16.0 u_bx=   0.19 u_by=  -0.05 com_xy= 0.024m
Step 363500: pitch=  0.09deg roll= -0.00deg x=  0.000 y= -0.030 u_rw=    -1.2 u_bx=   0.11 u_by=  -0.06 com_xy= 0.039m
Step 363600: pitch= -0.01deg roll= -0.00deg x=  0.000 y= -0.037 u_rw=   -14.6 u_bx=  -0.02 u_by=  -0.01 com_xy= 0.063m
Step 363700: pitch= -0.05deg roll= -0.01deg x= -0.000 y= -0.041 u_rw=     0.2 u_bx=  -0.08 u_by=   0.02 com_xy= 0.102m

CRASH #142 at step 363791: pitch=-0.18deg roll=-0.01deg com_xy=0.154m reason=com_overload
Step 363800: pitch= -0.00deg roll= -0.00deg x= -0.000 y=  0.000 u_rw=    -1.5 u_bx=   0.00 u_by=   0.00 com_xy= 0.000m
Step 363900: pitch= -0.04deg roll= -0.00deg x=  0.000 y= -0.000 u_rw=   -17.2 u_bx=  -0.10 u_by=  -0.01 com_xy= 0.000m
Step 364000: pitch=  0.05deg roll= -0.00deg x=  0.000 y= -0.001 u_rw=    -0.1 u_bx=   0.06 u_by=  -0.01 com_xy= 0.000m
Step 364100: pitch= -0.02deg roll= -0.00deg x=  0.000 y= -0.002 u_rw=    -4.7 u_bx=  -0.02 u_by=   0.00 com_xy= 0.000m
Step 364200: pitch=  0.03deg roll= -0.00deg x=  0.000 y= -0.002 u_rw=    10.6 u_bx=   0.11 u_by=  -0.02 com_xy= 0.000m
Step 364300: pitch= -0.10deg roll= -0.00deg x=  0.000 y= -0.004 u_rw=    -8.5 u_bx=  -0.10 u_by=  -0.02 com_xy= 0.001m
Step 364400: pitch= -0.08deg roll= -0.00deg x=  0.000 y= -0.006 u_rw=   -19.2 u_bx=  -0.11 u_by=  -0.02 com_xy= 0.001m
Step 364500: pitch=  0.02deg roll= -0.00deg x=  0.000 y= -0.009 u_rw=    -3.0 u_bx=  -0.05 u_by=  -0.00 com_xy= 0.000m
Step 364600: pitch= -0.05deg roll= -0.00deg x= -0.000 y= -0.010 u_rw=    -5.4 u_bx=  -0.02 u_by=   0.01 com_xy= 0.000m
Step 364700: pitch= -0.04deg roll= -0.00deg x=  0.000 y= -0.010 u_rw=    -3.6 u_bx=  -0.00 u_by=  -0.02 com_xy= 0.000m
Step 364800: pitch=  0.00deg roll= -0.00deg x= -0.000 y= -0.010 u_rw=    17.7 u_bx=   0.05 u_by=   0.02 com_xy= 0.000m
Step 364900: pitch= -0.07deg roll= -0.00deg x=  0.000 y= -0.010 u_rw=     1.6 u_bx=  -0.01 u_by=   0.02 com_xy= 0.000m
Step 365000: pitch= -0.04deg roll= -0.00deg x= -0.000 y= -0.008 u_rw=   -11.8 u_bx=  -0.10 u_by=   0.01 com_xy= 0.000m
Step 365100: pitch= -0.03deg roll= -0.00deg x=  0.000 y= -0.006 u_rw=    -8.9 u_bx=  -0.01 u_by=  -0.01 com_xy= 0.000m
Step 365200: pitch= -0.04deg roll= -0.00deg x=  0.000 y= -0.005 u_rw=   -10.9 u_bx=  -0.07 u_by=  -0.01 com_xy= 0.000m
Step 365300: pitch= -0.06deg roll= -0.00deg x= -0.000 y= -0.005 u_rw=   -10.7 u_bx=  -0.16 u_by=   0.01 com_xy= 0.001m
Step 365400: pitch= -0.07deg roll= -0.00deg x= -0.000 y= -0.005 u_rw=    -6.8 u_bx=  -0.13 u_by=  -0.01 com_xy= 0.000m
Step 365500: pitch= -0.06deg roll= -0.00deg x= -0.000 y= -0.006 u_rw=    -5.3 u_bx=  -0.08 u_by=  -0.01 com_xy= 0.000m
Step 365600: pitch= -0.08deg roll= -0.00deg x= -0.000 y= -0.006 u_rw=    -1.5 u_bx=  -0.10 u_by=   0.01 com_xy= 0.001m
Step 365700: pitch= -0.07deg roll= -0.00deg x= -0.000 y= -0.007 u_rw=   -18.2 u_bx=  -0.14 u_by=  -0.02 com_xy= 0.001m
Step 365800: pitch=  0.05deg roll= -0.00deg x= -0.000 y= -0.009 u_rw=     8.1 u_bx=   0.12 u_by=   0.00 com_xy= 0.001m
Step 365900: pitch= -0.06deg roll= -0.01deg x=  0.000 y= -0.010 u_rw=    -7.5 u_bx=   0.02 u_by=   0.01 com_xy= 0.002m
Step 366000: pitch=  0.04deg roll= -0.01deg x= -0.000 y= -0.009 u_rw=    14.3 u_bx=   0.05 u_by=   0.03 com_xy= 0.003m
Step 366100: pitch= -0.06deg roll= -0.02deg x= -0.000 y= -0.006 u_rw=   -13.6 u_bx=  -0.10 u_by=   0.03 com_xy= 0.005m
Step 366200: pitch= -0.08deg roll= -0.02deg x= -0.000 y= -0.002 u_rw=    -6.2 u_bx=  -0.05 u_by=   0.03 com_xy= 0.007m
Step 366300: pitch=  0.01deg roll= -0.04deg x= -0.000 y=  0.002 u_rw=    10.9 u_bx=   0.03 u_by=   0.04 com_xy= 0.011m
Step 366400: pitch= -0.07deg roll= -0.06deg x= -0.000 y=  0.007 u_rw=     8.1 u_bx=   0.02 u_by=   0.03 com_xy= 0.018m
Step 366500: pitch= -0.10deg roll= -0.09deg x= -0.000 y=  0.013 u_rw=   -15.2 u_bx=  -0.18 u_by=   0.05 com_xy= 0.027m
Step 366600: pitch= -0.10deg roll= -0.13deg x= -0.000 y=  0.020 u_rw=   -13.0 u_bx=  -0.14 u_by=   0.06 com_xy= 0.042m
Step 366700: pitch= -0.06deg roll= -0.18deg x= -0.000 y=  0.029 u_rw=     1.4 u_bx=  -0.11 u_by=   0.09 com_xy= 0.064m
Step 366800: pitch= -0.03deg roll= -0.21deg x= -0.000 y=  0.040 u_rw=     5.6 u_bx=  -0.03 u_by=   0.09 com_xy= 0.099m
Step 366900: pitch= -0.10deg roll= -0.25deg x= -0.000 y=  0.053 u_rw=   -13.1 u_bx=  -0.10 u_by=   0.08 com_xy= 0.150m

CRASH #143 at step 366906: pitch=-0.04deg roll=-0.25deg com_xy=0.154m reason=com_overload
Step 367000: pitch=  0.03deg roll= -0.00deg x= -0.000 y= -0.000 u_rw=    12.6 u_bx=   0.03 u_by=   0.00 com_xy= 0.000m
Step 367100: pitch=  0.04deg roll= -0.00deg x= -0.000 y=  0.000 u_rw=     6.9 u_bx=   0.03 u_by=   0.01 com_xy= 0.000m
Step 367200: pitch=  0.00deg roll= -0.00deg x= -0.000 y=  0.002 u_rw=    13.9 u_bx=   0.01 u_by=   0.02 com_xy= 0.000m
Step 367300: pitch=  0.04deg roll= -0.00deg x= -0.000 y=  0.004 u_rw=    14.4 u_bx=   0.05 u_by=   0.02 com_xy= 0.001m
Step 367400: pitch=  0.04deg roll=  0.00deg x=  0.000 y=  0.007 u_rw=     2.4 u_bx=   0.01 u_by=   0.03 com_xy= 0.000m
Step 367500: pitch= -0.01deg roll=  0.00deg x=  0.000 y=  0.009 u_rw=   -10.1 u_bx=  -0.04 u_by=   0.00 com_xy= 0.000m
Step 367600: pitch=  0.10deg roll=  0.00deg x= -0.000 y=  0.010 u_rw=     1.8 u_bx=   0.10 u_by=   0.03 com_xy= 0.000m
Step 367700: pitch=  0.06deg roll=  0.00deg x= -0.000 y=  0.013 u_rw=    19.7 u_bx=   0.09 u_by=   0.04 com_xy= 0.000m
Step 367800: pitch= -0.03deg roll=  0.00deg x= -0.000 y=  0.017 u_rw=     7.5 u_bx=   0.01 u_by=   0.05 com_xy= 0.001m
Step 367900: pitch= -0.02deg roll=  0.00deg x= -0.000 y=  0.022 u_rw=     0.1 u_bx=  -0.05 u_by=   0.01 com_xy= 0.001m
Step 368000: pitch= -0.02deg roll=  0.00deg x= -0.000 y=  0.025 u_rw=     9.2 u_bx=  -0.04 u_by=   0.00 com_xy= 0.000m
Step 368100: pitch=  0.00deg roll=  0.00deg x= -0.000 y=  0.026 u_rw=     3.4 u_bx=  -0.05 u_by=   0.02 com_xy= 0.000m
Step 368200: pitch= -0.06deg roll=  0.00deg x= -0.000 y=  0.028 u_rw=     2.0 u_bx=  -0.02 u_by=   0.04 com_xy= 0.001m
Step 368300: pitch= -0.07deg roll=  0.00deg x= -0.000 y=  0.032 u_rw=   -11.1 u_bx=  -0.10 u_by=   0.03 com_xy= 0.000m
Step 368400: pitch=  0.01deg roll= -0.00deg x= -0.000 y=  0.037 u_rw=    11.6 u_bx=   0.03 u_by=   0.03 com_xy= 0.001m
Step 368500: pitch=  0.02deg roll= -0.00deg x= -0.000 y=  0.040 u_rw=     2.5 u_bx=  -0.03 u_by=   0.01 com_xy= 0.001m
Step 368600: pitch=  0.01deg roll= -0.00deg x= -0.000 y=  0.042 u_rw=    -1.8 u_bx=  -0.09 u_by=   0.01 com_xy= 0.001m
Step 368700: pitch= -0.06deg roll= -0.00deg x= -0.000 y=  0.043 u_rw=    -8.6 u_bx=  -0.13 u_by=   0.03 com_xy= 0.002m
Step 368800: pitch= -0.06deg roll= -0.01deg x= -0.000 y=  0.045 u_rw=    -7.8 u_bx=  -0.09 u_by=   0.02 com_xy= 0.003m
Step 368900: pitch=  0.03deg roll= -0.01deg x= -0.000 y=  0.047 u_rw=    11.6 u_bx=   0.12 u_by=  -0.00 com_xy= 0.004m
Step 369000: pitch= -0.09deg roll= -0.02deg x= -0.000 y=  0.048 u_rw=    -9.9 u_bx=  -0.12 u_by=   0.02 com_xy= 0.006m
Step 369100: pitch=  0.02deg roll= -0.03deg x= -0.000 y=  0.050 u_rw=    -0.6 u_bx=  -0.01 u_by=   0.03 com_xy= 0.009m
Step 369200: pitch= -0.03deg roll= -0.05deg x= -0.000 y=  0.052 u_rw=    11.9 u_bx=   0.07 u_by=   0.01 com_xy= 0.014m
Step 369300: pitch= -0.08deg roll= -0.07deg x= -0.000 y=  0.054 u_rw=   -15.0 u_bx=  -0.13 u_by=   0.05 com_xy= 0.022m
Step 369400: pitch=  0.01deg roll= -0.10deg x= -0.000 y=  0.060 u_rw=    -0.3 u_bx=  -0.06 u_by=   0.06 com_xy= 0.034m
Step 369500: pitch=  0.03deg roll= -0.15deg x= -0.000 y=  0.066 u_rw=    13.0 u_bx=   0.04 u_by=   0.06 com_xy= 0.053m
Step 369600: pitch= -0.03deg roll= -0.18deg x= -0.000 y=  0.074 u_rw=    -3.6 u_bx=  -0.09 u_by=   0.08 com_xy= 0.081m
Step 369700: pitch= -0.03deg roll= -0.20deg x= -0.000 y=  0.083 u_rw=    -8.6 u_bx=  -0.11 u_by=   0.04 com_xy= 0.124m

CRASH #144 at step 369752: pitch=-0.06deg roll=-0.22deg com_xy=0.154m reason=com_overload
Step 369800: pitch=  0.04deg roll= -0.00deg x=  0.000 y= -0.000 u_rw=     9.6 u_bx=   0.08 u_by=  -0.01 com_xy= 0.000m
Step 369900: pitch=  0.03deg roll= -0.00deg x=  0.000 y= -0.001 u_rw=     7.2 u_bx=   0.09 u_by=  -0.02 com_xy= 0.000m
Step 370000: pitch=  0.02deg roll= -0.00deg x=  0.000 y= -0.003 u_rw=     4.3 u_bx=   0.06 u_by=  -0.02 com_xy= 0.000m
Step 370100: pitch=  0.00deg roll= -0.00deg x=  0.000 y= -0.005 u_rw=   -13.3 u_bx=  -0.00 u_by=  -0.02 com_xy= 0.000m
Step 370200: pitch=  0.04deg roll= -0.00deg x=  0.000 y= -0.007 u_rw=    18.6 u_bx=   0.13 u_by=  -0.01 com_xy= 0.000m
Step 370300: pitch= -0.02deg roll= -0.00deg x=  0.000 y= -0.008 u_rw=   -12.3 u_bx=  -0.05 u_by=  -0.01 com_xy= 0.001m
Step 370400: pitch= -0.03deg roll= -0.00deg x= -0.000 y= -0.010 u_rw=   -14.8 u_bx=  -0.12 u_by=  -0.01 com_xy= 0.001m
Step 370500: pitch= -0.03deg roll= -0.00deg x=  0.000 y= -0.010 u_rw=    -4.2 u_bx=  -0.06 u_by=   0.02 com_xy= 0.002m
Step 370600: pitch=  0.04deg roll= -0.00deg x=  0.000 y= -0.009 u_rw=    12.7 u_bx=   0.10 u_by=   0.00 com_xy= 0.002m
Step 370700: pitch= -0.03deg roll= -0.00deg x= -0.000 y= -0.008 u_rw=   -15.4 u_bx=  -0.11 u_by=  -0.01 com_xy= 0.003m
Step 370800: pitch= -0.00deg roll= -0.00deg x= -0.000 y= -0.008 u_rw=    -5.0 u_bx=  -0.06 u_by=   0.00 com_xy= 0.004m
Step 370900: pitch=  0.04deg roll= -0.00deg x= -0.000 y= -0.008 u_rw=     2.4 u_bx=   0.06 u_by=  -0.01 com_xy= 0.005m
Step 371000: pitch=  0.02deg roll= -0.00deg x= -0.000 y= -0.008 u_rw=     5.7 u_bx=  -0.02 u_by=   0.01 com_xy= 0.009m
Step 371100: pitch= -0.02deg roll= -0.00deg x=  0.000 y= -0.008 u_rw=    -9.8 u_bx=  -0.06 u_by=   0.01 com_xy= 0.014m
Step 371200: pitch=  0.06deg roll= -0.00deg x= -0.000 y= -0.006 u_rw=    19.7 u_bx=   0.13 u_by=   0.01 com_xy= 0.022m
Step 371300: pitch=  0.02deg roll= -0.00deg x= -0.000 y= -0.005 u_rw=    15.2 u_bx=   0.07 u_by=   0.01 com_xy= 0.037m
Step 371400: pitch=  0.02deg roll= -0.00deg x= -0.000 y= -0.004 u_rw=     0.5 u_bx=  -0.04 u_by=   0.01 com_xy= 0.061m
Step 371500: pitch=  0.21deg roll=  0.00deg x=  0.000 y= -0.004 u_rw=     2.5 u_bx=   0.14 u_by=  -0.03 com_xy= 0.099m

CRASH #145 at step 371598: pitch=0.29deg roll=0.00deg com_xy=0.155m reason=com_overload
Step 371600: pitch= -0.00deg roll= -0.00deg x= -0.000 y= -0.000 u_rw=     0.0 u_bx=   0.00 u_by=   0.00 com_xy= 0.000m
Step 371700: pitch= -0.03deg roll= -0.00deg x=  0.000 y=  0.000 u_rw=    -7.1 u_bx=   0.02 u_by=  -0.00 com_xy= 0.000m
Step 371800: pitch=  0.01deg roll= -0.00deg x=  0.000 y=  0.000 u_rw=    15.5 u_bx=   0.10 u_by=  -0.02 com_xy= 0.000m
Step 371900: pitch=  0.02deg roll= -0.00deg x=  0.000 y= -0.002 u_rw=     5.4 u_bx=   0.10 u_by=  -0.05 com_xy= 0.000m
Step 372000: pitch=  0.04deg roll= -0.00deg x=  0.000 y= -0.007 u_rw=     7.5 u_bx=   0.10 u_by=  -0.04 com_xy= 0.000m
Step 372100: pitch=  0.04deg roll= -0.00deg x=  0.000 y= -0.013 u_rw=     7.4 u_bx=   0.09 u_by=  -0.01 com_xy= 0.000m
Step 372200: pitch=  0.01deg roll= -0.00deg x=  0.000 y= -0.018 u_rw=     6.4 u_bx=   0.13 u_by=  -0.03 com_xy= 0.000m
Step 372300: pitch=  0.02deg roll= -0.00deg x=  0.000 y= -0.023 u_rw=    12.2 u_bx=   0.11 u_by=  -0.01 com_xy= 0.000m
Step 372400: pitch=  0.04deg roll= -0.00deg x=  0.000 y= -0.027 u_rw=    -1.1 u_bx=  -0.02 u_by=   0.00 com_xy= 0.001m
Step 372500: pitch=  0.01deg roll= -0.00deg x=  0.000 y= -0.028 u_rw=    17.9 u_bx=   0.11 u_by=   0.00 com_xy= 0.001m
Step 372600: pitch= -0.06deg roll= -0.00deg x=  0.000 y= -0.029 u_rw=     0.8 u_bx=   0.11 u_by=  -0.02 com_xy= 0.001m
Step 372700: pitch= -0.10deg roll= -0.00deg x=  0.000 y= -0.031 u_rw=   -19.4 u_bx=  -0.08 u_by=   0.01 com_xy= 0.001m
Step 372800: pitch= -0.07deg roll= -0.00deg x=  0.000 y= -0.030 u_rw=   -17.4 u_bx=  -0.11 u_by=   0.01 com_xy= 0.001m
Step 372900: pitch= -0.01deg roll= -0.00deg x=  0.000 y= -0.029 u_rw=    -1.5 u_bx=  -0.01 u_by=   0.01 com_xy= 0.001m
Step 373000: pitch= -0.03deg roll= -0.00deg x= -0.000 y= -0.026 u_rw=    17.2 u_bx=   0.08 u_by=   0.00 com_xy= 0.000m
Step 373100: pitch= -0.11deg roll= -0.00deg x= -0.000 y= -0.025 u_rw=    -8.0 u_bx=  -0.12 u_by=   0.02 com_xy= 0.001m
Step 373200: pitch= -0.12deg roll= -0.00deg x= -0.000 y= -0.023 u_rw=   -12.0 u_bx=  -0.13 u_by=   0.02 com_xy= 0.001m
Step 373300: pitch= -0.03deg roll= -0.00deg x= -0.000 y= -0.020 u_rw=     8.3 u_bx=   0.04 u_by=   0.02 com_xy= 0.000m
Step 373400: pitch= -0.09deg roll= -0.00deg x= -0.000 y= -0.017 u_rw=     8.8 u_bx=   0.01 u_by=   0.02 com_xy= 0.000m
Step 373500: pitch= -0.08deg roll= -0.00deg x= -0.000 y= -0.015 u_rw=    -9.2 u_bx=  -0.14 u_by=   0.02 com_xy= 0.001m
Step 373600: pitch= -0.07deg roll=  0.00deg x= -0.000 y= -0.011 u_rw=    16.7 u_bx=  -0.02 u_by=   0.04 com_xy= 0.001m
Step 373700: pitch= -0.08deg roll=  0.00deg x= -0.000 y= -0.006 u_rw=     4.5 u_bx=  -0.10 u_by=   0.03 com_xy= 0.001m
Step 373800: pitch= -0.17deg roll=  0.00deg x= -0.000 y=  0.000 u_rw=    -9.2 u_bx=  -0.20 u_by=   0.05 com_xy= 0.002m
Step 373900: pitch= -0.20deg roll=  0.00deg x= -0.000 y=  0.006 u_rw=    -2.7 u_bx=  -0.11 u_by=   0.03 com_xy= 0.002m
Step 374000: pitch= -0.13deg roll=  0.01deg x= -0.000 y=  0.012 u_rw=     4.6 u_bx=  -0.16 u_by=   0.06 com_xy= 0.003m
Step 374100: pitch= -0.17deg roll=  0.01deg x= -0.000 y=  0.019 u_rw=    10.7 u_bx=  -0.11 u_by=   0.07 com_xy= 0.004m
Step 374200: pitch= -0.19deg roll=  0.01deg x= -0.000 y=  0.027 u_rw=     8.6 u_bx=  -0.09 u_by=   0.04 com_xy= 0.006m
Step 374300: pitch= -0.15deg roll=  0.02deg x= -0.000 y=  0.033 u_rw=     4.0 u_bx=  -0.12 u_by=   0.04 com_xy= 0.010m
Step 374400: pitch= -0.23deg roll=  0.04deg x= -0.000 y=  0.039 u_rw=    -8.9 u_bx=  -0.32 u_by=   0.04 com_xy= 0.015m
Step 374500: pitch= -0.26deg roll=  0.06deg x= -0.000 y=  0.045 u_rw=    -6.2 u_bx=  -0.31 u_by=   0.06 com_xy= 0.024m
Step 374600: pitch= -0.23deg roll=  0.09deg x= -0.000 y=  0.054 u_rw=   -19.6 u_bx=  -0.40 u_by=   0.08 com_xy= 0.037m
Step 374700: pitch= -0.14deg roll=  0.14deg x= -0.000 y=  0.064 u_rw=     7.3 u_bx=  -0.17 u_by=   0.05 com_xy= 0.058m
Step 374800: pitch= -0.17deg roll=  0.20deg x= -0.000 y=  0.072 u_rw=   -10.9 u_bx=  -0.28 u_by=   0.01 com_xy= 0.091m
Step 374900: pitch= -0.03deg roll=  0.27deg x= -0.000 y=  0.075 u_rw=    -8.6 u_bx=  -0.15 u_by=  -0.06 com_xy= 0.139m

CRASH #146 at step 374925: pitch=0.01deg roll=0.28deg com_xy=0.154m reason=com_overload
Step 375000: pitch= -0.04deg roll= -0.00deg x=  0.000 y=  0.000 u_rw=   -10.5 u_bx=  -0.01 u_by=   0.00 com_xy= 0.000m
Step 375100: pitch= -0.02deg roll= -0.00deg x=  0.000 y= -0.000 u_rw=    -9.6 u_bx=  -0.03 u_by=   0.00 com_xy= 0.000m
Step 375200: pitch= -0.00deg roll= -0.00deg x=  0.000 y= -0.000 u_rw=   -13.5 u_bx=  -0.04 u_by=  -0.00 com_xy= 0.000m
Step 375300: pitch= -0.01deg roll= -0.00deg x=  0.000 y=  0.000 u_rw=    -1.5 u_bx=   0.04 u_by=  -0.01 com_xy= 0.000m
Step 375400: pitch=  0.03deg roll= -0.00deg x= -0.000 y= -0.000 u_rw=    -6.1 u_bx=  -0.11 u_by=   0.00 com_xy= 0.000m
Step 375500: pitch=  0.06deg roll= -0.00deg x= -0.000 y=  0.000 u_rw=     6.7 u_bx=  -0.02 u_by=   0.01 com_xy= 0.000m
Step 375600: pitch=  0.07deg roll= -0.00deg x= -0.000 y=  0.002 u_rw=     3.8 u_bx=  -0.02 u_by=   0.01 com_xy= 0.001m
Step 375700: pitch= -0.01deg roll= -0.00deg x=  0.000 y=  0.003 u_rw=   -20.3 u_bx=  -0.05 u_by=  -0.03 com_xy= 0.002m
Step 375800: pitch=  0.02deg roll= -0.00deg x=  0.000 y=  0.001 u_rw=     9.2 u_bx=   0.08 u_by=  -0.02 com_xy= 0.002m
Step 375900: pitch=  0.02deg roll= -0.00deg x= -0.000 y= -0.002 u_rw=     3.2 u_bx=  -0.07 u_by=  -0.01 com_xy= 0.004m
Step 376000: pitch= -0.06deg roll= -0.00deg x= -0.000 y= -0.002 u_rw=   -17.2 u_bx=  -0.13 u_by=   0.01 com_xy= 0.007m
Step 376100: pitch= -0.03deg roll= -0.00deg x= -0.000 y= -0.002 u_rw=     0.5 u_bx=  -0.02 u_by=   0.02 com_xy= 0.010m
Step 376200: pitch= -0.00deg roll= -0.00deg x= -0.000 y=  0.000 u_rw=    -2.6 u_bx=  -0.01 u_by=   0.02 com_xy= 0.016m
Step 376300: pitch=  0.05deg roll= -0.00deg x=  0.000 y=  0.003 u_rw=    14.6 u_bx=   0.09 u_by=   0.01 com_xy= 0.025m
Step 376400: pitch=  0.09deg roll= -0.00deg x= -0.000 y=  0.004 u_rw=    13.6 u_bx=   0.09 u_by=  -0.00 com_xy= 0.042m
Step 376500: pitch=  0.13deg roll= -0.00deg x=  0.000 y=  0.004 u_rw=    -4.4 u_bx=   0.06 u_by=  -0.02 com_xy= 0.069m
Step 376600: pitch=  0.27deg roll= -0.00deg x=  0.000 y=  0.001 u_rw=     5.1 u_bx=   0.23 u_by=  -0.04 com_xy= 0.111m

CRASH #147 at step 376673: pitch=0.30deg roll=-0.00deg com_xy=0.155m reason=com_overload
Step 376700: pitch= -0.00deg roll= -0.00deg x=  0.000 y=  0.000 u_rw=    -2.6 u_bx=   0.01 u_by=   0.01 com_xy= 0.000m
Step 376800: pitch= -0.06deg roll= -0.00deg x= -0.000 y=  0.000 u_rw=    -4.0 u_bx=  -0.09 u_by=  -0.00 com_xy= 0.000m
Step 376900: pitch= -0.00deg roll= -0.00deg x= -0.000 y=  0.000 u_rw=    11.9 u_bx=   0.04 u_by=  -0.00 com_xy= 0.000m
Step 377000: pitch=  0.02deg roll= -0.00deg x=  0.000 y= -0.001 u_rw=     3.9 u_bx=   0.06 u_by=  -0.02 com_xy= 0.000m
Step 377100: pitch=  0.04deg roll= -0.00deg x=  0.000 y= -0.002 u_rw=     4.3 u_bx=   0.04 u_by=  -0.01 com_xy= 0.000m
Step 377200: pitch=  0.01deg roll= -0.00deg x=  0.000 y= -0.002 u_rw=     9.5 u_bx=   0.09 u_by=   0.03 com_xy= 0.000m
Step 377300: pitch= -0.06deg roll= -0.00deg x=  0.000 y=  0.000 u_rw=   -19.1 u_bx=  -0.11 u_by=   0.02 com_xy= 0.001m
Step 377400: pitch=  0.01deg roll= -0.00deg x=  0.000 y=  0.003 u_rw=   -10.6 u_bx=  -0.07 u_by=   0.02 com_xy= 0.002m
Step 377500: pitch=  0.05deg roll= -0.00deg x= -0.000 y=  0.006 u_rw=    16.4 u_bx=   0.07 u_by=   0.02 com_xy= 0.002m
Step 377600: pitch= -0.08deg roll= -0.00deg x= -0.000 y=  0.008 u_rw=     1.2 u_bx=  -0.05 u_by=  -0.00 com_xy= 0.003m
Step 377700: pitch= -0.13deg roll= -0.00deg x= -0.000 y=  0.008 u_rw=   -16.3 u_bx=  -0.19 u_by=  -0.01 com_xy= 0.004m
Step 377800: pitch= -0.05deg roll= -0.00deg x= -0.000 y=  0.008 u_rw=   -12.0 u_bx=  -0.15 u_by=   0.01 com_xy= 0.006m
Step 377900: pitch= -0.01deg roll= -0.00deg x= -0.000 y=  0.010 u_rw=    12.0 u_bx=   0.02 u_by=   0.02 com_xy= 0.008m
Step 378000: pitch=  0.02deg roll= -0.00deg x= -0.000 y=  0.013 u_rw=     4.3 u_bx=  -0.01 u_by=   0.04 com_xy= 0.013m
Step 378100: pitch= -0.02deg roll= -0.00deg x= -0.000 y=  0.017 u_rw=    -6.3 u_bx=  -0.09 u_by=   0.02 com_xy= 0.022m
Step 378200: pitch= -0.05deg roll= -0.00deg x= -0.000 y=  0.019 u_rw=   -10.7 u_bx=  -0.09 u_by=   0.02 com_xy= 0.035m
Step 378300: pitch=  0.03deg roll= -0.00deg x=  0.000 y=  0.022 u_rw=    -1.3 u_bx=   0.05 u_by=   0.01 com_xy= 0.057m
Step 378400: pitch=  0.11deg roll= -0.00deg x=  0.000 y=  0.023 u_rw=    -0.6 u_bx=   0.16 u_by=  -0.04 com_xy= 0.092m
Step 378500: pitch=  0.29deg roll= -0.00deg x=  0.000 y=  0.020 u_rw=    14.0 u_bx=   0.28 u_by=  -0.03 com_xy= 0.146m

CRASH #148 at step 378513: pitch=0.25deg roll=-0.00deg com_xy=0.155m reason=com_overload
Step 378600: pitch= -0.02deg roll= -0.00deg x= -0.000 y=  0.001 u_rw=    -8.6 u_bx=  -0.06 u_by=   0.01 com_xy= 0.000m
Step 378700: pitch=  0.00deg roll= -0.00deg x=  0.000 y=  0.002 u_rw=   -12.2 u_bx=  -0.01 u_by=  -0.01 com_xy= 0.000m
Step 378800: pitch= -0.01deg roll= -0.00deg x=  0.000 y=  0.001 u_rw=    13.5 u_bx=   0.10 u_by=   0.00 com_xy= 0.000m
Step 378900: pitch= -0.02deg roll= -0.00deg x= -0.000 y=  0.001 u_rw=   -13.0 u_bx=  -0.08 u_by=   0.01 com_xy= 0.000m
Step 379000: pitch=  0.01deg roll= -0.00deg x= -0.000 y=  0.001 u_rw=    -5.1 u_bx=  -0.03 u_by=   0.00 com_xy= 0.000m
Step 379100: pitch=  0.02deg roll= -0.00deg x=  0.000 y=  0.001 u_rw=    -1.1 u_bx=  -0.03 u_by=  -0.03 com_xy= 0.000m
Step 379200: pitch= -0.01deg roll= -0.00deg x=  0.000 y= -0.001 u_rw=    -1.9 u_bx=  -0.02 u_by=   0.00 com_xy= 0.000m
Step 379300: pitch=  0.01deg roll= -0.00deg x= -0.000 y= -0.001 u_rw=     5.0 u_bx=   0.02 u_by=   0.02 com_xy= 0.000m
Step 379400: pitch= -0.02deg roll= -0.00deg x= -0.000 y=  0.000 u_rw=     7.4 u_bx=   0.00 u_by=   0.01 com_xy= 0.000m
Step 379500: pitch=  0.00deg roll= -0.00deg x= -0.000 y=  0.002 u_rw=    17.3 u_bx=   0.01 u_by=   0.01 com_xy= 0.000m
Step 379600: pitch= -0.08deg roll= -0.00deg x= -0.000 y=  0.003 u_rw=    -4.4 u_bx=  -0.12 u_by=   0.02 com_xy= 0.000m
Step 379700: pitch=  0.02deg roll= -0.00deg x= -0.000 y=  0.006 u_rw=     2.3 u_bx=  -0.06 u_by=   0.07 com_xy= 0.000m
Step 379800: pitch= -0.03deg roll= -0.00deg x= -0.000 y=  0.012 u_rw=    -8.6 u_bx=  -0.07 u_by=   0.03 com_xy= 0.000m
Step 379900: pitch= -0.06deg roll= -0.00deg x= -0.000 y=  0.017 u_rw=    -3.6 u_bx=  -0.10 u_by=   0.04 com_xy= 0.000m
Step 380000: pitch=  0.02deg roll= -0.00deg x= -0.000 y=  0.022 u_rw=    14.4 u_bx=   0.05 u_by=   0.02 com_xy= 0.001m
Step 380100: pitch=  0.02deg roll= -0.00deg x= -0.000 y=  0.025 u_rw=   -13.3 u_bx=  -0.06 u_by=  -0.01 com_xy= 0.000m
Step 380200: pitch=  0.09deg roll= -0.00deg x= -0.000 y=  0.025 u_rw=    18.7 u_bx=   0.15 u_by=  -0.02 com_xy= 0.001m
Step 380300: pitch=  0.03deg roll= -0.00deg x= -0.000 y=  0.024 u_rw=    11.3 u_bx=   0.07 u_by=  -0.01 com_xy= 0.000m
Step 380400: pitch= -0.04deg roll= -0.00deg x= -0.000 y=  0.022 u_rw=    -4.5 u_bx=  -0.10 u_by=  -0.01 com_xy= 0.001m
Step 380500: pitch=  0.03deg roll= -0.00deg x=  0.000 y=  0.021 u_rw=    12.6 u_bx=   0.07 u_by=  -0.02 com_xy= 0.001m
Step 380600: pitch=  0.02deg roll= -0.00deg x= -0.000 y=  0.020 u_rw=     9.4 u_bx=  -0.00 u_by=  -0.00 com_xy= 0.001m
Step 380700: pitch= -0.01deg roll= -0.00deg x= -0.000 y=  0.019 u_rw=     3.6 u_bx=  -0.05 u_by=  -0.01 com_xy= 0.001m
Step 380800: pitch= -0.01deg roll= -0.00deg x= -0.000 y=  0.018 u_rw=     4.0 u_bx=  -0.01 u_by=   0.00 com_xy= 0.001m
Step 380900: pitch= -0.04deg roll=  0.00deg x= -0.000 y=  0.018 u_rw=    -4.2 u_bx=  -0.05 u_by=   0.00 com_xy= 0.002m
Step 381000: pitch= -0.06deg roll=  0.00deg x= -0.000 y=  0.018 u_rw=     1.4 u_bx=  -0.01 u_by=  -0.02 com_xy= 0.002m
Step 381100: pitch= -0.04deg roll=  0.00deg x= -0.000 y=  0.017 u_rw=     8.1 u_bx=  -0.00 u_by=   0.01 com_xy= 0.003m
Step 381200: pitch= -0.04deg roll=  0.01deg x= -0.000 y=  0.017 u_rw=    16.8 u_bx=   0.04 u_by=   0.01 com_xy= 0.004m
Step 381300: pitch= -0.14deg roll=  0.01deg x= -0.000 y=  0.016 u_rw=     0.8 u_bx=  -0.06 u_by=   0.00 com_xy= 0.006m
Step 381400: pitch= -0.16deg roll=  0.01deg x= -0.000 y=  0.017 u_rw=     1.0 u_bx=  -0.22 u_by=   0.04 com_xy= 0.010m
Step 381500: pitch= -0.15deg roll=  0.02deg x= -0.000 y=  0.020 u_rw=   -19.4 u_bx=  -0.29 u_by=   0.05 com_xy= 0.016m
Step 381600: pitch= -0.03deg roll=  0.04deg x= -0.000 y=  0.026 u_rw=    -0.3 u_bx=  -0.09 u_by=   0.03 com_xy= 0.025m
Step 381700: pitch=  0.00deg roll=  0.06deg x= -0.000 y=  0.031 u_rw=    15.7 u_bx=   0.05 u_by=   0.00 com_xy= 0.039m
Step 381800: pitch= -0.02deg roll=  0.09deg x= -0.000 y=  0.033 u_rw=     3.9 u_bx=   0.00 u_by=  -0.01 com_xy= 0.064m
Step 381900: pitch=  0.12deg roll=  0.14deg x=  0.000 y=  0.032 u_rw=    14.8 u_bx=   0.11 u_by=  -0.05 com_xy= 0.101m

CRASH #149 at step 381993: pitch=0.22deg roll=0.21deg com_xy=0.155m reason=com_overload
Step 382000: pitch=  0.00deg roll= -0.00deg x=  0.000 y=  0.000 u_rw=    -1.5 u_bx=   0.00 u_by=   0.00 com_xy= 0.000m
Step 382100: pitch=  0.05deg roll= -0.00deg x=  0.000 y= -0.000 u_rw=     5.9 u_bx=   0.05 u_by=  -0.02 com_xy= 0.000m
Step 382200: pitch=  0.01deg roll= -0.00deg x=  0.000 y= -0.001 u_rw=     1.7 u_bx=  -0.03 u_by=   0.00 com_xy= 0.000m
Step 382300: pitch=  0.01deg roll= -0.00deg x=  0.000 y= -0.002 u_rw=    -8.3 u_bx=  -0.07 u_by=   0.01 com_xy= 0.000m
Step 382400: pitch= -0.01deg roll= -0.00deg x=  0.000 y= -0.001 u_rw=   -13.5 u_bx=  -0.04 u_by=  -0.00 com_xy= 0.000m
Step 382500: pitch=  0.10deg roll= -0.00deg x=  0.000 y= -0.002 u_rw=    10.0 u_bx=   0.12 u_by=  -0.03 com_xy= 0.000m
Step 382600: pitch=  0.07deg roll= -0.00deg x=  0.000 y= -0.004 u_rw=     5.8 u_bx=   0.04 u_by=  -0.02 com_xy= 0.000m
Step 382700: pitch=  0.07deg roll= -0.00deg x= -0.000 y= -0.006 u_rw=     1.8 u_bx=   0.03 u_by=   0.01 com_xy= 0.001m
Step 382800: pitch=  0.01deg roll= -0.00deg x=  0.000 y= -0.006 u_rw=   -11.9 u_bx=   0.00 u_by=  -0.02 com_xy= 0.001m
Step 382900: pitch= -0.02deg roll= -0.00deg x=  0.000 y= -0.007 u_rw=    -1.8 u_bx=   0.06 u_by=  -0.01 com_xy= 0.001m
Step 383000: pitch= -0.05deg roll= -0.00deg x=  0.000 y= -0.008 u_rw=   -18.0 u_bx=  -0.12 u_by=   0.00 com_xy= 0.002m
Step 383100: pitch=  0.03deg roll= -0.00deg x=  0.000 y= -0.007 u_rw=    -1.1 u_bx=   0.05 u_by=   0.01 com_xy= 0.002m
Step 383200: pitch= -0.05deg roll= -0.00deg x=  0.000 y= -0.006 u_rw=     0.8 u_bx=   0.05 u_by=   0.01 com_xy= 0.003m
Step 383300: pitch= -0.01deg roll= -0.00deg x= -0.000 y= -0.005 u_rw=    -2.8 u_bx=  -0.06 u_by=   0.00 com_xy= 0.005m
Step 383400: pitch= -0.02deg roll= -0.00deg x=  0.000 y= -0.004 u_rw=    -4.3 u_bx=  -0.01 u_by=  -0.01 com_xy= 0.007m
Step 383500: pitch= -0.01deg roll= -0.00deg x= -0.000 y= -0.005 u_rw=     4.4 u_bx=  -0.02 u_by=   0.00 com_xy= 0.011m
Step 383600: pitch=  0.01deg roll= -0.00deg x= -0.000 y= -0.004 u_rw=    14.4 u_bx=   0.08 u_by=   0.02 com_xy= 0.017m
Step 383700: pitch=  0.02deg roll= -0.00deg x= -0.000 y= -0.003 u_rw=     3.6 u_bx=   0.01 u_by=  -0.01 com_xy= 0.028m
Step 383800: pitch= -0.03deg roll= -0.00deg x=  0.000 y= -0.002 u_rw=   -18.4 u_bx=  -0.13 u_by=   0.01 com_xy= 0.046m
Step 383900: pitch=  0.10deg roll= -0.00deg x=  0.000 y= -0.001 u_rw=     4.3 u_bx=   0.11 u_by=   0.01 com_xy= 0.074m
Step 384000: pitch=  0.23deg roll= -0.01deg x=  0.000 y= -0.000 u_rw=    11.6 u_bx=   0.26 u_by=  -0.03 com_xy= 0.118m

CRASH #150 at step 384059: pitch=0.27deg roll=-0.01deg com_xy=0.155m reason=com_overload
Step 384100: pitch=  0.00deg roll= -0.00deg x=  0.000 y= -0.000 u_rw=     2.2 u_bx=   0.04 u_by=   0.00 com_xy= 0.000m
Step 384200: pitch= -0.03deg roll= -0.00deg x=  0.000 y= -0.001 u_rw=    -6.8 u_bx=  -0.01 u_by=  -0.00 com_xy= 0.000m
Step 384300: pitch= -0.01deg roll= -0.00deg x= -0.000 y= -0.001 u_rw=    -4.2 u_bx=  -0.03 u_by=   0.01 com_xy= 0.000m
Step 384400: pitch=  0.06deg roll= -0.00deg x= -0.000 y= -0.001 u_rw=     7.9 u_bx=   0.09 u_by=   0.01 com_xy= 0.000m
Step 384500: pitch=  0.02deg roll= -0.00deg x=  0.000 y=  0.001 u_rw=    18.0 u_bx=   0.13 u_by=   0.02 com_xy= 0.001m
Step 384600: pitch= -0.06deg roll= -0.00deg x=  0.000 y=  0.003 u_rw=    -2.6 u_bx=  -0.06 u_by=   0.01 com_xy= 0.000m
Step 384700: pitch= -0.03deg roll= -0.00deg x=  0.000 y=  0.005 u_rw=    -3.0 u_bx=  -0.00 u_by=   0.01 com_xy= 0.000m
Step 384800: pitch=  0.00deg roll= -0.00deg x=  0.000 y=  0.006 u_rw=    -5.2 u_bx=   0.00 u_by=  -0.01 com_xy= 0.000m
Step 384900: pitch= -0.04deg roll= -0.00deg x= -0.000 y=  0.006 u_rw=    -9.3 u_bx=  -0.10 u_by=   0.00 com_xy= 0.000m
Step 385000: pitch=  0.02deg roll= -0.00deg x=  0.000 y=  0.005 u_rw=    -8.9 u_bx=   0.06 u_by=  -0.02 com_xy= 0.000m
Step 385100: pitch=  0.03deg roll= -0.00deg x=  0.000 y=  0.003 u_rw=    11.1 u_bx=   0.13 u_by=  -0.03 com_xy= 0.000m
Step 385200: pitch=  0.06deg roll= -0.00deg x=  0.000 y= -0.001 u_rw=     4.3 u_bx=   0.00 u_by=  -0.02 com_xy= 0.001m
Step 385300: pitch=  0.04deg roll= -0.00deg x= -0.000 y= -0.004 u_rw=     3.4 u_bx=  -0.04 u_by=  -0.03 com_xy= 0.001m
Step 385400: pitch=  0.05deg roll= -0.00deg x=  0.000 y= -0.006 u_rw=     4.2 u_bx=   0.07 u_by=  -0.03 com_xy= 0.001m
Step 385500: pitch=  0.04deg roll= -0.00deg x=  0.000 y= -0.010 u_rw=     4.5 u_bx=   0.05 u_by=  -0.01 com_xy= 0.002m
Step 385600: pitch=  0.03deg roll= -0.00deg x=  0.000 y= -0.012 u_rw=     8.3 u_bx=   0.06 u_by=  -0.01 com_xy= 0.003m
Step 385700: pitch= -0.04deg roll= -0.00deg x=  0.000 y= -0.014 u_rw=   -19.4 u_bx=  -0.06 u_by=  -0.02 com_xy= 0.005m
Step 385800: pitch=  0.01deg roll= -0.00deg x=  0.000 y= -0.016 u_rw=    10.3 u_bx=   0.08 u_by=  -0.00 com_xy= 0.006m
Step 385900: pitch=  0.02deg roll= -0.00deg x=  0.000 y= -0.018 u_rw=     9.2 u_bx=   0.08 u_by=   0.01 com_xy= 0.010m
Step 386000: pitch=  0.01deg roll= -0.00deg x= -0.000 y= -0.018 u_rw=     9.8 u_bx=   0.05 u_by=   0.01 com_xy= 0.016m
Step 386100: pitch= -0.02deg roll= -0.00deg x=  0.000 y= -0.018 u_rw=    -1.2 u_bx=  -0.01 u_by=   0.01 com_xy= 0.026m
Step 386200: pitch=  0.03deg roll= -0.00deg x= -0.000 y= -0.016 u_rw=     1.9 u_bx=   0.03 u_by=   0.03 com_xy= 0.043m
Step 386300: pitch=  0.10deg roll= -0.00deg x=  0.000 y= -0.014 u_rw=   -11.2 u_bx=  -0.04 u_by=   0.01 com_xy= 0.070m
Step 386400: pitch=  0.25deg roll= -0.00deg x=  0.000 y= -0.013 u_rw=    15.0 u_bx=   0.23 u_by=   0.01 com_xy= 0.112m

CRASH #151 at step 386471: pitch=0.24deg roll=-0.00deg com_xy=0.155m reason=com_overload
Step 386500: pitch= -0.00deg roll= -0.00deg x=  0.000 y= -0.000 u_rw=    -1.5 u_bx=   0.01 u_by=  -0.02 com_xy= 0.000m
Step 386600: pitch= -0.02deg roll= -0.00deg x= -0.000 y= -0.001 u_rw=     3.7 u_bx=  -0.01 u_by=  -0.01 com_xy= 0.000m
Step 386700: pitch=  0.03deg roll= -0.00deg x=  0.000 y= -0.002 u_rw=    15.7 u_bx=   0.08 u_by=  -0.01 com_xy= 0.001m
Step 386800: pitch= -0.02deg roll= -0.00deg x=  0.000 y= -0.005 u_rw=   -14.9 u_bx=  -0.06 u_by=  -0.02 com_xy= 0.000m
Step 386900: pitch= -0.01deg roll= -0.00deg x= -0.000 y= -0.006 u_rw=     4.5 u_bx=   0.01 u_by=  -0.01 com_xy= 0.000m
Step 387000: pitch=  0.02deg roll= -0.00deg x=  0.000 y= -0.008 u_rw=     6.3 u_bx=   0.07 u_by=  -0.01 com_xy= 0.000m
Step 387100: pitch= -0.02deg roll= -0.00deg x=  0.000 y= -0.009 u_rw=     5.3 u_bx=   0.09 u_by=   0.00 com_xy= 0.001m
Step 387200: pitch=  0.03deg roll= -0.00deg x= -0.000 y= -0.010 u_rw=    13.6 u_bx=   0.08 u_by=  -0.01 com_xy= 0.001m
Step 387300: pitch=  0.03deg roll= -0.00deg x= -0.000 y= -0.012 u_rw=    14.4 u_bx=   0.01 u_by=  -0.02 com_xy= 0.001m
Step 387400: pitch=  0.02deg roll= -0.00deg x= -0.000 y= -0.015 u_rw=     8.5 u_bx=   0.03 u_by=  -0.02 com_xy= 0.000m
Step 387500: pitch=  0.02deg roll= -0.00deg x=  0.000 y= -0.018 u_rw=     2.5 u_bx=   0.08 u_by=  -0.02 com_xy= 0.000m
Step 387600: pitch=  0.04deg roll= -0.00deg x=  0.000 y= -0.020 u_rw=    11.1 u_bx=   0.10 u_by=  -0.03 com_xy= 0.000m
Step 387700: pitch=  0.06deg roll= -0.00deg x= -0.000 y= -0.023 u_rw=    18.2 u_bx=   0.09 u_by=   0.01 com_xy= 0.000m
Step 387800: pitch= -0.03deg roll= -0.00deg x=  0.000 y= -0.024 u_rw=     2.2 u_bx=  -0.04 u_by=   0.02 com_xy= 0.000m
Step 387900: pitch= -0.07deg roll= -0.00deg x=  0.000 y= -0.023 u_rw=    -0.7 u_bx=  -0.14 u_by=   0.02 com_xy= 0.001m
Step 388000: pitch=  0.00deg roll= -0.00deg x=  0.000 y= -0.021 u_rw=   -10.2 u_bx=  -0.04 u_by=   0.03 com_xy= 0.001m
Step 388100: pitch=  0.05deg roll= -0.00deg x=  0.000 y= -0.016 u_rw=    11.8 u_bx=   0.14 u_by=   0.03 com_xy= 0.000m
Step 388200: pitch= -0.05deg roll= -0.00deg x=  0.000 y= -0.012 u_rw=    -1.7 u_bx=   0.05 u_by=   0.01 com_xy= 0.000m
Step 388300: pitch= -0.04deg roll= -0.00deg x= -0.000 y= -0.011 u_rw=   -14.6 u_bx=  -0.06 u_by=  -0.01 com_xy= 0.000m
Step 388400: pitch= -0.02deg roll= -0.00deg x=  0.000 y= -0.012 u_rw=    -1.6 u_bx=   0.02 u_by=   0.00 com_xy= 0.001m
Step 388500: pitch=  0.07deg roll=  0.00deg x=  0.000 y= -0.012 u_rw=     0.3 u_bx=   0.05 u_by=  -0.01 com_xy= 0.001m
Step 388600: pitch=  0.08deg roll=  0.00deg x=  0.000 y= -0.012 u_rw=    11.0 u_bx=   0.16 u_by=  -0.00 com_xy= 0.001m
Step 388700: pitch= -0.02deg roll=  0.00deg x=  0.000 y= -0.014 u_rw=     0.4 u_bx=   0.06 u_by=  -0.03 com_xy= 0.001m
Step 388800: pitch= -0.01deg roll=  0.00deg x=  0.000 y= -0.018 u_rw=   -19.1 u_bx=  -0.04 u_by=  -0.02 com_xy= 0.002m
Step 388900: pitch=  0.06deg roll=  0.01deg x=  0.000 y= -0.021 u_rw=    -2.8 u_bx=   0.02 u_by=  -0.01 com_xy= 0.003m
Step 389000: pitch=  0.09deg roll=  0.01deg x=  0.000 y= -0.021 u_rw=    18.1 u_bx=   0.19 u_by=   0.01 com_xy= 0.004m
Step 389100: pitch= -0.03deg roll=  0.02deg x=  0.000 y= -0.022 u_rw=     1.5 u_bx=   0.00 u_by=  -0.02 com_xy= 0.006m
Step 389200: pitch=  0.00deg roll=  0.03deg x=  0.000 y= -0.026 u_rw=   -10.3 u_bx=   0.01 u_by=  -0.05 com_xy= 0.009m
Step 389300: pitch=  0.09deg roll=  0.05deg x=  0.000 y= -0.031 u_rw=    19.9 u_bx=   0.19 u_by=  -0.04 com_xy= 0.015m
Step 389400: pitch= -0.00deg roll=  0.07deg x=  0.000 y= -0.036 u_rw=    -1.5 u_bx=   0.07 u_by=  -0.02 com_xy= 0.023m
Step 389500: pitch= -0.03deg roll=  0.11deg x=  0.000 y= -0.041 u_rw=    -0.9 u_bx=  -0.10 u_by=  -0.04 com_xy= 0.035m
Step 389600: pitch= -0.04deg roll=  0.15deg x=  0.000 y= -0.046 u_rw=   -18.3 u_bx=  -0.15 u_by=  -0.05 com_xy= 0.054m
Step 389700: pitch=  0.03deg roll=  0.17deg x=  0.000 y= -0.052 u_rw=   -12.5 u_bx=  -0.08 u_by=  -0.06 com_xy= 0.082m
Step 389800: pitch=  0.01deg roll=  0.19deg x=  0.000 y= -0.060 u_rw=    -6.4 u_bx=   0.03 u_by=  -0.08 com_xy= 0.127m

CRASH #152 at step 389846: pitch=0.00deg roll=0.21deg com_xy=0.154m reason=com_overload
Step 389900: pitch=  0.03deg roll= -0.00deg x= -0.000 y=  0.000 u_rw=     9.6 u_bx=  -0.02 u_by=   0.03 com_xy= 0.000m
Step 390000: pitch=  0.04deg roll= -0.00deg x= -0.000 y=  0.003 u_rw=     6.6 u_bx=  -0.01 u_by=   0.01 com_xy= 0.000m
Step 390100: pitch=  0.01deg roll= -0.00deg x=  0.000 y=  0.004 u_rw=   -11.0 u_bx=  -0.06 u_by=  -0.00 com_xy= 0.000m
Step 390200: pitch= -0.05deg roll= -0.00deg x= -0.000 y=  0.005 u_rw=    -1.5 u_bx=  -0.07 u_by=   0.02 com_xy= 0.000m
Step 390300: pitch= -0.07deg roll= -0.00deg x=  0.000 y=  0.006 u_rw=     1.0 u_bx=  -0.11 u_by=   0.01 com_xy= 0.000m
Step 390400: pitch= -0.07deg roll= -0.00deg x=  0.000 y=  0.008 u_rw=   -16.8 u_bx=  -0.08 u_by=   0.00 com_xy= 0.000m
Step 390500: pitch= -0.03deg roll= -0.00deg x= -0.000 y=  0.008 u_rw=    -4.2 u_bx=   0.00 u_by=   0.01 com_xy= 0.001m
Step 390600: pitch= -0.04deg roll= -0.00deg x=  0.000 y=  0.010 u_rw=    -8.3 u_bx=  -0.04 u_by=   0.02 com_xy= 0.001m
Step 390700: pitch= -0.02deg roll= -0.00deg x= -0.000 y=  0.013 u_rw=    -6.9 u_bx=  -0.04 u_by=   0.02 com_xy= 0.001m
Step 390800: pitch=  0.01deg roll= -0.00deg x=  0.000 y=  0.015 u_rw=    -8.9 u_bx=  -0.04 u_by=  -0.02 com_xy= 0.002m
Step 390900: pitch=  0.02deg roll= -0.00deg x=  0.000 y=  0.014 u_rw=    -4.9 u_bx=  -0.02 u_by=  -0.02 com_xy= 0.002m
Step 391000: pitch=  0.02deg roll= -0.00deg x= -0.000 y=  0.013 u_rw=    -3.1 u_bx=  -0.03 u_by=   0.02 com_xy= 0.003m
Step 391100: pitch=  0.02deg roll= -0.00deg x= -0.000 y=  0.015 u_rw=    -6.2 u_bx=  -0.03 u_by=   0.00 com_xy= 0.004m
Step 391200: pitch=  0.07deg roll= -0.00deg x= -0.000 y=  0.016 u_rw=    -0.3 u_bx=  -0.02 u_by=  -0.00 com_xy= 0.007m
Step 391300: pitch=  0.07deg roll= -0.00deg x=  0.000 y=  0.016 u_rw=    -7.3 u_bx=   0.01 u_by=  -0.03 com_xy= 0.010m
Step 391400: pitch=  0.04deg roll= -0.00deg x=  0.000 y=  0.013 u_rw=   -14.1 u_bx=   0.04 u_by=  -0.04 com_xy= 0.017m
Step 391500: pitch=  0.01deg roll= -0.00deg x=  0.000 y=  0.009 u_rw=   -10.4 u_bx=  -0.03 u_by=  -0.00 com_xy= 0.027m
Step 391600: pitch= -0.04deg roll= -0.00deg x= -0.000 y=  0.007 u_rw=    -3.3 u_bx=  -0.07 u_by=   0.02 com_xy= 0.044m
Step 391700: pitch= -0.03deg roll= -0.00deg x= -0.000 y=  0.008 u_rw=    13.3 u_bx=   0.04 u_by=   0.02 com_xy= 0.073m
Step 391800: pitch= -0.14deg roll= -0.00deg x= -0.000 y=  0.010 u_rw=     8.6 u_bx=  -0.08 u_by=   0.02 com_xy= 0.116m

CRASH #153 at step 391863: pitch=-0.29deg roll=-0.01deg com_xy=0.154m reason=com_overload
Step 391900: pitch=  0.01deg roll= -0.00deg x=  0.000 y= -0.000 u_rw=     9.5 u_bx=   0.05 u_by=  -0.02 com_xy= 0.000m
Step 392000: pitch=  0.01deg roll= -0.00deg x= -0.000 y= -0.000 u_rw=    12.5 u_bx=   0.07 u_by=   0.00 com_xy= 0.000m
Step 392100: pitch= -0.10deg roll= -0.00deg x= -0.000 y=  0.001 u_rw=    -6.0 u_bx=  -0.16 u_by=   0.04 com_xy= 0.001m
Step 392200: pitch= -0.07deg roll= -0.00deg x= -0.000 y=  0.005 u_rw=   -14.7 u_bx=  -0.22 u_by=   0.06 com_xy= 0.001m
Step 392300: pitch=  0.02deg roll= -0.00deg x= -0.000 y=  0.011 u_rw=    -0.2 u_bx=  -0.00 u_by=   0.02 com_xy= 0.001m
Step 392400: pitch=  0.04deg roll= -0.00deg x= -0.000 y=  0.017 u_rw=    19.4 u_bx=   0.11 u_by=   0.01 com_xy= 0.002m
Step 392500: pitch= -0.06deg roll= -0.00deg x=  0.000 y=  0.019 u_rw=    -1.2 u_bx=   0.05 u_by=   0.00 com_xy= 0.001m
Step 392600: pitch= -0.09deg roll= -0.00deg x= -0.000 y=  0.020 u_rw=   -19.8 u_bx=  -0.16 u_by=   0.02 com_xy= 0.001m
Step 392700: pitch= -0.04deg roll= -0.00deg x= -0.000 y=  0.022 u_rw=     4.7 u_bx=  -0.01 u_by=   0.03 com_xy= 0.003m
Step 392800: pitch= -0.03deg roll= -0.00deg x= -0.000 y=  0.026 u_rw=     0.9 u_bx=  -0.08 u_by=   0.07 com_xy= 0.004m
Step 392900: pitch= -0.04deg roll= -0.00deg x= -0.000 y=  0.032 u_rw=    -8.8 u_bx=  -0.12 u_by=   0.03 com_xy= 0.006m
Step 393000: pitch=  0.01deg roll= -0.00deg x= -0.000 y=  0.037 u_rw=    14.0 u_bx=   0.04 u_by=   0.00 com_xy= 0.010m
Step 393100: pitch= -0.00deg roll= -0.00deg x= -0.000 y=  0.039 u_rw=     8.5 u_bx=  -0.02 u_by=   0.01 com_xy= 0.015m
Step 393200: pitch= -0.02deg roll= -0.00deg x= -0.000 y=  0.040 u_rw=     6.3 u_bx=  -0.02 u_by=  -0.00 com_xy= 0.025m
Step 393300: pitch= -0.07deg roll= -0.00deg x= -0.000 y=  0.041 u_rw=    -4.7 u_bx=  -0.15 u_by=   0.00 com_xy= 0.040m
Step 393400: pitch= -0.11deg roll= -0.00deg x= -0.000 y=  0.042 u_rw=    14.3 u_bx=  -0.05 u_by=   0.00 com_xy= 0.066m
Step 393500: pitch= -0.30deg roll= -0.00deg x= -0.000 y=  0.043 u_rw=   -11.1 u_bx=  -0.36 u_by=   0.06 com_xy= 0.106m

CRASH #154 at step 393582: pitch=-0.40deg roll=-0.00deg com_xy=0.154m reason=com_overload
Step 393600: pitch= -0.03deg roll= -0.00deg x= -0.000 y=  0.000 u_rw=    -1.1 u_bx=  -0.08 u_by=   0.02 com_xy= 0.000m
Step 393700: pitch= -0.03deg roll= -0.00deg x= -0.000 y=  0.002 u_rw=    -6.3 u_bx=  -0.04 u_by=   0.04 com_xy= 0.000m
Step 393800: pitch= -0.01deg roll= -0.00deg x= -0.000 y=  0.006 u_rw=     3.5 u_bx=   0.01 u_by=   0.04 com_xy= 0.000m
Step 393900: pitch=  0.03deg roll= -0.00deg x=  0.000 y=  0.012 u_rw=     3.8 u_bx=   0.05 u_by=   0.00 com_xy= 0.000m
Step 394000: pitch= -0.04deg roll= -0.00deg x=  0.000 y=  0.015 u_rw=     0.2 u_bx=  -0.04 u_by=  -0.00 com_xy= 0.000m
Step 394100: pitch= -0.08deg roll= -0.00deg x=  0.000 y=  0.015 u_rw=   -15.1 u_bx=  -0.15 u_by=  -0.00 com_xy= 0.001m
Step 394200: pitch=  0.05deg roll= -0.00deg x=  0.000 y=  0.014 u_rw=    -0.2 u_bx=  -0.00 u_by=  -0.01 com_xy= 0.000m
Step 394300: pitch=  0.06deg roll= -0.00deg x= -0.000 y=  0.014 u_rw=    19.6 u_bx=   0.09 u_by=   0.04 com_xy= 0.000m
Step 394400: pitch= -0.04deg roll= -0.00deg x= -0.000 y=  0.017 u_rw=     0.4 u_bx=  -0.01 u_by=   0.01 com_xy= 0.000m
Step 394500: pitch=  0.02deg roll= -0.00deg x=  0.000 y=  0.019 u_rw=     1.2 u_bx=   0.06 u_by=  -0.01 com_xy= 0.000m
Step 394600: pitch=  0.06deg roll= -0.00deg x= -0.000 y=  0.019 u_rw=    15.7 u_bx=   0.10 u_by=   0.01 com_xy= 0.001m
Step 394700: pitch= -0.02deg roll= -0.00deg x=  0.000 y=  0.020 u_rw=    16.7 u_bx=   0.12 u_by=   0.00 com_xy= 0.001m
Step 394800: pitch= -0.07deg roll= -0.00deg x=  0.000 y=  0.020 u_rw=    -4.9 u_bx=  -0.06 u_by=   0.01 com_xy= 0.000m
Step 394900: pitch= -0.04deg roll= -0.00deg x= -0.000 y=  0.020 u_rw=     0.4 u_bx=   0.03 u_by=   0.02 com_xy= 0.001m
Step 395000: pitch= -0.05deg roll= -0.00deg x=  0.000 y=  0.022 u_rw=   -19.1 u_bx=  -0.12 u_by=   0.01 com_xy= 0.000m
Step 395100: pitch=  0.04deg roll= -0.00deg x= -0.000 y=  0.023 u_rw=    11.5 u_bx=   0.07 u_by=   0.02 com_xy= 0.001m
Step 395200: pitch=  0.07deg roll= -0.00deg x=  0.000 y=  0.025 u_rw=    17.4 u_bx=   0.15 u_by=  -0.01 com_xy= 0.002m
Step 395300: pitch=  0.02deg roll= -0.00deg x= -0.000 y=  0.025 u_rw=   -12.2 u_bx=  -0.06 u_by=  -0.00 com_xy= 0.001m
Step 395400: pitch=  0.04deg roll= -0.00deg x=  0.000 y=  0.025 u_rw=     8.2 u_bx=   0.11 u_by=   0.01 com_xy= 0.002m
Step 395500: pitch=  0.08deg roll= -0.00deg x=  0.000 y=  0.024 u_rw=     2.8 u_bx=   0.07 u_by=  -0.04 com_xy= 0.002m
Step 395600: pitch=  0.11deg roll= -0.00deg x=  0.000 y=  0.021 u_rw=     3.0 u_bx=   0.09 u_by=  -0.03 com_xy= 0.003m
Step 395700: pitch=  0.10deg roll= -0.00deg x=  0.000 y=  0.018 u_rw=    13.5 u_bx=   0.19 u_by=  -0.02 com_xy= 0.004m
Step 395800: pitch=  0.11deg roll= -0.00deg x=  0.000 y=  0.014 u_rw=     7.7 u_bx=   0.14 u_by=  -0.05 com_xy= 0.006m
Step 395900: pitch=  0.07deg roll= -0.01deg x=  0.000 y=  0.008 u_rw=   -15.8 u_bx=   0.04 u_by=  -0.04 com_xy= 0.009m
Step 396000: pitch=  0.08deg roll= -0.01deg x=  0.000 y=  0.003 u_rw=     1.0 u_bx=   0.12 u_by=  -0.02 com_xy= 0.015m
Step 396100: pitch=  0.12deg roll= -0.02deg x=  0.000 y= -0.001 u_rw=    14.1 u_bx=   0.19 u_by=  -0.03 com_xy= 0.024m
Step 396200: pitch=  0.01deg roll= -0.02deg x=  0.000 y= -0.004 u_rw=    -8.9 u_bx=  -0.03 u_by=  -0.01 com_xy= 0.037m
Step 396300: pitch= -0.03deg roll= -0.03deg x=  0.000 y= -0.007 u_rw=   -10.0 u_bx=  -0.06 u_by=  -0.02 com_xy= 0.061m
Step 396400: pitch= -0.05deg roll= -0.05deg x= -0.000 y= -0.009 u_rw=     2.0 u_bx=  -0.08 u_by=   0.02 com_xy= 0.098m

CRASH #155 at step 396499: pitch=-0.27deg roll=-0.08deg com_xy=0.155m reason=com_overload
Step 396500: pitch= -0.00deg roll= -0.00deg x=  0.000 y= -0.000 u_rw=     0.0 u_bx=   0.00 u_by=   0.00 com_xy= 0.000m
Step 396600: pitch=  0.01deg roll= -0.00deg x= -0.000 y=  0.000 u_rw=     8.4 u_bx=  -0.01 u_by=  -0.01 com_xy= 0.000m
Step 396700: pitch=  0.01deg roll= -0.00deg x= -0.000 y= -0.001 u_rw=     9.4 u_bx=   0.01 u_by=  -0.01 com_xy= 0.000m
Step 396800: pitch=  0.01deg roll= -0.00deg x= -0.000 y= -0.001 u_rw=    -1.7 u_bx=   0.03 u_by=   0.01 com_xy= 0.000m
Step 396900: pitch=  0.04deg roll= -0.00deg x= -0.000 y= -0.001 u_rw=    19.4 u_bx=   0.07 u_by=   0.02 com_xy= 0.001m
Step 397000: pitch= -0.05deg roll= -0.00deg x= -0.000 y= -0.000 u_rw=    -0.1 u_bx=   0.00 u_by=   0.00 com_xy= 0.000m
Step 397100: pitch= -0.09deg roll= -0.00deg x= -0.000 y=  0.001 u_rw=   -20.5 u_bx=  -0.17 u_by=   0.02 com_xy= 0.000m
Step 397200: pitch=  0.02deg roll= -0.00deg x= -0.000 y=  0.002 u_rw=     3.6 u_bx=  -0.02 u_by=   0.02 com_xy= 0.001m
Step 397300: pitch= -0.05deg roll= -0.00deg x= -0.000 y=  0.004 u_rw=   -12.1 u_bx=  -0.08 u_by=   0.00 com_xy= 0.001m
Step 397400: pitch= -0.01deg roll= -0.00deg x= -0.000 y=  0.005 u_rw=     5.0 u_bx=   0.01 u_by=   0.02 com_xy= 0.002m
Step 397500: pitch=  0.05deg roll= -0.00deg x= -0.000 y=  0.007 u_rw=    -0.1 u_bx=  -0.04 u_by=   0.00 com_xy= 0.003m
Step 397600: pitch=  0.10deg roll= -0.00deg x= -0.000 y=  0.008 u_rw=     6.2 u_bx=   0.12 u_by=   0.02 com_xy= 0.005m
Step 397700: pitch=  0.01deg roll= -0.00deg x=  0.000 y=  0.009 u_rw=    11.1 u_bx=   0.08 u_by=  -0.01 com_xy= 0.007m
Step 397800: pitch= -0.01deg roll= -0.00deg x=  0.000 y=  0.008 u_rw=   -13.8 u_bx=  -0.07 u_by=  -0.01 com_xy= 0.009m
Step 397900: pitch=  0.07deg roll= -0.00deg x=  0.000 y=  0.008 u_rw=     2.1 u_bx=   0.12 u_by=  -0.02 com_xy= 0.016m
Step 398000: pitch=  0.02deg roll= -0.00deg x= -0.000 y=  0.007 u_rw=    17.3 u_bx=   0.11 u_by=  -0.01 com_xy= 0.026m
Step 398100: pitch= -0.08deg roll= -0.00deg x= -0.000 y=  0.006 u_rw=   -15.9 u_bx=  -0.13 u_by=  -0.01 com_xy= 0.041m
Step 398200: pitch= -0.12deg roll= -0.00deg x= -0.000 y=  0.006 u_rw=     1.9 u_bx=  -0.13 u_by=   0.02 com_xy= 0.067m
Step 398300: pitch= -0.23deg roll= -0.00deg x= -0.000 y=  0.008 u_rw=    -5.4 u_bx=  -0.21 u_by=   0.04 com_xy= 0.108m

CRASH #156 at step 398378: pitch=-0.33deg roll=-0.00deg com_xy=0.154m reason=com_overload
Step 398400: pitch= -0.01deg roll= -0.00deg x= -0.000 y=  0.000 u_rw=    -3.3 u_bx=  -0.02 u_by=   0.01 com_xy= 0.000m
Step 398500: pitch= -0.05deg roll= -0.00deg x=  0.000 y=  0.001 u_rw=    -6.3 u_bx=  -0.04 u_by=   0.00 com_xy= 0.000m
Step 398600: pitch= -0.03deg roll= -0.00deg x=  0.000 y=  0.001 u_rw=    -2.4 u_bx=   0.02 u_by=  -0.00 com_xy= 0.000m
Step 398700: pitch= -0.01deg roll= -0.00deg x=  0.000 y= -0.000 u_rw=    -5.7 u_bx=   0.00 u_by=  -0.02 com_xy= 0.000m
Step 398800: pitch= -0.01deg roll= -0.00deg x=  0.000 y= -0.003 u_rw=    -5.5 u_bx=   0.06 u_by=  -0.02 com_xy= 0.000m
Step 398900: pitch= -0.01deg roll= -0.00deg x=  0.000 y= -0.006 u_rw=   -11.9 u_bx=  -0.04 u_by=  -0.01 com_xy= 0.000m
Step 399000: pitch=  0.01deg roll= -0.00deg x=  0.000 y= -0.008 u_rw=    -5.2 u_bx=  -0.03 u_by=  -0.01 com_xy= 0.000m
Step 399100: pitch=  0.04deg roll= -0.00deg x= -0.000 y= -0.009 u_rw=     7.9 u_bx=   0.01 u_by=   0.00 com_xy= 0.001m
Step 399200: pitch=  0.01deg roll= -0.00deg x=  0.000 y= -0.010 u_rw=    -6.7 u_bx=  -0.02 u_by=  -0.01 com_xy= 0.001m
Step 399300: pitch=  0.01deg roll= -0.00deg x= -0.000 y= -0.011 u_rw=     1.4 u_bx=  -0.03 u_by=   0.02 com_xy= 0.002m
Step 399400: pitch= -0.08deg roll= -0.00deg x= -0.000 y= -0.009 u_rw=   -18.9 u_bx=  -0.12 u_by=   0.02 com_xy= 0.002m
Step 399500: pitch=  0.01deg roll= -0.00deg x= -0.000 y= -0.006 u_rw=    -1.5 u_bx=  -0.04 u_by=   0.05 com_xy= 0.002m
Step 399600: pitch= -0.08deg roll= -0.00deg x=  0.000 y= -0.000 u_rw=    -5.8 u_bx=  -0.01 u_by=   0.01 com_xy= 0.003m
Step 399700: pitch= -0.02deg roll= -0.00deg x= -0.000 y=  0.003 u_rw=    12.8 u_bx=   0.04 u_by=   0.03 com_xy= 0.005m
Step 399800: pitch= -0.00deg roll= -0.00deg x=  0.000 y=  0.006 u_rw=     2.2 u_bx=   0.06 u_by=   0.00 com_xy= 0.007m
Step 399900: pitch= -0.08deg roll= -0.00deg x= -0.000 y=  0.007 u_rw=    -1.3 u_bx=   0.01 u_by=   0.01 com_xy= 0.011m
Step 400000: pitch= -0.01deg roll= -0.00deg x= -0.000 y=  0.009 u_rw=     3.5 u_bx=   0.01 u_by=   0.00 com_xy= 0.018m
Step 400100: pitch= -0.02deg roll= -0.00deg x=  0.000 y=  0.009 u_rw=    -7.3 u_bx=  -0.00 u_by=  -0.02 com_xy= 0.029m
Step 400200: pitch=  0.02deg roll= -0.00deg x=  0.000 y=  0.007 u_rw=    -8.0 u_bx=  -0.02 u_by=  -0.02 com_xy= 0.047m
Step 400300: pitch=  0.04deg roll= -0.00deg x=  0.000 y=  0.005 u_rw=    -1.9 u_bx=   0.04 u_by=  -0.02 com_xy= 0.076m
Step 400400: pitch=  0.16deg roll= -0.00deg x=  0.000 y=  0.003 u_rw=    -7.6 u_bx=   0.12 u_by=  -0.03 com_xy= 0.122m

CRASH #157 at step 400452: pitch=0.25deg roll=-0.00deg com_xy=0.155m reason=com_overload
Step 400500: pitch=  0.01deg roll= -0.00deg x=  0.000 y= -0.000 u_rw=     1.8 u_bx=   0.00 u_by=  -0.01 com_xy= 0.000m
Step 400600: pitch=  0.04deg roll= -0.00deg x= -0.000 y= -0.000 u_rw=     8.8 u_bx=   0.03 u_by=  -0.01 com_xy= 0.000m
Step 400700: pitch=  0.05deg roll= -0.00deg x=  0.000 y= -0.001 u_rw=    -0.1 u_bx=   0.06 u_by=  -0.01 com_xy= 0.000m
Step 400800: pitch=  0.05deg roll= -0.00deg x=  0.000 y= -0.003 u_rw=    10.0 u_bx=   0.13 u_by=  -0.01 com_xy= 0.000m
Step 400900: pitch=  0.01deg roll= -0.00deg x= -0.000 y= -0.004 u_rw=    12.5 u_bx=   0.14 u_by=   0.02 com_xy= 0.000m
Step 401000: pitch=  0.05deg roll= -0.00deg x=  0.000 y= -0.003 u_rw=     6.9 u_bx=   0.04 u_by=   0.01 com_xy= 0.000m
Step 401100: pitch= -0.01deg roll= -0.00deg x= -0.000 y= -0.002 u_rw=   -14.6 u_bx=  -0.11 u_by=   0.00 com_xy= 0.001m
Step 401200: pitch= -0.02deg roll= -0.00deg x= -0.000 y= -0.001 u_rw=    -8.0 u_bx=  -0.05 u_by=  -0.00 com_xy= 0.001m
Step 401300: pitch= -0.02deg roll= -0.00deg x=  0.000 y= -0.001 u_rw=    -9.4 u_bx=  -0.07 u_by=   0.01 com_xy= 0.002m
Step 401400: pitch= -0.06deg roll= -0.00deg x= -0.000 y= -0.000 u_rw=    -3.6 u_bx=  -0.08 u_by=   0.00 com_xy= 0.002m
Step 401500: pitch=  0.00deg roll= -0.00deg x= -0.000 y= -0.001 u_rw=     9.6 u_bx=   0.05 u_by=   0.00 com_xy= 0.003m
Step 401600: pitch= -0.00deg roll= -0.00deg x= -0.000 y=  0.000 u_rw=     8.1 u_bx=   0.05 u_by=   0.04 com_xy= 0.004m
Step 401700: pitch=  0.03deg roll= -0.00deg x=  0.000 y=  0.004 u_rw=     6.1 u_bx=   0.09 u_by=  -0.01 com_xy= 0.007m
Step 401800: pitch=  0.02deg roll= -0.00deg x= -0.000 y=  0.005 u_rw=     0.6 u_bx=  -0.02 u_by=  -0.01 com_xy= 0.011m
Step 401900: pitch=  0.03deg roll= -0.00deg x=  0.000 y=  0.006 u_rw=    15.3 u_bx=   0.11 u_by=   0.02 com_xy= 0.017m
Step 402000: pitch= -0.06deg roll= -0.00deg x= -0.000 y=  0.006 u_rw=    -3.7 u_bx=  -0.08 u_by=  -0.00 com_xy= 0.029m
Step 402100: pitch=  0.05deg roll= -0.00deg x=  0.000 y=  0.006 u_rw=     9.0 u_bx=   0.12 u_by=  -0.01 com_xy= 0.047m
Step 402200: pitch=  0.14deg roll= -0.00deg x=  0.000 y=  0.004 u_rw=    -1.7 u_bx=   0.09 u_by=  -0.02 com_xy= 0.077m
Step 402300: pitch=  0.26deg roll= -0.00deg x=  0.000 y=  0.001 u_rw=     6.1 u_bx=   0.20 u_by=  -0.06 com_xy= 0.123m

CRASH #158 at step 402350: pitch=0.34deg roll=0.00deg com_xy=0.154m reason=com_overload
Step 402400: pitch= -0.01deg roll= -0.00deg x= -0.000 y= -0.000 u_rw=    -6.6 u_bx=  -0.01 u_by=  -0.00 com_xy= 0.000m
Step 402500: pitch= -0.03deg roll= -0.00deg x= -0.000 y= -0.000 u_rw=   -11.1 u_bx=  -0.05 u_by=   0.00 com_xy= 0.000m
Step 402600: pitch=  0.03deg roll= -0.00deg x=  0.000 y= -0.001 u_rw=    -5.4 u_bx=  -0.03 u_by=  -0.02 com_xy= 0.000m
Step 402700: pitch=  0.07deg roll= -0.00deg x= -0.000 y= -0.003 u_rw=    18.4 u_bx=   0.13 u_by=  -0.03 com_xy= 0.001m
Step 402800: pitch= -0.01deg roll= -0.00deg x=  0.000 y= -0.007 u_rw=     2.8 u_bx=   0.04 u_by=  -0.03 com_xy= 0.000m
Step 402900: pitch= -0.03deg roll= -0.00deg x=  0.000 y= -0.011 u_rw=    -6.0 u_bx=  -0.04 u_by=  -0.03 com_xy= 0.000m
Step 403000: pitch=  0.01deg roll= -0.00deg x=  0.000 y= -0.015 u_rw=   -17.6 u_bx=  -0.08 u_by=  -0.04 com_xy= 0.001m
Step 403100: pitch=  0.09deg roll= -0.00deg x=  0.000 y= -0.020 u_rw=    -2.8 u_bx=   0.04 u_by=  -0.03 com_xy= 0.000m
Step 403200: pitch=  0.09deg roll= -0.00deg x=  0.000 y= -0.024 u_rw=     3.9 u_bx=   0.15 u_by=  -0.04 com_xy= 0.000m
Step 403300: pitch=  0.04deg roll= -0.00deg x= -0.000 y= -0.028 u_rw=    19.4 u_bx=   0.11 u_by=   0.01 com_xy= 0.000m
Step 403400: pitch= -0.03deg roll= -0.00deg x=  0.000 y= -0.030 u_rw=     1.9 u_bx=   0.08 u_by=  -0.03 com_xy= 0.000m
Step 403500: pitch= -0.03deg roll= -0.00deg x= -0.000 y= -0.032 u_rw=   -12.7 u_bx=  -0.09 u_by=   0.02 com_xy= 0.000m
Step 403600: pitch= -0.01deg roll= -0.00deg x= -0.000 y= -0.031 u_rw=     2.6 u_bx=   0.05 u_by=   0.01 com_xy= 0.000m
Step 403700: pitch=  0.03deg roll= -0.00deg x= -0.000 y= -0.030 u_rw=    18.1 u_bx=   0.10 u_by=   0.01 com_xy= 0.001m
Step 403800: pitch=  0.04deg roll= -0.00deg x= -0.000 y= -0.029 u_rw=     5.7 u_bx=   0.04 u_by=   0.02 com_xy= 0.000m
Step 403900: pitch=  0.01deg roll= -0.00deg x=  0.000 y= -0.028 u_rw=    -4.7 u_bx=  -0.03 u_by=   0.00 com_xy= 0.000m
Step 404000: pitch= -0.00deg roll= -0.00deg x=  0.000 y= -0.027 u_rw=    -4.3 u_bx=  -0.01 u_by=  -0.01 com_xy= 0.000m
Step 404100: pitch=  0.02deg roll= -0.00deg x=  0.000 y= -0.028 u_rw=    -2.5 u_bx=   0.01 u_by=  -0.02 com_xy= 0.000m
Step 404200: pitch= -0.01deg roll= -0.00deg x=  0.000 y= -0.030 u_rw=   -11.2 u_bx=  -0.07 u_by=  -0.02 com_xy= 0.000m
Step 404300: pitch= -0.04deg roll= -0.00deg x=  0.000 y= -0.031 u_rw=    -5.9 u_bx=  -0.04 u_by=   0.00 com_xy= 0.000m
Step 404400: pitch=  0.04deg roll= -0.00deg x=  0.000 y= -0.032 u_rw=     8.5 u_bx=   0.11 u_by=  -0.01 com_xy= 0.000m
Step 404500: pitch=  0.00deg roll= -0.00deg x=  0.000 y= -0.033 u_rw=   -14.1 u_bx=  -0.03 u_by=  -0.01 com_xy= 0.000m
Step 404600: pitch=  0.06deg roll= -0.00deg x=  0.000 y= -0.033 u_rw=     3.9 u_bx=   0.13 u_by=  -0.01 com_xy= 0.000m
Step 404700: pitch=  0.01deg roll= -0.00deg x=  0.000 y= -0.034 u_rw=    -8.1 u_bx=  -0.04 u_by=   0.01 com_xy= 0.000m
Step 404800: pitch=  0.01deg roll= -0.00deg x=  0.000 y= -0.034 u_rw=    -7.5 u_bx=  -0.01 u_by=   0.01 com_xy= 0.000m
Step 404900: pitch=  0.04deg roll= -0.00deg x=  0.000 y= -0.033 u_rw=     5.9 u_bx=   0.05 u_by=   0.01 com_xy= 0.000m
Step 405000: pitch= -0.04deg roll=  0.00deg x=  0.000 y= -0.031 u_rw=     0.8 u_bx=   0.05 u_by=  -0.01 com_xy= 0.001m
Step 405100: pitch= -0.05deg roll=  0.00deg x=  0.000 y= -0.032 u_rw=   -14.0 u_bx=  -0.05 u_by=  -0.02 com_xy= 0.001m
Step 405200: pitch=  0.07deg roll=  0.00deg x=  0.000 y= -0.033 u_rw=    -0.5 u_bx=   0.06 u_by=  -0.02 com_xy= 0.001m
Step 405300: pitch=  0.09deg roll=  0.01deg x=  0.000 y= -0.035 u_rw=    17.9 u_bx=   0.20 u_by=   0.01 com_xy= 0.002m
Step 405400: pitch=  0.03deg roll=  0.01deg x=  0.000 y= -0.034 u_rw=    17.9 u_bx=   0.11 u_by=   0.00 com_xy= 0.003m
Step 405500: pitch= -0.02deg roll=  0.02deg x=  0.000 y= -0.035 u_rw=    -0.5 u_bx=  -0.02 u_by=   0.00 com_xy= 0.005m
Step 405600: pitch= -0.01deg roll=  0.03deg x=  0.000 y= -0.035 u_rw=   -14.3 u_bx=  -0.06 u_by=   0.00 com_xy= 0.008m
Step 405700: pitch= -0.01deg roll=  0.04deg x=  0.000 y= -0.035 u_rw=    -6.5 u_bx=   0.02 u_by=  -0.01 com_xy= 0.013m
Step 405800: pitch=  0.02deg roll=  0.06deg x=  0.000 y= -0.036 u_rw=     9.3 u_bx=   0.11 u_by=  -0.00 com_xy= 0.020m
Step 405900: pitch=  0.07deg roll=  0.09deg x=  0.000 y= -0.038 u_rw=     6.1 u_bx=   0.11 u_by=  -0.04 com_xy= 0.030m
Step 406000: pitch=  0.05deg roll=  0.14deg x=  0.000 y= -0.042 u_rw=     2.3 u_bx=   0.06 u_by=  -0.05 com_xy= 0.047m
Step 406100: pitch=  0.05deg roll=  0.18deg x=  0.000 y= -0.049 u_rw=     2.1 u_bx=   0.02 u_by=  -0.06 com_xy= 0.072m
Step 406200: pitch= -0.00deg roll=  0.21deg x=  0.000 y= -0.057 u_rw=    -9.6 u_bx=  -0.10 u_by=  -0.09 com_xy= 0.110m

CRASH #159 at step 406280: pitch=-0.01deg roll=0.24deg com_xy=0.154m reason=com_overload
Step 406300: pitch=  0.00deg roll= -0.00deg x= -0.000 y=  0.000 u_rw=    -1.7 u_bx=  -0.03 u_by=  -0.01 com_xy= 0.000m
Step 406400: pitch=  0.03deg roll= -0.00deg x=  0.000 y= -0.001 u_rw=     5.7 u_bx=   0.04 u_by=  -0.03 com_xy= 0.000m
Step 406500: pitch=  0.04deg roll= -0.00deg x= -0.000 y= -0.004 u_rw=     3.0 u_bx=   0.07 u_by=  -0.01 com_xy= 0.000m
Step 406600: pitch= -0.01deg roll= -0.00deg x=  0.000 y= -0.006 u_rw=   -14.6 u_bx=  -0.00 u_by=  -0.02 com_xy= 0.000m
Step 406700: pitch=  0.07deg roll= -0.00deg x=  0.000 y= -0.008 u_rw=    -0.1 u_bx=   0.15 u_by=  -0.01 com_xy= 0.000m
Step 406800: pitch=  0.03deg roll= -0.00deg x=  0.000 y= -0.010 u_rw=    14.0 u_bx=   0.16 u_by=  -0.02 com_xy= 0.000m
Step 406900: pitch=  0.06deg roll= -0.00deg x=  0.000 y= -0.012 u_rw=    10.5 u_bx=   0.11 u_by=  -0.01 com_xy= 0.000m
Step 407000: pitch=  0.02deg roll= -0.00deg x= -0.000 y= -0.014 u_rw=    -1.0 u_bx=   0.00 u_by=  -0.01 com_xy= 0.001m
Step 407100: pitch= -0.02deg roll= -0.00deg x=  0.000 y= -0.014 u_rw=   -11.6 u_bx=  -0.00 u_by=  -0.02 com_xy= 0.002m
Step 407200: pitch= -0.05deg roll= -0.00deg x=  0.000 y= -0.016 u_rw=    -7.0 u_bx=  -0.06 u_by=   0.01 com_xy= 0.003m
Step 407300: pitch=  0.00deg roll= -0.00deg x= -0.000 y= -0.016 u_rw=    18.4 u_bx=   0.07 u_by=   0.01 com_xy= 0.003m
Step 407400: pitch= -0.10deg roll= -0.00deg x=  0.000 y= -0.015 u_rw=   -11.7 u_bx=  -0.10 u_by=  -0.00 com_xy= 0.006m
Step 407500: pitch= -0.05deg roll= -0.00deg x=  0.000 y= -0.015 u_rw=   -19.9 u_bx=  -0.11 u_by=  -0.01 com_xy= 0.009m
Step 407600: pitch=  0.04deg roll= -0.00deg x=  0.000 y= -0.015 u_rw=    -2.0 u_bx=   0.02 u_by=   0.00 com_xy= 0.013m
Step 407700: pitch=  0.06deg roll= -0.00deg x=  0.000 y= -0.015 u_rw=     1.3 u_bx=   0.11 u_by=   0.00 com_xy= 0.021m
Step 407800: pitch=  0.07deg roll= -0.00deg x= -0.000 y= -0.013 u_rw=    17.4 u_bx=   0.13 u_by=   0.02 com_xy= 0.034m
Step 407900: pitch=  0.08deg roll= -0.00deg x=  0.000 y= -0.011 u_rw=    20.2 u_bx=   0.18 u_by=   0.00 com_xy= 0.055m
Step 408000: pitch=  0.06deg roll= -0.00deg x=  0.000 y= -0.010 u_rw=    -9.3 u_bx=   0.05 u_by=  -0.02 com_xy= 0.091m
Step 408100: pitch=  0.28deg roll= -0.00deg x=  0.000 y= -0.012 u_rw=    10.5 u_bx=   0.37 u_by=  -0.06 com_xy= 0.143m

CRASH #160 at step 408118: pitch=0.29deg roll=-0.00deg com_xy=0.155m reason=com_overload
Step 408200: pitch= -0.01deg roll= -0.00deg x=  0.000 y= -0.000 u_rw=    -9.5 u_bx=  -0.02 u_by=  -0.03 com_xy= 0.000m
Step 408300: pitch= -0.05deg roll= -0.00deg x= -0.000 y= -0.002 u_rw=   -10.6 u_bx=  -0.13 u_by=   0.02 com_xy= 0.000m
Step 408400: pitch= -0.03deg roll= -0.00deg x= -0.000 y= -0.001 u_rw=   -10.7 u_bx=  -0.09 u_by=   0.03 com_xy= 0.000m
Step 408500: pitch= -0.04deg roll= -0.00deg x= -0.000 y=  0.002 u_rw=    -9.4 u_bx=  -0.11 u_by=   0.00 com_xy= 0.000m
Step 408600: pitch= -0.02deg roll= -0.00deg x= -0.000 y=  0.004 u_rw=    11.4 u_bx=   0.05 u_by=   0.02 com_xy= 0.001m
Step 408700: pitch= -0.07deg roll= -0.00deg x=  0.000 y=  0.005 u_rw=    -6.5 u_bx=  -0.10 u_by=  -0.01 com_xy= 0.000m
Step 408800: pitch=  0.03deg roll= -0.00deg x= -0.000 y=  0.004 u_rw=    14.4 u_bx=   0.03 u_by=   0.01 com_xy= 0.001m
Step 408900: pitch= -0.03deg roll= -0.00deg x= -0.000 y=  0.005 u_rw=   -12.0 u_bx=  -0.11 u_by=  -0.00 com_xy= 0.000m
Step 409000: pitch=  0.01deg roll= -0.00deg x=  0.000 y=  0.004 u_rw=    -9.0 u_bx=  -0.04 u_by=  -0.02 com_xy= 0.000m
Step 409100: pitch=  0.00deg roll= -0.00deg x=  0.000 y=  0.002 u_rw=   -11.8 u_bx=  -0.05 u_by=  -0.05 com_xy= 0.000m
Step 409200: pitch= -0.02deg roll= -0.00deg x=  0.000 y= -0.002 u_rw=    -6.6 u_bx=  -0.03 u_by=  -0.03 com_xy= 0.000m
Step 409300: pitch= -0.03deg roll= -0.00deg x=  0.000 y= -0.007 u_rw=    -5.0 u_bx=  -0.00 u_by=  -0.02 com_xy= 0.000m
Step 409400: pitch= -0.02deg roll= -0.00deg x=  0.000 y= -0.011 u_rw=    -8.5 u_bx=  -0.01 u_by=  -0.03 com_xy= 0.000m
Step 409500: pitch=  0.01deg roll= -0.00deg x=  0.000 y= -0.014 u_rw=     8.7 u_bx=   0.10 u_by=  -0.00 com_xy= 0.000m
Step 409600: pitch=  0.00deg roll= -0.00deg x=  0.000 y= -0.016 u_rw=     5.3 u_bx=   0.03 u_by=  -0.02 com_xy= 0.000m
Step 409700: pitch=  0.06deg roll= -0.00deg x=  0.000 y= -0.020 u_rw=     4.0 u_bx=   0.13 u_by=  -0.04 com_xy= 0.000m
Step 409800: pitch= -0.01deg roll= -0.00deg x=  0.000 y= -0.024 u_rw=   -17.2 u_bx=  -0.06 u_by=   0.00 com_xy= 0.000m
Step 409900: pitch=  0.06deg roll= -0.00deg x=  0.000 y= -0.025 u_rw=     0.2 u_bx=   0.04 u_by=   0.01 com_xy= 0.000m
Step 410000: pitch=  0.00deg roll= -0.00deg x=  0.000 y= -0.024 u_rw=    -6.2 u_bx=  -0.01 u_by=   0.00 com_xy= 0.000m
Step 410100: pitch=  0.04deg roll= -0.00deg x= -0.000 y= -0.024 u_rw=     0.3 u_bx=  -0.02 u_by=   0.01 com_xy= 0.000m
Step 410200: pitch= -0.03deg roll= -0.00deg x= -0.000 y= -0.023 u_rw=   -14.5 u_bx=  -0.14 u_by=   0.02 com_xy= 0.001m
Step 410300: pitch=  0.03deg roll= -0.00deg x= -0.000 y= -0.022 u_rw=    13.4 u_bx=   0.02 u_by=   0.01 com_xy= 0.001m
Step 410400: pitch= -0.00deg roll= -0.01deg x= -0.000 y= -0.020 u_rw=    11.3 u_bx=  -0.01 u_by=   0.02 com_xy= 0.001m
Step 410500: pitch=  0.04deg roll= -0.01deg x= -0.000 y= -0.017 u_rw=     9.1 u_bx=   0.09 u_by=  -0.00 com_xy= 0.002m
Step 410600: pitch= -0.01deg roll= -0.01deg x=  0.000 y= -0.016 u_rw=   -14.7 u_bx=  -0.07 u_by=   0.02 com_xy= 0.003m
Step 410700: pitch=  0.09deg roll= -0.02deg x=  0.000 y= -0.014 u_rw=     3.6 u_bx=   0.17 u_by=  -0.02 com_xy= 0.005m
Step 410800: pitch=  0.07deg roll= -0.03deg x=  0.000 y= -0.016 u_rw=    19.0 u_bx=   0.14 u_by=  -0.01 com_xy= 0.008m
Step 410900: pitch=  0.01deg roll= -0.04deg x=  0.000 y= -0.018 u_rw=   -11.2 u_bx=  -0.03 u_by=  -0.00 com_xy= 0.012m
Step 411000: pitch=  0.12deg roll= -0.06deg x=  0.000 y= -0.018 u_rw=     4.9 u_bx=   0.16 u_by=   0.01 com_xy= 0.018m
Step 411100: pitch=  0.02deg roll= -0.09deg x=  0.000 y= -0.018 u_rw=    -8.5 u_bx=  -0.01 u_by=   0.01 com_xy= 0.028m
Step 411200: pitch=  0.02deg roll= -0.13deg x=  0.000 y= -0.016 u_rw=     1.2 u_bx=   0.07 u_by=   0.03 com_xy= 0.043m
Step 411300: pitch=  0.11deg roll= -0.19deg x=  0.000 y= -0.014 u_rw=    10.8 u_bx=   0.19 u_by=   0.04 com_xy= 0.066m
Step 411400: pitch=  0.02deg roll= -0.21deg x=  0.000 y= -0.009 u_rw=    -0.8 u_bx=   0.05 u_by=   0.06 com_xy= 0.102m

CRASH #161 at step 411499: pitch=0.11deg roll=-0.25deg com_xy=0.154m reason=com_overload
Step 411500: pitch= -0.00deg roll= -0.00deg x=  0.000 y= -0.000 u_rw=     0.0 u_bx=   0.00 u_by=   0.00 com_xy= 0.000m
Step 411600: pitch=  0.02deg roll= -0.00deg x= -0.000 y=  0.001 u_rw=     1.0 u_bx=  -0.01 u_by=   0.01 com_xy= 0.000m
Step 411700: pitch=  0.03deg roll= -0.00deg x= -0.000 y=  0.002 u_rw=    10.1 u_bx=   0.08 u_by=   0.01 com_xy= 0.000m
Step 411800: pitch= -0.02deg roll= -0.00deg x= -0.000 y=  0.003 u_rw=     7.7 u_bx=  -0.01 u_by=   0.02 com_xy= 0.000m
Step 411900: pitch= -0.06deg roll= -0.00deg x= -0.000 y=  0.004 u_rw=   -19.5 u_bx=  -0.16 u_by=   0.00 com_xy= 0.001m
Step 412000: pitch=  0.06deg roll= -0.00deg x= -0.000 y=  0.006 u_rw=    -2.0 u_bx=  -0.01 u_by=   0.03 com_xy= 0.000m
Step 412100: pitch=  0.05deg roll= -0.00deg x= -0.000 y=  0.008 u_rw=    15.7 u_bx=   0.04 u_by=   0.02 com_xy= 0.000m
Step 412200: pitch=  0.04deg roll= -0.00deg x=  0.000 y=  0.010 u_rw=     5.0 u_bx=   0.04 u_by=  -0.01 com_xy= 0.000m
Step 412300: pitch=  0.02deg roll= -0.00deg x= -0.000 y=  0.009 u_rw=     0.7 u_bx=  -0.03 u_by=  -0.00 com_xy= 0.000m
Step 412400: pitch=  0.01deg roll= -0.00deg x=  0.000 y=  0.008 u_rw=     4.0 u_bx=   0.06 u_by=   0.00 com_xy= 0.000m
Step 412500: pitch= -0.04deg roll= -0.00deg x= -0.000 y=  0.009 u_rw=    -9.9 u_bx=  -0.07 u_by=   0.05 com_xy= 0.000m
Step 412600: pitch= -0.02deg roll= -0.00deg x=  0.000 y=  0.013 u_rw=    15.1 u_bx=   0.10 u_by=   0.01 com_xy= 0.001m
Step 412700: pitch= -0.06deg roll= -0.00deg x= -0.000 y=  0.015 u_rw=     2.0 u_bx=   0.01 u_by=   0.01 com_xy= 0.001m
Step 412800: pitch= -0.06deg roll= -0.00deg x= -0.000 y=  0.017 u_rw=    -3.9 u_bx=  -0.13 u_by=   0.02 com_xy= 0.000m
Step 412900: pitch= -0.02deg roll= -0.00deg x= -0.000 y=  0.020 u_rw=     3.9 u_bx=  -0.05 u_by=   0.04 com_xy= 0.000m
Step 413000: pitch=  0.05deg roll= -0.00deg x= -0.000 y=  0.024 u_rw=     0.4 u_bx=  -0.03 u_by=   0.01 com_xy= 0.000m
Step 413100: pitch= -0.02deg roll= -0.00deg x=  0.000 y=  0.025 u_rw=   -12.8 u_bx=  -0.15 u_by=  -0.00 com_xy= 0.000m
Step 413200: pitch= -0.02deg roll= -0.00deg x= -0.000 y=  0.024 u_rw=   -19.4 u_bx=  -0.18 u_by=   0.00 com_xy= 0.001m
Step 413300: pitch=  0.05deg roll= -0.00deg x=  0.000 y=  0.024 u_rw=    -0.5 u_bx=  -0.04 u_by=   0.02 com_xy= 0.001m
Step 413400: pitch=  0.08deg roll= -0.00deg x= -0.000 y=  0.026 u_rw=     2.1 u_bx=   0.10 u_by=   0.02 com_xy= 0.001m
Step 413500: pitch=  0.05deg roll= -0.00deg x= -0.000 y=  0.029 u_rw=    18.9 u_bx=   0.07 u_by=   0.02 com_xy= 0.001m
Step 413600: pitch= -0.03deg roll= -0.00deg x= -0.000 y=  0.032 u_rw=    11.1 u_bx=   0.03 u_by=   0.02 com_xy= 0.002m
Step 413700: pitch= -0.06deg roll= -0.00deg x= -0.000 y=  0.034 u_rw=   -11.9 u_bx=  -0.10 u_by=  -0.01 com_xy= 0.004m
Step 413800: pitch= -0.03deg roll= -0.00deg x= -0.000 y=  0.035 u_rw=    -1.4 u_bx=  -0.04 u_by=   0.00 com_xy= 0.005m
Step 413900: pitch= -0.07deg roll= -0.00deg x= -0.000 y=  0.034 u_rw=   -12.7 u_bx=  -0.10 u_by=  -0.01 com_xy= 0.008m
Step 414000: pitch= -0.06deg roll= -0.01deg x= -0.000 y=  0.034 u_rw=   -10.2 u_bx=  -0.16 u_by=   0.02 com_xy= 0.012m
Step 414100: pitch= -0.05deg roll= -0.01deg x= -0.000 y=  0.036 u_rw=   -13.1 u_bx=  -0.13 u_by=   0.02 com_xy= 0.019m
Step 414200: pitch=  0.00deg roll= -0.01deg x= -0.000 y=  0.038 u_rw=     5.2 u_bx=  -0.03 u_by=  -0.01 com_xy= 0.029m
Step 414300: pitch= -0.05deg roll= -0.01deg x= -0.000 y=  0.038 u_rw=    -9.9 u_bx=  -0.12 u_by=   0.01 com_xy= 0.048m
Step 414400: pitch=  0.15deg roll= -0.02deg x= -0.000 y=  0.038 u_rw=    10.0 u_bx=   0.10 u_by=   0.01 com_xy= 0.078m
Step 414500: pitch=  0.24deg roll= -0.03deg x=  0.000 y=  0.040 u_rw=     4.9 u_bx=   0.07 u_by=   0.01 com_xy= 0.125m

CRASH #162 at step 414547: pitch=0.30deg roll=-0.04deg com_xy=0.155m reason=com_overload
Step 414600: pitch=  0.01deg roll= -0.00deg x=  0.000 y= -0.000 u_rw=     7.6 u_bx=   0.06 u_by=  -0.00 com_xy= 0.000m
Step 414700: pitch=  0.04deg roll= -0.00deg x= -0.000 y= -0.001 u_rw=     5.9 u_bx=   0.01 u_by=   0.00 com_xy= 0.000m
Step 414800: pitch= -0.03deg roll= -0.00deg x= -0.000 y= -0.001 u_rw=     0.4 u_bx=  -0.10 u_by=  -0.01 com_xy= 0.000m
Step 414900: pitch= -0.00deg roll= -0.00deg x=  0.000 y= -0.001 u_rw=   -17.8 u_bx=  -0.11 u_by=   0.01 com_xy= 0.000m
Step 415000: pitch=  0.05deg roll= -0.00deg x= -0.000 y=  0.000 u_rw=    -1.0 u_bx=  -0.09 u_by=   0.05 com_xy= 0.000m
Step 415100: pitch=  0.03deg roll= -0.00deg x= -0.000 y=  0.005 u_rw=    13.8 u_bx=   0.05 u_by=   0.02 com_xy= 0.000m
Step 415200: pitch= -0.06deg roll= -0.00deg x= -0.000 y=  0.007 u_rw=     1.3 u_bx=  -0.02 u_by=   0.01 com_xy= 0.000m
Step 415300: pitch=  0.02deg roll= -0.00deg x= -0.000 y=  0.010 u_rw=     1.9 u_bx=  -0.03 u_by=   0.01 com_xy= 0.000m
Step 415400: pitch= -0.05deg roll= -0.00deg x= -0.000 y=  0.011 u_rw=    -9.0 u_bx=  -0.10 u_by=  -0.02 com_xy= 0.000m
Step 415500: pitch= -0.02deg roll=  0.00deg x=  0.000 y=  0.010 u_rw=     3.4 u_bx=   0.00 u_by=  -0.02 com_xy= 0.000m
Step 415600: pitch= -0.00deg roll= -0.00deg x= -0.000 y=  0.008 u_rw=     4.2 u_bx=   0.02 u_by=  -0.03 com_xy= 0.000m
Step 415700: pitch= -0.03deg roll= -0.00deg x=  0.000 y=  0.004 u_rw=    -3.7 u_bx=   0.03 u_by=  -0.02 com_xy= 0.000m
Step 415800: pitch= -0.04deg roll= -0.00deg x=  0.000 y=  0.000 u_rw=    -3.2 u_bx=  -0.04 u_by=  -0.01 com_xy= 0.000m
Step 415900: pitch=  0.00deg roll= -0.00deg x= -0.000 y= -0.001 u_rw=     3.2 u_bx=  -0.01 u_by=   0.01 com_xy= 0.000m
Step 416000: pitch=  0.06deg roll= -0.00deg x=  0.000 y= -0.001 u_rw=    10.4 u_bx=   0.09 u_by=   0.01 com_xy= 0.001m
Step 416100: pitch=  0.07deg roll= -0.00deg x=  0.000 y= -0.000 u_rw=     4.5 u_bx=   0.03 u_by=   0.00 com_xy= 0.000m
Step 416200: pitch=  0.07deg roll= -0.00deg x=  0.000 y= -0.001 u_rw=     2.7 u_bx=   0.05 u_by=  -0.05 com_xy= 0.000m
Step 416300: pitch=  0.02deg roll= -0.00deg x=  0.000 y= -0.004 u_rw=     3.8 u_bx=   0.08 u_by=  -0.02 com_xy= 0.000m
Step 416400: pitch=  0.06deg roll= -0.00deg x=  0.000 y= -0.008 u_rw=    16.0 u_bx=   0.11 u_by=  -0.01 com_xy= 0.001m
Step 416500: pitch= -0.03deg roll= -0.00deg x=  0.000 y= -0.011 u_rw=   -13.4 u_bx=  -0.06 u_by=  -0.03 com_xy= 0.001m
Step 416600: pitch= -0.01deg roll= -0.01deg x= -0.000 y= -0.015 u_rw=   -10.7 u_bx=  -0.04 u_by=  -0.01 com_xy= 0.001m
Step 416700: pitch=  0.03deg roll= -0.01deg x= -0.000 y= -0.018 u_rw=    12.2 u_bx=   0.05 u_by=   0.01 com_xy= 0.002m
Step 416800: pitch=  0.06deg roll= -0.01deg x=  0.000 y= -0.019 u_rw=     3.6 u_bx=   0.05 u_by=   0.01 com_xy= 0.003m
Step 416900: pitch=  0.03deg roll= -0.02deg x=  0.000 y= -0.017 u_rw=    13.7 u_bx=   0.12 u_by=   0.01 com_xy= 0.005m
Step 417000: pitch= -0.03deg roll= -0.03deg x=  0.000 y= -0.016 u_rw=    -4.2 u_bx=  -0.06 u_by=   0.01 com_xy= 0.008m
Step 417100: pitch= -0.01deg roll= -0.04deg x=  0.000 y= -0.015 u_rw=   -18.3 u_bx=  -0.05 u_by=  -0.01 com_xy= 0.012m
Step 417200: pitch=  0.07deg roll= -0.06deg x=  0.000 y= -0.016 u_rw=    -0.1 u_bx=   0.06 u_by=   0.00 com_xy= 0.019m
Step 417300: pitch=  0.10deg roll= -0.09deg x=  0.000 y= -0.016 u_rw=    -1.0 u_bx=   0.19 u_by=   0.00 com_xy= 0.029m
Step 417400: pitch=  0.08deg roll= -0.14deg x=  0.000 y= -0.015 u_rw=    20.4 u_bx=   0.13 u_by=   0.05 com_xy= 0.045m
Step 417500: pitch=  0.00deg roll= -0.17deg x= -0.000 y= -0.010 u_rw=     6.2 u_bx=   0.06 u_by=   0.07 com_xy= 0.070m
Step 417600: pitch= -0.04deg roll= -0.20deg x= -0.000 y= -0.002 u_rw=    -8.5 u_bx=  -0.11 u_by=   0.07 com_xy= 0.107m

CRASH #163 at step 417686: pitch=-0.04deg roll=-0.23deg com_xy=0.154m reason=com_overload
Step 417700: pitch=  0.01deg roll= -0.00deg x=  0.000 y= -0.000 u_rw=     2.2 u_bx=   0.03 u_by=  -0.01 com_xy= 0.000m
Step 417800: pitch=  0.03deg roll= -0.00deg x= -0.000 y= -0.000 u_rw=     2.6 u_bx=   0.05 u_by=  -0.01 com_xy= 0.000m
Step 417900: pitch= -0.02deg roll= -0.00deg x= -0.000 y= -0.002 u_rw=   -10.8 u_bx=  -0.09 u_by=  -0.01 com_xy= 0.001m
Step 418000: pitch= -0.04deg roll= -0.00deg x=  0.000 y= -0.004 u_rw=    -4.2 u_bx=   0.02 u_by=  -0.03 com_xy= 0.000m
Step 418100: pitch= -0.01deg roll= -0.00deg x=  0.000 y= -0.007 u_rw=     8.7 u_bx=   0.11 u_by=  -0.03 com_xy= 0.000m
Step 418200: pitch= -0.04deg roll= -0.00deg x= -0.000 y= -0.010 u_rw=   -19.1 u_bx=  -0.13 u_by=  -0.00 com_xy= 0.001m
Step 418300: pitch=  0.04deg roll= -0.00deg x= -0.000 y= -0.011 u_rw=    -0.7 u_bx=   0.01 u_by=   0.00 com_xy= 0.000m
Step 418400: pitch=  0.01deg roll= -0.00deg x= -0.000 y= -0.011 u_rw=    14.2 u_bx=   0.07 u_by=   0.02 com_xy= 0.000m
Step 418500: pitch= -0.02deg roll= -0.00deg x= -0.000 y= -0.009 u_rw=     5.0 u_bx=   0.08 u_by=   0.01 com_xy= 0.000m
Step 418600: pitch= -0.04deg roll= -0.00deg x= -0.000 y= -0.007 u_rw=     9.5 u_bx=   0.06 u_by=   0.03 com_xy= 0.000m
Step 418700: pitch= -0.03deg roll= -0.00deg x=  0.000 y= -0.004 u_rw=    -0.7 u_bx=  -0.04 u_by=  -0.00 com_xy= 0.000m
Step 418800: pitch= -0.01deg roll= -0.00deg x= -0.000 y= -0.002 u_rw=    21.0 u_bx=   0.07 u_by=   0.01 com_xy= 0.001m
Step 418900: pitch= -0.04deg roll= -0.00deg x= -0.000 y= -0.000 u_rw=    18.1 u_bx=   0.06 u_by=   0.02 com_xy= 0.000m
Step 419000: pitch= -0.09deg roll= -0.00deg x= -0.000 y=  0.002 u_rw=   -12.6 u_bx=  -0.11 u_by=   0.00 com_xy= 0.000m
Step 419100: pitch= -0.09deg roll= -0.00deg x= -0.000 y=  0.003 u_rw=    -4.3 u_bx=  -0.12 u_by=   0.02 com_xy= 0.000m
Step 419200: pitch= -0.06deg roll= -0.00deg x= -0.000 y=  0.005 u_rw=    -5.4 u_bx=  -0.04 u_by=   0.02 com_xy= 0.000m
Step 419300: pitch= -0.04deg roll= -0.00deg x= -0.000 y=  0.008 u_rw=    -6.3 u_bx=  -0.09 u_by=   0.02 com_xy= 0.000m
Step 419400: pitch= -0.05deg roll= -0.00deg x= -0.000 y=  0.011 u_rw=    -8.9 u_bx=  -0.10 u_by=   0.00 com_xy= 0.001m
Step 419500: pitch= -0.11deg roll= -0.00deg x= -0.000 y=  0.013 u_rw=   -19.8 u_bx=  -0.16 u_by=   0.00 com_xy= 0.001m
Step 419600: pitch= -0.05deg roll= -0.00deg x= -0.000 y=  0.014 u_rw=    -6.4 u_bx=  -0.12 u_by=   0.01 com_xy= 0.001m
Step 419700: pitch= -0.11deg roll= -0.00deg x= -0.000 y=  0.016 u_rw=    -4.2 u_bx=  -0.08 u_by=   0.02 com_xy= 0.001m
Step 419800: pitch= -0.12deg roll= -0.00deg x= -0.000 y=  0.020 u_rw=     6.6 u_bx=  -0.08 u_by=   0.05 com_xy= 0.001m
Step 419900: pitch= -0.10deg roll= -0.00deg x= -0.000 y=  0.025 u_rw=    14.3 u_bx=  -0.06 u_by=   0.04 com_xy= 0.001m
Step 420000: pitch= -0.11deg roll= -0.01deg x= -0.000 y=  0.031 u_rw=     8.4 u_bx=  -0.09 u_by=   0.05 com_xy= 0.002m
Step 420100: pitch= -0.09deg roll= -0.01deg x= -0.000 y=  0.037 u_rw=     6.6 u_bx=  -0.12 u_by=   0.04 com_xy= 0.002m
Step 420200: pitch= -0.19deg roll= -0.01deg x= -0.000 y=  0.043 u_rw=   -11.3 u_bx=  -0.27 u_by=   0.06 com_xy= 0.004m
Step 420300: pitch= -0.12deg roll= -0.02deg x= -0.000 y=  0.050 u_rw=     9.0 u_bx=  -0.06 u_by=   0.03 com_xy= 0.005m
Step 420400: pitch= -0.16deg roll= -0.03deg x= -0.000 y=  0.055 u_rw=     0.1 u_bx=  -0.12 u_by=   0.04 com_xy= 0.008m
Step 420500: pitch= -0.09deg roll= -0.04deg x= -0.000 y=  0.060 u_rw=     1.3 u_bx=  -0.15 u_by=   0.06 com_xy= 0.013m
Step 420600: pitch= -0.18deg roll= -0.06deg x= -0.000 y=  0.068 u_rw=    -0.0 u_bx=  -0.16 u_by=   0.09 com_xy= 0.020m
Step 420700: pitch= -0.20deg roll= -0.10deg x= -0.000 y=  0.078 u_rw=   -12.0 u_bx=  -0.24 u_by=   0.10 com_xy= 0.031m
Step 420800: pitch= -0.17deg roll= -0.14deg x= -0.000 y=  0.088 u_rw=    12.8 u_bx=  -0.19 u_by=   0.06 com_xy= 0.048m
Step 420900: pitch= -0.21deg roll= -0.18deg x= -0.000 y=  0.097 u_rw=   -19.7 u_bx=  -0.39 u_by=   0.07 com_xy= 0.074m
Step 421000: pitch= -0.15deg roll= -0.21deg x= -0.000 y=  0.106 u_rw=     3.9 u_bx=  -0.15 u_by=   0.06 com_xy= 0.113m

CRASH #164 at step 421073: pitch=-0.27deg roll=-0.23deg com_xy=0.154m reason=com_overload
Step 421100: pitch= -0.00deg roll= -0.00deg x=  0.000 y= -0.000 u_rw=    -2.0 u_bx=   0.01 u_by=  -0.01 com_xy= 0.000m
Step 421200: pitch= -0.04deg roll= -0.00deg x=  0.000 y= -0.001 u_rw=    -7.3 u_bx=   0.00 u_by=  -0.03 com_xy= 0.000m
Step 421300: pitch= -0.03deg roll= -0.00deg x=  0.000 y= -0.004 u_rw=    -5.7 u_bx=  -0.03 u_by=   0.01 com_xy= 0.000m
Step 421400: pitch=  0.07deg roll= -0.00deg x=  0.000 y= -0.004 u_rw=    20.6 u_bx=   0.19 u_by=  -0.02 com_xy= 0.001m
Step 421500: pitch=  0.02deg roll=  0.00deg x=  0.000 y= -0.006 u_rw=    -4.4 u_bx=   0.02 u_by=   0.01 com_xy= 0.000m
Step 421600: pitch=  0.01deg roll=  0.00deg x=  0.000 y= -0.007 u_rw=    -8.8 u_bx=  -0.05 u_by=   0.01 com_xy= 0.001m
Step 421700: pitch=  0.00deg roll=  0.00deg x=  0.000 y= -0.006 u_rw=    -6.8 u_bx=  -0.07 u_by=  -0.01 com_xy= 0.001m
Step 421800: pitch= -0.01deg roll=  0.00deg x=  0.000 y= -0.007 u_rw=   -11.4 u_bx=  -0.03 u_by=  -0.03 com_xy= 0.001m
Step 421900: pitch=  0.00deg roll=  0.00deg x=  0.000 y= -0.009 u_rw=    -8.8 u_bx=  -0.09 u_by=   0.00 com_xy= 0.001m
Step 422000: pitch= -0.05deg roll=  0.00deg x= -0.000 y= -0.009 u_rw=    -7.6 u_bx=  -0.08 u_by=  -0.00 com_xy= 0.002m
Step 422100: pitch= -0.04deg roll=  0.00deg x= -0.000 y= -0.009 u_rw=     2.4 u_bx=   0.03 u_by=   0.01 com_xy= 0.001m
Step 422200: pitch= -0.08deg roll=  0.00deg x= -0.000 y= -0.009 u_rw=    -7.3 u_bx=  -0.08 u_by=   0.00 com_xy= 0.002m
Step 422300: pitch= -0.00deg roll=  0.00deg x= -0.000 y= -0.009 u_rw=     9.9 u_bx=   0.03 u_by=  -0.01 com_xy= 0.002m
Step 422400: pitch= -0.07deg roll=  0.00deg x= -0.000 y= -0.010 u_rw=   -12.2 u_bx=  -0.08 u_by=  -0.02 com_xy= 0.004m
Step 422500: pitch= -0.05deg roll=  0.00deg x= -0.000 y= -0.012 u_rw=    -7.0 u_bx=  -0.09 u_by=   0.00 com_xy= 0.006m
Step 422600: pitch= -0.12deg roll= -0.00deg x= -0.000 y= -0.011 u_rw=    -0.9 u_bx=  -0.12 u_by=   0.02 com_xy= 0.009m
Step 422700: pitch= -0.03deg roll= -0.00deg x= -0.000 y= -0.008 u_rw=    11.3 u_bx=   0.03 u_by=   0.02 com_xy= 0.013m
Step 422800: pitch= -0.13deg roll= -0.00deg x=  0.000 y= -0.005 u_rw=    -3.6 u_bx=  -0.14 u_by=   0.05 com_xy= 0.022m
Step 422900: pitch= -0.06deg roll= -0.00deg x= -0.000 y= -0.000 u_rw=   -16.9 u_bx=  -0.14 u_by=   0.01 com_xy= 0.035m
Step 423000: pitch= -0.01deg roll= -0.01deg x= -0.000 y=  0.003 u_rw=    -2.3 u_bx=   0.00 u_by=   0.01 com_xy= 0.057m
Step 423100: pitch=  0.13deg roll= -0.01deg x=  0.000 y=  0.005 u_rw=    11.1 u_bx=   0.18 u_by=   0.01 com_xy= 0.091m
Step 423200: pitch=  0.24deg roll= -0.02deg x=  0.000 y=  0.005 u_rw=    10.3 u_bx=   0.24 u_by=  -0.02 com_xy= 0.146m

CRASH #165 at step 423213: pitch=0.24deg roll=-0.02deg com_xy=0.155m reason=com_overload
Step 423300: pitch=  0.03deg roll= -0.00deg x= -0.000 y=  0.001 u_rw=     8.4 u_bx=   0.06 u_by=   0.02 com_xy= 0.000m
Step 423400: pitch=  0.03deg roll= -0.00deg x=  0.000 y=  0.002 u_rw=    10.0 u_bx=   0.12 u_by=   0.00 com_xy= 0.000m
Step 423500: pitch=  0.05deg roll= -0.00deg x=  0.000 y=  0.002 u_rw=    -1.5 u_bx=   0.03 u_by=  -0.01 com_xy= 0.000m
Step 423600: pitch=  0.06deg roll= -0.00deg x=  0.000 y=  0.001 u_rw=    19.2 u_bx=   0.14 u_by=  -0.02 com_xy= 0.000m
Step 423700: pitch= -0.02deg roll= -0.00deg x=  0.000 y= -0.003 u_rw=     0.7 u_bx=   0.07 u_by=  -0.04 com_xy= 0.000m
Step 423800: pitch=  0.05deg roll= -0.00deg x=  0.000 y= -0.008 u_rw=    -3.6 u_bx=   0.05 u_by=  -0.04 com_xy= 0.001m
Step 423900: pitch=  0.07deg roll= -0.00deg x=  0.000 y= -0.013 u_rw=     6.5 u_bx=   0.09 u_by=  -0.03 com_xy= 0.001m
Step 424000: pitch=  0.07deg roll= -0.00deg x=  0.000 y= -0.018 u_rw=     4.9 u_bx=   0.06 u_by=   0.00 com_xy= 0.001m
Step 424100: pitch=  0.01deg roll= -0.00deg x=  0.000 y= -0.020 u_rw=   -11.6 u_bx=  -0.03 u_by=  -0.00 com_xy= 0.002m
Step 424200: pitch= -0.02deg roll= -0.00deg x=  0.000 y= -0.021 u_rw=     5.6 u_bx=   0.07 u_by=  -0.01 com_xy= 0.003m
Step 424300: pitch= -0.05deg roll= -0.00deg x= -0.000 y= -0.022 u_rw=    -6.4 u_bx=  -0.02 u_by=   0.00 com_xy= 0.004m
Step 424400: pitch= -0.02deg roll= -0.00deg x= -0.000 y= -0.022 u_rw=    11.7 u_bx=   0.03 u_by=   0.02 com_xy= 0.006m
Step 424500: pitch=  0.03deg roll= -0.00deg x= -0.000 y= -0.020 u_rw=     6.2 u_bx=  -0.05 u_by=   0.05 com_xy= 0.010m
Step 424600: pitch=  0.01deg roll= -0.00deg x= -0.000 y= -0.015 u_rw=   -10.2 u_bx=  -0.07 u_by=   0.04 com_xy= 0.016m
Step 424700: pitch= -0.02deg roll= -0.00deg x= -0.000 y= -0.009 u_rw=   -10.6 u_bx=  -0.08 u_by=   0.03 com_xy= 0.026m
Step 424800: pitch=  0.04deg roll= -0.00deg x=  0.000 y= -0.005 u_rw=     6.8 u_bx=   0.12 u_by=   0.01 com_xy= 0.041m
Step 424900: pitch=  0.11deg roll= -0.00deg x=  0.000 y= -0.004 u_rw=     8.9 u_bx=   0.15 u_by=  -0.01 com_xy= 0.067m
Step 425000: pitch=  0.24deg roll= -0.00deg x=  0.000 y= -0.005 u_rw=    13.3 u_bx=   0.22 u_by=  -0.03 com_xy= 0.108m

CRASH #166 at step 425078: pitch=0.36deg roll=-0.00deg com_xy=0.154m reason=com_overload
Step 425100: pitch=  0.01deg roll= -0.00deg x= -0.000 y=  0.000 u_rw=     0.4 u_bx=  -0.00 u_by=   0.00 com_xy= 0.000m
Step 425200: pitch=  0.02deg roll= -0.00deg x= -0.000 y= -0.001 u_rw=    -6.7 u_bx=  -0.06 u_by=  -0.02 com_xy= 0.000m
Step 425300: pitch=  0.02deg roll= -0.00deg x= -0.000 y= -0.003 u_rw=    -0.2 u_bx=  -0.03 u_by=  -0.03 com_xy= 0.000m
Step 425400: pitch= -0.03deg roll= -0.00deg x=  0.000 y= -0.007 u_rw=   -12.8 u_bx=  -0.06 u_by=  -0.04 com_xy= 0.000m
Step 425500: pitch= -0.04deg roll= -0.00deg x= -0.000 y= -0.011 u_rw=   -12.0 u_bx=  -0.10 u_by=  -0.02 com_xy= 0.000m
Step 425600: pitch= -0.05deg roll= -0.00deg x= -0.000 y= -0.015 u_rw=    -8.2 u_bx=  -0.08 u_by=  -0.01 com_xy= 0.000m
Step 425700: pitch=  0.05deg roll= -0.00deg x= -0.000 y= -0.017 u_rw=     0.0 u_bx=   0.03 u_by=  -0.01 com_xy= 0.001m
Step 425800: pitch=  0.06deg roll= -0.00deg x=  0.000 y= -0.019 u_rw=     0.2 u_bx=   0.11 u_by=  -0.01 com_xy= 0.001m
Step 425900: pitch=  0.04deg roll= -0.00deg x=  0.000 y= -0.020 u_rw=    18.9 u_bx=   0.17 u_by=   0.00 com_xy= 0.002m
Step 426000: pitch= -0.00deg roll= -0.00deg x=  0.000 y= -0.020 u_rw=   -10.9 u_bx=  -0.02 u_by=   0.02 com_xy= 0.001m
Step 426100: pitch=  0.02deg roll= -0.00deg x=  0.000 y= -0.019 u_rw=   -11.1 u_bx=  -0.01 u_by=   0.02 com_xy= 0.001m
Step 426200: pitch=  0.04deg roll= -0.00deg x= -0.000 y= -0.017 u_rw=    -8.9 u_bx=   0.00 u_by=   0.03 com_xy= 0.001m
Step 426300: pitch=  0.04deg roll= -0.00deg x=  0.000 y= -0.014 u_rw=   -10.3 u_bx=  -0.01 u_by=  -0.01 com_xy= 0.001m
Step 426400: pitch=  0.07deg roll= -0.00deg x=  0.000 y= -0.013 u_rw=    -8.2 u_bx=   0.00 u_by=  -0.04 com_xy= 0.002m
Step 426500: pitch=  0.06deg roll= -0.00deg x=  0.000 y= -0.017 u_rw=   -10.7 u_bx=   0.03 u_by=  -0.04 com_xy= 0.003m
Step 426600: pitch=  0.07deg roll= -0.00deg x=  0.000 y= -0.021 u_rw=    -9.4 u_bx=   0.05 u_by=  -0.03 com_xy= 0.005m
Step 426700: pitch=  0.09deg roll= -0.00deg x=  0.000 y= -0.026 u_rw=    12.6 u_bx=   0.13 u_by=  -0.03 com_xy= 0.009m
Step 426800: pitch=  0.13deg roll=  0.00deg x=  0.000 y= -0.030 u_rw=    12.5 u_bx=   0.16 u_by=  -0.01 com_xy= 0.013m
Step 426900: pitch=  0.10deg roll=  0.00deg x=  0.000 y= -0.033 u_rw=    18.6 u_bx=   0.26 u_by=  -0.00 com_xy= 0.022m
Step 427000: pitch= -0.00deg roll=  0.00deg x=  0.000 y= -0.034 u_rw=     0.0 u_bx=   0.02 u_by=  -0.01 com_xy= 0.033m
Step 427100: pitch= -0.02deg roll=  0.00deg x=  0.000 y= -0.035 u_rw=   -17.6 u_bx=  -0.05 u_by=   0.00 com_xy= 0.054m
Step 427200: pitch= -0.04deg roll=  0.01deg x=  0.000 y= -0.037 u_rw=    11.7 u_bx=   0.07 u_by=  -0.02 com_xy= 0.088m
Step 427300: pitch= -0.20deg roll=  0.01deg x= -0.000 y= -0.040 u_rw=     3.3 u_bx=  -0.08 u_by=   0.01 com_xy= 0.141m

CRASH #167 at step 427322: pitch=-0.23deg roll=0.01deg com_xy=0.155m reason=com_overload
Step 427400: pitch=  0.00deg roll= -0.00deg x= -0.000 y= -0.000 u_rw=    -7.2 u_bx=  -0.06 u_by=   0.01 com_xy= 0.000m
Step 427500: pitch= -0.04deg roll= -0.00deg x= -0.000 y=  0.000 u_rw=   -12.3 u_bx=  -0.04 u_by=   0.00 com_xy= 0.000m
Step 427600: pitch= -0.04deg roll= -0.00deg x=  0.000 y=  0.001 u_rw=    -6.7 u_bx=  -0.04 u_by=   0.02 com_xy= 0.000m
Step 427700: pitch=  0.02deg roll= -0.00deg x=  0.000 y=  0.003 u_rw=    -0.4 u_bx=   0.02 u_by=  -0.00 com_xy= 0.000m
Step 427800: pitch=  0.08deg roll= -0.00deg x= -0.000 y=  0.005 u_rw=     0.5 u_bx=   0.09 u_by=   0.01 com_xy= 0.000m
Step 427900: pitch=  0.07deg roll= -0.00deg x=  0.000 y=  0.006 u_rw=    19.9 u_bx=   0.10 u_by=   0.02 com_xy= 0.001m
Step 428000: pitch= -0.02deg roll= -0.00deg x=  0.000 y=  0.008 u_rw=     5.5 u_bx=   0.06 u_by=   0.02 com_xy= 0.000m
Step 428100: pitch= -0.07deg roll= -0.00deg x=  0.000 y=  0.009 u_rw=    -4.0 u_bx=  -0.08 u_by=  -0.01 com_xy= 0.000m
Step 428200: pitch= -0.02deg roll= -0.00deg x= -0.000 y=  0.008 u_rw=   -16.9 u_bx=  -0.16 u_by=   0.01 com_xy= 0.001m
Step 428300: pitch=  0.06deg roll= -0.00deg x= -0.000 y=  0.009 u_rw=    -0.8 u_bx=  -0.05 u_by=  -0.01 com_xy= 0.000m
Step 428400: pitch=  0.07deg roll= -0.00deg x= -0.000 y=  0.009 u_rw=    -0.2 u_bx=   0.07 u_by=   0.00 com_xy= 0.000m
Step 428500: pitch=  0.09deg roll= -0.00deg x= -0.000 y=  0.009 u_rw=    19.1 u_bx=   0.13 u_by=  -0.00 com_xy= 0.001m
Step 428600: pitch= -0.01deg roll= -0.00deg x= -0.000 y=  0.009 u_rw=     1.0 u_bx=   0.00 u_by=  -0.01 com_xy= 0.000m
Step 428700: pitch=  0.06deg roll= -0.00deg x= -0.000 y=  0.008 u_rw=     1.5 u_bx=  -0.03 u_by=  -0.01 com_xy= 0.000m
Step 428800: pitch=  0.05deg roll= -0.00deg x= -0.000 y=  0.008 u_rw=    19.6 u_bx=   0.08 u_by=   0.01 com_xy= 0.000m
Step 428900: pitch= -0.03deg roll= -0.00deg x= -0.000 y=  0.009 u_rw=     5.3 u_bx=  -0.01 u_by=   0.03 com_xy= 0.000m
Step 429000: pitch= -0.08deg roll= -0.00deg x= -0.000 y=  0.012 u_rw=    -2.8 u_bx=  -0.14 u_by=   0.02 com_xy= 0.000m
Step 429100: pitch=  0.00deg roll= -0.00deg x= -0.000 y=  0.014 u_rw=   -10.2 u_bx=  -0.11 u_by=   0.01 com_xy= 0.000m
Step 429200: pitch=  0.00deg roll= -0.00deg x= -0.000 y=  0.016 u_rw=    13.3 u_bx=   0.08 u_by=   0.02 com_xy= 0.000m
Step 429300: pitch= -0.04deg roll= -0.00deg x= -0.000 y=  0.019 u_rw=     0.6 u_bx=   0.04 u_by=   0.02 com_xy= 0.001m
Step 429400: pitch=  0.04deg roll= -0.00deg x=  0.000 y=  0.021 u_rw=     2.9 u_bx=  -0.01 u_by=  -0.02 com_xy= 0.000m
Step 429500: pitch=  0.02deg roll= -0.00deg x=  0.000 y=  0.020 u_rw=   -19.0 u_bx=  -0.08 u_by=  -0.02 com_xy= 0.001m
Step 429600: pitch=  0.09deg roll= -0.00deg x= -0.000 y=  0.020 u_rw=    -1.3 u_bx=   0.08 u_by=   0.00 com_xy= 0.001m
Step 429700: pitch=  0.05deg roll= -0.01deg x=  0.000 y=  0.020 u_rw=    14.8 u_bx=   0.10 u_by=  -0.00 com_xy= 0.001m
Step 429800: pitch=  0.04deg roll= -0.01deg x=  0.000 y=  0.021 u_rw=     0.8 u_bx=   0.05 u_by=  -0.02 com_xy= 0.002m
Step 429900: pitch=  0.03deg roll= -0.01deg x=  0.000 y=  0.020 u_rw=    -7.1 u_bx=   0.03 u_by=  -0.01 com_xy= 0.003m
Step 430000: pitch=  0.02deg roll= -0.02deg x=  0.000 y=  0.019 u_rw=    -4.7 u_bx=  -0.04 u_by=  -0.01 com_xy= 0.004m
Step 430100: pitch= -0.05deg roll= -0.02deg x= -0.000 y=  0.019 u_rw=   -14.1 u_bx=  -0.15 u_by=   0.00 com_xy= 0.007m
Step 430200: pitch=  0.05deg roll= -0.04deg x= -0.000 y=  0.019 u_rw=     0.9 u_bx=   0.01 u_by=   0.00 com_xy= 0.011m
Step 430300: pitch=  0.08deg roll= -0.05deg x=  0.000 y=  0.018 u_rw=    19.4 u_bx=   0.17 u_by=  -0.02 com_xy= 0.016m
Step 430400: pitch= -0.01deg roll= -0.08deg x=  0.000 y=  0.017 u_rw=     6.6 u_bx=   0.06 u_by=   0.02 com_xy= 0.025m
Step 430500: pitch= -0.05deg roll= -0.11deg x=  0.000 y=  0.019 u_rw=    -9.3 u_bx=  -0.12 u_by=   0.04 com_xy= 0.039m
Step 430600: pitch= -0.00deg roll= -0.16deg x=  0.000 y=  0.023 u_rw=   -13.4 u_bx=  -0.08 u_by=   0.04 com_xy= 0.060m
Step 430700: pitch=  0.03deg roll= -0.18deg x=  0.000 y=  0.030 u_rw=    10.9 u_bx=   0.11 u_by=   0.06 com_xy= 0.092m
Step 430800: pitch= -0.00deg roll= -0.21deg x=  0.000 y=  0.037 u_rw=    -0.7 u_bx=   0.02 u_by=   0.05 com_xy= 0.141m

CRASH #168 at step 430821: pitch=0.05deg roll=-0.22deg com_xy=0.154m reason=com_overload
Step 430900: pitch=  0.01deg roll= -0.00deg x= -0.000 y=  0.000 u_rw=     5.4 u_bx=   0.02 u_by=   0.01 com_xy= 0.000m
Step 431000: pitch= -0.04deg roll= -0.00deg x=  0.000 y=  0.001 u_rw=    -4.6 u_bx=  -0.03 u_by=  -0.01 com_xy= 0.000m
Step 431100: pitch= -0.04deg roll= -0.00deg x= -0.000 y= -0.001 u_rw=     8.2 u_bx=   0.02 u_by=  -0.01 com_xy= 0.000m
Step 431200: pitch= -0.01deg roll= -0.00deg x= -0.000 y= -0.003 u_rw=     7.4 u_bx=   0.07 u_by=  -0.03 com_xy= 0.000m
Step 431300: pitch= -0.01deg roll= -0.00deg x=  0.000 y= -0.006 u_rw=     7.7 u_bx=   0.03 u_by=  -0.01 com_xy= 0.000m
Step 431400: pitch=  0.01deg roll= -0.00deg x= -0.000 y= -0.009 u_rw=     6.4 u_bx=   0.04 u_by=  -0.01 com_xy= 0.000m
Step 431500: pitch= -0.01deg roll= -0.00deg x=  0.000 y= -0.011 u_rw=    -6.2 u_bx=   0.04 u_by=   0.00 com_xy= 0.000m
Step 431600: pitch=  0.02deg roll= -0.00deg x=  0.000 y= -0.012 u_rw=     7.7 u_bx=   0.10 u_by=   0.00 com_xy= 0.000m
Step 431700: pitch= -0.04deg roll= -0.00deg x=  0.000 y= -0.013 u_rw=    -1.0 u_bx=  -0.02 u_by=   0.01 com_xy= 0.001m
Step 431800: pitch= -0.04deg roll= -0.00deg x= -0.000 y= -0.011 u_rw=    11.2 u_bx=  -0.07 u_by=   0.05 com_xy= 0.001m
Step 431900: pitch= -0.07deg roll= -0.00deg x= -0.000 y= -0.007 u_rw=    10.0 u_bx=  -0.03 u_by=   0.04 com_xy= 0.001m
Step 432000: pitch= -0.09deg roll= -0.00deg x= -0.000 y= -0.002 u_rw=   -12.6 u_bx=  -0.14 u_by=   0.03 com_xy= 0.002m
Step 432100: pitch= -0.06deg roll= -0.00deg x= -0.000 y=  0.003 u_rw=    -5.6 u_bx=  -0.12 u_by=   0.02 com_xy= 0.002m
Step 432200: pitch= -0.06deg roll= -0.00deg x= -0.000 y=  0.007 u_rw=     3.2 u_bx=  -0.04 u_by=   0.03 com_xy= 0.003m
Step 432300: pitch= -0.12deg roll= -0.00deg x= -0.000 y=  0.011 u_rw=    -4.8 u_bx=  -0.14 u_by=   0.02 com_xy= 0.005m
Step 432400: pitch= -0.09deg roll= -0.00deg x= -0.000 y=  0.014 u_rw=     5.7 u_bx=  -0.05 u_by=   0.01 com_xy= 0.007m
Step 432500: pitch= -0.12deg roll= -0.00deg x= -0.000 y=  0.016 u_rw=    -4.3 u_bx=  -0.12 u_by=   0.03 com_xy= 0.011m
Step 432600: pitch= -0.02deg roll= -0.00deg x= -0.000 y=  0.019 u_rw=     0.2 u_bx=  -0.05 u_by=   0.02 com_xy= 0.017m
Step 432700: pitch= -0.08deg roll= -0.00deg x= -0.000 y=  0.023 u_rw=     0.1 u_bx=  -0.06 u_by=   0.02 com_xy= 0.028m
Step 432800: pitch= -0.01deg roll= -0.00deg x= -0.000 y=  0.026 u_rw=     7.9 u_bx=   0.06 u_by=   0.02 com_xy= 0.045m
Step 432900: pitch=  0.06deg roll= -0.00deg x=  0.000 y=  0.028 u_rw=    -3.2 u_bx=   0.00 u_by=  -0.01 com_xy= 0.073m
Step 433000: pitch=  0.09deg roll= -0.00deg x=  0.000 y=  0.028 u_rw=    -7.0 u_bx=   0.03 u_by=  -0.02 com_xy= 0.118m

CRASH #169 at step 433062: pitch=0.20deg roll=-0.00deg com_xy=0.156m reason=com_overload
Step 433100: pitch= -0.02deg roll= -0.00deg x=  0.000 y=  0.000 u_rw=    -1.7 u_bx=   0.01 u_by=   0.00 com_xy= 0.000m
Step 433200: pitch= -0.02deg roll= -0.00deg x=  0.000 y=  0.002 u_rw=   -14.1 u_bx=  -0.03 u_by=   0.01 com_xy= 0.000m
Step 433300: pitch=  0.03deg roll= -0.00deg x= -0.000 y=  0.005 u_rw=    14.5 u_bx=   0.06 u_by=   0.02 com_xy= 0.000m
Step 433400: pitch=  0.03deg roll= -0.00deg x=  0.000 y=  0.008 u_rw=     4.3 u_bx=   0.05 u_by=  -0.00 com_xy= 0.000m
Step 433500: pitch=  0.04deg roll= -0.00deg x=  0.000 y=  0.008 u_rw=    -1.9 u_bx=   0.04 u_by=  -0.02 com_xy= 0.000m
Step 433600: pitch=  0.01deg roll= -0.00deg x=  0.000 y=  0.006 u_rw=     6.4 u_bx=   0.12 u_by=  -0.01 com_xy= 0.000m
Step 433700: pitch=  0.01deg roll= -0.00deg x=  0.000 y=  0.004 u_rw=     7.4 u_bx=   0.09 u_by=  -0.02 com_xy= 0.000m
Step 433800: pitch=  0.05deg roll= -0.00deg x=  0.000 y= -0.000 u_rw=     9.2 u_bx=   0.14 u_by=  -0.06 com_xy= 0.000m
Step 433900: pitch=  0.04deg roll= -0.00deg x=  0.000 y= -0.006 u_rw=    14.1 u_bx=   0.11 u_by=  -0.02 com_xy= 0.000m
Step 434000: pitch= -0.04deg roll= -0.00deg x= -0.000 y= -0.010 u_rw=    -2.8 u_bx=  -0.05 u_by=  -0.01 com_xy= 0.000m
Step 434100: pitch= -0.02deg roll= -0.00deg x=  0.000 y= -0.011 u_rw=   -18.3 u_bx=  -0.07 u_by=  -0.00 com_xy= 0.000m
Step 434200: pitch=  0.04deg roll= -0.00deg x=  0.000 y= -0.011 u_rw=    14.2 u_bx=   0.09 u_by=  -0.03 com_xy= 0.000m
Step 434300: pitch=  0.04deg roll= -0.00deg x= -0.000 y= -0.014 u_rw=     8.4 u_bx=   0.02 u_by=   0.00 com_xy= 0.000m
Step 434400: pitch=  0.04deg roll= -0.00deg x=  0.000 y= -0.014 u_rw=     8.6 u_bx=   0.03 u_by=   0.02 com_xy= 0.000m
Step 434500: pitch=  0.01deg roll= -0.00deg x=  0.000 y= -0.013 u_rw=   -10.1 u_bx=  -0.05 u_by=   0.01 com_xy= 0.000m
Step 434600: pitch=  0.04deg roll= -0.00deg x=  0.000 y= -0.011 u_rw=    13.8 u_bx=   0.09 u_by=   0.02 com_xy= 0.000m
Step 434700: pitch=  0.05deg roll= -0.00deg x=  0.000 y= -0.009 u_rw=     0.4 u_bx=  -0.00 u_by=  -0.03 com_xy= 0.000m
Step 434800: pitch=  0.00deg roll= -0.00deg x=  0.000 y= -0.012 u_rw=   -16.6 u_bx=  -0.01 u_by=  -0.03 com_xy= 0.000m
Step 434900: pitch= -0.00deg roll=  0.00deg x=  0.000 y= -0.015 u_rw=    -5.0 u_bx=   0.08 u_by=  -0.04 com_xy= 0.001m
Step 435000: pitch=  0.05deg roll=  0.00deg x=  0.000 y= -0.020 u_rw=    10.7 u_bx=   0.11 u_by=  -0.03 com_xy= 0.001m
Step 435100: pitch=  0.00deg roll=  0.00deg x= -0.000 y= -0.024 u_rw=     5.1 u_bx=   0.00 u_by=  -0.02 com_xy= 0.001m
Step 435200: pitch=  0.01deg roll=  0.01deg x=  0.000 y= -0.029 u_rw=   -12.8 u_bx=  -0.08 u_by=  -0.05 com_xy= 0.002m
Step 435300: pitch=  0.10deg roll=  0.01deg x=  0.000 y= -0.035 u_rw=     4.4 u_bx=   0.11 u_by=  -0.05 com_xy= 0.003m
Step 435400: pitch=  0.09deg roll=  0.01deg x=  0.000 y= -0.041 u_rw=    19.2 u_bx=   0.16 u_by=  -0.04 com_xy= 0.005m
Step 435500: pitch= -0.00deg roll=  0.02deg x=  0.000 y= -0.047 u_rw=     1.2 u_bx=   0.04 u_by=  -0.05 com_xy= 0.007m
Step 435600: pitch=  0.01deg roll=  0.03deg x=  0.000 y= -0.055 u_rw=   -17.1 u_bx=   0.04 u_by=  -0.06 com_xy= 0.011m
Step 435700: pitch=  0.08deg roll=  0.05deg x=  0.000 y= -0.062 u_rw=    -9.2 u_bx=   0.08 u_by=  -0.06 com_xy= 0.017m
Step 435800: pitch=  0.16deg roll=  0.08deg x=  0.000 y= -0.071 u_rw=    -0.9 u_bx=   0.29 u_by=  -0.08 com_xy= 0.026m
Step 435900: pitch=  0.08deg roll=  0.12deg x=  0.000 y= -0.080 u_rw=     6.8 u_bx=   0.17 u_by=  -0.03 com_xy= 0.041m
Step 436000: pitch=  0.11deg roll=  0.17deg x=  0.000 y= -0.088 u_rw=    12.4 u_bx=   0.17 u_by=  -0.03 com_xy= 0.063m
Step 436100: pitch=  0.06deg roll=  0.19deg x=  0.000 y= -0.093 u_rw=    -3.0 u_bx=   0.11 u_by=  -0.03 com_xy= 0.096m
Step 436200: pitch=  0.09deg roll=  0.23deg x=  0.000 y= -0.098 u_rw=     7.5 u_bx=   0.16 u_by=  -0.04 com_xy= 0.147m

CRASH #170 at step 436211: pitch=0.08deg roll=0.23deg com_xy=0.154m reason=com_overload
Step 436300: pitch=  0.03deg roll= -0.00deg x=  0.000 y= -0.000 u_rw=     6.2 u_bx=   0.02 u_by=   0.01 com_xy= 0.000m
Step 436400: pitch=  0.04deg roll= -0.00deg x= -0.000 y=  0.001 u_rw=     4.3 u_bx=  -0.02 u_by=   0.02 com_xy= 0.000m
Step 436500: pitch= -0.04deg roll= -0.00deg x= -0.000 y=  0.003 u_rw=    -8.7 u_bx=  -0.09 u_by=   0.01 com_xy= 0.000m
Step 436600: pitch=  0.02deg roll= -0.00deg x= -0.000 y=  0.005 u_rw=     4.7 u_bx=  -0.01 u_by=   0.03 com_xy= 0.000m
Step 436700: pitch= -0.04deg roll= -0.00deg x= -0.000 y=  0.008 u_rw=    -1.0 u_bx=   0.01 u_by=   0.03 com_xy= 0.000m
Step 436800: pitch= -0.06deg roll= -0.00deg x= -0.000 y=  0.012 u_rw=   -19.7 u_bx=  -0.15 u_by=   0.03 com_xy= 0.001m
Step 436900: pitch=  0.01deg roll= -0.00deg x= -0.000 y=  0.015 u_rw=     7.5 u_bx=   0.03 u_by=   0.02 com_xy= 0.001m
Step 437000: pitch= -0.01deg roll= -0.00deg x=  0.000 y=  0.017 u_rw=     1.0 u_bx=   0.04 u_by=   0.01 com_xy= 0.001m
Step 437100: pitch=  0.01deg roll= -0.00deg x= -0.000 y=  0.019 u_rw=    12.4 u_bx=  -0.00 u_by=   0.02 com_xy= 0.002m
Step 437200: pitch= -0.05deg roll= -0.00deg x= -0.000 y=  0.022 u_rw=     1.2 u_bx=  -0.04 u_by=   0.02 com_xy= 0.003m
Step 437300: pitch= -0.06deg roll= -0.00deg x= -0.000 y=  0.023 u_rw=    -4.1 u_bx=  -0.07 u_by=   0.01 com_xy= 0.004m
Step 437400: pitch= -0.07deg roll= -0.00deg x= -0.000 y=  0.024 u_rw=    -7.4 u_bx=  -0.10 u_by=   0.00 com_xy= 0.006m
Step 437500: pitch= -0.07deg roll= -0.00deg x= -0.000 y=  0.025 u_rw=   -10.6 u_bx=  -0.13 u_by=   0.00 com_xy= 0.010m
Step 437600: pitch= -0.05deg roll= -0.00deg x= -0.000 y=  0.026 u_rw=    -4.6 u_bx=  -0.04 u_by=   0.01 com_xy= 0.016m
Step 437700: pitch=  0.02deg roll= -0.00deg x=  0.000 y=  0.026 u_rw=    15.4 u_bx=   0.08 u_by=   0.01 com_xy= 0.025m
Step 437800: pitch= -0.03deg roll= -0.00deg x=  0.000 y=  0.026 u_rw=   -14.1 u_bx=  -0.05 u_by=  -0.01 com_xy= 0.042m
Step 437900: pitch=  0.08deg roll= -0.00deg x=  0.000 y=  0.026 u_rw=   -17.2 u_bx=  -0.04 u_by=  -0.02 com_xy= 0.068m
Step 438000: pitch=  0.24deg roll= -0.00deg x=  0.000 y=  0.023 u_rw=    -2.8 u_bx=   0.13 u_by=  -0.05 com_xy= 0.109m

CRASH #171 at step 438077: pitch=0.28deg roll=-0.00deg com_xy=0.154m reason=com_overload
Step 438100: pitch=  0.00deg roll= -0.00deg x= -0.000 y= -0.000 u_rw=    -1.9 u_bx=   0.01 u_by=  -0.01 com_xy= 0.000m
Step 438200: pitch= -0.01deg roll= -0.00deg x= -0.000 y= -0.001 u_rw=    -4.9 u_bx=  -0.11 u_by=  -0.00 com_xy= 0.000m
Step 438300: pitch= -0.01deg roll= -0.00deg x= -0.000 y= -0.002 u_rw=   -14.5 u_bx=  -0.18 u_by=   0.00 com_xy= 0.001m
Step 438400: pitch=  0.01deg roll= -0.00deg x= -0.000 y= -0.003 u_rw=    13.0 u_bx=   0.02 u_by=  -0.01 com_xy= 0.000m
Step 438500: pitch=  0.00deg roll= -0.00deg x= -0.000 y= -0.004 u_rw=     6.4 u_bx=   0.00 u_by=   0.00 com_xy= 0.000m
Step 438600: pitch= -0.02deg roll= -0.00deg x= -0.000 y= -0.003 u_rw=     6.3 u_bx=   0.01 u_by=   0.01 com_xy= 0.001m
Step 438700: pitch= -0.04deg roll= -0.00deg x= -0.000 y= -0.002 u_rw=     1.2 u_bx=  -0.01 u_by=   0.02 com_xy= 0.001m
Step 438800: pitch=  0.01deg roll= -0.00deg x= -0.000 y= -0.000 u_rw=    14.3 u_bx=   0.06 u_by=   0.01 com_xy= 0.002m
Step 438900: pitch= -0.04deg roll= -0.00deg x= -0.000 y=  0.001 u_rw=   -15.7 u_bx=  -0.15 u_by=   0.00 com_xy= 0.002m
Step 439000: pitch= -0.01deg roll= -0.00deg x= -0.000 y=  0.002 u_rw=     1.5 u_bx=   0.04 u_by=  -0.02 com_xy= 0.004m
Step 439100: pitch= -0.02deg roll= -0.00deg x=  0.000 y=  0.001 u_rw=    -6.9 u_bx=  -0.01 u_by=  -0.01 com_xy= 0.006m
Step 439200: pitch= -0.02deg roll= -0.00deg x=  0.000 y= -0.001 u_rw=    -5.2 u_bx=   0.01 u_by=   0.01 com_xy= 0.010m
Step 439300: pitch=  0.03deg roll= -0.00deg x=  0.000 y= -0.001 u_rw=    14.2 u_bx=   0.08 u_by=  -0.01 com_xy= 0.015m
Step 439400: pitch= -0.01deg roll= -0.00deg x= -0.000 y= -0.002 u_rw=     7.8 u_bx=   0.05 u_by=   0.01 com_xy= 0.025m
Step 439500: pitch= -0.09deg roll= -0.00deg x= -0.000 y= -0.002 u_rw=    -2.6 u_bx=  -0.11 u_by=   0.03 com_xy= 0.039m
Step 439600: pitch= -0.14deg roll=  0.00deg x= -0.000 y=  0.002 u_rw=    -7.7 u_bx=  -0.20 u_by=   0.05 com_xy= 0.064m
Step 439700: pitch= -0.23deg roll=  0.00deg x= -0.000 y=  0.008 u_rw=   -12.2 u_bx=  -0.26 u_by=   0.04 com_xy= 0.104m

CRASH #172 at step 439786: pitch=-0.31deg roll=0.00deg com_xy=0.155m reason=com_overload
Step 439800: pitch= -0.01deg roll= -0.00deg x= -0.000 y=  0.000 u_rw=    -5.1 u_bx=   0.00 u_by=   0.00 com_xy= 0.000m
Step 439900: pitch=  0.04deg roll= -0.00deg x= -0.000 y= -0.000 u_rw=     3.4 u_bx=   0.02 u_by=  -0.01 com_xy= 0.000m
Step 440000: pitch= -0.04deg roll= -0.00deg x= -0.000 y= -0.001 u_rw=   -11.5 u_bx=  -0.11 u_by=  -0.01 com_xy= 0.001m
Step 440100: pitch=  0.01deg roll= -0.00deg x= -0.000 y= -0.002 u_rw=     7.1 u_bx=  -0.00 u_by=  -0.02 com_xy= 0.000m
Step 440200: pitch=  0.04deg roll= -0.00deg x= -0.000 y= -0.002 u_rw=     2.5 u_bx=   0.01 u_by=   0.00 com_xy= 0.000m
Step 440300: pitch=  0.03deg roll= -0.00deg x= -0.000 y= -0.002 u_rw=    16.8 u_bx=   0.13 u_by=   0.00 com_xy= 0.000m
Step 440400: pitch= -0.05deg roll= -0.00deg x= -0.000 y= -0.002 u_rw=     1.2 u_bx=  -0.04 u_by=   0.00 com_xy= 0.001m
Step 440500: pitch=  0.01deg roll= -0.00deg x=  0.000 y= -0.002 u_rw=    -9.4 u_bx=  -0.02 u_by=  -0.02 com_xy= 0.002m
Step 440600: pitch= -0.01deg roll= -0.00deg x=  0.000 y= -0.004 u_rw=   -15.0 u_bx=  -0.00 u_by=  -0.03 com_xy= 0.003m
Step 440700: pitch=  0.03deg roll= -0.00deg x=  0.000 y= -0.006 u_rw=    -3.3 u_bx=   0.09 u_by=  -0.03 com_xy= 0.004m
Step 440800: pitch=  0.03deg roll= -0.00deg x= -0.000 y= -0.008 u_rw=    19.5 u_bx=   0.11 u_by=   0.02 com_xy= 0.006m
Step 440900: pitch= -0.09deg roll= -0.00deg x= -0.000 y= -0.008 u_rw=    -0.2 u_bx=  -0.09 u_by=   0.02 com_xy= 0.010m
Step 441000: pitch= -0.08deg roll= -0.00deg x= -0.000 y= -0.007 u_rw=   -11.7 u_bx=  -0.14 u_by=   0.03 com_xy= 0.016m
Step 441100: pitch= -0.01deg roll= -0.00deg x= -0.000 y= -0.004 u_rw=     2.1 u_bx=   0.01 u_by=   0.03 com_xy= 0.025m
Step 441200: pitch= -0.02deg roll= -0.00deg x=  0.000 y= -0.001 u_rw=   -18.8 u_bx=  -0.11 u_by=   0.01 com_xy= 0.041m
Step 441300: pitch=  0.10deg roll= -0.00deg x=  0.000 y=  0.001 u_rw=   -10.1 u_bx=  -0.03 u_by=  -0.00 com_xy= 0.066m
Step 441400: pitch=  0.21deg roll= -0.00deg x=  0.000 y=  0.002 u_rw=    17.4 u_bx=   0.21 u_by=  -0.01 com_xy= 0.106m

CRASH #173 at step 441481: pitch=0.33deg roll=-0.00deg com_xy=0.155m reason=com_overload
Step 441500: pitch= -0.03deg roll= -0.00deg x= -0.000 y=  0.000 u_rw=    -6.2 u_bx=  -0.05 u_by=   0.01 com_xy= 0.000m
Step 441600: pitch= -0.04deg roll= -0.00deg x= -0.000 y=  0.000 u_rw=    -9.3 u_bx=  -0.08 u_by=  -0.00 com_xy= 0.000m
Step 441700: pitch=  0.01deg roll= -0.00deg x= -0.000 y=  0.001 u_rw=    -3.6 u_bx=  -0.02 u_by=   0.02 com_xy= 0.000m
Step 441800: pitch= -0.02deg roll= -0.00deg x= -0.000 y=  0.003 u_rw=   -15.3 u_bx=  -0.11 u_by=   0.01 com_xy= 0.000m
Step 441900: pitch= -0.03deg roll= -0.00deg x= -0.000 y=  0.005 u_rw=    -5.2 u_bx=  -0.07 u_by=   0.02 com_xy= 0.000m
Step 442000: pitch=  0.07deg roll= -0.00deg x= -0.000 y=  0.007 u_rw=    11.3 u_bx=   0.12 u_by=   0.01 com_xy= 0.001m
Step 442100: pitch= -0.06deg roll= -0.00deg x= -0.000 y=  0.008 u_rw=    -6.0 u_bx=  -0.05 u_by=  -0.02 com_xy= 0.000m
Step 442200: pitch= -0.04deg roll= -0.00deg x= -0.000 y=  0.007 u_rw=     4.1 u_bx=   0.01 u_by=  -0.01 com_xy= 0.001m
Step 442300: pitch= -0.04deg roll= -0.00deg x= -0.000 y=  0.005 u_rw=    -6.5 u_bx=  -0.02 u_by=  -0.02 com_xy= 0.001m
Step 442400: pitch=  0.00deg roll= -0.00deg x=  0.000 y=  0.004 u_rw=     4.2 u_bx=   0.06 u_by=   0.00 com_xy= 0.001m
Step 442500: pitch=  0.07deg roll= -0.00deg x= -0.000 y=  0.004 u_rw=     8.5 u_bx=   0.05 u_by=   0.02 com_xy= 0.001m
Step 442600: pitch= -0.00deg roll= -0.00deg x=  0.000 y=  0.004 u_rw=   -18.9 u_bx=  -0.06 u_by=  -0.02 com_xy= 0.000m
Step 442700: pitch=  0.08deg roll= -0.00deg x=  0.000 y=  0.003 u_rw=    17.4 u_bx=   0.16 u_by=  -0.02 com_xy= 0.001m
Step 442800: pitch=  0.01deg roll= -0.00deg x=  0.000 y=  0.000 u_rw=   -12.3 u_bx=   0.01 u_by=  -0.01 com_xy= 0.000m
Step 442900: pitch=  0.03deg roll= -0.00deg x=  0.000 y= -0.002 u_rw=    -5.3 u_bx=   0.06 u_by=  -0.03 com_xy= 0.000m
Step 443000: pitch=  0.01deg roll= -0.00deg x=  0.000 y= -0.004 u_rw=   -12.3 u_bx=  -0.01 u_by=  -0.02 com_xy= 0.000m
Step 443100: pitch=  0.07deg roll=  0.00deg x=  0.000 y= -0.006 u_rw=    12.3 u_bx=   0.16 u_by=  -0.01 com_xy= 0.001m
Step 443200: pitch=  0.08deg roll=  0.00deg x=  0.000 y= -0.007 u_rw=     6.5 u_bx=   0.09 u_by=  -0.01 com_xy= 0.001m
Step 443300: pitch=  0.05deg roll=  0.00deg x=  0.000 y= -0.009 u_rw=   -12.2 u_bx=  -0.02 u_by=  -0.02 com_xy= 0.001m
Step 443400: pitch=  0.04deg roll=  0.00deg x=  0.000 y= -0.011 u_rw=    -0.5 u_bx=   0.06 u_by=  -0.01 com_xy= 0.002m
Step 443500: pitch=  0.10deg roll=  0.01deg x=  0.000 y= -0.013 u_rw=     2.8 u_bx=   0.11 u_by=  -0.03 com_xy= 0.003m
Step 443600: pitch=  0.03deg roll=  0.01deg x=  0.000 y= -0.016 u_rw=   -10.3 u_bx=   0.02 u_by=  -0.02 com_xy= 0.004m
Step 443700: pitch=  0.08deg roll=  0.02deg x=  0.000 y= -0.019 u_rw=    -2.0 u_bx=   0.03 u_by=  -0.03 com_xy= 0.007m
Step 443800: pitch=  0.02deg roll=  0.03deg x=  0.000 y= -0.022 u_rw=    -3.1 u_bx=  -0.02 u_by=  -0.02 com_xy= 0.010m
Step 443900: pitch=  0.05deg roll=  0.05deg x=  0.000 y= -0.026 u_rw=    -2.1 u_bx=   0.05 u_by=  -0.03 com_xy= 0.016m
Step 444000: pitch=  0.10deg roll=  0.08deg x=  0.000 y= -0.029 u_rw=    11.5 u_bx=   0.15 u_by=  -0.05 com_xy= 0.025m
Step 444100: pitch=  0.11deg roll=  0.11deg x=  0.000 y= -0.035 u_rw=    15.2 u_bx=   0.17 u_by=  -0.08 com_xy= 0.038m
Step 444200: pitch=  0.14deg roll=  0.17deg x=  0.000 y= -0.045 u_rw=     1.6 u_bx=   0.16 u_by=  -0.10 com_xy= 0.059m
Step 444300: pitch=  0.06deg roll=  0.20deg x=  0.000 y= -0.058 u_rw=   -12.9 u_bx=   0.10 u_by=  -0.14 com_xy= 0.091m
Step 444400: pitch=  0.17deg roll=  0.23deg x=  0.000 y= -0.075 u_rw=     9.2 u_bx=   0.28 u_by=  -0.15 com_xy= 0.139m

CRASH #174 at step 444425: pitch=0.14deg roll=0.24deg com_xy=0.154m reason=com_overload
Step 444500: pitch=  0.03deg roll= -0.00deg x= -0.000 y=  0.000 u_rw=    10.5 u_bx=   0.04 u_by=   0.02 com_xy= 0.000m
Step 444600: pitch=  0.01deg roll= -0.00deg x= -0.000 y=  0.001 u_rw=    14.3 u_bx=   0.07 u_by=  -0.01 com_xy= 0.000m
Step 444700: pitch=  0.01deg roll= -0.00deg x=  0.000 y=  0.000 u_rw=     4.7 u_bx=   0.05 u_by=  -0.03 com_xy= 0.000m
Step 444800: pitch= -0.02deg roll= -0.00deg x=  0.000 y= -0.002 u_rw=   -12.7 u_bx=  -0.06 u_by=   0.00 com_xy= 0.000m
Step 444900: pitch=  0.04deg roll= -0.00deg x=  0.000 y= -0.003 u_rw=    16.9 u_bx=   0.10 u_by=  -0.02 com_xy= 0.001m
Step 445000: pitch= -0.01deg roll= -0.00deg x=  0.000 y= -0.005 u_rw=    11.0 u_bx=   0.11 u_by=  -0.02 com_xy= 0.001m
Step 445100: pitch= -0.07deg roll= -0.00deg x= -0.000 y= -0.007 u_rw=    -2.2 u_bx=  -0.08 u_by=  -0.02 com_xy= 0.000m
Step 445200: pitch= -0.04deg roll= -0.00deg x=  0.000 y= -0.009 u_rw=   -17.7 u_bx=  -0.12 u_by=  -0.02 com_xy= 0.000m
Step 445300: pitch=  0.06deg roll= -0.00deg x=  0.000 y= -0.011 u_rw=    -0.9 u_bx=   0.01 u_by=  -0.01 com_xy= 0.001m
Step 445400: pitch=  0.11deg roll= -0.00deg x=  0.000 y= -0.011 u_rw=    -0.6 u_bx=   0.14 u_by=  -0.01 com_xy= 0.001m
Step 445500: pitch=  0.11deg roll= -0.00deg x= -0.000 y= -0.010 u_rw=    19.5 u_bx=   0.13 u_by=   0.03 com_xy= 0.000m
Step 445600: pitch=  0.05deg roll= -0.00deg x= -0.000 y= -0.007 u_rw=    15.5 u_bx=   0.11 u_by=  -0.00 com_xy= 0.000m
Step 445700: pitch=  0.01deg roll= -0.00deg x= -0.000 y= -0.006 u_rw=   -14.3 u_bx=  -0.09 u_by=  -0.01 com_xy= 0.001m
Step 445800: pitch=  0.01deg roll= -0.00deg x=  0.000 y= -0.007 u_rw=   -10.5 u_bx=  -0.07 u_by=  -0.02 com_xy= 0.002m
Step 445900: pitch= -0.01deg roll= -0.00deg x=  0.000 y= -0.008 u_rw=    -6.1 u_bx=   0.00 u_by=  -0.02 com_xy= 0.002m
Step 446000: pitch=  0.07deg roll= -0.00deg x=  0.000 y= -0.010 u_rw=    -1.5 u_bx=   0.07 u_by=  -0.01 com_xy= 0.002m
Step 446100: pitch=  0.08deg roll= -0.00deg x= -0.000 y= -0.011 u_rw=    -1.7 u_bx=   0.08 u_by=   0.02 com_xy= 0.003m
Step 446200: pitch=  0.03deg roll= -0.00deg x= -0.000 y= -0.010 u_rw=    16.8 u_bx=   0.09 u_by=   0.01 com_xy= 0.004m
Step 446300: pitch= -0.04deg roll= -0.00deg x= -0.000 y= -0.008 u_rw=   -13.4 u_bx=  -0.13 u_by=   0.01 com_xy= 0.008m
Step 446400: pitch= -0.04deg roll= -0.00deg x=  0.000 y= -0.007 u_rw=    -5.0 u_bx=   0.02 u_by=  -0.02 com_xy= 0.012m
Step 446500: pitch=  0.02deg roll= -0.00deg x=  0.000 y= -0.007 u_rw=    -7.9 u_bx=   0.02 u_by=  -0.01 com_xy= 0.019m
Step 446600: pitch=  0.01deg roll= -0.00deg x=  0.000 y= -0.009 u_rw=     3.0 u_bx=   0.09 u_by=  -0.03 com_xy= 0.030m
Step 446700: pitch=  0.11deg roll= -0.00deg x=  0.000 y= -0.012 u_rw=     6.1 u_bx=   0.13 u_by=  -0.03 com_xy= 0.050m
Step 446800: pitch=  0.11deg roll= -0.00deg x=  0.000 y= -0.015 u_rw=    -5.0 u_bx=   0.08 u_by=  -0.03 com_xy= 0.081m
Step 446900: pitch=  0.28deg roll= -0.00deg x=  0.000 y= -0.020 u_rw=    13.7 u_bx=   0.30 u_by=  -0.03 com_xy= 0.129m

CRASH #175 at step 446940: pitch=0.35deg roll=-0.00deg com_xy=0.155m reason=com_overload
Step 447000: pitch=  0.02deg roll= -0.00deg x=  0.000 y= -0.000 u_rw=     0.2 u_bx=  -0.03 u_by=   0.00 com_xy= 0.000m
Step 447100: pitch=  0.03deg roll= -0.00deg x= -0.000 y= -0.000 u_rw=     4.6 u_bx=  -0.00 u_by=  -0.02 com_xy= 0.000m
Step 447200: pitch=  0.03deg roll= -0.00deg x=  0.000 y= -0.003 u_rw=     5.1 u_bx=   0.06 u_by=  -0.05 com_xy= 0.000m
Step 447300: pitch=  0.02deg roll= -0.00deg x=  0.000 y= -0.006 u_rw=   -19.3 u_bx=  -0.03 u_by=  -0.02 com_xy= 0.000m
Step 447400: pitch=  0.06deg roll=  0.00deg x=  0.000 y= -0.010 u_rw=    -0.3 u_bx=   0.10 u_by=  -0.05 com_xy= 0.000m
Step 447500: pitch=  0.05deg roll=  0.00deg x=  0.000 y= -0.016 u_rw=    17.0 u_bx=   0.12 u_by=  -0.04 com_xy= 0.000m
Step 447600: pitch= -0.05deg roll=  0.00deg x= -0.000 y= -0.021 u_rw=   -17.2 u_bx=  -0.12 u_by=   0.01 com_xy= 0.001m
Step 447700: pitch=  0.04deg roll=  0.00deg x=  0.000 y= -0.021 u_rw=    12.4 u_bx=   0.09 u_by=   0.01 com_xy= 0.001m
Step 447800: pitch=  0.02deg roll=  0.00deg x= -0.000 y= -0.020 u_rw=     2.8 u_bx=  -0.03 u_by=   0.00 com_xy= 0.002m
Step 447900: pitch= -0.01deg roll= -0.00deg x=  0.000 y= -0.019 u_rw=    -6.3 u_bx=  -0.06 u_by=   0.00 com_xy= 0.002m
Step 448000: pitch=  0.03deg roll=  0.00deg x= -0.000 y= -0.018 u_rw=    19.5 u_bx=   0.12 u_by=  -0.02 com_xy= 0.002m
Step 448100: pitch= -0.05deg roll=  0.00deg x=  0.000 y= -0.020 u_rw=     9.3 u_bx=   0.07 u_by=  -0.01 com_xy= 0.003m
Step 448200: pitch= -0.01deg roll=  0.00deg x= -0.000 y= -0.021 u_rw=    11.6 u_bx=   0.06 u_by=  -0.00 com_xy= 0.005m
Step 448300: pitch=  0.00deg roll=  0.00deg x= -0.000 y= -0.022 u_rw=     4.5 u_bx=  -0.03 u_by=   0.01 com_xy= 0.008m
Step 448400: pitch= -0.07deg roll= -0.00deg x= -0.000 y= -0.022 u_rw=    -8.2 u_bx=  -0.13 u_by=   0.01 com_xy= 0.014m
Step 448500: pitch= -0.01deg roll= -0.00deg x= -0.000 y= -0.021 u_rw=     8.4 u_bx=   0.06 u_by=   0.01 com_xy= 0.021m
Step 448600: pitch= -0.01deg roll= -0.00deg x=  0.000 y= -0.020 u_rw=     9.0 u_bx=   0.07 u_by=   0.00 com_xy= 0.035m
Step 448700: pitch=  0.01deg roll= -0.00deg x=  0.000 y= -0.020 u_rw=    -6.7 u_bx=  -0.02 u_by=  -0.01 com_xy= 0.057m
Step 448800: pitch=  0.11deg roll= -0.00deg x=  0.000 y= -0.021 u_rw=    -9.5 u_bx=   0.02 u_by=  -0.02 com_xy= 0.092m
Step 448900: pitch=  0.29deg roll= -0.01deg x=  0.000 y= -0.024 u_rw=    -1.8 u_bx=   0.23 u_by=  -0.05 com_xy= 0.145m

CRASH #176 at step 448914: pitch=0.26deg roll=-0.01deg com_xy=0.155m reason=com_overload
Step 449000: pitch=  0.01deg roll= -0.00deg x=  0.000 y= -0.000 u_rw=     7.9 u_bx=   0.06 u_by=  -0.03 com_xy= 0.000m
Step 449100: pitch=  0.03deg roll= -0.00deg x=  0.000 y= -0.003 u_rw=     4.9 u_bx=   0.02 u_by=  -0.01 com_xy= 0.000m
Step 449200: pitch= -0.03deg roll= -0.00deg x=  0.000 y= -0.006 u_rw=    -8.1 u_bx=  -0.07 u_by=  -0.00 com_xy= 0.000m
Step 449300: pitch=  0.02deg roll= -0.00deg x=  0.000 y= -0.008 u_rw=   -11.7 u_bx=  -0.04 u_by=  -0.02 com_xy= 0.000m
Step 449400: pitch=  0.03deg roll= -0.00deg x=  0.000 y= -0.009 u_rw=    13.4 u_bx=   0.12 u_by=   0.01 com_xy= 0.001m
Step 449500: pitch=  0.04deg roll= -0.00deg x=  0.000 y= -0.009 u_rw=     8.0 u_bx=   0.09 u_by=  -0.01 com_xy= 0.000m
Step 449600: pitch=  0.02deg roll= -0.00deg x=  0.000 y= -0.011 u_rw=     7.0 u_bx=   0.06 u_by=  -0.04 com_xy= 0.000m
Step 449700: pitch= -0.01deg roll= -0.00deg x=  0.000 y= -0.015 u_rw=   -10.3 u_bx=  -0.02 u_by=  -0.02 com_xy= 0.000m
Step 449800: pitch=  0.00deg roll= -0.00deg x=  0.000 y= -0.018 u_rw=    -9.9 u_bx=  -0.01 u_by=  -0.02 com_xy= 0.000m
Step 449900: pitch= -0.02deg roll= -0.00deg x=  0.000 y= -0.021 u_rw=    -5.7 u_bx=   0.01 u_by=  -0.01 com_xy= 0.000m
Step 450000: pitch= -0.02deg roll= -0.00deg x=  0.000 y= -0.023 u_rw=    -9.4 u_bx=  -0.01 u_by=  -0.01 com_xy= 0.000m
Step 450100: pitch=  0.05deg roll= -0.00deg x=  0.000 y= -0.024 u_rw=    15.7 u_bx=   0.13 u_by=   0.02 com_xy= 0.001m
Step 450200: pitch=  0.05deg roll= -0.00deg x=  0.000 y= -0.023 u_rw=     4.6 u_bx=   0.02 u_by=   0.02 com_xy= 0.000m
Step 450300: pitch=  0.04deg roll= -0.00deg x=  0.000 y= -0.021 u_rw=   -10.0 u_bx=  -0.03 u_by=  -0.01 com_xy= 0.000m
Step 450400: pitch=  0.01deg roll= -0.00deg x=  0.000 y= -0.020 u_rw=    -3.2 u_bx=   0.02 u_by=   0.01 com_xy= 0.000m
Step 450500: pitch=  0.07deg roll= -0.00deg x=  0.000 y= -0.019 u_rw=    15.2 u_bx=   0.18 u_by=  -0.01 com_xy= 0.001m
Step 450600: pitch=  0.08deg roll= -0.00deg x=  0.000 y= -0.019 u_rw=     6.6 u_bx=   0.06 u_by=   0.00 com_xy= 0.000m
Step 450700: pitch=  0.10deg roll= -0.00deg x=  0.000 y= -0.019 u_rw=     1.3 u_bx=   0.13 u_by=   0.00 com_xy= 0.000m
Step 450800: pitch=  0.12deg roll= -0.00deg x=  0.000 y= -0.019 u_rw=    19.3 u_bx=   0.20 u_by=   0.00 com_xy= 0.001m
Step 450900: pitch=  0.03deg roll= -0.00deg x=  0.000 y= -0.019 u_rw=    -5.7 u_bx=   0.04 u_by=   0.01 com_xy= 0.001m
Step 451000: pitch=  0.04deg roll= -0.00deg x=  0.000 y= -0.019 u_rw=    -8.3 u_bx=   0.08 u_by=  -0.03 com_xy= 0.001m
Step 451100: pitch=  0.06deg roll= -0.00deg x=  0.000 y= -0.022 u_rw=    10.4 u_bx=   0.12 u_by=  -0.02 com_xy= 0.001m
Step 451200: pitch=  0.09deg roll= -0.01deg x=  0.000 y= -0.025 u_rw=    14.1 u_bx=   0.14 u_by=  -0.04 com_xy= 0.002m
Step 451300: pitch=  0.11deg roll= -0.01deg x=  0.000 y= -0.031 u_rw=     4.3 u_bx=   0.12 u_by=  -0.05 com_xy= 0.003m
Step 451400: pitch=  0.11deg roll= -0.01deg x=  0.000 y= -0.037 u_rw=     4.3 u_bx=   0.14 u_by=  -0.03 com_xy= 0.004m
Step 451500: pitch=  0.12deg roll= -0.02deg x=  0.000 y= -0.044 u_rw=     6.7 u_bx=   0.08 u_by=  -0.03 com_xy= 0.006m
Step 451600: pitch=  0.12deg roll= -0.03deg x=  0.000 y= -0.048 u_rw=     9.4 u_bx=   0.12 u_by=  -0.01 com_xy= 0.009m
Step 451700: pitch=  0.09deg roll= -0.05deg x=  0.000 y= -0.051 u_rw=   -10.5 u_bx=   0.08 u_by=  -0.03 com_xy= 0.014m
Step 451800: pitch=  0.07deg roll= -0.07deg x=  0.000 y= -0.054 u_rw=    -8.1 u_bx=   0.05 u_by=  -0.03 com_xy= 0.022m
Step 451900: pitch=  0.09deg roll= -0.11deg x=  0.000 y= -0.058 u_rw=    -4.5 u_bx=   0.16 u_by=  -0.03 com_xy= 0.034m
Step 452000: pitch=  0.18deg roll= -0.15deg x=  0.000 y= -0.061 u_rw=     5.8 u_bx=   0.22 u_by=   0.02 com_xy= 0.052m
Step 452100: pitch=  0.16deg roll= -0.19deg x=  0.000 y= -0.060 u_rw=    19.4 u_bx=   0.21 u_by=   0.04 com_xy= 0.080m
Step 452200: pitch=  0.11deg roll= -0.21deg x=  0.000 y= -0.057 u_rw=   -13.2 u_bx=   0.07 u_by=   0.03 com_xy= 0.122m

CRASH #177 at step 452255: pitch=0.13deg roll=-0.24deg com_xy=0.154m reason=com_overload
Step 452300: pitch= -0.00deg roll= -0.00deg x=  0.000 y=  0.000 u_rw=    -7.6 u_bx=   0.01 u_by=   0.01 com_xy= 0.000m
Step 452400: pitch= -0.03deg roll= -0.00deg x=  0.000 y=  0.001 u_rw=   -15.0 u_bx=  -0.04 u_by=   0.02 com_xy= 0.000m
Step 452500: pitch=  0.02deg roll= -0.00deg x= -0.000 y=  0.003 u_rw=    11.9 u_bx=   0.06 u_by=   0.01 com_xy= 0.000m
Step 452600: pitch= -0.01deg roll= -0.00deg x= -0.000 y=  0.004 u_rw=   -19.5 u_bx=  -0.10 u_by=   0.00 com_xy= 0.000m
Step 452700: pitch=  0.05deg roll= -0.00deg x=  0.000 y=  0.005 u_rw=    -6.4 u_bx=  -0.06 u_by=  -0.01 com_xy= 0.000m
Step 452800: pitch=  0.02deg roll= -0.00deg x=  0.000 y=  0.005 u_rw=    -0.5 u_bx=   0.06 u_by=  -0.00 com_xy= 0.000m
Step 452900: pitch= -0.01deg roll= -0.00deg x=  0.000 y=  0.004 u_rw=    -8.6 u_bx=   0.01 u_by=  -0.02 com_xy= 0.000m
Step 453000: pitch= -0.00deg roll= -0.00deg x=  0.000 y=  0.001 u_rw=    -5.6 u_bx=   0.02 u_by=   0.01 com_xy= 0.001m
Step 453100: pitch=  0.00deg roll= -0.00deg x=  0.000 y= -0.001 u_rw=     4.3 u_bx=   0.11 u_by=  -0.05 com_xy= 0.000m
Step 453200: pitch=  0.02deg roll= -0.00deg x=  0.000 y= -0.006 u_rw=     8.6 u_bx=   0.03 u_by=  -0.03 com_xy= 0.001m
Step 453300: pitch=  0.01deg roll= -0.00deg x= -0.000 y= -0.009 u_rw=     3.7 u_bx=  -0.04 u_by=   0.00 com_xy= 0.001m
Step 453400: pitch= -0.10deg roll= -0.00deg x= -0.000 y= -0.010 u_rw=    -5.7 u_bx=  -0.14 u_by=   0.01 com_xy= 0.001m
Step 453500: pitch= -0.00deg roll= -0.00deg x= -0.000 y= -0.010 u_rw=    -0.7 u_bx=  -0.08 u_by=   0.00 com_xy= 0.001m
Step 453600: pitch= -0.07deg roll= -0.00deg x=  0.000 y= -0.010 u_rw=    -6.7 u_bx=  -0.11 u_by=   0.02 com_xy= 0.002m
Step 453700: pitch= -0.02deg roll= -0.00deg x= -0.000 y= -0.009 u_rw=    14.3 u_bx=   0.04 u_by=   0.01 com_xy= 0.001m
Step 453800: pitch= -0.03deg roll= -0.00deg x= -0.000 y= -0.008 u_rw=    16.2 u_bx=   0.00 u_by=  -0.00 com_xy= 0.002m
Step 453900: pitch= -0.08deg roll= -0.00deg x= -0.000 y= -0.008 u_rw=   -10.9 u_bx=  -0.11 u_by=  -0.00 com_xy= 0.003m
Step 454000: pitch= -0.11deg roll= -0.00deg x= -0.000 y= -0.007 u_rw=   -11.8 u_bx=  -0.13 u_by=   0.00 com_xy= 0.004m
Step 454100: pitch= -0.06deg roll= -0.00deg x= -0.000 y= -0.007 u_rw=    17.3 u_bx=   0.04 u_by=   0.03 com_xy= 0.006m
Step 454200: pitch= -0.11deg roll= -0.00deg x= -0.000 y= -0.005 u_rw=     1.0 u_bx=  -0.01 u_by=   0.00 com_xy= 0.010m
Step 454300: pitch= -0.15deg roll= -0.00deg x= -0.000 y= -0.003 u_rw=    -1.3 u_bx=  -0.18 u_by=   0.04 com_xy= 0.016m
Step 454400: pitch= -0.10deg roll= -0.01deg x= -0.000 y=  0.001 u_rw=   -16.6 u_bx=  -0.17 u_by=   0.05 com_xy= 0.026m
Step 454500: pitch= -0.06deg roll= -0.01deg x= -0.000 y=  0.006 u_rw=     7.1 u_bx=  -0.01 u_by=   0.02 com_xy= 0.041m
Step 454600: pitch= -0.02deg roll= -0.02deg x= -0.000 y=  0.011 u_rw=   -17.5 u_bx=  -0.12 u_by=   0.01 com_xy= 0.067m
Step 454700: pitch=  0.17deg roll= -0.02deg x=  0.000 y=  0.013 u_rw=    -0.2 u_bx=   0.15 u_by=  -0.02 com_xy= 0.106m

CRASH #178 at step 454782: pitch=0.22deg roll=-0.04deg com_xy=0.155m reason=com_overload
Step 454800: pitch=  0.00deg roll= -0.00deg x=  0.000 y= -0.000 u_rw=    -0.9 u_bx=   0.00 u_by=  -0.00 com_xy= 0.000m
Step 454900: pitch=  0.03deg roll= -0.00deg x= -0.000 y=  0.000 u_rw=    11.4 u_bx=   0.06 u_by=  -0.01 com_xy= 0.000m
Step 455000: pitch= -0.00deg roll= -0.00deg x=  0.000 y=  0.000 u_rw=     3.9 u_bx=   0.06 u_by=  -0.03 com_xy= 0.000m
Step 455100: pitch= -0.02deg roll= -0.00deg x= -0.000 y= -0.002 u_rw=    -8.1 u_bx=  -0.02 u_by=  -0.03 com_xy= 0.000m
Step 455200: pitch=  0.03deg roll= -0.00deg x=  0.000 y= -0.005 u_rw=    11.1 u_bx=   0.11 u_by=  -0.01 com_xy= 0.000m
Step 455300: pitch=  0.08deg roll= -0.00deg x= -0.000 y= -0.007 u_rw=     1.1 u_bx=   0.09 u_by=  -0.04 com_xy= 0.000m
Step 455400: pitch= -0.04deg roll= -0.00deg x=  0.000 y= -0.011 u_rw=     0.3 u_bx=   0.08 u_by=  -0.05 com_xy= 0.000m
Step 455500: pitch= -0.05deg roll= -0.00deg x=  0.000 y= -0.016 u_rw=   -20.2 u_bx=  -0.12 u_by=  -0.02 com_xy= 0.001m
Step 455600: pitch=  0.01deg roll= -0.00deg x= -0.000 y= -0.019 u_rw=    11.3 u_bx=   0.03 u_by=   0.02 com_xy= 0.000m
Step 455700: pitch=  0.05deg roll= -0.00deg x= -0.000 y= -0.018 u_rw=     8.0 u_bx=   0.08 u_by=   0.01 com_xy= 0.000m
Step 455800: pitch=  0.00deg roll= -0.00deg x= -0.000 y= -0.015 u_rw=    16.6 u_bx=   0.07 u_by=   0.03 com_xy= 0.000m
Step 455900: pitch= -0.05deg roll= -0.00deg x= -0.000 y= -0.012 u_rw=    -2.8 u_bx=   0.03 u_by=   0.01 com_xy= 0.000m
Step 456000: pitch= -0.01deg roll= -0.00deg x= -0.000 y= -0.012 u_rw=    -5.8 u_bx=  -0.02 u_by=  -0.03 com_xy= 0.000m
Step 456100: pitch=  0.02deg roll= -0.00deg x=  0.000 y= -0.014 u_rw=     6.0 u_bx=   0.07 u_by=  -0.04 com_xy= 0.001m
Step 456200: pitch=  0.01deg roll= -0.00deg x=  0.000 y= -0.018 u_rw=     9.7 u_bx=   0.09 u_by=  -0.03 com_xy= 0.001m
Step 456300: pitch=  0.07deg roll= -0.00deg x=  0.000 y= -0.022 u_rw=     4.2 u_bx=   0.12 u_by=  -0.01 com_xy= 0.001m
Step 456400: pitch= -0.02deg roll= -0.00deg x=  0.000 y= -0.025 u_rw=   -11.9 u_bx=  -0.09 u_by=  -0.00 com_xy= 0.000m
Step 456500: pitch=  0.00deg roll= -0.00deg x=  0.000 y= -0.027 u_rw=    -4.4 u_bx=   0.02 u_by=  -0.01 com_xy= 0.000m
Step 456600: pitch= -0.01deg roll=  0.00deg x=  0.000 y= -0.028 u_rw=    -9.2 u_bx=  -0.02 u_by=   0.02 com_xy= 0.001m
Step 456700: pitch= -0.02deg roll=  0.00deg x= -0.000 y= -0.026 u_rw=   -12.1 u_bx=  -0.05 u_by=   0.00 com_xy= 0.001m
Step 456800: pitch=  0.06deg roll=  0.00deg x= -0.000 y= -0.024 u_rw=    19.6 u_bx=   0.15 u_by=   0.01 com_xy= 0.001m
Step 456900: pitch= -0.03deg roll=  0.00deg x= -0.000 y= -0.023 u_rw=    -1.5 u_bx=  -0.01 u_by=   0.00 com_xy= 0.002m
Step 457000: pitch= -0.06deg roll=  0.01deg x=  0.000 y= -0.023 u_rw=     0.8 u_bx=  -0.07 u_by=  -0.02 com_xy= 0.003m
Step 457100: pitch= -0.06deg roll=  0.01deg x=  0.000 y= -0.024 u_rw=   -17.3 u_bx=  -0.12 u_by=  -0.00 com_xy= 0.005m
Step 457200: pitch=  0.03deg roll=  0.02deg x=  0.000 y= -0.024 u_rw=   -11.5 u_bx=  -0.05 u_by=   0.00 com_xy= 0.007m
Step 457300: pitch=  0.08deg roll=  0.03deg x=  0.000 y= -0.024 u_rw=     0.6 u_bx=   0.09 u_by=   0.00 com_xy= 0.011m
Step 457400: pitch=  0.06deg roll=  0.05deg x=  0.000 y= -0.025 u_rw=    18.5 u_bx=   0.12 u_by=   0.00 com_xy= 0.017m
Step 457500: pitch= -0.01deg roll=  0.08deg x=  0.000 y= -0.026 u_rw=     0.4 u_bx=   0.04 u_by=  -0.02 com_xy= 0.026m
Step 457600: pitch= -0.03deg roll=  0.12deg x=  0.000 y= -0.029 u_rw=   -18.8 u_bx=  -0.08 u_by=  -0.05 com_xy= 0.040m
Step 457700: pitch=  0.06deg roll=  0.16deg x=  0.000 y= -0.035 u_rw=    -3.5 u_bx=   0.04 u_by=  -0.07 com_xy= 0.062m
Step 457800: pitch=  0.05deg roll=  0.18deg x=  0.000 y= -0.043 u_rw=    12.9 u_bx=   0.19 u_by=  -0.10 com_xy= 0.095m
Step 457900: pitch=  0.06deg roll=  0.22deg x=  0.000 y= -0.055 u_rw=    12.8 u_bx=   0.15 u_by=  -0.11 com_xy= 0.145m

